/pscratch/sd/c/cunyang/gnn/plexus/plexus/utils/dataloader.py:425: UserWarning: Sparse CSR tensor support is in beta state. If you miss a functionality in the sparse tensor support, please submit a feature request to https://github.com/pytorch/pytorch/issues. (Triggered internally at /pytorch/aten/src/ATen/SparseCsrTensorImpl.cpp:53.)
  adj_local = adj_local.to_sparse_csr()
/pscratch/sd/c/cunyang/gnn/plexus/plexus/utils/dataloader.py:425: UserWarning: Sparse CSR tensor support is in beta state. If you miss a functionality in the sparse tensor support, please submit a feature request to https://github.com/pytorch/pytorch/issues. (Triggered internally at /pytorch/aten/src/ATen/SparseCsrTensorImpl.cpp:53.)
  adj_local = adj_local.to_sparse_csr()
/pscratch/sd/c/cunyang/gnn/plexus/plexus/utils/dataloader.py:425: UserWarning: Sparse CSR tensor support is in beta state. If you miss a functionality in the sparse tensor support, please submit a feature request to https://github.com/pytorch/pytorch/issues. (Triggered internally at /pytorch/aten/src/ATen/SparseCsrTensorImpl.cpp:53.)
  adj_local = adj_local.to_sparse_csr()
/pscratch/sd/c/cunyang/gnn/plexus/plexus/utils/dataloader.py:425: UserWarning: Sparse CSR tensor support is in beta state. If you miss a functionality in the sparse tensor support, please submit a feature request to https://github.com/pytorch/pytorch/issues. (Triggered internally at /pytorch/aten/src/ATen/SparseCsrTensorImpl.cpp:53.)
  adj_local = adj_local.to_sparse_csr()
steps_per_epoch:  201
steps_per_epoch:  201
steps_per_epoch:  201
steps_per_epoch:  201
Epoch: 000, Train Loss: 0.3362
Epoch: 001, Train Loss: 0.3123
|--[95m 'drop | Max Time: 0.173 ms | Avg Time: 0.171 ms | Load Imbalance: 1.013' [0m

|--[95m 'epoch 0 | Max Time: 4330.679 ms | Avg Time: 4330.195 ms | Load Imbalance: 1.000' [0m
	|--[92m 'prefetch launch | Max Time: 8.379 ms | Avg Time: 8.018 ms | Load Imbalance: 1.045' [0m
	|--[92m 'prefetch wait | Max Time: 796.417 ms | Avg Time: 746.725 ms | Load Imbalance: 1.067' [0m
	|--[92m 'train step | Max Time: 3563.205 ms | Avg Time: 3525.595 ms | Load Imbalance: 1.011' [0m
		|--[96m 'input_linear | Max Time: 552.234 ms | Avg Time: 511.389 ms | Load Imbalance: 1.080' [0m
			|--[91m 'input_linear X * W | Max Time: 166.428 ms | Avg Time: 165.284 ms | Load Imbalance: 1.007' [0m
			|--[91m 'all-reduce | Max Time: 345.526 ms | Avg Time: 303.335 ms | Load Imbalance: 1.139' [0m
			|--[91m 'OUT + BIAS | Max Time: 9.986 ms | Avg Time: 9.332 ms | Load Imbalance: 1.070' [0m
		|--[96m 'gcn conv fwd | Max Time: 975.536 ms | Avg Time: 953.935 ms | Load Imbalance: 1.023' [0m
			|--[91m 'AGG = A * H | Max Time: 105.158 ms | Avg Time: 101.832 ms | Load Imbalance: 1.033' [0m
			|--[91m 'allreduce H | Max Time: 451.725 ms | Avg Time: 432.059 ms | Load Imbalance: 1.046' [0m
				|--[95m 'all-reduce | Max Time: 437.345 ms | Avg Time: 416.597 ms | Load Imbalance: 1.050' [0m
			|--[91m 'Allgather W | Max Time: 175.695 ms | Avg Time: 170.453 ms | Load Imbalance: 1.031' [0m
				|--[95m 'gather | Max Time: 166.357 ms | Avg Time: 158.359 ms | Load Imbalance: 1.051' [0m
			|--[91m 'OUT = AGG * W | Max Time: 49.420 ms | Avg Time: 45.304 ms | Load Imbalance: 1.091' [0m
			|--[91m 'allreduce Q | Max Time: 162.843 ms | Avg Time: 156.298 ms | Load Imbalance: 1.042' [0m
				|--[95m 'all-reduce | Max Time: 153.646 ms | Avg Time: 143.945 ms | Load Imbalance: 1.067' [0m
		|--[96m 'activation | Max Time: 258.016 ms | Avg Time: 257.001 ms | Load Imbalance: 1.004' [0m
			|--[91m 'all-reduce | Max Time: 134.584 ms | Avg Time: 117.380 ms | Load Imbalance: 1.147' [0m
		|--[96m 'output_linear | Max Time: 35.295 ms | Avg Time: 28.117 ms | Load Imbalance: 1.255' [0m
			|--[91m 'output_linear X * W | Max Time: 11.192 ms | Avg Time: 8.849 ms | Load Imbalance: 1.265' [0m
			|--[91m 'all-reduce | Max Time: 2.972 ms | Avg Time: 2.329 ms | Load Imbalance: 1.276' [0m
			|--[91m 'OUT + BIAS | Max Time: 6.018 ms | Avg Time: 5.072 ms | Load Imbalance: 1.187' [0m
		|--[96m 'bce fwd | Max Time: 355.138 ms | Avg Time: 338.567 ms | Load Imbalance: 1.049' [0m
		|--[96m 'bce bwd | Max Time: 12.019 ms | Avg Time: 9.756 ms | Load Imbalance: 1.232' [0m
		|--[96m 'linear_3d_bwd | Max Time: 294.736 ms | Avg Time: 287.322 ms | Load Imbalance: 1.026' [0m
			|--[91m 'output_linear GRAD_X | Max Time: 9.744 ms | Avg Time: 7.667 ms | Load Imbalance: 1.271' [0m
			|--[91m 'all-reduce | Max Time: 249.443 ms | Avg Time: 226.321 ms | Load Imbalance: 1.102' [0m
			|--[91m 'output_linear GRAD_W | Max Time: 11.638 ms | Avg Time: 9.275 ms | Load Imbalance: 1.255' [0m
			|--[91m 'input_linear GRAD_W | Max Time: 7.004 ms | Avg Time: 6.323 ms | Load Imbalance: 1.108' [0m
		|--[96m 'gcn conv bwd | Max Time: 645.508 ms | Avg Time: 628.858 ms | Load Imbalance: 1.026' [0m
			|--[91m 'gather | Max Time: 124.520 ms | Avg Time: 106.162 ms | Load Imbalance: 1.173' [0m
			|--[91m 'GRAD_AGG = GRAD_OUT * W.T | Max Time: 25.183 ms | Avg Time: 22.406 ms | Load Imbalance: 1.124' [0m
			|--[91m 'all-reduce | Max Time: 229.301 ms | Avg Time: 221.354 ms | Load Imbalance: 1.036' [0m
			|--[91m 'GRAD_W = AGG.T * GRAD_OUT | Max Time: 24.391 ms | Avg Time: 20.822 ms | Load Imbalance: 1.171' [0m
			|--[91m 'ReduceScatter grad_weight | Max Time: 115.694 ms | Avg Time: 107.502 ms | Load Imbalance: 1.076' [0m
				|--[95m 'reduce-scatter | Max Time: 108.099 ms | Avg Time: 97.290 ms | Load Imbalance: 1.111' [0m
					|--[92m 'reduce-scatter-dist | Max Time: 100.827 ms | Avg Time: 86.956 ms | Load Imbalance: 1.160' [0m
			|--[91m 'GRAD_H = A.T * GRAD_AGG | Max Time: 32.547 ms | Avg Time: 29.693 ms | Load Imbalance: 1.096' [0m
			|--[91m 'allreduce grad_x | Max Time: 73.803 ms | Avg Time: 70.294 ms | Load Imbalance: 1.050' [0m
				|--[95m 'all-reduce | Max Time: 65.881 ms | Avg Time: 60.435 ms | Load Imbalance: 1.090' [0m
		|--[96m 'sync_norm_gradients | Max Time: 84.450 ms | Avg Time: 78.506 ms | Load Imbalance: 1.076' [0m
		|--[96m 'sync_data_parallel_gradients | Max Time: 1.749 ms | Avg Time: 1.495 ms | Load Imbalance: 1.170' [0m

|--[95m 'epoch 1 | Max Time: 3421.009 ms | Avg Time: 3420.827 ms | Load Imbalance: 1.000' [0m
	|--[92m 'prefetch launch | Max Time: 7.198 ms | Avg Time: 6.888 ms | Load Imbalance: 1.045' [0m
	|--[92m 'prefetch wait | Max Time: 468.008 ms | Avg Time: 434.069 ms | Load Imbalance: 1.078' [0m
	|--[92m 'train step | Max Time: 2946.794 ms | Avg Time: 2929.818 ms | Load Imbalance: 1.006' [0m
		|--[96m 'input_linear | Max Time: 393.909 ms | Avg Time: 367.885 ms | Load Imbalance: 1.071' [0m
			|--[91m 'input_linear X * W | Max Time: 22.207 ms | Avg Time: 21.620 ms | Load Imbalance: 1.027' [0m
			|--[91m 'all-reduce | Max Time: 330.524 ms | Avg Time: 283.424 ms | Load Imbalance: 1.166' [0m
			|--[91m 'OUT + BIAS | Max Time: 8.488 ms | Avg Time: 8.266 ms | Load Imbalance: 1.027' [0m
		|--[96m 'gcn conv fwd | Max Time: 684.241 ms | Avg Time: 658.430 ms | Load Imbalance: 1.039' [0m
			|--[91m 'AGG = A * H | Max Time: 40.030 ms | Avg Time: 37.165 ms | Load Imbalance: 1.077' [0m
			|--[91m 'allreduce H | Max Time: 269.055 ms | Avg Time: 241.435 ms | Load Imbalance: 1.114' [0m
				|--[95m 'all-reduce | Max Time: 255.176 ms | Avg Time: 225.911 ms | Load Imbalance: 1.130' [0m
			|--[91m 'Allgather W | Max Time: 163.967 ms | Avg Time: 158.964 ms | Load Imbalance: 1.031' [0m
				|--[95m 'gather | Max Time: 153.852 ms | Avg Time: 146.546 ms | Load Imbalance: 1.050' [0m
			|--[91m 'OUT = AGG * W | Max Time: 24.298 ms | Avg Time: 20.797 ms | Load Imbalance: 1.168' [0m
			|--[91m 'allreduce Q | Max Time: 156.860 ms | Avg Time: 151.730 ms | Load Imbalance: 1.034' [0m
				|--[95m 'all-reduce | Max Time: 146.666 ms | Avg Time: 138.947 ms | Load Imbalance: 1.056' [0m
		|--[96m 'activation | Max Time: 198.132 ms | Avg Time: 196.021 ms | Load Imbalance: 1.011' [0m
			|--[91m 'all-reduce | Max Time: 131.290 ms | Avg Time: 116.916 ms | Load Imbalance: 1.123' [0m
		|--[96m 'output_linear | Max Time: 34.271 ms | Avg Time: 28.285 ms | Load Imbalance: 1.212' [0m
			|--[91m 'output_linear X * W | Max Time: 10.565 ms | Avg Time: 8.739 ms | Load Imbalance: 1.209' [0m
			|--[91m 'all-reduce | Max Time: 2.801 ms | Avg Time: 2.334 ms | Load Imbalance: 1.200' [0m
			|--[91m 'OUT + BIAS | Max Time: 5.966 ms | Avg Time: 5.024 ms | Load Imbalance: 1.188' [0m
		|--[96m 'bce fwd | Max Time: 386.186 ms | Avg Time: 319.240 ms | Load Imbalance: 1.210' [0m
		|--[96m 'bce bwd | Max Time: 10.870 ms | Avg Time: 9.151 ms | Load Imbalance: 1.188' [0m
		|--[96m 'linear_3d_bwd | Max Time: 376.332 ms | Avg Time: 344.103 ms | Load Imbalance: 1.094' [0m
			|--[91m 'output_linear GRAD_X | Max Time: 8.319 ms | Avg Time: 7.008 ms | Load Imbalance: 1.187' [0m
			|--[91m 'all-reduce | Max Time: 322.917 ms | Avg Time: 281.996 ms | Load Imbalance: 1.145' [0m
			|--[91m 'output_linear GRAD_W | Max Time: 12.170 ms | Avg Time: 9.828 ms | Load Imbalance: 1.238' [0m
			|--[91m 'input_linear GRAD_W | Max Time: 6.852 ms | Avg Time: 6.382 ms | Load Imbalance: 1.074' [0m
		|--[96m 'gcn conv bwd | Max Time: 646.780 ms | Avg Time: 634.897 ms | Load Imbalance: 1.019' [0m
			|--[91m 'gather | Max Time: 133.305 ms | Avg Time: 117.740 ms | Load Imbalance: 1.132' [0m
			|--[91m 'GRAD_AGG = GRAD_OUT * W.T | Max Time: 23.138 ms | Avg Time: 21.793 ms | Load Imbalance: 1.062' [0m
			|--[91m 'all-reduce | Max Time: 210.226 ms | Avg Time: 203.667 ms | Load Imbalance: 1.032' [0m
			|--[91m 'GRAD_W = AGG.T * GRAD_OUT | Max Time: 23.401 ms | Avg Time: 21.335 ms | Load Imbalance: 1.097' [0m
			|--[91m 'ReduceScatter grad_weight | Max Time: 118.734 ms | Avg Time: 112.719 ms | Load Imbalance: 1.053' [0m
				|--[95m 'reduce-scatter | Max Time: 110.529 ms | Avg Time: 102.096 ms | Load Imbalance: 1.083' [0m
					|--[92m 'reduce-scatter-dist | Max Time: 102.137 ms | Avg Time: 91.155 ms | Load Imbalance: 1.120' [0m
			|--[91m 'GRAD_H = A.T * GRAD_AGG | Max Time: 30.080 ms | Avg Time: 28.811 ms | Load Imbalance: 1.044' [0m
			|--[91m 'allreduce grad_x | Max Time: 78.024 ms | Avg Time: 75.061 ms | Load Imbalance: 1.039' [0m
				|--[95m 'all-reduce | Max Time: 67.401 ms | Avg Time: 64.491 ms | Load Imbalance: 1.045' [0m
		|--[96m 'sync_norm_gradients | Max Time: 83.431 ms | Avg Time: 78.037 ms | Load Imbalance: 1.069' [0m
		|--[96m 'sync_data_parallel_gradients | Max Time: 1.775 ms | Avg Time: 1.593 ms | Load Imbalance: 1.115' [0m

|--[95m 'epoch 2 | Max Time: 3236.307 ms | Avg Time: 3235.863 ms | Load Imbalance: 1.000' [0m
	|--[92m 'prefetch launch | Max Time: 7.336 ms | Avg Time: 7.132 ms | Load Imbalance: 1.029' [0m
	|--[92m 'prefetch wait | Max Time: 434.599 ms | Avg Time: 417.755 ms | Load Imbalance: 1.040' [0m
	|--[92m 'train step | Max Time: 2775.110 ms | Avg Time: 2760.037 ms | Load Imbalance: 1.005' [0m
		|--[96m 'input_linear | Max Time: 387.507 ms | Avg Time: 376.847 ms | Load Imbalance: 1.028' [0m
			|--[91m 'input_linear X * W | Max Time: 21.759 ms | Avg Time: 21.299 ms | Load Imbalance: 1.022' [0m
			|--[91m 'all-reduce | Max Time: 324.812 ms | Avg Time: 314.305 ms | Load Imbalance: 1.033' [0m
			|--[91m 'OUT + BIAS | Max Time: 8.698 ms | Avg Time: 8.468 ms | Load Imbalance: 1.027' [0m
		|--[96m 'gcn conv fwd | Max Time: 610.242 ms | Avg Time: 596.509 ms | Load Imbalance: 1.023' [0m
			|--[91m 'AGG = A * H | Max Time: 40.015 ms | Avg Time: 39.146 ms | Load Imbalance: 1.022' [0m
			|--[91m 'allreduce H | Max Time: 198.261 ms | Avg Time: 185.515 ms | Load Imbalance: 1.069' [0m
				|--[95m 'all-reduce | Max Time: 180.802 ms | Avg Time: 168.467 ms | Load Imbalance: 1.073' [0m
			|--[91m 'Allgather W | Max Time: 162.527 ms | Avg Time: 159.591 ms | Load Imbalance: 1.018' [0m
				|--[95m 'gather | Max Time: 148.717 ms | Avg Time: 145.606 ms | Load Imbalance: 1.021' [0m
			|--[91m 'OUT = AGG * W | Max Time: 25.311 ms | Avg Time: 23.271 ms | Load Imbalance: 1.088' [0m
			|--[91m 'allreduce Q | Max Time: 144.651 ms | Avg Time: 134.765 ms | Load Imbalance: 1.073' [0m
				|--[95m 'all-reduce | Max Time: 132.077 ms | Avg Time: 120.119 ms | Load Imbalance: 1.100' [0m
		|--[96m 'activation | Max Time: 210.426 ms | Avg Time: 206.622 ms | Load Imbalance: 1.018' [0m
			|--[91m 'all-reduce | Max Time: 125.185 ms | Avg Time: 117.306 ms | Load Imbalance: 1.067' [0m
		|--[96m 'output_linear | Max Time: 34.968 ms | Avg Time: 32.353 ms | Load Imbalance: 1.081' [0m
			|--[91m 'output_linear X * W | Max Time: 10.582 ms | Avg Time: 9.795 ms | Load Imbalance: 1.080' [0m
			|--[91m 'all-reduce | Max Time: 3.020 ms | Avg Time: 2.747 ms | Load Imbalance: 1.099' [0m
			|--[91m 'OUT + BIAS | Max Time: 6.109 ms | Avg Time: 5.780 ms | Load Imbalance: 1.057' [0m
		|--[96m 'bce fwd | Max Time: 290.057 ms | Avg Time: 285.914 ms | Load Imbalance: 1.014' [0m
		|--[96m 'bce bwd | Max Time: 11.877 ms | Avg Time: 10.502 ms | Load Imbalance: 1.131' [0m
		|--[96m 'linear_3d_bwd | Max Time: 307.860 ms | Avg Time: 287.166 ms | Load Imbalance: 1.072' [0m
			|--[91m 'output_linear GRAD_X | Max Time: 8.718 ms | Avg Time: 7.938 ms | Load Imbalance: 1.098' [0m
			|--[91m 'all-reduce | Max Time: 234.875 ms | Avg Time: 218.200 ms | Load Imbalance: 1.076' [0m
			|--[91m 'output_linear GRAD_W | Max Time: 12.370 ms | Avg Time: 11.180 ms | Load Imbalance: 1.106' [0m
			|--[91m 'input_linear GRAD_W | Max Time: 7.433 ms | Avg Time: 6.919 ms | Load Imbalance: 1.074' [0m
		|--[96m 'gcn conv bwd | Max Time: 634.802 ms | Avg Time: 610.391 ms | Load Imbalance: 1.040' [0m
			|--[91m 'gather | Max Time: 143.526 ms | Avg Time: 138.131 ms | Load Imbalance: 1.039' [0m
			|--[91m 'GRAD_AGG = GRAD_OUT * W.T | Max Time: 23.271 ms | Avg Time: 22.583 ms | Load Imbalance: 1.030' [0m
			|--[91m 'all-reduce | Max Time: 173.434 ms | Avg Time: 148.727 ms | Load Imbalance: 1.166' [0m
			|--[91m 'GRAD_W = AGG.T * GRAD_OUT | Max Time: 24.540 ms | Avg Time: 22.460 ms | Load Imbalance: 1.093' [0m
			|--[91m 'ReduceScatter grad_weight | Max Time: 124.574 ms | Avg Time: 117.545 ms | Load Imbalance: 1.060' [0m
				|--[95m 'reduce-scatter | Max Time: 115.225 ms | Avg Time: 106.346 ms | Load Imbalance: 1.083' [0m
					|--[92m 'reduce-scatter-dist | Max Time: 105.666 ms | Avg Time: 94.725 ms | Load Imbalance: 1.116' [0m
			|--[91m 'GRAD_H = A.T * GRAD_AGG | Max Time: 31.522 ms | Avg Time: 29.156 ms | Load Imbalance: 1.081' [0m
			|--[91m 'allreduce grad_x | Max Time: 78.338 ms | Avg Time: 75.434 ms | Load Imbalance: 1.039' [0m
				|--[95m 'all-reduce | Max Time: 69.438 ms | Avg Time: 64.936 ms | Load Imbalance: 1.069' [0m
		|--[96m 'sync_norm_gradients | Max Time: 80.389 ms | Avg Time: 69.718 ms | Load Imbalance: 1.153' [0m
		|--[96m 'sync_data_parallel_gradients | Max Time: 1.918 ms | Avg Time: 1.576 ms | Load Imbalance: 1.217' [0m

Epoch: 002, Train Loss: 0.3089
Epoch: 003, Train Loss: 0.3073
Epoch: 004, Train Loss: 0.3066
/pscratch/sd/c/cunyang/gnn/plexus_env/lib/python3.11/site-packages/torchdata/datapipes/__init__.py:18: UserWarning: 
################################################################################
WARNING!
The 'datapipes', 'dataloader2' modules are deprecated and will be removed in a
future torchdata release! Please see https://github.com/pytorch/data/issues/1196
to learn more and leave feedback.
################################################################################

  deprecation_warning()
/pscratch/sd/c/cunyang/gnn/plexus_env/lib/python3.11/site-packages/torchdata/datapipes/__init__.py:18: UserWarning: 
################################################################################
WARNING!
The 'datapipes', 'dataloader2' modules are deprecated and will be removed in a
future torchdata release! Please see https://github.com/pytorch/data/issues/1196
to learn more and leave feedback.
################################################################################

  deprecation_warning()
/pscratch/sd/c/cunyang/gnn/plexus_env/lib/python3.11/site-packages/torchdata/datapipes/__init__.py:18: UserWarning: 
################################################################################
WARNING!
The 'datapipes', 'dataloader2' modules are deprecated and will be removed in a
future torchdata release! Please see https://github.com/pytorch/data/issues/1196
to learn more and leave feedback.
################################################################################

  deprecation_warning()
/pscratch/sd/c/cunyang/gnn/plexus_env/lib/python3.11/site-packages/torchdata/datapipes/__init__.py:18: UserWarning: 
################################################################################
WARNING!
The 'datapipes', 'dataloader2' modules are deprecated and will be removed in a
future torchdata release! Please see https://github.com/pytorch/data/issues/1196
to learn more and leave feedback.
################################################################################

  deprecation_warning()
/pscratch/sd/c/cunyang/gnn/plexus_env/lib/python3.11/site-packages/dgl/distributed/dist_graph.py:11: RuntimeWarning: GraphBolt is unavailable and has been disabled. Set DGL_DISABLE_GRAPHBOLT=1 to silence this warning. (Cannot find DGL C++ graphbolt library at /pscratch/sd/c/cunyang/gnn/plexus_env/lib/python3.11/site-packages/dgl/graphbolt/libgraphbolt_pytorch_2.8.0.so)
  from .. import backend as F, graphbolt as gb, heterograph_index
/pscratch/sd/c/cunyang/gnn/plexus_env/lib/python3.11/site-packages/dgl/distributed/dist_graph.py:11: RuntimeWarning: GraphBolt is unavailable and has been disabled. Set DGL_DISABLE_GRAPHBOLT=1 to silence this warning. (Cannot find DGL C++ graphbolt library at /pscratch/sd/c/cunyang/gnn/plexus_env/lib/python3.11/site-packages/dgl/graphbolt/libgraphbolt_pytorch_2.8.0.so)
  from .. import backend as F, graphbolt as gb, heterograph_index
/pscratch/sd/c/cunyang/gnn/plexus_env/lib/python3.11/site-packages/dgl/distributed/dist_graph.py:11: RuntimeWarning: GraphBolt is unavailable and has been disabled. Set DGL_DISABLE_GRAPHBOLT=1 to silence this warning. (Cannot find DGL C++ graphbolt library at /pscratch/sd/c/cunyang/gnn/plexus_env/lib/python3.11/site-packages/dgl/graphbolt/libgraphbolt_pytorch_2.8.0.so)
  from .. import backend as F, graphbolt as gb, heterograph_index
/pscratch/sd/c/cunyang/gnn/plexus_env/lib/python3.11/site-packages/dgl/distributed/dist_graph.py:11: RuntimeWarning: GraphBolt is unavailable and has been disabled. Set DGL_DISABLE_GRAPHBOLT=1 to silence this warning. (Cannot find DGL C++ graphbolt library at /pscratch/sd/c/cunyang/gnn/plexus_env/lib/python3.11/site-packages/dgl/graphbolt/libgraphbolt_pytorch_2.8.0.so)
  from .. import backend as F, graphbolt as gb, heterograph_index
TRAIN: rocauc 0.7589
VAL: rocauc 0.7393
TEST: rocauc 0.6507
Epoch: 005, Train Loss: 0.3058
Epoch: 006, Train Loss: 0.3034
Epoch: 007, Train Loss: 0.3034
Epoch: 008, Train Loss: 0.3034
Epoch: 009, Train Loss: 0.3015
TRAIN: rocauc 0.7620
VAL: rocauc 0.7191
TEST: rocauc 0.6121
Epoch: 010, Train Loss: 0.3012
Epoch: 011, Train Loss: 0.3003
Epoch: 012, Train Loss: 0.3016
Epoch: 013, Train Loss: 0.2987
Epoch: 014, Train Loss: 0.2982
TRAIN: rocauc 0.7713
VAL: rocauc 0.7514
TEST: rocauc 0.6311
Epoch: 015, Train Loss: 0.2995
Epoch: 016, Train Loss: 0.2988
Epoch: 017, Train Loss: 0.2982
Epoch: 018, Train Loss: 0.2971
Epoch: 019, Train Loss: 0.2989
TRAIN: rocauc 0.7766
VAL: rocauc 0.7540
TEST: rocauc 0.6536
Epoch: 020, Train Loss: 0.2964
Epoch: 021, Train Loss: 0.2987
Epoch: 022, Train Loss: 0.2976
Epoch: 023, Train Loss: 0.2969
Epoch: 024, Train Loss: 0.2961
TRAIN: rocauc 0.7775
VAL: rocauc 0.7552
TEST: rocauc 0.6584
Epoch: 025, Train Loss: 0.2961
Epoch: 026, Train Loss: 0.2971
Epoch: 027, Train Loss: 0.2951
Epoch: 028, Train Loss: 0.2975
Epoch: 029, Train Loss: 0.2953
TRAIN: rocauc 0.7754
VAL: rocauc 0.7342
TEST: rocauc 0.6682
Epoch: 030, Train Loss: 0.2965
Epoch: 031, Train Loss: 0.2961
Epoch: 032, Train Loss: 0.2965
Epoch: 033, Train Loss: 0.2954
Epoch: 034, Train Loss: 0.2947
TRAIN: rocauc 0.7730
VAL: rocauc 0.7002
TEST: rocauc 0.6925
Epoch: 035, Train Loss: 0.2945
Epoch: 036, Train Loss: 0.2941
Epoch: 037, Train Loss: 0.2946
Epoch: 038, Train Loss: 0.2939
Epoch: 039, Train Loss: 0.2944
TRAIN: rocauc 0.7847
VAL: rocauc 0.7475
TEST: rocauc 0.6889
Epoch: 040, Train Loss: 0.2939
Epoch: 041, Train Loss: 0.2938
Epoch: 042, Train Loss: 0.2928
Epoch: 043, Train Loss: 0.2934
Epoch: 044, Train Loss: 0.2941
TRAIN: rocauc 0.7774
VAL: rocauc 0.7281
TEST: rocauc 0.6747
Epoch: 045, Train Loss: 0.2945
Epoch: 046, Train Loss: 0.2933
Epoch: 047, Train Loss: 0.2955
Epoch: 048, Train Loss: 0.2942
Epoch: 049, Train Loss: 0.2931
TRAIN: rocauc 0.7765
VAL: rocauc 0.7274
TEST: rocauc 0.7219
Epoch: 050, Train Loss: 0.2931
Epoch: 051, Train Loss: 0.2932
Epoch: 052, Train Loss: 0.2918
Epoch: 053, Train Loss: 0.2923
Epoch: 054, Train Loss: 0.2942
TRAIN: rocauc 0.7811
VAL: rocauc 0.7279
TEST: rocauc 0.6823
Epoch: 055, Train Loss: 0.2942
Epoch: 056, Train Loss: 0.2924
Epoch: 057, Train Loss: 0.2920
Epoch: 058, Train Loss: 0.2945
Epoch: 059, Train Loss: 0.2932
TRAIN: rocauc 0.7785
VAL: rocauc 0.7359
TEST: rocauc 0.6872
Epoch: 060, Train Loss: 0.2934
Epoch: 061, Train Loss: 0.2918
Epoch: 062, Train Loss: 0.2910
Epoch: 063, Train Loss: 0.2921
Epoch: 064, Train Loss: 0.2919
TRAIN: rocauc 0.7842
VAL: rocauc 0.7482
TEST: rocauc 0.7003
Epoch: 065, Train Loss: 0.2913
Epoch: 066, Train Loss: 0.2934
Epoch: 067, Train Loss: 0.2910
Epoch: 068, Train Loss: 0.2909
Epoch: 069, Train Loss: 0.2921
TRAIN: rocauc 0.7809
VAL: rocauc 0.7175
TEST: rocauc 0.6952
Epoch: 070, Train Loss: 0.2918
Epoch: 071, Train Loss: 0.2908
Epoch: 072, Train Loss: 0.2922
Epoch: 073, Train Loss: 0.2900
Epoch: 074, Train Loss: 0.2914
TRAIN: rocauc 0.7848
VAL: rocauc 0.7437
TEST: rocauc 0.7039
Epoch: 075, Train Loss: 0.2911
Epoch: 076, Train Loss: 0.2926
Epoch: 077, Train Loss: 0.2920
Epoch: 078, Train Loss: 0.2921
Epoch: 079, Train Loss: 0.2909
TRAIN: rocauc 0.7845
VAL: rocauc 0.7433
TEST: rocauc 0.6874
Epoch: 080, Train Loss: 0.2914
Epoch: 081, Train Loss: 0.2893
Epoch: 082, Train Loss: 0.2915
Epoch: 083, Train Loss: 0.2890
Epoch: 084, Train Loss: 0.2906
TRAIN: rocauc 0.7827
VAL: rocauc 0.7372
TEST: rocauc 0.7194
Epoch: 085, Train Loss: 0.2895
Epoch: 086, Train Loss: 0.2904
Epoch: 087, Train Loss: 0.2906
Epoch: 088, Train Loss: 0.2905
Epoch: 089, Train Loss: 0.2922
TRAIN: rocauc 0.7820
VAL: rocauc 0.7413
TEST: rocauc 0.7252
Epoch: 090, Train Loss: 0.2914
Epoch: 091, Train Loss: 0.2905
Epoch: 092, Train Loss: 0.2896
Epoch: 093, Train Loss: 0.2893
Epoch: 094, Train Loss: 0.2896
TRAIN: rocauc 0.7862
VAL: rocauc 0.7386
TEST: rocauc 0.7014
Epoch: 095, Train Loss: 0.2887
Epoch: 096, Train Loss: 0.2904
Epoch: 097, Train Loss: 0.2893
Epoch: 098, Train Loss: 0.2918
Epoch: 099, Train Loss: 0.2903
TRAIN: rocauc 0.7855
VAL: rocauc 0.7378
TEST: rocauc 0.7094
Epoch: 100, Train Loss: 0.2881
Epoch: 101, Train Loss: 0.2879
Epoch: 102, Train Loss: 0.2909
Epoch: 103, Train Loss: 0.2889
Epoch: 104, Train Loss: 0.2894
TRAIN: rocauc 0.7819
VAL: rocauc 0.7276
TEST: rocauc 0.6902
Epoch: 105, Train Loss: 0.2913
Epoch: 106, Train Loss: 0.2882
Epoch: 107, Train Loss: 0.2902
Epoch: 108, Train Loss: 0.2902
Epoch: 109, Train Loss: 0.2919
TRAIN: rocauc 0.7855
VAL: rocauc 0.7437
TEST: rocauc 0.6981
Epoch: 110, Train Loss: 0.2898
Epoch: 111, Train Loss: 0.2887
Epoch: 112, Train Loss: 0.2880
Epoch: 113, Train Loss: 0.2896
Epoch: 114, Train Loss: 0.2888
TRAIN: rocauc 0.7842
VAL: rocauc 0.7266
TEST: rocauc 0.6832
Epoch: 115, Train Loss: 0.2901
Epoch: 116, Train Loss: 0.2896
Epoch: 117, Train Loss: 0.2876
Epoch: 118, Train Loss: 0.2889
Epoch: 119, Train Loss: 0.2895
TRAIN: rocauc 0.7803
VAL: rocauc 0.7227
TEST: rocauc 0.6996
Epoch: 120, Train Loss: 0.2890
Epoch: 121, Train Loss: 0.2895
Epoch: 122, Train Loss: 0.2879
Epoch: 123, Train Loss: 0.2892
Epoch: 124, Train Loss: 0.2881
TRAIN: rocauc 0.7827
VAL: rocauc 0.7474
TEST: rocauc 0.7176
Epoch: 125, Train Loss: 0.2882
Epoch: 126, Train Loss: 0.2871
Epoch: 127, Train Loss: 0.2881
Epoch: 128, Train Loss: 0.2878
Epoch: 129, Train Loss: 0.2884
TRAIN: rocauc 0.7854
VAL: rocauc 0.7303
TEST: rocauc 0.6945
Epoch: 130, Train Loss: 0.2872
Epoch: 131, Train Loss: 0.2872
Epoch: 132, Train Loss: 0.2881
Epoch: 133, Train Loss: 0.2875
Epoch: 134, Train Loss: 0.2882
TRAIN: rocauc 0.7877
VAL: rocauc 0.7168
TEST: rocauc 0.7054
Epoch: 135, Train Loss: 0.2887
Epoch: 136, Train Loss: 0.2886
Epoch: 137, Train Loss: 0.2890
Epoch: 138, Train Loss: 0.2897
Epoch: 139, Train Loss: 0.2877
TRAIN: rocauc 0.7861
VAL: rocauc 0.7477
TEST: rocauc 0.7150
Epoch: 140, Train Loss: 0.2866
Epoch: 141, Train Loss: 0.2894
Epoch: 142, Train Loss: 0.2872
Epoch: 143, Train Loss: 0.2875
Epoch: 144, Train Loss: 0.2880
TRAIN: rocauc 0.7840
VAL: rocauc 0.7389
TEST: rocauc 0.7153
Epoch: 145, Train Loss: 0.2886
Epoch: 146, Train Loss: 0.2874
Epoch: 147, Train Loss: 0.2881
Epoch: 148, Train Loss: 0.2871
Epoch: 149, Train Loss: 0.2870
TRAIN: rocauc 0.7845
VAL: rocauc 0.7224
TEST: rocauc 0.7039
Epoch: 150, Train Loss: 0.2868
Epoch: 151, Train Loss: 0.2884
Epoch: 152, Train Loss: 0.2878
Epoch: 153, Train Loss: 0.2877
Epoch: 154, Train Loss: 0.2873
TRAIN: rocauc 0.7828
VAL: rocauc 0.7275
TEST: rocauc 0.7177
Epoch: 155, Train Loss: 0.2868
Epoch: 156, Train Loss: 0.2891
Epoch: 157, Train Loss: 0.2868
Epoch: 158, Train Loss: 0.2879
Epoch: 159, Train Loss: 0.2873
TRAIN: rocauc 0.7816
VAL: rocauc 0.7257
TEST: rocauc 0.6917
Epoch: 160, Train Loss: 0.2862
Epoch: 161, Train Loss: 0.2868
Epoch: 162, Train Loss: 0.2876
Epoch: 163, Train Loss: 0.2869
Epoch: 164, Train Loss: 0.2893
TRAIN: rocauc 0.7863
VAL: rocauc 0.7353
TEST: rocauc 0.7050
Epoch: 165, Train Loss: 0.2884
Epoch: 166, Train Loss: 0.2854
Epoch: 167, Train Loss: 0.2867
Epoch: 168, Train Loss: 0.2881
Epoch: 169, Train Loss: 0.2881
TRAIN: rocauc 0.7839
VAL: rocauc 0.7329
TEST: rocauc 0.7040
Epoch: 170, Train Loss: 0.2862
Epoch: 171, Train Loss: 0.2863
Epoch: 172, Train Loss: 0.2865
Epoch: 173, Train Loss: 0.2872
Epoch: 174, Train Loss: 0.2870
TRAIN: rocauc 0.7891
VAL: rocauc 0.7459
TEST: rocauc 0.7060
Epoch: 175, Train Loss: 0.2870
Epoch: 176, Train Loss: 0.2868
Epoch: 177, Train Loss: 0.2877
Epoch: 178, Train Loss: 0.2863
Epoch: 179, Train Loss: 0.2866
TRAIN: rocauc 0.7854
VAL: rocauc 0.7242
TEST: rocauc 0.7051
Epoch: 180, Train Loss: 0.2850
Epoch: 181, Train Loss: 0.2871
Epoch: 182, Train Loss: 0.2866
Epoch: 183, Train Loss: 0.2866
Epoch: 184, Train Loss: 0.2869
TRAIN: rocauc 0.7843
VAL: rocauc 0.7373
TEST: rocauc 0.7207
Epoch: 185, Train Loss: 0.2856
Epoch: 186, Train Loss: 0.2866
Epoch: 187, Train Loss: 0.2866
Epoch: 188, Train Loss: 0.2876
Epoch: 189, Train Loss: 0.2863
TRAIN: rocauc 0.7834
VAL: rocauc 0.7162
TEST: rocauc 0.6962
Epoch: 190, Train Loss: 0.2865
Epoch: 191, Train Loss: 0.2866
Epoch: 192, Train Loss: 0.2857
Epoch: 193, Train Loss: 0.2880
Epoch: 194, Train Loss: 0.2869
TRAIN: rocauc 0.7871
VAL: rocauc 0.7248
TEST: rocauc 0.6991
Epoch: 195, Train Loss: 0.2854
Epoch: 196, Train Loss: 0.2864
Epoch: 197, Train Loss: 0.2873
Epoch: 198, Train Loss: 0.2885
Epoch: 199, Train Loss: 0.2849
TRAIN: rocauc 0.7840
VAL: rocauc 0.7228
TEST: rocauc 0.6943
Epoch: 200, Train Loss: 0.2855
Epoch: 201, Train Loss: 0.2866
Epoch: 202, Train Loss: 0.2855
Epoch: 203, Train Loss: 0.2871
Epoch: 204, Train Loss: 0.2844
TRAIN: rocauc 0.7870
VAL: rocauc 0.7248
TEST: rocauc 0.7117
Epoch: 205, Train Loss: 0.2839
Epoch: 206, Train Loss: 0.2862
Epoch: 207, Train Loss: 0.2861
Epoch: 208, Train Loss: 0.2851
Epoch: 209, Train Loss: 0.2861
TRAIN: rocauc 0.7867
VAL: rocauc 0.7335
TEST: rocauc 0.6879
Epoch: 210, Train Loss: 0.2863
Epoch: 211, Train Loss: 0.2852
Epoch: 212, Train Loss: 0.2873
Epoch: 213, Train Loss: 0.2868
Epoch: 214, Train Loss: 0.2851
TRAIN: rocauc 0.7879
VAL: rocauc 0.7302
TEST: rocauc 0.7072
Epoch: 215, Train Loss: 0.2862
Epoch: 216, Train Loss: 0.2858
Epoch: 217, Train Loss: 0.2863
Epoch: 218, Train Loss: 0.2870
Epoch: 219, Train Loss: 0.2863
TRAIN: rocauc 0.7867
VAL: rocauc 0.7290
TEST: rocauc 0.7236
Epoch: 220, Train Loss: 0.2855
Epoch: 221, Train Loss: 0.2864
Epoch: 222, Train Loss: 0.2859
Epoch: 223, Train Loss: 0.2858
Epoch: 224, Train Loss: 0.2868
TRAIN: rocauc 0.7864
VAL: rocauc 0.7286
TEST: rocauc 0.7053
Epoch: 225, Train Loss: 0.2855
Epoch: 226, Train Loss: 0.2851
Epoch: 227, Train Loss: 0.2843
Epoch: 228, Train Loss: 0.2853
Epoch: 229, Train Loss: 0.2854
TRAIN: rocauc 0.7856
VAL: rocauc 0.7305
TEST: rocauc 0.7165
Epoch: 230, Train Loss: 0.2864
Epoch: 231, Train Loss: 0.2858
Epoch: 232, Train Loss: 0.2846
Epoch: 233, Train Loss: 0.2844
Epoch: 234, Train Loss: 0.2853
TRAIN: rocauc 0.7833
VAL: rocauc 0.7277
TEST: rocauc 0.7005
Epoch: 235, Train Loss: 0.2850
Epoch: 236, Train Loss: 0.2851
Epoch: 237, Train Loss: 0.2856
Epoch: 238, Train Loss: 0.2853
Epoch: 239, Train Loss: 0.2856
TRAIN: rocauc 0.7848
VAL: rocauc 0.7283
TEST: rocauc 0.7055
Epoch: 240, Train Loss: 0.2849
Epoch: 241, Train Loss: 0.2864
Epoch: 242, Train Loss: 0.2871
Epoch: 243, Train Loss: 0.2858
Epoch: 244, Train Loss: 0.2845
TRAIN: rocauc 0.7867
VAL: rocauc 0.7377
TEST: rocauc 0.7131
Epoch: 245, Train Loss: 0.2847
Epoch: 246, Train Loss: 0.2861
Epoch: 247, Train Loss: 0.2848
Epoch: 248, Train Loss: 0.2859
Epoch: 249, Train Loss: 0.2850
TRAIN: rocauc 0.7873
VAL: rocauc 0.7226
TEST: rocauc 0.7042
Epoch: 250, Train Loss: 0.2846
Epoch: 251, Train Loss: 0.2855
Epoch: 252, Train Loss: 0.2851
Epoch: 253, Train Loss: 0.2861
Epoch: 254, Train Loss: 0.2839
TRAIN: rocauc 0.7897
VAL: rocauc 0.7348
TEST: rocauc 0.7230
Epoch: 255, Train Loss: 0.2843
Epoch: 256, Train Loss: 0.2854
Epoch: 257, Train Loss: 0.2850
Epoch: 258, Train Loss: 0.2836
Epoch: 259, Train Loss: 0.2846
TRAIN: rocauc 0.7863
VAL: rocauc 0.7449
TEST: rocauc 0.7193
Epoch: 260, Train Loss: 0.2847
Epoch: 261, Train Loss: 0.2852
Epoch: 262, Train Loss: 0.2843
Epoch: 263, Train Loss: 0.2846
Epoch: 264, Train Loss: 0.2847
TRAIN: rocauc 0.7882
VAL: rocauc 0.7333
TEST: rocauc 0.7273
Epoch: 265, Train Loss: 0.2849
Epoch: 266, Train Loss: 0.2858
Epoch: 267, Train Loss: 0.2853
Epoch: 268, Train Loss: 0.2845
Epoch: 269, Train Loss: 0.2837
TRAIN: rocauc 0.7818
VAL: rocauc 0.7109
TEST: rocauc 0.7081
Epoch: 270, Train Loss: 0.2827
Epoch: 271, Train Loss: 0.2852
Epoch: 272, Train Loss: 0.2857
Epoch: 273, Train Loss: 0.2850
Epoch: 274, Train Loss: 0.2850
TRAIN: rocauc 0.7874
VAL: rocauc 0.7343
TEST: rocauc 0.7111
Epoch: 275, Train Loss: 0.2836
Epoch: 276, Train Loss: 0.2848
Epoch: 277, Train Loss: 0.2848
Epoch: 278, Train Loss: 0.2844
Epoch: 279, Train Loss: 0.2841
TRAIN: rocauc 0.7879
VAL: rocauc 0.7200
TEST: rocauc 0.7111
Epoch: 280, Train Loss: 0.2855
Epoch: 281, Train Loss: 0.2850
Epoch: 282, Train Loss: 0.2851
Epoch: 283, Train Loss: 0.2843
Epoch: 284, Train Loss: 0.2852
TRAIN: rocauc 0.7776
VAL: rocauc 0.7066
TEST: rocauc 0.6962
Epoch: 285, Train Loss: 0.2839
Epoch: 286, Train Loss: 0.2849
Epoch: 287, Train Loss: 0.2856
Epoch: 288, Train Loss: 0.2846
Epoch: 289, Train Loss: 0.2851
TRAIN: rocauc 0.7836
VAL: rocauc 0.7116
TEST: rocauc 0.6918
Epoch: 290, Train Loss: 0.2834
Epoch: 291, Train Loss: 0.2842
Epoch: 292, Train Loss: 0.2838
Epoch: 293, Train Loss: 0.2837
Epoch: 294, Train Loss: 0.2848
TRAIN: rocauc 0.7859
VAL: rocauc 0.7219
TEST: rocauc 0.7013
Epoch: 295, Train Loss: 0.2847
Epoch: 296, Train Loss: 0.2846
Epoch: 297, Train Loss: 0.2849
Epoch: 298, Train Loss: 0.2852
Epoch: 299, Train Loss: 0.2848
TRAIN: rocauc 0.7898
VAL: rocauc 0.7475
TEST: rocauc 0.7105
Epoch: 300, Train Loss: 0.2837
Epoch: 301, Train Loss: 0.2845
Epoch: 302, Train Loss: 0.2843
Epoch: 303, Train Loss: 0.2836
Epoch: 304, Train Loss: 0.2831
TRAIN: rocauc 0.7907
VAL: rocauc 0.7290
TEST: rocauc 0.7050
Epoch: 305, Train Loss: 0.2833
Epoch: 306, Train Loss: 0.2836
Epoch: 307, Train Loss: 0.2834
Epoch: 308, Train Loss: 0.2858
Epoch: 309, Train Loss: 0.2841
TRAIN: rocauc 0.7884
VAL: rocauc 0.7398
TEST: rocauc 0.6977
Epoch: 310, Train Loss: 0.2849
Epoch: 311, Train Loss: 0.2854
Epoch: 312, Train Loss: 0.2841
Epoch: 313, Train Loss: 0.2855
Epoch: 314, Train Loss: 0.2826
TRAIN: rocauc 0.7868
VAL: rocauc 0.7254
TEST: rocauc 0.7224
Epoch: 315, Train Loss: 0.2839
Epoch: 316, Train Loss: 0.2831
Epoch: 317, Train Loss: 0.2839
Epoch: 318, Train Loss: 0.2832
Epoch: 319, Train Loss: 0.2832
TRAIN: rocauc 0.7879
VAL: rocauc 0.7396
TEST: rocauc 0.7254
Epoch: 320, Train Loss: 0.2837
Epoch: 321, Train Loss: 0.2836
Epoch: 322, Train Loss: 0.2838
Epoch: 323, Train Loss: 0.2834
Epoch: 324, Train Loss: 0.2830
TRAIN: rocauc 0.7906
VAL: rocauc 0.7365
TEST: rocauc 0.7133
Epoch: 325, Train Loss: 0.2838
Epoch: 326, Train Loss: 0.2844
Epoch: 327, Train Loss: 0.2844
Epoch: 328, Train Loss: 0.2838
Epoch: 329, Train Loss: 0.2833
TRAIN: rocauc 0.7833
VAL: rocauc 0.7222
TEST: rocauc 0.7141
Epoch: 330, Train Loss: 0.2834
Epoch: 331, Train Loss: 0.2856
Epoch: 332, Train Loss: 0.2828
Epoch: 333, Train Loss: 0.2826
Epoch: 334, Train Loss: 0.2830
TRAIN: rocauc 0.7874
VAL: rocauc 0.7296
TEST: rocauc 0.7046
Epoch: 335, Train Loss: 0.2842
Epoch: 336, Train Loss: 0.2831
Epoch: 337, Train Loss: 0.2829
Epoch: 338, Train Loss: 0.2848
Epoch: 339, Train Loss: 0.2836
TRAIN: rocauc 0.7946
VAL: rocauc 0.7551
TEST: rocauc 0.7199
Epoch: 340, Train Loss: 0.2833
Epoch: 341, Train Loss: 0.2822
Epoch: 342, Train Loss: 0.2846
Epoch: 343, Train Loss: 0.2843
Epoch: 344, Train Loss: 0.2833
TRAIN: rocauc 0.7834
VAL: rocauc 0.7360
TEST: rocauc 0.7174
Epoch: 345, Train Loss: 0.2844
Epoch: 346, Train Loss: 0.2821
Epoch: 347, Train Loss: 0.2839
Epoch: 348, Train Loss: 0.2836
Epoch: 349, Train Loss: 0.2829
TRAIN: rocauc 0.7877
VAL: rocauc 0.7301
TEST: rocauc 0.7118
Epoch: 350, Train Loss: 0.2836
Epoch: 351, Train Loss: 0.2848
Epoch: 352, Train Loss: 0.2831
Epoch: 353, Train Loss: 0.2828
Epoch: 354, Train Loss: 0.2832
TRAIN: rocauc 0.7899
VAL: rocauc 0.7365
TEST: rocauc 0.7154
Epoch: 355, Train Loss: 0.2836
Epoch: 356, Train Loss: 0.2832
Epoch: 357, Train Loss: 0.2839
Epoch: 358, Train Loss: 0.2834
Epoch: 359, Train Loss: 0.2831
TRAIN: rocauc 0.7856
VAL: rocauc 0.7329
TEST: rocauc 0.7243
Epoch: 360, Train Loss: 0.2825
Epoch: 361, Train Loss: 0.2825
Epoch: 362, Train Loss: 0.2820
Epoch: 363, Train Loss: 0.2835
Epoch: 364, Train Loss: 0.2816
TRAIN: rocauc 0.7805
VAL: rocauc 0.7339
TEST: rocauc 0.7138
Epoch: 365, Train Loss: 0.2827
Epoch: 366, Train Loss: 0.2833
Epoch: 367, Train Loss: 0.2833
Epoch: 368, Train Loss: 0.2825
Epoch: 369, Train Loss: 0.2845
TRAIN: rocauc 0.7847
VAL: rocauc 0.7116
TEST: rocauc 0.6915
Epoch: 370, Train Loss: 0.2839
Epoch: 371, Train Loss: 0.2845
Epoch: 372, Train Loss: 0.2822
Epoch: 373, Train Loss: 0.2834
Epoch: 374, Train Loss: 0.2831
TRAIN: rocauc 0.7924
VAL: rocauc 0.7452
TEST: rocauc 0.7194
Epoch: 375, Train Loss: 0.2843
Epoch: 376, Train Loss: 0.2836
Epoch: 377, Train Loss: 0.2827
Epoch: 378, Train Loss: 0.2826
Epoch: 379, Train Loss: 0.2841
TRAIN: rocauc 0.7859
VAL: rocauc 0.7428
TEST: rocauc 0.7161
Epoch: 380, Train Loss: 0.2829
Epoch: 381, Train Loss: 0.2817
Epoch: 382, Train Loss: 0.2843
Epoch: 383, Train Loss: 0.2814
Epoch: 384, Train Loss: 0.2833
TRAIN: rocauc 0.7888
VAL: rocauc 0.7265
TEST: rocauc 0.7202
Epoch: 385, Train Loss: 0.2824
Epoch: 386, Train Loss: 0.2832
Epoch: 387, Train Loss: 0.2834
Epoch: 388, Train Loss: 0.2817
Epoch: 389, Train Loss: 0.2827
TRAIN: rocauc 0.7861
VAL: rocauc 0.7196
TEST: rocauc 0.7080
Epoch: 390, Train Loss: 0.2824
Epoch: 391, Train Loss: 0.2830
Epoch: 392, Train Loss: 0.2827
Epoch: 393, Train Loss: 0.2825
Epoch: 394, Train Loss: 0.2810
TRAIN: rocauc 0.7846
VAL: rocauc 0.7222
TEST: rocauc 0.7090
Epoch: 395, Train Loss: 0.2822
Epoch: 396, Train Loss: 0.2824
Epoch: 397, Train Loss: 0.2817
Epoch: 398, Train Loss: 0.2831
Epoch: 399, Train Loss: 0.2828
TRAIN: rocauc 0.7856
VAL: rocauc 0.7274
TEST: rocauc 0.7157
Epoch: 400, Train Loss: 0.2829
Epoch: 401, Train Loss: 0.2831
Epoch: 402, Train Loss: 0.2841
Epoch: 403, Train Loss: 0.2826
Epoch: 404, Train Loss: 0.2822
TRAIN: rocauc 0.7850
VAL: rocauc 0.7168
TEST: rocauc 0.7171
Epoch: 405, Train Loss: 0.2823
Epoch: 406, Train Loss: 0.2825
Epoch: 407, Train Loss: 0.2825
Epoch: 408, Train Loss: 0.2826
Epoch: 409, Train Loss: 0.2832
TRAIN: rocauc 0.7825
VAL: rocauc 0.7089
TEST: rocauc 0.7112
Epoch: 410, Train Loss: 0.2817
Epoch: 411, Train Loss: 0.2829
Epoch: 412, Train Loss: 0.2828
Epoch: 413, Train Loss: 0.2815
Epoch: 414, Train Loss: 0.2817
TRAIN: rocauc 0.7832
VAL: rocauc 0.7067
TEST: rocauc 0.7086
Epoch: 415, Train Loss: 0.2819
Epoch: 416, Train Loss: 0.2814
Epoch: 417, Train Loss: 0.2828
Epoch: 418, Train Loss: 0.2804
Epoch: 419, Train Loss: 0.2811
TRAIN: rocauc 0.7891
VAL: rocauc 0.7193
TEST: rocauc 0.7067
Epoch: 420, Train Loss: 0.2810
Epoch: 421, Train Loss: 0.2832
Epoch: 422, Train Loss: 0.2823
Epoch: 423, Train Loss: 0.2829
Epoch: 424, Train Loss: 0.2817
TRAIN: rocauc 0.7930
VAL: rocauc 0.7414
TEST: rocauc 0.7281
Epoch: 425, Train Loss: 0.2822
Epoch: 426, Train Loss: 0.2828
Epoch: 427, Train Loss: 0.2817
Epoch: 428, Train Loss: 0.2822
Epoch: 429, Train Loss: 0.2822
TRAIN: rocauc 0.7843
VAL: rocauc 0.7132
TEST: rocauc 0.6925
Epoch: 430, Train Loss: 0.2813
Epoch: 431, Train Loss: 0.2819
Epoch: 432, Train Loss: 0.2814
Epoch: 433, Train Loss: 0.2813
Epoch: 434, Train Loss: 0.2824
TRAIN: rocauc 0.7814
VAL: rocauc 0.7007
TEST: rocauc 0.6989
Epoch: 435, Train Loss: 0.2831
Epoch: 436, Train Loss: 0.2815
Epoch: 437, Train Loss: 0.2817
Epoch: 438, Train Loss: 0.2829
Epoch: 439, Train Loss: 0.2817
TRAIN: rocauc 0.7914
VAL: rocauc 0.7203
TEST: rocauc 0.7037
Epoch: 440, Train Loss: 0.2818
Epoch: 441, Train Loss: 0.2820
Epoch: 442, Train Loss: 0.2826
Epoch: 443, Train Loss: 0.2825
Epoch: 444, Train Loss: 0.2829
TRAIN: rocauc 0.7849
VAL: rocauc 0.7195
TEST: rocauc 0.7102
Epoch: 445, Train Loss: 0.2809
Epoch: 446, Train Loss: 0.2825
Epoch: 447, Train Loss: 0.2833
Epoch: 448, Train Loss: 0.2810
Epoch: 449, Train Loss: 0.2805
TRAIN: rocauc 0.7834
VAL: rocauc 0.7049
TEST: rocauc 0.6923
Epoch: 450, Train Loss: 0.2827
Epoch: 451, Train Loss: 0.2826
Epoch: 452, Train Loss: 0.2821
Epoch: 453, Train Loss: 0.2828
Epoch: 454, Train Loss: 0.2816
TRAIN: rocauc 0.7781
VAL: rocauc 0.6989
TEST: rocauc 0.6842
Epoch: 455, Train Loss: 0.2815
Epoch: 456, Train Loss: 0.2814
Epoch: 457, Train Loss: 0.2816
Epoch: 458, Train Loss: 0.2826
Epoch: 459, Train Loss: 0.2832
TRAIN: rocauc 0.7885
VAL: rocauc 0.7188
TEST: rocauc 0.7007
Epoch: 460, Train Loss: 0.2837
Epoch: 461, Train Loss: 0.2818
Epoch: 462, Train Loss: 0.2812
Epoch: 463, Train Loss: 0.2827
Epoch: 464, Train Loss: 0.2816
TRAIN: rocauc 0.7821
VAL: rocauc 0.7150
TEST: rocauc 0.7094
Epoch: 465, Train Loss: 0.2817
Epoch: 466, Train Loss: 0.2809
Epoch: 467, Train Loss: 0.2810
Epoch: 468, Train Loss: 0.2826
Epoch: 469, Train Loss: 0.2797
TRAIN: rocauc 0.7886
VAL: rocauc 0.7342
TEST: rocauc 0.7155
Epoch: 470, Train Loss: 0.2816
Epoch: 471, Train Loss: 0.2837
Epoch: 472, Train Loss: 0.2804
Epoch: 473, Train Loss: 0.2805
Epoch: 474, Train Loss: 0.2818
TRAIN: rocauc 0.7873
VAL: rocauc 0.7112
TEST: rocauc 0.7057
Epoch: 475, Train Loss: 0.2805
Epoch: 476, Train Loss: 0.2810
Epoch: 477, Train Loss: 0.2819
Epoch: 478, Train Loss: 0.2822
Epoch: 479, Train Loss: 0.2804
TRAIN: rocauc 0.7846
VAL: rocauc 0.7175
TEST: rocauc 0.7117
Epoch: 480, Train Loss: 0.2811
Epoch: 481, Train Loss: 0.2817
Epoch: 482, Train Loss: 0.2787
Epoch: 483, Train Loss: 0.2814
Epoch: 484, Train Loss: 0.2822
TRAIN: rocauc 0.7891
VAL: rocauc 0.7286
TEST: rocauc 0.7123
Epoch: 485, Train Loss: 0.2798
Epoch: 486, Train Loss: 0.2809
Epoch: 487, Train Loss: 0.2811
Epoch: 488, Train Loss: 0.2804
Epoch: 489, Train Loss: 0.2825
TRAIN: rocauc 0.7853
VAL: rocauc 0.7324
TEST: rocauc 0.7200
Epoch: 490, Train Loss: 0.2809
Epoch: 491, Train Loss: 0.2810
Epoch: 492, Train Loss: 0.2825
Epoch: 493, Train Loss: 0.2795
Epoch: 494, Train Loss: 0.2804
TRAIN: rocauc 0.7863
VAL: rocauc 0.7226
TEST: rocauc 0.7075
Epoch: 495, Train Loss: 0.2798
Epoch: 496, Train Loss: 0.2818
Epoch: 497, Train Loss: 0.2814
Epoch: 498, Train Loss: 0.2823
Epoch: 499, Train Loss: 0.2806
rank 1 Peak GPU memory: 2.75 GB
rank 3 Peak GPU memory: 2.76 GB
rank 2 Peak GPU memory: 2.75 GB
TRAIN: rocauc 0.7862
VAL: rocauc 0.7230
TEST: rocauc 0.7076
rank 0 Peak GPU memory: 2.82 GB
OGB (best val):
Highest Train (rocauc): 79.46
Highest Valid (rocauc): 75.52
  Final Train (rocauc): 77.75
   Final Test (rocauc): 65.84
