/pscratch/sd/c/cunyang/gnn/plexus/plexus/utils/dataloader.py:425: UserWarning: Sparse CSR tensor support is in beta state. If you miss a functionality in the sparse tensor support, please submit a feature request to https://github.com/pytorch/pytorch/issues. (Triggered internally at /pytorch/aten/src/ATen/SparseCsrTensorImpl.cpp:53.)
  adj_local = adj_local.to_sparse_csr()
/pscratch/sd/c/cunyang/gnn/plexus/plexus/utils/dataloader.py:425: UserWarning: Sparse CSR tensor support is in beta state. If you miss a functionality in the sparse tensor support, please submit a feature request to https://github.com/pytorch/pytorch/issues. (Triggered internally at /pytorch/aten/src/ATen/SparseCsrTensorImpl.cpp:53.)
  adj_local = adj_local.to_sparse_csr()
/pscratch/sd/c/cunyang/gnn/plexus/plexus/utils/dataloader.py:425: UserWarning: Sparse CSR tensor support is in beta state. If you miss a functionality in the sparse tensor support, please submit a feature request to https://github.com/pytorch/pytorch/issues. (Triggered internally at /pytorch/aten/src/ATen/SparseCsrTensorImpl.cpp:53.)
  adj_local = adj_local.to_sparse_csr()
/pscratch/sd/c/cunyang/gnn/plexus/plexus/utils/dataloader.py:425: UserWarning: Sparse CSR tensor support is in beta state. If you miss a functionality in the sparse tensor support, please submit a feature request to https://github.com/pytorch/pytorch/issues. (Triggered internally at /pytorch/aten/src/ATen/SparseCsrTensorImpl.cpp:53.)
  adj_local = adj_local.to_sparse_csr()
steps_per_epoch:  101
steps_per_epoch:  101
steps_per_epoch:  101
steps_per_epoch:  101
Epoch: 000, Train Loss: 0.3373
Epoch: 001, Train Loss: 0.3155
|--[95m 'drop | Max Time: 0.181 ms | Avg Time: 0.168 ms | Load Imbalance: 1.076' [0m

|--[95m 'epoch 0 | Max Time: 2727.398 ms | Avg Time: 2727.028 ms | Load Imbalance: 1.000' [0m
	|--[92m 'prefetch launch | Max Time: 4.168 ms | Avg Time: 4.066 ms | Load Imbalance: 1.025' [0m
	|--[92m 'prefetch wait | Max Time: 596.341 ms | Avg Time: 561.993 ms | Load Imbalance: 1.061' [0m
	|--[92m 'train step | Max Time: 2172.290 ms | Avg Time: 2135.495 ms | Load Imbalance: 1.017' [0m
		|--[96m 'input_linear | Max Time: 429.198 ms | Avg Time: 398.620 ms | Load Imbalance: 1.077' [0m
			|--[91m 'input_linear X * W | Max Time: 185.666 ms | Avg Time: 185.323 ms | Load Imbalance: 1.002' [0m
			|--[91m 'all-reduce | Max Time: 223.363 ms | Avg Time: 191.506 ms | Load Imbalance: 1.166' [0m
			|--[91m 'OUT + BIAS | Max Time: 6.370 ms | Avg Time: 5.405 ms | Load Imbalance: 1.179' [0m
		|--[96m 'gcn conv fwd | Max Time: 578.455 ms | Avg Time: 571.045 ms | Load Imbalance: 1.013' [0m
			|--[91m 'AGG = A * H | Max Time: 71.766 ms | Avg Time: 67.036 ms | Load Imbalance: 1.071' [0m
			|--[91m 'allreduce H | Max Time: 288.654 ms | Avg Time: 273.349 ms | Load Imbalance: 1.056' [0m
				|--[95m 'all-reduce | Max Time: 283.775 ms | Avg Time: 266.660 ms | Load Imbalance: 1.064' [0m
			|--[91m 'Allgather W | Max Time: 93.956 ms | Avg Time: 86.730 ms | Load Imbalance: 1.083' [0m
				|--[95m 'gather | Max Time: 88.503 ms | Avg Time: 81.539 ms | Load Imbalance: 1.085' [0m
			|--[91m 'OUT = AGG * W | Max Time: 37.546 ms | Avg Time: 33.308 ms | Load Imbalance: 1.127' [0m
			|--[91m 'allreduce Q | Max Time: 102.800 ms | Avg Time: 89.321 ms | Load Imbalance: 1.151' [0m
				|--[95m 'all-reduce | Max Time: 99.888 ms | Avg Time: 84.010 ms | Load Imbalance: 1.189' [0m
		|--[96m 'activation | Max Time: 160.818 ms | Avg Time: 153.640 ms | Load Imbalance: 1.047' [0m
			|--[91m 'all-reduce | Max Time: 60.806 ms | Avg Time: 55.354 ms | Load Imbalance: 1.098' [0m
		|--[96m 'output_linear | Max Time: 17.520 ms | Avg Time: 12.461 ms | Load Imbalance: 1.406' [0m
			|--[91m 'output_linear X * W | Max Time: 5.514 ms | Avg Time: 4.195 ms | Load Imbalance: 1.314' [0m
			|--[91m 'all-reduce | Max Time: 1.340 ms | Avg Time: 0.981 ms | Load Imbalance: 1.366' [0m
			|--[91m 'OUT + BIAS | Max Time: 3.104 ms | Avg Time: 2.219 ms | Load Imbalance: 1.399' [0m
		|--[96m 'bce fwd | Max Time: 198.581 ms | Avg Time: 189.266 ms | Load Imbalance: 1.049' [0m
		|--[96m 'bce bwd | Max Time: 6.708 ms | Avg Time: 4.931 ms | Load Imbalance: 1.360' [0m
		|--[96m 'linear_3d_bwd | Max Time: 157.874 ms | Avg Time: 144.731 ms | Load Imbalance: 1.091' [0m
			|--[91m 'output_linear GRAD_X | Max Time: 5.471 ms | Avg Time: 4.122 ms | Load Imbalance: 1.327' [0m
			|--[91m 'all-reduce | Max Time: 127.607 ms | Avg Time: 115.839 ms | Load Imbalance: 1.102' [0m
			|--[91m 'output_linear GRAD_W | Max Time: 5.920 ms | Avg Time: 4.260 ms | Load Imbalance: 1.389' [0m
			|--[91m 'input_linear GRAD_W | Max Time: 4.046 ms | Avg Time: 3.302 ms | Load Imbalance: 1.225' [0m
		|--[96m 'gcn conv bwd | Max Time: 353.316 ms | Avg Time: 332.965 ms | Load Imbalance: 1.061' [0m
			|--[91m 'gather | Max Time: 55.174 ms | Avg Time: 43.789 ms | Load Imbalance: 1.260' [0m
			|--[91m 'GRAD_AGG = GRAD_OUT * W.T | Max Time: 12.419 ms | Avg Time: 10.495 ms | Load Imbalance: 1.183' [0m
			|--[91m 'all-reduce | Max Time: 176.204 ms | Avg Time: 142.053 ms | Load Imbalance: 1.240' [0m
			|--[91m 'GRAD_W = AGG.T * GRAD_OUT | Max Time: 16.565 ms | Avg Time: 12.077 ms | Load Imbalance: 1.372' [0m
			|--[91m 'ReduceScatter grad_weight | Max Time: 57.091 ms | Avg Time: 50.433 ms | Load Imbalance: 1.132' [0m
				|--[95m 'reduce-scatter | Max Time: 52.841 ms | Avg Time: 46.168 ms | Load Imbalance: 1.145' [0m
					|--[92m 'reduce-scatter-dist | Max Time: 48.539 ms | Avg Time: 41.695 ms | Load Imbalance: 1.164' [0m
			|--[91m 'GRAD_H = A.T * GRAD_AGG | Max Time: 17.797 ms | Avg Time: 14.236 ms | Load Imbalance: 1.250' [0m
			|--[91m 'allreduce grad_x | Max Time: 42.014 ms | Avg Time: 37.188 ms | Load Imbalance: 1.130' [0m
				|--[95m 'all-reduce | Max Time: 37.576 ms | Avg Time: 32.775 ms | Load Imbalance: 1.146' [0m
		|--[96m 'sync_norm_gradients | Max Time: 45.326 ms | Avg Time: 39.340 ms | Load Imbalance: 1.152' [0m
		|--[96m 'sync_data_parallel_gradients | Max Time: 1.036 ms | Avg Time: 0.693 ms | Load Imbalance: 1.495' [0m

|--[95m 'epoch 1 | Max Time: 1652.153 ms | Avg Time: 1651.519 ms | Load Imbalance: 1.000' [0m
	|--[92m 'prefetch launch | Max Time: 3.662 ms | Avg Time: 3.571 ms | Load Imbalance: 1.025' [0m
	|--[92m 'prefetch wait | Max Time: 296.207 ms | Avg Time: 233.405 ms | Load Imbalance: 1.269' [0m
	|--[92m 'train step | Max Time: 1412.905 ms | Avg Time: 1389.419 ms | Load Imbalance: 1.017' [0m
		|--[96m 'input_linear | Max Time: 170.797 ms | Avg Time: 120.482 ms | Load Imbalance: 1.418' [0m
			|--[91m 'input_linear X * W | Max Time: 11.188 ms | Avg Time: 10.892 ms | Load Imbalance: 1.027' [0m
			|--[91m 'all-reduce | Max Time: 139.723 ms | Avg Time: 88.907 ms | Load Imbalance: 1.572' [0m
			|--[91m 'OUT + BIAS | Max Time: 4.514 ms | Avg Time: 4.305 ms | Load Imbalance: 1.049' [0m
		|--[96m 'gcn conv fwd | Max Time: 402.333 ms | Avg Time: 359.023 ms | Load Imbalance: 1.121' [0m
			|--[91m 'AGG = A * H | Max Time: 21.422 ms | Avg Time: 18.634 ms | Load Imbalance: 1.150' [0m
			|--[91m 'allreduce H | Max Time: 180.972 ms | Avg Time: 145.171 ms | Load Imbalance: 1.247' [0m
				|--[95m 'all-reduce | Max Time: 172.552 ms | Avg Time: 138.021 ms | Load Imbalance: 1.250' [0m
			|--[91m 'Allgather W | Max Time: 80.628 ms | Avg Time: 78.542 ms | Load Imbalance: 1.027' [0m
				|--[95m 'gather | Max Time: 78.593 ms | Avg Time: 72.817 ms | Load Imbalance: 1.079' [0m
			|--[91m 'OUT = AGG * W | Max Time: 12.884 ms | Avg Time: 10.026 ms | Load Imbalance: 1.285' [0m
			|--[91m 'allreduce Q | Max Time: 99.584 ms | Avg Time: 83.559 ms | Load Imbalance: 1.192' [0m
				|--[95m 'all-reduce | Max Time: 97.320 ms | Avg Time: 77.640 ms | Load Imbalance: 1.253' [0m
		|--[96m 'activation | Max Time: 103.137 ms | Avg Time: 93.647 ms | Load Imbalance: 1.101' [0m
			|--[91m 'all-reduce | Max Time: 68.653 ms | Avg Time: 56.875 ms | Load Imbalance: 1.207' [0m
		|--[96m 'output_linear | Max Time: 17.805 ms | Avg Time: 12.898 ms | Load Imbalance: 1.380' [0m
			|--[91m 'output_linear X * W | Max Time: 5.553 ms | Avg Time: 4.113 ms | Load Imbalance: 1.350' [0m
			|--[91m 'all-reduce | Max Time: 1.427 ms | Avg Time: 1.056 ms | Load Imbalance: 1.352' [0m
			|--[91m 'OUT + BIAS | Max Time: 3.047 ms | Avg Time: 2.366 ms | Load Imbalance: 1.288' [0m
		|--[96m 'bce fwd | Max Time: 169.818 ms | Avg Time: 154.192 ms | Load Imbalance: 1.101' [0m
		|--[96m 'bce bwd | Max Time: 5.766 ms | Avg Time: 4.380 ms | Load Imbalance: 1.317' [0m
		|--[96m 'linear_3d_bwd | Max Time: 159.390 ms | Avg Time: 146.462 ms | Load Imbalance: 1.088' [0m
			|--[91m 'output_linear GRAD_X | Max Time: 4.622 ms | Avg Time: 3.482 ms | Load Imbalance: 1.327' [0m
			|--[91m 'all-reduce | Max Time: 126.804 ms | Avg Time: 116.448 ms | Load Imbalance: 1.089' [0m
			|--[91m 'output_linear GRAD_W | Max Time: 6.255 ms | Avg Time: 4.475 ms | Load Imbalance: 1.398' [0m
			|--[91m 'input_linear GRAD_W | Max Time: 4.000 ms | Avg Time: 3.453 ms | Load Imbalance: 1.159' [0m
		|--[96m 'gcn conv bwd | Max Time: 355.580 ms | Avg Time: 328.952 ms | Load Imbalance: 1.081' [0m
			|--[91m 'gather | Max Time: 58.984 ms | Avg Time: 50.780 ms | Load Imbalance: 1.162' [0m
			|--[91m 'GRAD_AGG = GRAD_OUT * W.T | Max Time: 11.557 ms | Avg Time: 10.536 ms | Load Imbalance: 1.097' [0m
			|--[91m 'all-reduce | Max Time: 153.717 ms | Avg Time: 122.750 ms | Load Imbalance: 1.252' [0m
			|--[91m 'GRAD_W = AGG.T * GRAD_OUT | Max Time: 13.490 ms | Avg Time: 10.992 ms | Load Imbalance: 1.227' [0m
			|--[91m 'ReduceScatter grad_weight | Max Time: 57.980 ms | Avg Time: 53.593 ms | Load Imbalance: 1.082' [0m
				|--[95m 'reduce-scatter | Max Time: 55.000 ms | Avg Time: 48.665 ms | Load Imbalance: 1.130' [0m
					|--[92m 'reduce-scatter-dist | Max Time: 52.437 ms | Avg Time: 43.638 ms | Load Imbalance: 1.202' [0m
			|--[91m 'GRAD_H = A.T * GRAD_AGG | Max Time: 16.361 ms | Avg Time: 14.822 ms | Load Imbalance: 1.104' [0m
			|--[91m 'allreduce grad_x | Max Time: 42.869 ms | Avg Time: 40.218 ms | Load Imbalance: 1.066' [0m
				|--[95m 'all-reduce | Max Time: 38.830 ms | Avg Time: 35.315 ms | Load Imbalance: 1.100' [0m
		|--[96m 'sync_norm_gradients | Max Time: 42.959 ms | Avg Time: 37.218 ms | Load Imbalance: 1.154' [0m
		|--[96m 'sync_data_parallel_gradients | Max Time: 1.005 ms | Avg Time: 0.729 ms | Load Imbalance: 1.377' [0m

|--[95m 'epoch 2 | Max Time: 1659.848 ms | Avg Time: 1659.550 ms | Load Imbalance: 1.000' [0m
	|--[92m 'prefetch launch | Max Time: 3.576 ms | Avg Time: 3.504 ms | Load Imbalance: 1.021' [0m
	|--[92m 'prefetch wait | Max Time: 259.559 ms | Avg Time: 236.104 ms | Load Imbalance: 1.099' [0m
	|--[92m 'train step | Max Time: 1416.555 ms | Avg Time: 1394.369 ms | Load Imbalance: 1.016' [0m
		|--[96m 'input_linear | Max Time: 168.575 ms | Avg Time: 147.234 ms | Load Imbalance: 1.145' [0m
			|--[91m 'input_linear X * W | Max Time: 11.059 ms | Avg Time: 10.873 ms | Load Imbalance: 1.017' [0m
			|--[91m 'all-reduce | Max Time: 137.269 ms | Avg Time: 116.131 ms | Load Imbalance: 1.182' [0m
			|--[91m 'OUT + BIAS | Max Time: 4.396 ms | Avg Time: 4.167 ms | Load Imbalance: 1.055' [0m
		|--[96m 'gcn conv fwd | Max Time: 343.522 ms | Avg Time: 334.548 ms | Load Imbalance: 1.027' [0m
			|--[91m 'AGG = A * H | Max Time: 20.339 ms | Avg Time: 18.539 ms | Load Imbalance: 1.097' [0m
			|--[91m 'allreduce H | Max Time: 128.001 ms | Avg Time: 121.892 ms | Load Imbalance: 1.050' [0m
				|--[95m 'all-reduce | Max Time: 120.173 ms | Avg Time: 114.675 ms | Load Imbalance: 1.048' [0m
			|--[91m 'Allgather W | Max Time: 82.090 ms | Avg Time: 78.297 ms | Load Imbalance: 1.048' [0m
				|--[95m 'gather | Max Time: 76.746 ms | Avg Time: 72.476 ms | Load Imbalance: 1.059' [0m
			|--[91m 'OUT = AGG * W | Max Time: 13.158 ms | Avg Time: 10.176 ms | Load Imbalance: 1.293' [0m
			|--[91m 'allreduce Q | Max Time: 91.265 ms | Avg Time: 82.402 ms | Load Imbalance: 1.108' [0m
				|--[95m 'all-reduce | Max Time: 87.292 ms | Avg Time: 76.458 ms | Load Imbalance: 1.142' [0m
		|--[96m 'activation | Max Time: 98.316 ms | Avg Time: 93.644 ms | Load Imbalance: 1.050' [0m
			|--[91m 'all-reduce | Max Time: 63.132 ms | Avg Time: 56.352 ms | Load Imbalance: 1.120' [0m
		|--[96m 'output_linear | Max Time: 18.069 ms | Avg Time: 13.537 ms | Load Imbalance: 1.335' [0m
			|--[91m 'output_linear X * W | Max Time: 5.487 ms | Avg Time: 4.248 ms | Load Imbalance: 1.292' [0m
			|--[91m 'all-reduce | Max Time: 1.357 ms | Avg Time: 1.090 ms | Load Imbalance: 1.245' [0m
			|--[91m 'OUT + BIAS | Max Time: 3.065 ms | Avg Time: 2.427 ms | Load Imbalance: 1.263' [0m
		|--[96m 'bce fwd | Max Time: 161.769 ms | Avg Time: 153.935 ms | Load Imbalance: 1.051' [0m
		|--[96m 'bce bwd | Max Time: 5.870 ms | Avg Time: 4.487 ms | Load Imbalance: 1.308' [0m
		|--[96m 'linear_3d_bwd | Max Time: 152.698 ms | Avg Time: 143.231 ms | Load Imbalance: 1.066' [0m
			|--[91m 'output_linear GRAD_X | Max Time: 4.614 ms | Avg Time: 3.283 ms | Load Imbalance: 1.405' [0m
			|--[91m 'all-reduce | Max Time: 125.507 ms | Avg Time: 113.438 ms | Load Imbalance: 1.106' [0m
			|--[91m 'output_linear GRAD_W | Max Time: 6.301 ms | Avg Time: 4.559 ms | Load Imbalance: 1.382' [0m
			|--[91m 'input_linear GRAD_W | Max Time: 3.942 ms | Avg Time: 3.441 ms | Load Imbalance: 1.146' [0m
		|--[96m 'gcn conv bwd | Max Time: 345.943 ms | Avg Time: 332.373 ms | Load Imbalance: 1.041' [0m
			|--[91m 'gather | Max Time: 62.971 ms | Avg Time: 54.856 ms | Load Imbalance: 1.148' [0m
			|--[91m 'GRAD_AGG = GRAD_OUT * W.T | Max Time: 11.773 ms | Avg Time: 10.632 ms | Load Imbalance: 1.107' [0m
			|--[91m 'all-reduce | Max Time: 140.481 ms | Avg Time: 118.798 ms | Load Imbalance: 1.183' [0m
			|--[91m 'GRAD_W = AGG.T * GRAD_OUT | Max Time: 13.308 ms | Avg Time: 11.167 ms | Load Imbalance: 1.192' [0m
			|--[91m 'ReduceScatter grad_weight | Max Time: 57.402 ms | Avg Time: 54.495 ms | Load Imbalance: 1.053' [0m
				|--[95m 'reduce-scatter | Max Time: 52.728 ms | Avg Time: 49.629 ms | Load Imbalance: 1.062' [0m
					|--[92m 'reduce-scatter-dist | Max Time: 48.841 ms | Avg Time: 44.513 ms | Load Imbalance: 1.097' [0m
			|--[91m 'GRAD_H = A.T * GRAD_AGG | Max Time: 16.619 ms | Avg Time: 14.901 ms | Load Imbalance: 1.115' [0m
			|--[91m 'allreduce grad_x | Max Time: 42.709 ms | Avg Time: 41.002 ms | Load Imbalance: 1.042' [0m
				|--[95m 'all-reduce | Max Time: 38.219 ms | Avg Time: 36.202 ms | Load Imbalance: 1.056' [0m
		|--[96m 'sync_norm_gradients | Max Time: 41.189 ms | Avg Time: 38.399 ms | Load Imbalance: 1.073' [0m
		|--[96m 'sync_data_parallel_gradients | Max Time: 0.919 ms | Avg Time: 0.723 ms | Load Imbalance: 1.272' [0m

Epoch: 002, Train Loss: 0.3065
Epoch: 003, Train Loss: 0.3028
Epoch: 004, Train Loss: 0.3014
/pscratch/sd/c/cunyang/gnn/plexus_env/lib/python3.11/site-packages/torchdata/datapipes/__init__.py:18: UserWarning: 
################################################################################
WARNING!
The 'datapipes', 'dataloader2' modules are deprecated and will be removed in a
future torchdata release! Please see https://github.com/pytorch/data/issues/1196
to learn more and leave feedback.
################################################################################

  deprecation_warning()
/pscratch/sd/c/cunyang/gnn/plexus_env/lib/python3.11/site-packages/torchdata/datapipes/__init__.py:18: UserWarning: 
################################################################################
WARNING!
The 'datapipes', 'dataloader2' modules are deprecated and will be removed in a
future torchdata release! Please see https://github.com/pytorch/data/issues/1196
to learn more and leave feedback.
################################################################################

  deprecation_warning()
/pscratch/sd/c/cunyang/gnn/plexus_env/lib/python3.11/site-packages/torchdata/datapipes/__init__.py:18: UserWarning: 
################################################################################
WARNING!
The 'datapipes', 'dataloader2' modules are deprecated and will be removed in a
future torchdata release! Please see https://github.com/pytorch/data/issues/1196
to learn more and leave feedback.
################################################################################

  deprecation_warning()
/pscratch/sd/c/cunyang/gnn/plexus_env/lib/python3.11/site-packages/torchdata/datapipes/__init__.py:18: UserWarning: 
################################################################################
WARNING!
The 'datapipes', 'dataloader2' modules are deprecated and will be removed in a
future torchdata release! Please see https://github.com/pytorch/data/issues/1196
to learn more and leave feedback.
################################################################################

  deprecation_warning()
/pscratch/sd/c/cunyang/gnn/plexus_env/lib/python3.11/site-packages/dgl/distributed/dist_graph.py:11: RuntimeWarning: GraphBolt is unavailable and has been disabled. Set DGL_DISABLE_GRAPHBOLT=1 to silence this warning. (Cannot find DGL C++ graphbolt library at /pscratch/sd/c/cunyang/gnn/plexus_env/lib/python3.11/site-packages/dgl/graphbolt/libgraphbolt_pytorch_2.8.0.so)
  from .. import backend as F, graphbolt as gb, heterograph_index
/pscratch/sd/c/cunyang/gnn/plexus_env/lib/python3.11/site-packages/dgl/distributed/dist_graph.py:11: RuntimeWarning: GraphBolt is unavailable and has been disabled. Set DGL_DISABLE_GRAPHBOLT=1 to silence this warning. (Cannot find DGL C++ graphbolt library at /pscratch/sd/c/cunyang/gnn/plexus_env/lib/python3.11/site-packages/dgl/graphbolt/libgraphbolt_pytorch_2.8.0.so)
  from .. import backend as F, graphbolt as gb, heterograph_index
/pscratch/sd/c/cunyang/gnn/plexus_env/lib/python3.11/site-packages/dgl/distributed/dist_graph.py:11: RuntimeWarning: GraphBolt is unavailable and has been disabled. Set DGL_DISABLE_GRAPHBOLT=1 to silence this warning. (Cannot find DGL C++ graphbolt library at /pscratch/sd/c/cunyang/gnn/plexus_env/lib/python3.11/site-packages/dgl/graphbolt/libgraphbolt_pytorch_2.8.0.so)
  from .. import backend as F, graphbolt as gb, heterograph_index
/pscratch/sd/c/cunyang/gnn/plexus_env/lib/python3.11/site-packages/dgl/distributed/dist_graph.py:11: RuntimeWarning: GraphBolt is unavailable and has been disabled. Set DGL_DISABLE_GRAPHBOLT=1 to silence this warning. (Cannot find DGL C++ graphbolt library at /pscratch/sd/c/cunyang/gnn/plexus_env/lib/python3.11/site-packages/dgl/graphbolt/libgraphbolt_pytorch_2.8.0.so)
  from .. import backend as F, graphbolt as gb, heterograph_index
TRAIN: rocauc 0.7722
VAL: rocauc 0.7388
TEST: rocauc 0.6181
Epoch: 005, Train Loss: 0.3003
Epoch: 006, Train Loss: 0.3009
Epoch: 007, Train Loss: 0.2989
Epoch: 008, Train Loss: 0.3000
Epoch: 009, Train Loss: 0.2967
TRAIN: rocauc 0.7798
VAL: rocauc 0.7481
TEST: rocauc 0.6248
Epoch: 010, Train Loss: 0.2994
Epoch: 011, Train Loss: 0.2969
Epoch: 012, Train Loss: 0.2948
Epoch: 013, Train Loss: 0.2966
Epoch: 014, Train Loss: 0.2957
TRAIN: rocauc 0.7909
VAL: rocauc 0.7423
TEST: rocauc 0.6400
Epoch: 015, Train Loss: 0.2944
Epoch: 016, Train Loss: 0.2964
Epoch: 017, Train Loss: 0.2947
Epoch: 018, Train Loss: 0.2918
Epoch: 019, Train Loss: 0.2933
TRAIN: rocauc 0.7968
VAL: rocauc 0.7424
TEST: rocauc 0.6702
Epoch: 020, Train Loss: 0.2938
Epoch: 021, Train Loss: 0.2940
Epoch: 022, Train Loss: 0.2917
Epoch: 023, Train Loss: 0.2918
Epoch: 024, Train Loss: 0.2920
TRAIN: rocauc 0.7993
VAL: rocauc 0.7500
TEST: rocauc 0.6500
Epoch: 025, Train Loss: 0.2919
Epoch: 026, Train Loss: 0.2913
Epoch: 027, Train Loss: 0.2916
Epoch: 028, Train Loss: 0.2905
Epoch: 029, Train Loss: 0.2920
TRAIN: rocauc 0.7888
VAL: rocauc 0.7418
TEST: rocauc 0.6527
Epoch: 030, Train Loss: 0.2911
Epoch: 031, Train Loss: 0.2908
Epoch: 032, Train Loss: 0.2909
Epoch: 033, Train Loss: 0.2891
Epoch: 034, Train Loss: 0.2903
TRAIN: rocauc 0.7960
VAL: rocauc 0.7456
TEST: rocauc 0.6647
Epoch: 035, Train Loss: 0.2888
Epoch: 036, Train Loss: 0.2896
Epoch: 037, Train Loss: 0.2884
Epoch: 038, Train Loss: 0.2909
Epoch: 039, Train Loss: 0.2903
TRAIN: rocauc 0.8009
VAL: rocauc 0.7580
TEST: rocauc 0.6763
Epoch: 040, Train Loss: 0.2879
Epoch: 041, Train Loss: 0.2876
Epoch: 042, Train Loss: 0.2878
Epoch: 043, Train Loss: 0.2887
Epoch: 044, Train Loss: 0.2879
TRAIN: rocauc 0.8066
VAL: rocauc 0.7253
TEST: rocauc 0.6833
Epoch: 045, Train Loss: 0.2876
Epoch: 046, Train Loss: 0.2900
Epoch: 047, Train Loss: 0.2868
Epoch: 048, Train Loss: 0.2891
Epoch: 049, Train Loss: 0.2868
TRAIN: rocauc 0.8057
VAL: rocauc 0.7601
TEST: rocauc 0.6934
Epoch: 050, Train Loss: 0.2877
Epoch: 051, Train Loss: 0.2872
Epoch: 052, Train Loss: 0.2874
Epoch: 053, Train Loss: 0.2871
Epoch: 054, Train Loss: 0.2878
TRAIN: rocauc 0.7993
VAL: rocauc 0.7527
TEST: rocauc 0.6916
Epoch: 055, Train Loss: 0.2867
Epoch: 056, Train Loss: 0.2899
Epoch: 057, Train Loss: 0.2876
Epoch: 058, Train Loss: 0.2886
Epoch: 059, Train Loss: 0.2863
TRAIN: rocauc 0.8104
VAL: rocauc 0.7587
TEST: rocauc 0.6938
Epoch: 060, Train Loss: 0.2887
Epoch: 061, Train Loss: 0.2875
Epoch: 062, Train Loss: 0.2888
Epoch: 063, Train Loss: 0.2868
Epoch: 064, Train Loss: 0.2869
TRAIN: rocauc 0.8080
VAL: rocauc 0.7498
TEST: rocauc 0.6498
Epoch: 065, Train Loss: 0.2873
Epoch: 066, Train Loss: 0.2867
Epoch: 067, Train Loss: 0.2870
Epoch: 068, Train Loss: 0.2880
Epoch: 069, Train Loss: 0.2851
TRAIN: rocauc 0.8084
VAL: rocauc 0.7479
TEST: rocauc 0.6893
Epoch: 070, Train Loss: 0.2862
Epoch: 071, Train Loss: 0.2849
Epoch: 072, Train Loss: 0.2853
Epoch: 073, Train Loss: 0.2855
Epoch: 074, Train Loss: 0.2877
TRAIN: rocauc 0.8103
VAL: rocauc 0.7678
TEST: rocauc 0.7109
Epoch: 075, Train Loss: 0.2844
Epoch: 076, Train Loss: 0.2841
Epoch: 077, Train Loss: 0.2861
Epoch: 078, Train Loss: 0.2844
Epoch: 079, Train Loss: 0.2844
TRAIN: rocauc 0.8150
VAL: rocauc 0.7652
TEST: rocauc 0.6789
Epoch: 080, Train Loss: 0.2853
Epoch: 081, Train Loss: 0.2858
Epoch: 082, Train Loss: 0.2845
Epoch: 083, Train Loss: 0.2833
Epoch: 084, Train Loss: 0.2852
TRAIN: rocauc 0.8116
VAL: rocauc 0.7667
TEST: rocauc 0.7113
Epoch: 085, Train Loss: 0.2837
Epoch: 086, Train Loss: 0.2848
Epoch: 087, Train Loss: 0.2849
Epoch: 088, Train Loss: 0.2848
Epoch: 089, Train Loss: 0.2848
TRAIN: rocauc 0.8070
VAL: rocauc 0.7460
TEST: rocauc 0.7060
Epoch: 090, Train Loss: 0.2850
Epoch: 091, Train Loss: 0.2859
Epoch: 092, Train Loss: 0.2836
Epoch: 093, Train Loss: 0.2849
Epoch: 094, Train Loss: 0.2855
TRAIN: rocauc 0.7962
VAL: rocauc 0.7257
TEST: rocauc 0.6937
Epoch: 095, Train Loss: 0.2862
Epoch: 096, Train Loss: 0.2857
Epoch: 097, Train Loss: 0.2830
Epoch: 098, Train Loss: 0.2842
Epoch: 099, Train Loss: 0.2845
TRAIN: rocauc 0.8079
VAL: rocauc 0.7541
TEST: rocauc 0.7255
Epoch: 100, Train Loss: 0.2832
Epoch: 101, Train Loss: 0.2845
Epoch: 102, Train Loss: 0.2851
Epoch: 103, Train Loss: 0.2842
Epoch: 104, Train Loss: 0.2836
TRAIN: rocauc 0.8121
VAL: rocauc 0.7526
TEST: rocauc 0.6961
Epoch: 105, Train Loss: 0.2846
Epoch: 106, Train Loss: 0.2835
Epoch: 107, Train Loss: 0.2845
Epoch: 108, Train Loss: 0.2860
Epoch: 109, Train Loss: 0.2837
TRAIN: rocauc 0.8060
VAL: rocauc 0.7500
TEST: rocauc 0.7208
Epoch: 110, Train Loss: 0.2845
Epoch: 111, Train Loss: 0.2834
Epoch: 112, Train Loss: 0.2830
Epoch: 113, Train Loss: 0.2837
Epoch: 114, Train Loss: 0.2829
TRAIN: rocauc 0.8062
VAL: rocauc 0.7401
TEST: rocauc 0.7092
Epoch: 115, Train Loss: 0.2849
Epoch: 116, Train Loss: 0.2840
Epoch: 117, Train Loss: 0.2857
Epoch: 118, Train Loss: 0.2835
Epoch: 119, Train Loss: 0.2840
TRAIN: rocauc 0.8062
VAL: rocauc 0.7434
TEST: rocauc 0.7134
Epoch: 120, Train Loss: 0.2838
Epoch: 121, Train Loss: 0.2836
Epoch: 122, Train Loss: 0.2826
Epoch: 123, Train Loss: 0.2827
Epoch: 124, Train Loss: 0.2827
TRAIN: rocauc 0.8073
VAL: rocauc 0.7480
TEST: rocauc 0.7164
Epoch: 125, Train Loss: 0.2846
Epoch: 126, Train Loss: 0.2816
Epoch: 127, Train Loss: 0.2824
Epoch: 128, Train Loss: 0.2821
Epoch: 129, Train Loss: 0.2827
TRAIN: rocauc 0.8107
VAL: rocauc 0.7545
TEST: rocauc 0.7023
Epoch: 130, Train Loss: 0.2831
Epoch: 131, Train Loss: 0.2830
Epoch: 132, Train Loss: 0.2834
Epoch: 133, Train Loss: 0.2838
Epoch: 134, Train Loss: 0.2814
TRAIN: rocauc 0.8091
VAL: rocauc 0.7602
TEST: rocauc 0.7280
Epoch: 135, Train Loss: 0.2824
Epoch: 136, Train Loss: 0.2824
Epoch: 137, Train Loss: 0.2820
Epoch: 138, Train Loss: 0.2825
Epoch: 139, Train Loss: 0.2826
TRAIN: rocauc 0.8014
VAL: rocauc 0.7274
TEST: rocauc 0.6970
Epoch: 140, Train Loss: 0.2829
Epoch: 141, Train Loss: 0.2828
Epoch: 142, Train Loss: 0.2827
Epoch: 143, Train Loss: 0.2827
Epoch: 144, Train Loss: 0.2826
TRAIN: rocauc 0.8094
VAL: rocauc 0.7506
TEST: rocauc 0.7033
Epoch: 145, Train Loss: 0.2819
Epoch: 146, Train Loss: 0.2822
Epoch: 147, Train Loss: 0.2828
Epoch: 148, Train Loss: 0.2817
Epoch: 149, Train Loss: 0.2813
TRAIN: rocauc 0.8169
VAL: rocauc 0.7502
TEST: rocauc 0.7009
Epoch: 150, Train Loss: 0.2825
Epoch: 151, Train Loss: 0.2838
Epoch: 152, Train Loss: 0.2828
Epoch: 153, Train Loss: 0.2818
Epoch: 154, Train Loss: 0.2826
TRAIN: rocauc 0.8067
VAL: rocauc 0.7377
TEST: rocauc 0.6979
Epoch: 155, Train Loss: 0.2825
Epoch: 156, Train Loss: 0.2817
Epoch: 157, Train Loss: 0.2823
Epoch: 158, Train Loss: 0.2826
Epoch: 159, Train Loss: 0.2822
TRAIN: rocauc 0.8034
VAL: rocauc 0.7585
TEST: rocauc 0.7203
Epoch: 160, Train Loss: 0.2815
Epoch: 161, Train Loss: 0.2819
Epoch: 162, Train Loss: 0.2817
Epoch: 163, Train Loss: 0.2821
Epoch: 164, Train Loss: 0.2827
TRAIN: rocauc 0.8086
VAL: rocauc 0.7558
TEST: rocauc 0.6844
Epoch: 165, Train Loss: 0.2814
Epoch: 166, Train Loss: 0.2810
Epoch: 167, Train Loss: 0.2829
Epoch: 168, Train Loss: 0.2821
Epoch: 169, Train Loss: 0.2790
TRAIN: rocauc 0.8115
VAL: rocauc 0.7463
TEST: rocauc 0.7096
Epoch: 170, Train Loss: 0.2822
Epoch: 171, Train Loss: 0.2815
Epoch: 172, Train Loss: 0.2810
Epoch: 173, Train Loss: 0.2815
Epoch: 174, Train Loss: 0.2815
TRAIN: rocauc 0.8117
VAL: rocauc 0.7520
TEST: rocauc 0.7205
Epoch: 175, Train Loss: 0.2806
Epoch: 176, Train Loss: 0.2818
Epoch: 177, Train Loss: 0.2821
Epoch: 178, Train Loss: 0.2819
Epoch: 179, Train Loss: 0.2809
TRAIN: rocauc 0.8164
VAL: rocauc 0.7565
TEST: rocauc 0.6822
Epoch: 180, Train Loss: 0.2818
Epoch: 181, Train Loss: 0.2812
Epoch: 182, Train Loss: 0.2816
Epoch: 183, Train Loss: 0.2792
Epoch: 184, Train Loss: 0.2823
TRAIN: rocauc 0.8077
VAL: rocauc 0.7407
TEST: rocauc 0.6872
Epoch: 185, Train Loss: 0.2813
Epoch: 186, Train Loss: 0.2809
Epoch: 187, Train Loss: 0.2814
Epoch: 188, Train Loss: 0.2822
Epoch: 189, Train Loss: 0.2803
TRAIN: rocauc 0.8178
VAL: rocauc 0.7506
TEST: rocauc 0.7189
Epoch: 190, Train Loss: 0.2811
Epoch: 191, Train Loss: 0.2797
Epoch: 192, Train Loss: 0.2803
Epoch: 193, Train Loss: 0.2816
Epoch: 194, Train Loss: 0.2813
TRAIN: rocauc 0.8201
VAL: rocauc 0.7686
TEST: rocauc 0.7036
Epoch: 195, Train Loss: 0.2820
Epoch: 196, Train Loss: 0.2821
Epoch: 197, Train Loss: 0.2818
Epoch: 198, Train Loss: 0.2805
Epoch: 199, Train Loss: 0.2793
TRAIN: rocauc 0.8112
VAL: rocauc 0.7442
TEST: rocauc 0.7141
Epoch: 200, Train Loss: 0.2799
Epoch: 201, Train Loss: 0.2815
Epoch: 202, Train Loss: 0.2792
Epoch: 203, Train Loss: 0.2810
Epoch: 204, Train Loss: 0.2811
TRAIN: rocauc 0.8110
VAL: rocauc 0.7477
TEST: rocauc 0.6841
Epoch: 205, Train Loss: 0.2814
Epoch: 206, Train Loss: 0.2801
Epoch: 207, Train Loss: 0.2798
Epoch: 208, Train Loss: 0.2810
Epoch: 209, Train Loss: 0.2817
TRAIN: rocauc 0.8115
VAL: rocauc 0.7533
TEST: rocauc 0.7120
Epoch: 210, Train Loss: 0.2807
Epoch: 211, Train Loss: 0.2791
Epoch: 212, Train Loss: 0.2796
Epoch: 213, Train Loss: 0.2803
Epoch: 214, Train Loss: 0.2800
TRAIN: rocauc 0.8158
VAL: rocauc 0.7537
TEST: rocauc 0.7101
Epoch: 215, Train Loss: 0.2812
Epoch: 216, Train Loss: 0.2815
Epoch: 217, Train Loss: 0.2806
Epoch: 218, Train Loss: 0.2824
Epoch: 219, Train Loss: 0.2806
TRAIN: rocauc 0.8175
VAL: rocauc 0.7474
TEST: rocauc 0.7149
Epoch: 220, Train Loss: 0.2808
Epoch: 221, Train Loss: 0.2789
Epoch: 222, Train Loss: 0.2794
Epoch: 223, Train Loss: 0.2796
Epoch: 224, Train Loss: 0.2793
TRAIN: rocauc 0.8120
VAL: rocauc 0.7521
TEST: rocauc 0.6936
Epoch: 225, Train Loss: 0.2795
Epoch: 226, Train Loss: 0.2814
Epoch: 227, Train Loss: 0.2821
Epoch: 228, Train Loss: 0.2800
Epoch: 229, Train Loss: 0.2802
TRAIN: rocauc 0.8154
VAL: rocauc 0.7393
TEST: rocauc 0.6967
Epoch: 230, Train Loss: 0.2804
Epoch: 231, Train Loss: 0.2803
Epoch: 232, Train Loss: 0.2803
Epoch: 233, Train Loss: 0.2789
Epoch: 234, Train Loss: 0.2786
TRAIN: rocauc 0.8189
VAL: rocauc 0.7550
TEST: rocauc 0.6818
Epoch: 235, Train Loss: 0.2790
Epoch: 236, Train Loss: 0.2808
Epoch: 237, Train Loss: 0.2797
Epoch: 238, Train Loss: 0.2800
Epoch: 239, Train Loss: 0.2803
TRAIN: rocauc 0.8196
VAL: rocauc 0.7546
TEST: rocauc 0.7167
Epoch: 240, Train Loss: 0.2794
Epoch: 241, Train Loss: 0.2798
Epoch: 242, Train Loss: 0.2801
Epoch: 243, Train Loss: 0.2787
Epoch: 244, Train Loss: 0.2801
TRAIN: rocauc 0.8187
VAL: rocauc 0.7598
TEST: rocauc 0.7136
Epoch: 245, Train Loss: 0.2795
Epoch: 246, Train Loss: 0.2794
Epoch: 247, Train Loss: 0.2810
Epoch: 248, Train Loss: 0.2788
Epoch: 249, Train Loss: 0.2777
TRAIN: rocauc 0.8180
VAL: rocauc 0.7732
TEST: rocauc 0.7224
Epoch: 250, Train Loss: 0.2794
Epoch: 251, Train Loss: 0.2789
Epoch: 252, Train Loss: 0.2797
Epoch: 253, Train Loss: 0.2781
Epoch: 254, Train Loss: 0.2787
TRAIN: rocauc 0.8180
VAL: rocauc 0.7563
TEST: rocauc 0.7134
Epoch: 255, Train Loss: 0.2790
Epoch: 256, Train Loss: 0.2791
Epoch: 257, Train Loss: 0.2792
Epoch: 258, Train Loss: 0.2795
Epoch: 259, Train Loss: 0.2796
TRAIN: rocauc 0.8201
VAL: rocauc 0.7530
TEST: rocauc 0.6959
Epoch: 260, Train Loss: 0.2797
Epoch: 261, Train Loss: 0.2796
Epoch: 262, Train Loss: 0.2785
Epoch: 263, Train Loss: 0.2795
Epoch: 264, Train Loss: 0.2807
TRAIN: rocauc 0.8176
VAL: rocauc 0.7597
TEST: rocauc 0.7084
Epoch: 265, Train Loss: 0.2793
Epoch: 266, Train Loss: 0.2787
Epoch: 267, Train Loss: 0.2793
Epoch: 268, Train Loss: 0.2800
Epoch: 269, Train Loss: 0.2787
TRAIN: rocauc 0.8214
VAL: rocauc 0.7572
TEST: rocauc 0.7128
Epoch: 270, Train Loss: 0.2785
Epoch: 271, Train Loss: 0.2789
Epoch: 272, Train Loss: 0.2774
Epoch: 273, Train Loss: 0.2791
Epoch: 274, Train Loss: 0.2796
TRAIN: rocauc 0.8137
VAL: rocauc 0.7441
TEST: rocauc 0.7101
Epoch: 275, Train Loss: 0.2796
Epoch: 276, Train Loss: 0.2801
Epoch: 277, Train Loss: 0.2787
Epoch: 278, Train Loss: 0.2782
Epoch: 279, Train Loss: 0.2784
TRAIN: rocauc 0.8174
VAL: rocauc 0.7497
TEST: rocauc 0.6888
Epoch: 280, Train Loss: 0.2797
Epoch: 281, Train Loss: 0.2789
Epoch: 282, Train Loss: 0.2790
Epoch: 283, Train Loss: 0.2782
Epoch: 284, Train Loss: 0.2795
TRAIN: rocauc 0.8237
VAL: rocauc 0.7696
TEST: rocauc 0.7154
Epoch: 285, Train Loss: 0.2800
Epoch: 286, Train Loss: 0.2787
Epoch: 287, Train Loss: 0.2794
Epoch: 288, Train Loss: 0.2786
Epoch: 289, Train Loss: 0.2795
TRAIN: rocauc 0.8199
VAL: rocauc 0.7654
TEST: rocauc 0.7208
Epoch: 290, Train Loss: 0.2777
Epoch: 291, Train Loss: 0.2786
Epoch: 292, Train Loss: 0.2799
Epoch: 293, Train Loss: 0.2790
Epoch: 294, Train Loss: 0.2794
TRAIN: rocauc 0.8182
VAL: rocauc 0.7608
TEST: rocauc 0.7152
Epoch: 295, Train Loss: 0.2771
Epoch: 296, Train Loss: 0.2801
Epoch: 297, Train Loss: 0.2777
Epoch: 298, Train Loss: 0.2786
Epoch: 299, Train Loss: 0.2791
TRAIN: rocauc 0.8207
VAL: rocauc 0.7626
TEST: rocauc 0.7141
Epoch: 300, Train Loss: 0.2795
Epoch: 301, Train Loss: 0.2796
Epoch: 302, Train Loss: 0.2781
Epoch: 303, Train Loss: 0.2790
Epoch: 304, Train Loss: 0.2796
TRAIN: rocauc 0.8181
VAL: rocauc 0.7516
TEST: rocauc 0.6876
Epoch: 305, Train Loss: 0.2783
Epoch: 306, Train Loss: 0.2772
Epoch: 307, Train Loss: 0.2784
Epoch: 308, Train Loss: 0.2769
Epoch: 309, Train Loss: 0.2774
TRAIN: rocauc 0.8231
VAL: rocauc 0.7608
TEST: rocauc 0.7144
Epoch: 310, Train Loss: 0.2783
Epoch: 311, Train Loss: 0.2796
Epoch: 312, Train Loss: 0.2794
Epoch: 313, Train Loss: 0.2777
Epoch: 314, Train Loss: 0.2777
TRAIN: rocauc 0.8142
VAL: rocauc 0.7472
TEST: rocauc 0.6850
Epoch: 315, Train Loss: 0.2789
Epoch: 316, Train Loss: 0.2789
Epoch: 317, Train Loss: 0.2781
Epoch: 318, Train Loss: 0.2785
Epoch: 319, Train Loss: 0.2775
TRAIN: rocauc 0.8136
VAL: rocauc 0.7429
TEST: rocauc 0.6913
Epoch: 320, Train Loss: 0.2777
Epoch: 321, Train Loss: 0.2782
Epoch: 322, Train Loss: 0.2779
Epoch: 323, Train Loss: 0.2782
Epoch: 324, Train Loss: 0.2798
TRAIN: rocauc 0.8212
VAL: rocauc 0.7619
TEST: rocauc 0.7223
Epoch: 325, Train Loss: 0.2776
Epoch: 326, Train Loss: 0.2795
Epoch: 327, Train Loss: 0.2799
Epoch: 328, Train Loss: 0.2802
Epoch: 329, Train Loss: 0.2787
TRAIN: rocauc 0.8189
VAL: rocauc 0.7519
TEST: rocauc 0.6932
Epoch: 330, Train Loss: 0.2774
Epoch: 331, Train Loss: 0.2778
Epoch: 332, Train Loss: 0.2782
Epoch: 333, Train Loss: 0.2764
Epoch: 334, Train Loss: 0.2806
TRAIN: rocauc 0.8242
VAL: rocauc 0.7682
TEST: rocauc 0.7065
Epoch: 335, Train Loss: 0.2780
Epoch: 336, Train Loss: 0.2794
Epoch: 337, Train Loss: 0.2787
Epoch: 338, Train Loss: 0.2777
Epoch: 339, Train Loss: 0.2798
TRAIN: rocauc 0.8254
VAL: rocauc 0.7624
TEST: rocauc 0.7163
Epoch: 340, Train Loss: 0.2792
Epoch: 341, Train Loss: 0.2765
Epoch: 342, Train Loss: 0.2777
Epoch: 343, Train Loss: 0.2780
Epoch: 344, Train Loss: 0.2791
TRAIN: rocauc 0.8188
VAL: rocauc 0.7517
TEST: rocauc 0.7003
Epoch: 345, Train Loss: 0.2789
Epoch: 346, Train Loss: 0.2786
Epoch: 347, Train Loss: 0.2790
Epoch: 348, Train Loss: 0.2790
Epoch: 349, Train Loss: 0.2779
TRAIN: rocauc 0.8182
VAL: rocauc 0.7576
TEST: rocauc 0.7206
Epoch: 350, Train Loss: 0.2770
Epoch: 351, Train Loss: 0.2770
Epoch: 352, Train Loss: 0.2776
Epoch: 353, Train Loss: 0.2785
Epoch: 354, Train Loss: 0.2791
TRAIN: rocauc 0.8237
VAL: rocauc 0.7664
TEST: rocauc 0.7168
Epoch: 355, Train Loss: 0.2776
Epoch: 356, Train Loss: 0.2784
Epoch: 357, Train Loss: 0.2767
Epoch: 358, Train Loss: 0.2767
Epoch: 359, Train Loss: 0.2770
TRAIN: rocauc 0.8199
VAL: rocauc 0.7437
TEST: rocauc 0.7049
Epoch: 360, Train Loss: 0.2771
Epoch: 361, Train Loss: 0.2784
Epoch: 362, Train Loss: 0.2780
Epoch: 363, Train Loss: 0.2776
Epoch: 364, Train Loss: 0.2779
TRAIN: rocauc 0.8192
VAL: rocauc 0.7555
TEST: rocauc 0.7102
Epoch: 365, Train Loss: 0.2776
Epoch: 366, Train Loss: 0.2790
Epoch: 367, Train Loss: 0.2775
Epoch: 368, Train Loss: 0.2773
Epoch: 369, Train Loss: 0.2766
TRAIN: rocauc 0.8193
VAL: rocauc 0.7612
TEST: rocauc 0.7016
Epoch: 370, Train Loss: 0.2788
Epoch: 371, Train Loss: 0.2769
Epoch: 372, Train Loss: 0.2768
Epoch: 373, Train Loss: 0.2764
Epoch: 374, Train Loss: 0.2784
TRAIN: rocauc 0.8164
VAL: rocauc 0.7587
TEST: rocauc 0.6987
Epoch: 375, Train Loss: 0.2784
Epoch: 376, Train Loss: 0.2773
Epoch: 377, Train Loss: 0.2779
Epoch: 378, Train Loss: 0.2778
Epoch: 379, Train Loss: 0.2772
TRAIN: rocauc 0.8196
VAL: rocauc 0.7488
TEST: rocauc 0.7051
Epoch: 380, Train Loss: 0.2775
Epoch: 381, Train Loss: 0.2769
Epoch: 382, Train Loss: 0.2769
Epoch: 383, Train Loss: 0.2771
Epoch: 384, Train Loss: 0.2781
TRAIN: rocauc 0.8171
VAL: rocauc 0.7531
TEST: rocauc 0.7014
Epoch: 385, Train Loss: 0.2782
Epoch: 386, Train Loss: 0.2781
Epoch: 387, Train Loss: 0.2762
Epoch: 388, Train Loss: 0.2794
Epoch: 389, Train Loss: 0.2765
TRAIN: rocauc 0.8216
VAL: rocauc 0.7600
TEST: rocauc 0.7073
Epoch: 390, Train Loss: 0.2774
Epoch: 391, Train Loss: 0.2769
Epoch: 392, Train Loss: 0.2767
Epoch: 393, Train Loss: 0.2779
Epoch: 394, Train Loss: 0.2784
TRAIN: rocauc 0.8247
VAL: rocauc 0.7553
TEST: rocauc 0.7090
Epoch: 395, Train Loss: 0.2794
Epoch: 396, Train Loss: 0.2773
Epoch: 397, Train Loss: 0.2767
Epoch: 398, Train Loss: 0.2771
Epoch: 399, Train Loss: 0.2773
TRAIN: rocauc 0.8225
VAL: rocauc 0.7740
TEST: rocauc 0.7017
Epoch: 400, Train Loss: 0.2770
Epoch: 401, Train Loss: 0.2783
Epoch: 402, Train Loss: 0.2776
Epoch: 403, Train Loss: 0.2761
Epoch: 404, Train Loss: 0.2789
TRAIN: rocauc 0.8139
VAL: rocauc 0.7454
TEST: rocauc 0.6981
Epoch: 405, Train Loss: 0.2778
Epoch: 406, Train Loss: 0.2753
Epoch: 407, Train Loss: 0.2766
Epoch: 408, Train Loss: 0.2769
Epoch: 409, Train Loss: 0.2758
TRAIN: rocauc 0.8187
VAL: rocauc 0.7489
TEST: rocauc 0.6914
Epoch: 410, Train Loss: 0.2762
Epoch: 411, Train Loss: 0.2776
Epoch: 412, Train Loss: 0.2759
Epoch: 413, Train Loss: 0.2774
Epoch: 414, Train Loss: 0.2770
TRAIN: rocauc 0.8169
VAL: rocauc 0.7685
TEST: rocauc 0.6974
Epoch: 415, Train Loss: 0.2764
Epoch: 416, Train Loss: 0.2773
Epoch: 417, Train Loss: 0.2783
Epoch: 418, Train Loss: 0.2756
Epoch: 419, Train Loss: 0.2789
TRAIN: rocauc 0.8242
VAL: rocauc 0.7578
TEST: rocauc 0.6804
Epoch: 420, Train Loss: 0.2782
Epoch: 421, Train Loss: 0.2767
Epoch: 422, Train Loss: 0.2769
Epoch: 423, Train Loss: 0.2770
Epoch: 424, Train Loss: 0.2780
TRAIN: rocauc 0.8166
VAL: rocauc 0.7560
TEST: rocauc 0.6943
Epoch: 425, Train Loss: 0.2772
Epoch: 426, Train Loss: 0.2778
Epoch: 427, Train Loss: 0.2765
Epoch: 428, Train Loss: 0.2777
Epoch: 429, Train Loss: 0.2774
TRAIN: rocauc 0.8221
VAL: rocauc 0.7637
TEST: rocauc 0.7010
Epoch: 430, Train Loss: 0.2767
Epoch: 431, Train Loss: 0.2771
Epoch: 432, Train Loss: 0.2773
Epoch: 433, Train Loss: 0.2769
Epoch: 434, Train Loss: 0.2763
TRAIN: rocauc 0.8219
VAL: rocauc 0.7647
TEST: rocauc 0.7057
Epoch: 435, Train Loss: 0.2788
Epoch: 436, Train Loss: 0.2763
Epoch: 437, Train Loss: 0.2773
Epoch: 438, Train Loss: 0.2757
Epoch: 439, Train Loss: 0.2769
TRAIN: rocauc 0.8165
VAL: rocauc 0.7541
TEST: rocauc 0.7087
Epoch: 440, Train Loss: 0.2773
Epoch: 441, Train Loss: 0.2776
Epoch: 442, Train Loss: 0.2757
Epoch: 443, Train Loss: 0.2768
Epoch: 444, Train Loss: 0.2772
TRAIN: rocauc 0.8171
VAL: rocauc 0.7566
TEST: rocauc 0.6944
Epoch: 445, Train Loss: 0.2763
Epoch: 446, Train Loss: 0.2770
Epoch: 447, Train Loss: 0.2773
Epoch: 448, Train Loss: 0.2769
Epoch: 449, Train Loss: 0.2764
TRAIN: rocauc 0.8210
VAL: rocauc 0.7626
TEST: rocauc 0.6376
Epoch: 450, Train Loss: 0.2770
Epoch: 451, Train Loss: 0.2775
Epoch: 452, Train Loss: 0.2759
Epoch: 453, Train Loss: 0.2759
Epoch: 454, Train Loss: 0.2768
TRAIN: rocauc 0.8212
VAL: rocauc 0.7655
TEST: rocauc 0.6899
Epoch: 455, Train Loss: 0.2757
Epoch: 456, Train Loss: 0.2773
Epoch: 457, Train Loss: 0.2763
Epoch: 458, Train Loss: 0.2768
Epoch: 459, Train Loss: 0.2763
TRAIN: rocauc 0.8232
VAL: rocauc 0.7748
TEST: rocauc 0.7065
Epoch: 460, Train Loss: 0.2780
Epoch: 461, Train Loss: 0.2760
Epoch: 462, Train Loss: 0.2773
Epoch: 463, Train Loss: 0.2765
Epoch: 464, Train Loss: 0.2761
TRAIN: rocauc 0.8200
VAL: rocauc 0.7597
TEST: rocauc 0.6929
Epoch: 465, Train Loss: 0.2777
Epoch: 466, Train Loss: 0.2761
Epoch: 467, Train Loss: 0.2755
Epoch: 468, Train Loss: 0.2773
Epoch: 469, Train Loss: 0.2766
TRAIN: rocauc 0.8193
VAL: rocauc 0.7650
TEST: rocauc 0.7054
Epoch: 470, Train Loss: 0.2768
Epoch: 471, Train Loss: 0.2772
Epoch: 472, Train Loss: 0.2778
Epoch: 473, Train Loss: 0.2757
Epoch: 474, Train Loss: 0.2759
TRAIN: rocauc 0.8208
VAL: rocauc 0.7618
TEST: rocauc 0.7056
Epoch: 475, Train Loss: 0.2757
Epoch: 476, Train Loss: 0.2782
Epoch: 477, Train Loss: 0.2764
Epoch: 478, Train Loss: 0.2763
Epoch: 479, Train Loss: 0.2765
TRAIN: rocauc 0.8225
VAL: rocauc 0.7726
TEST: rocauc 0.7200
Epoch: 480, Train Loss: 0.2772
Epoch: 481, Train Loss: 0.2787
Epoch: 482, Train Loss: 0.2769
Epoch: 483, Train Loss: 0.2773
Epoch: 484, Train Loss: 0.2759
TRAIN: rocauc 0.8196
VAL: rocauc 0.7693
TEST: rocauc 0.7163
Epoch: 485, Train Loss: 0.2759
Epoch: 486, Train Loss: 0.2767
Epoch: 487, Train Loss: 0.2767
Epoch: 488, Train Loss: 0.2756
Epoch: 489, Train Loss: 0.2773
TRAIN: rocauc 0.8179
VAL: rocauc 0.7619
TEST: rocauc 0.7055
Epoch: 490, Train Loss: 0.2759
Epoch: 491, Train Loss: 0.2754
Epoch: 492, Train Loss: 0.2762
Epoch: 493, Train Loss: 0.2763
Epoch: 494, Train Loss: 0.2761
TRAIN: rocauc 0.8206
VAL: rocauc 0.7596
TEST: rocauc 0.6857
Epoch: 495, Train Loss: 0.2765
Epoch: 496, Train Loss: 0.2760
Epoch: 497, Train Loss: 0.2752
Epoch: 498, Train Loss: 0.2758
Epoch: 499, Train Loss: 0.2752
rank 1 Peak GPU memory: 2.75 GB
rank 2 Peak GPU memory: 2.75 GB
rank 3 Peak GPU memory: 2.76 GB
TRAIN: rocauc 0.8238
VAL: rocauc 0.7621
TEST: rocauc 0.6865
rank 0 Peak GPU memory: 2.82 GB
OGB (best val):
Highest Train (rocauc): 82.54
Highest Valid (rocauc): 77.48
  Final Train (rocauc): 82.32
   Final Test (rocauc): 70.65
