/pscratch/sd/c/cunyang/gnn/plexus/plexus/utils/dataloader.py:425: UserWarning: Sparse CSR tensor support is in beta state. If you miss a functionality in the sparse tensor support, please submit a feature request to https://github.com/pytorch/pytorch/issues. (Triggered internally at /pytorch/aten/src/ATen/SparseCsrTensorImpl.cpp:53.)
  adj_local = adj_local.to_sparse_csr()
/pscratch/sd/c/cunyang/gnn/plexus/plexus/utils/dataloader.py:425: UserWarning: Sparse CSR tensor support is in beta state. If you miss a functionality in the sparse tensor support, please submit a feature request to https://github.com/pytorch/pytorch/issues. (Triggered internally at /pytorch/aten/src/ATen/SparseCsrTensorImpl.cpp:53.)
  adj_local = adj_local.to_sparse_csr()
/pscratch/sd/c/cunyang/gnn/plexus/plexus/utils/dataloader.py:425: UserWarning: Sparse CSR tensor support is in beta state. If you miss a functionality in the sparse tensor support, please submit a feature request to https://github.com/pytorch/pytorch/issues. (Triggered internally at /pytorch/aten/src/ATen/SparseCsrTensorImpl.cpp:53.)
  adj_local = adj_local.to_sparse_csr()
/pscratch/sd/c/cunyang/gnn/plexus/plexus/utils/dataloader.py:425: UserWarning: Sparse CSR tensor support is in beta state. If you miss a functionality in the sparse tensor support, please submit a feature request to https://github.com/pytorch/pytorch/issues. (Triggered internally at /pytorch/aten/src/ATen/SparseCsrTensorImpl.cpp:53.)
  adj_local = adj_local.to_sparse_csr()
steps_per_epoch:  51
steps_per_epoch:  51
steps_per_epoch:  51
steps_per_epoch:  51
Epoch: 000, Train Loss: 1.3246
Epoch: 001, Train Loss: 0.7568
|--[95m 'drop | Max Time: 0.170 ms | Avg Time: 0.165 ms | Load Imbalance: 1.031' [0m

|--[95m 'epoch 0 | Max Time: 1613.554 ms | Avg Time: 1612.988 ms | Load Imbalance: 1.000' [0m
	|--[92m 'prefetch launch | Max Time: 2.626 ms | Avg Time: 2.426 ms | Load Imbalance: 1.083' [0m
	|--[92m 'prefetch wait | Max Time: 176.087 ms | Avg Time: 172.475 ms | Load Imbalance: 1.021' [0m
	|--[92m 'train step | Max Time: 1429.536 ms | Avg Time: 1425.111 ms | Load Imbalance: 1.003' [0m
		|--[96m 'input_linear | Max Time: 290.423 ms | Avg Time: 287.045 ms | Load Imbalance: 1.012' [0m
			|--[91m 'input_linear X * W | Max Time: 141.335 ms | Avg Time: 141.025 ms | Load Imbalance: 1.002' [0m
			|--[91m 'all-reduce | Max Time: 138.900 ms | Avg Time: 135.609 ms | Load Imbalance: 1.024' [0m
			|--[91m 'OUT + BIAS | Max Time: 3.151 ms | Avg Time: 2.337 ms | Load Imbalance: 1.348' [0m
		|--[96m 'gcn conv fwd | Max Time: 363.268 ms | Avg Time: 357.003 ms | Load Imbalance: 1.018' [0m
			|--[91m 'AGG = A * H | Max Time: 68.050 ms | Avg Time: 66.232 ms | Load Imbalance: 1.027' [0m
			|--[91m 'allreduce H | Max Time: 188.441 ms | Avg Time: 174.016 ms | Load Imbalance: 1.083' [0m
				|--[95m 'all-reduce | Max Time: 185.789 ms | Avg Time: 170.201 ms | Load Imbalance: 1.092' [0m
			|--[91m 'Allgather W | Max Time: 63.321 ms | Avg Time: 52.659 ms | Load Imbalance: 1.202' [0m
				|--[95m 'gather | Max Time: 59.975 ms | Avg Time: 49.494 ms | Load Imbalance: 1.212' [0m
			|--[91m 'OUT = AGG * W | Max Time: 9.079 ms | Avg Time: 7.521 ms | Load Imbalance: 1.207' [0m
			|--[91m 'allreduce Q | Max Time: 49.901 ms | Avg Time: 43.414 ms | Load Imbalance: 1.149' [0m
				|--[95m 'all-reduce | Max Time: 48.301 ms | Avg Time: 40.231 ms | Load Imbalance: 1.201' [0m
		|--[96m 'activation | Max Time: 117.222 ms | Avg Time: 112.353 ms | Load Imbalance: 1.043' [0m
			|--[91m 'all-reduce | Max Time: 34.142 ms | Avg Time: 28.049 ms | Load Imbalance: 1.217' [0m
		|--[96m 'output_linear | Max Time: 10.548 ms | Avg Time: 8.096 ms | Load Imbalance: 1.303' [0m
			|--[91m 'output_linear X * W | Max Time: 3.398 ms | Avg Time: 2.542 ms | Load Imbalance: 1.337' [0m
			|--[91m 'all-reduce | Max Time: 0.866 ms | Avg Time: 0.690 ms | Load Imbalance: 1.255' [0m
			|--[91m 'OUT + BIAS | Max Time: 1.832 ms | Avg Time: 1.442 ms | Load Imbalance: 1.270' [0m
		|--[96m 'cross entropy fwd | Max Time: 146.887 ms | Avg Time: 140.331 ms | Load Imbalance: 1.047' [0m
		|--[96m 'cross entropy bwd | Max Time: 3.263 ms | Avg Time: 2.828 ms | Load Imbalance: 1.154' [0m
		|--[96m 'linear_3d_bwd | Max Time: 96.905 ms | Avg Time: 91.243 ms | Load Imbalance: 1.062' [0m
			|--[91m 'output_linear GRAD_X | Max Time: 3.484 ms | Avg Time: 2.971 ms | Load Imbalance: 1.172' [0m
			|--[91m 'all-reduce | Max Time: 57.403 ms | Avg Time: 49.536 ms | Load Imbalance: 1.159' [0m
			|--[91m 'output_linear GRAD_W | Max Time: 26.168 ms | Avg Time: 25.592 ms | Load Imbalance: 1.022' [0m
			|--[91m 'input_linear GRAD_W | Max Time: 3.253 ms | Avg Time: 2.825 ms | Load Imbalance: 1.151' [0m
		|--[96m 'gcn conv bwd | Max Time: 161.421 ms | Avg Time: 155.081 ms | Load Imbalance: 1.041' [0m
			|--[91m 'gather | Max Time: 31.751 ms | Avg Time: 26.504 ms | Load Imbalance: 1.198' [0m
			|--[91m 'GRAD_AGG = GRAD_OUT * W.T | Max Time: 7.507 ms | Avg Time: 6.661 ms | Load Imbalance: 1.127' [0m
			|--[91m 'all-reduce | Max Time: 52.236 ms | Avg Time: 47.863 ms | Load Imbalance: 1.091' [0m
			|--[91m 'GRAD_W = AGG.T * GRAD_OUT | Max Time: 9.792 ms | Avg Time: 8.907 ms | Load Imbalance: 1.099' [0m
			|--[91m 'ReduceScatter grad_weight | Max Time: 26.677 ms | Avg Time: 24.868 ms | Load Imbalance: 1.073' [0m
				|--[95m 'reduce-scatter | Max Time: 24.895 ms | Avg Time: 22.483 ms | Load Imbalance: 1.107' [0m
					|--[92m 'reduce-scatter-dist | Max Time: 22.912 ms | Avg Time: 19.946 ms | Load Imbalance: 1.149' [0m
			|--[91m 'GRAD_H = A.T * GRAD_AGG | Max Time: 10.549 ms | Avg Time: 8.847 ms | Load Imbalance: 1.192' [0m
			|--[91m 'allreduce grad_x | Max Time: 20.620 ms | Avg Time: 19.473 ms | Load Imbalance: 1.059' [0m
				|--[95m 'all-reduce | Max Time: 18.839 ms | Avg Time: 17.551 ms | Load Imbalance: 1.073' [0m
		|--[96m 'sync_norm_gradients | Max Time: 22.755 ms | Avg Time: 20.036 ms | Load Imbalance: 1.136' [0m
		|--[96m 'sync_data_parallel_gradients | Max Time: 0.607 ms | Avg Time: 0.416 ms | Load Imbalance: 1.460' [0m

|--[95m 'epoch 1 | Max Time: 751.735 ms | Avg Time: 751.631 ms | Load Imbalance: 1.000' [0m
	|--[92m 'prefetch launch | Max Time: 1.908 ms | Avg Time: 1.762 ms | Load Imbalance: 1.083' [0m
	|--[92m 'prefetch wait | Max Time: 60.382 ms | Avg Time: 59.452 ms | Load Imbalance: 1.016' [0m
	|--[92m 'train step | Max Time: 679.007 ms | Avg Time: 677.504 ms | Load Imbalance: 1.002' [0m
		|--[96m 'input_linear | Max Time: 32.344 ms | Avg Time: 31.645 ms | Load Imbalance: 1.022' [0m
			|--[91m 'input_linear X * W | Max Time: 6.518 ms | Avg Time: 6.226 ms | Load Imbalance: 1.047' [0m
			|--[91m 'all-reduce | Max Time: 17.307 ms | Avg Time: 16.405 ms | Load Imbalance: 1.055' [0m
			|--[91m 'OUT + BIAS | Max Time: 2.092 ms | Avg Time: 1.880 ms | Load Imbalance: 1.112' [0m
		|--[96m 'gcn conv fwd | Max Time: 191.757 ms | Avg Time: 188.805 ms | Load Imbalance: 1.016' [0m
			|--[91m 'AGG = A * H | Max Time: 11.008 ms | Avg Time: 10.449 ms | Load Imbalance: 1.053' [0m
			|--[91m 'allreduce H | Max Time: 81.271 ms | Avg Time: 77.706 ms | Load Imbalance: 1.046' [0m
				|--[95m 'all-reduce | Max Time: 78.163 ms | Avg Time: 74.084 ms | Load Imbalance: 1.055' [0m
			|--[91m 'Allgather W | Max Time: 42.934 ms | Avg Time: 40.111 ms | Load Imbalance: 1.070' [0m
				|--[95m 'gather | Max Time: 39.572 ms | Avg Time: 37.046 ms | Load Imbalance: 1.068' [0m
			|--[91m 'OUT = AGG * W | Max Time: 7.106 ms | Avg Time: 6.375 ms | Load Imbalance: 1.115' [0m
			|--[91m 'allreduce Q | Max Time: 46.190 ms | Avg Time: 41.792 ms | Load Imbalance: 1.105' [0m
				|--[95m 'all-reduce | Max Time: 43.852 ms | Avg Time: 38.791 ms | Load Imbalance: 1.130' [0m
		|--[96m 'activation | Max Time: 51.945 ms | Avg Time: 49.653 ms | Load Imbalance: 1.046' [0m
			|--[91m 'all-reduce | Max Time: 29.627 ms | Avg Time: 28.159 ms | Load Imbalance: 1.052' [0m
		|--[96m 'output_linear | Max Time: 8.906 ms | Avg Time: 7.623 ms | Load Imbalance: 1.168' [0m
			|--[91m 'output_linear X * W | Max Time: 2.740 ms | Avg Time: 2.267 ms | Load Imbalance: 1.209' [0m
			|--[91m 'all-reduce | Max Time: 0.724 ms | Avg Time: 0.649 ms | Load Imbalance: 1.116' [0m
			|--[91m 'OUT + BIAS | Max Time: 1.543 ms | Avg Time: 1.395 ms | Load Imbalance: 1.106' [0m
		|--[96m 'cross entropy fwd | Max Time: 97.631 ms | Avg Time: 95.678 ms | Load Imbalance: 1.020' [0m
		|--[96m 'cross entropy bwd | Max Time: 2.526 ms | Avg Time: 2.402 ms | Load Imbalance: 1.052' [0m
		|--[96m 'linear_3d_bwd | Max Time: 71.380 ms | Avg Time: 66.374 ms | Load Imbalance: 1.075' [0m
			|--[91m 'output_linear GRAD_X | Max Time: 2.334 ms | Avg Time: 2.105 ms | Load Imbalance: 1.109' [0m
			|--[91m 'all-reduce | Max Time: 54.056 ms | Avg Time: 49.907 ms | Load Imbalance: 1.083' [0m
			|--[91m 'output_linear GRAD_W | Max Time: 2.189 ms | Avg Time: 1.888 ms | Load Imbalance: 1.159' [0m
			|--[91m 'input_linear GRAD_W | Max Time: 2.938 ms | Avg Time: 2.709 ms | Load Imbalance: 1.085' [0m
		|--[96m 'gcn conv bwd | Max Time: 143.861 ms | Avg Time: 141.119 ms | Load Imbalance: 1.019' [0m
			|--[91m 'gather | Max Time: 25.172 ms | Avg Time: 24.749 ms | Load Imbalance: 1.017' [0m
			|--[91m 'GRAD_AGG = GRAD_OUT * W.T | Max Time: 6.460 ms | Avg Time: 6.162 ms | Load Imbalance: 1.049' [0m
			|--[91m 'all-reduce | Max Time: 47.323 ms | Avg Time: 44.077 ms | Load Imbalance: 1.074' [0m
			|--[91m 'GRAD_W = AGG.T * GRAD_OUT | Max Time: 6.243 ms | Avg Time: 5.833 ms | Load Imbalance: 1.070' [0m
			|--[91m 'ReduceScatter grad_weight | Max Time: 24.211 ms | Avg Time: 22.782 ms | Load Imbalance: 1.063' [0m
				|--[95m 'reduce-scatter | Max Time: 22.043 ms | Avg Time: 20.459 ms | Load Imbalance: 1.077' [0m
					|--[92m 'reduce-scatter-dist | Max Time: 19.697 ms | Avg Time: 18.024 ms | Load Imbalance: 1.093' [0m
			|--[91m 'GRAD_H = A.T * GRAD_AGG | Max Time: 7.929 ms | Avg Time: 7.467 ms | Load Imbalance: 1.062' [0m
			|--[91m 'allreduce grad_x | Max Time: 18.960 ms | Avg Time: 18.547 ms | Load Imbalance: 1.022' [0m
				|--[95m 'all-reduce | Max Time: 17.324 ms | Avg Time: 16.715 ms | Load Imbalance: 1.036' [0m
		|--[96m 'sync_norm_gradients | Max Time: 20.249 ms | Avg Time: 18.594 ms | Load Imbalance: 1.089' [0m
		|--[96m 'sync_data_parallel_gradients | Max Time: 0.508 ms | Avg Time: 0.438 ms | Load Imbalance: 1.161' [0m

|--[95m 'epoch 2 | Max Time: 755.835 ms | Avg Time: 755.649 ms | Load Imbalance: 1.000' [0m
	|--[92m 'prefetch launch | Max Time: 1.825 ms | Avg Time: 1.796 ms | Load Imbalance: 1.016' [0m
	|--[92m 'prefetch wait | Max Time: 64.241 ms | Avg Time: 59.738 ms | Load Imbalance: 1.075' [0m
	|--[92m 'train step | Max Time: 684.455 ms | Avg Time: 680.582 ms | Load Imbalance: 1.006' [0m
		|--[96m 'input_linear | Max Time: 34.647 ms | Avg Time: 32.003 ms | Load Imbalance: 1.083' [0m
			|--[91m 'input_linear X * W | Max Time: 6.397 ms | Avg Time: 6.181 ms | Load Imbalance: 1.035' [0m
			|--[91m 'all-reduce | Max Time: 19.383 ms | Avg Time: 16.319 ms | Load Imbalance: 1.188' [0m
			|--[91m 'OUT + BIAS | Max Time: 2.329 ms | Avg Time: 2.046 ms | Load Imbalance: 1.138' [0m
		|--[96m 'gcn conv fwd | Max Time: 192.753 ms | Avg Time: 189.292 ms | Load Imbalance: 1.018' [0m
			|--[91m 'AGG = A * H | Max Time: 11.053 ms | Avg Time: 10.621 ms | Load Imbalance: 1.041' [0m
			|--[91m 'allreduce H | Max Time: 80.539 ms | Avg Time: 77.717 ms | Load Imbalance: 1.036' [0m
				|--[95m 'all-reduce | Max Time: 76.445 ms | Avg Time: 73.905 ms | Load Imbalance: 1.034' [0m
			|--[91m 'Allgather W | Max Time: 40.181 ms | Avg Time: 39.282 ms | Load Imbalance: 1.023' [0m
				|--[95m 'gather | Max Time: 37.629 ms | Avg Time: 36.265 ms | Load Imbalance: 1.038' [0m
			|--[91m 'OUT = AGG * W | Max Time: 7.136 ms | Avg Time: 6.379 ms | Load Imbalance: 1.119' [0m
			|--[91m 'allreduce Q | Max Time: 44.550 ms | Avg Time: 42.355 ms | Load Imbalance: 1.052' [0m
				|--[95m 'all-reduce | Max Time: 42.119 ms | Avg Time: 39.353 ms | Load Imbalance: 1.070' [0m
		|--[96m 'activation | Max Time: 52.325 ms | Avg Time: 50.419 ms | Load Imbalance: 1.038' [0m
			|--[91m 'all-reduce | Max Time: 31.458 ms | Avg Time: 28.831 ms | Load Imbalance: 1.091' [0m
		|--[96m 'output_linear | Max Time: 9.216 ms | Avg Time: 8.308 ms | Load Imbalance: 1.109' [0m
			|--[91m 'output_linear X * W | Max Time: 2.699 ms | Avg Time: 2.404 ms | Load Imbalance: 1.123' [0m
			|--[91m 'all-reduce | Max Time: 0.848 ms | Avg Time: 0.738 ms | Load Imbalance: 1.149' [0m
			|--[91m 'OUT + BIAS | Max Time: 1.626 ms | Avg Time: 1.504 ms | Load Imbalance: 1.081' [0m
		|--[96m 'cross entropy fwd | Max Time: 97.727 ms | Avg Time: 95.301 ms | Load Imbalance: 1.025' [0m
		|--[96m 'cross entropy bwd | Max Time: 2.605 ms | Avg Time: 2.507 ms | Load Imbalance: 1.039' [0m
		|--[96m 'linear_3d_bwd | Max Time: 67.555 ms | Avg Time: 66.222 ms | Load Imbalance: 1.020' [0m
			|--[91m 'output_linear GRAD_X | Max Time: 2.080 ms | Avg Time: 2.026 ms | Load Imbalance: 1.027' [0m
			|--[91m 'all-reduce | Max Time: 51.162 ms | Avg Time: 49.917 ms | Load Imbalance: 1.025' [0m
			|--[91m 'output_linear GRAD_W | Max Time: 1.939 ms | Avg Time: 1.857 ms | Load Imbalance: 1.044' [0m
			|--[91m 'input_linear GRAD_W | Max Time: 2.820 ms | Avg Time: 2.662 ms | Load Imbalance: 1.059' [0m
		|--[96m 'gcn conv bwd | Max Time: 143.600 ms | Avg Time: 142.089 ms | Load Imbalance: 1.011' [0m
			|--[91m 'gather | Max Time: 26.185 ms | Avg Time: 24.889 ms | Load Imbalance: 1.052' [0m
			|--[91m 'GRAD_AGG = GRAD_OUT * W.T | Max Time: 6.343 ms | Avg Time: 6.160 ms | Load Imbalance: 1.030' [0m
			|--[91m 'all-reduce | Max Time: 49.290 ms | Avg Time: 45.261 ms | Load Imbalance: 1.089' [0m
			|--[91m 'GRAD_W = AGG.T * GRAD_OUT | Max Time: 5.947 ms | Avg Time: 5.754 ms | Load Imbalance: 1.034' [0m
			|--[91m 'ReduceScatter grad_weight | Max Time: 23.158 ms | Avg Time: 22.616 ms | Load Imbalance: 1.024' [0m
				|--[95m 'reduce-scatter | Max Time: 20.736 ms | Avg Time: 20.321 ms | Load Imbalance: 1.020' [0m
					|--[92m 'reduce-scatter-dist | Max Time: 18.345 ms | Avg Time: 17.917 ms | Load Imbalance: 1.024' [0m
			|--[91m 'GRAD_H = A.T * GRAD_AGG | Max Time: 7.810 ms | Avg Time: 7.389 ms | Load Imbalance: 1.057' [0m
			|--[91m 'allreduce grad_x | Max Time: 19.273 ms | Avg Time: 18.592 ms | Load Imbalance: 1.037' [0m
				|--[95m 'all-reduce | Max Time: 17.474 ms | Avg Time: 16.816 ms | Load Imbalance: 1.039' [0m
		|--[96m 'sync_norm_gradients | Max Time: 19.213 ms | Avg Time: 18.226 ms | Load Imbalance: 1.054' [0m
		|--[96m 'sync_data_parallel_gradients | Max Time: 0.566 ms | Avg Time: 0.444 ms | Load Imbalance: 1.277' [0m

Epoch: 002, Train Loss: 0.6924
Epoch: 003, Train Loss: 0.6561
Epoch: 004, Train Loss: 0.6455
TRAIN: acc 0.9408, f1_micro 0.9408, f1_macro 0.9159 (n=153431)
VAL: acc 0.9425, f1_micro 0.9425, f1_macro 0.9100 (n=23831)
TEST: acc 0.9430, f1_micro 0.9430, f1_macro 0.9124 (n=55703)
Epoch: 005, Train Loss: 0.6195
Epoch: 006, Train Loss: 0.6035
Epoch: 007, Train Loss: 0.5937
Epoch: 008, Train Loss: 0.5769
Epoch: 009, Train Loss: 0.5637
TRAIN: acc 0.9432, f1_micro 0.9432, f1_macro 0.9170 (n=153431)
VAL: acc 0.9434, f1_micro 0.9434, f1_macro 0.9093 (n=23831)
TEST: acc 0.9452, f1_micro 0.9452, f1_macro 0.9146 (n=55703)
Epoch: 010, Train Loss: 0.5536
Epoch: 011, Train Loss: 0.5523
Epoch: 012, Train Loss: 0.5400
Epoch: 013, Train Loss: 0.5360
Epoch: 014, Train Loss: 0.5241
TRAIN: acc 0.9455, f1_micro 0.9455, f1_macro 0.9208 (n=153431)
VAL: acc 0.9448, f1_micro 0.9448, f1_macro 0.9104 (n=23831)
TEST: acc 0.9461, f1_micro 0.9461, f1_macro 0.9153 (n=55703)
Epoch: 015, Train Loss: 0.5247
Epoch: 016, Train Loss: 0.5074
Epoch: 017, Train Loss: 0.5002
Epoch: 018, Train Loss: 0.4889
Epoch: 019, Train Loss: 0.4879
TRAIN: acc 0.9453, f1_micro 0.9453, f1_macro 0.9235 (n=153431)
VAL: acc 0.9438, f1_micro 0.9438, f1_macro 0.9136 (n=23831)
TEST: acc 0.9456, f1_micro 0.9456, f1_macro 0.9181 (n=55703)
Epoch: 020, Train Loss: 0.4848
Epoch: 021, Train Loss: 0.4826
Epoch: 022, Train Loss: 0.4765
Epoch: 023, Train Loss: 0.4651
Epoch: 024, Train Loss: 0.4578
TRAIN: acc 0.9486, f1_micro 0.9486, f1_macro 0.9270 (n=153431)
VAL: acc 0.9454, f1_micro 0.9454, f1_macro 0.9139 (n=23831)
TEST: acc 0.9478, f1_micro 0.9478, f1_macro 0.9192 (n=55703)
Epoch: 025, Train Loss: 0.4504
Epoch: 026, Train Loss: 0.4562
Epoch: 027, Train Loss: 0.4514
Epoch: 028, Train Loss: 0.4430
Epoch: 029, Train Loss: 0.4381
TRAIN: acc 0.9470, f1_micro 0.9470, f1_macro 0.9233 (n=153431)
VAL: acc 0.9442, f1_micro 0.9442, f1_macro 0.9123 (n=23831)
TEST: acc 0.9459, f1_micro 0.9459, f1_macro 0.9143 (n=55703)
Epoch: 030, Train Loss: 0.4443
Epoch: 031, Train Loss: 0.4364
Epoch: 032, Train Loss: 0.4296
Epoch: 033, Train Loss: 0.4202
Epoch: 034, Train Loss: 0.4204
TRAIN: acc 0.9487, f1_micro 0.9487, f1_macro 0.9274 (n=153431)
VAL: acc 0.9443, f1_micro 0.9443, f1_macro 0.9138 (n=23831)
TEST: acc 0.9471, f1_micro 0.9471, f1_macro 0.9181 (n=55703)
Epoch: 035, Train Loss: 0.4139
Epoch: 036, Train Loss: 0.4185
Epoch: 037, Train Loss: 0.4233
Epoch: 038, Train Loss: 0.4097
Epoch: 039, Train Loss: 0.4135
TRAIN: acc 0.9461, f1_micro 0.9461, f1_macro 0.9239 (n=153431)
VAL: acc 0.9425, f1_micro 0.9425, f1_macro 0.9096 (n=23831)
TEST: acc 0.9455, f1_micro 0.9455, f1_macro 0.9156 (n=55703)
Epoch: 040, Train Loss: 0.4120
Epoch: 041, Train Loss: 0.4095
Epoch: 042, Train Loss: 0.4064
Epoch: 043, Train Loss: 0.4076
Epoch: 044, Train Loss: 0.3943
TRAIN: acc 0.9469, f1_micro 0.9469, f1_macro 0.9237 (n=153431)
VAL: acc 0.9440, f1_micro 0.9440, f1_macro 0.9113 (n=23831)
TEST: acc 0.9456, f1_micro 0.9456, f1_macro 0.9146 (n=55703)
Epoch: 045, Train Loss: 0.4040
Epoch: 046, Train Loss: 0.3930
Epoch: 047, Train Loss: 0.3911
Epoch: 048, Train Loss: 0.3956
Epoch: 049, Train Loss: 0.3935
TRAIN: acc 0.9467, f1_micro 0.9467, f1_macro 0.9255 (n=153431)
VAL: acc 0.9431, f1_micro 0.9431, f1_macro 0.9125 (n=23831)
TEST: acc 0.9444, f1_micro 0.9444, f1_macro 0.9161 (n=55703)
Epoch: 050, Train Loss: 0.3906
Epoch: 051, Train Loss: 0.3847
Epoch: 052, Train Loss: 0.3913
Epoch: 053, Train Loss: 0.3867
Epoch: 054, Train Loss: 0.3840
TRAIN: acc 0.9492, f1_micro 0.9492, f1_macro 0.9278 (n=153431)
VAL: acc 0.9471, f1_micro 0.9471, f1_macro 0.9158 (n=23831)
TEST: acc 0.9477, f1_micro 0.9477, f1_macro 0.9189 (n=55703)
Epoch: 055, Train Loss: 0.3856
Epoch: 056, Train Loss: 0.3826
Epoch: 057, Train Loss: 0.3752
Epoch: 058, Train Loss: 0.3843
Epoch: 059, Train Loss: 0.3879
TRAIN: acc 0.9480, f1_micro 0.9480, f1_macro 0.9273 (n=153431)
VAL: acc 0.9454, f1_micro 0.9454, f1_macro 0.9151 (n=23831)
TEST: acc 0.9475, f1_micro 0.9475, f1_macro 0.9207 (n=55703)
Epoch: 060, Train Loss: 0.3802
Epoch: 061, Train Loss: 0.3738
Epoch: 062, Train Loss: 0.3803
Epoch: 063, Train Loss: 0.3789
Epoch: 064, Train Loss: 0.3719
TRAIN: acc 0.9476, f1_micro 0.9476, f1_macro 0.9258 (n=153431)
VAL: acc 0.9442, f1_micro 0.9442, f1_macro 0.9132 (n=23831)
TEST: acc 0.9457, f1_micro 0.9457, f1_macro 0.9165 (n=55703)
Epoch: 065, Train Loss: 0.3716
Epoch: 066, Train Loss: 0.3760
Epoch: 067, Train Loss: 0.3725
Epoch: 068, Train Loss: 0.3656
Epoch: 069, Train Loss: 0.3707
TRAIN: acc 0.9491, f1_micro 0.9491, f1_macro 0.9273 (n=153431)
VAL: acc 0.9462, f1_micro 0.9462, f1_macro 0.9155 (n=23831)
TEST: acc 0.9476, f1_micro 0.9476, f1_macro 0.9178 (n=55703)
Epoch: 070, Train Loss: 0.3693
Epoch: 071, Train Loss: 0.3671
Epoch: 072, Train Loss: 0.3700
Epoch: 073, Train Loss: 0.3658
Epoch: 074, Train Loss: 0.3601
TRAIN: acc 0.9474, f1_micro 0.9474, f1_macro 0.9255 (n=153431)
VAL: acc 0.9454, f1_micro 0.9454, f1_macro 0.9157 (n=23831)
TEST: acc 0.9461, f1_micro 0.9461, f1_macro 0.9167 (n=55703)
Epoch: 075, Train Loss: 0.3639
Epoch: 076, Train Loss: 0.3588
Epoch: 077, Train Loss: 0.3636
Epoch: 078, Train Loss: 0.3670
Epoch: 079, Train Loss: 0.3618
TRAIN: acc 0.9475, f1_micro 0.9475, f1_macro 0.9256 (n=153431)
VAL: acc 0.9455, f1_micro 0.9455, f1_macro 0.9139 (n=23831)
TEST: acc 0.9466, f1_micro 0.9466, f1_macro 0.9190 (n=55703)
Epoch: 080, Train Loss: 0.3587
Epoch: 081, Train Loss: 0.3615
Epoch: 082, Train Loss: 0.3610
Epoch: 083, Train Loss: 0.3566
Epoch: 084, Train Loss: 0.3594
TRAIN: acc 0.9487, f1_micro 0.9487, f1_macro 0.9282 (n=153431)
VAL: acc 0.9469, f1_micro 0.9469, f1_macro 0.9160 (n=23831)
TEST: acc 0.9486, f1_micro 0.9486, f1_macro 0.9224 (n=55703)
Epoch: 085, Train Loss: 0.3607
Epoch: 086, Train Loss: 0.3621
Epoch: 087, Train Loss: 0.3591
Epoch: 088, Train Loss: 0.3572
Epoch: 089, Train Loss: 0.3541
TRAIN: acc 0.9496, f1_micro 0.9496, f1_macro 0.9287 (n=153431)
VAL: acc 0.9454, f1_micro 0.9454, f1_macro 0.9144 (n=23831)
TEST: acc 0.9483, f1_micro 0.9483, f1_macro 0.9211 (n=55703)
Epoch: 090, Train Loss: 0.3539
Epoch: 091, Train Loss: 0.3556
Epoch: 092, Train Loss: 0.3547
Epoch: 093, Train Loss: 0.3510
Epoch: 094, Train Loss: 0.3543
TRAIN: acc 0.9498, f1_micro 0.9498, f1_macro 0.9291 (n=153431)
VAL: acc 0.9464, f1_micro 0.9464, f1_macro 0.9163 (n=23831)
TEST: acc 0.9482, f1_micro 0.9482, f1_macro 0.9209 (n=55703)
Epoch: 095, Train Loss: 0.3536
Epoch: 096, Train Loss: 0.3506
Epoch: 097, Train Loss: 0.3490
Epoch: 098, Train Loss: 0.3558
Epoch: 099, Train Loss: 0.3571
TRAIN: acc 0.9495, f1_micro 0.9495, f1_macro 0.9283 (n=153431)
VAL: acc 0.9472, f1_micro 0.9472, f1_macro 0.9162 (n=23831)
TEST: acc 0.9487, f1_micro 0.9487, f1_macro 0.9214 (n=55703)
Epoch: 100, Train Loss: 0.3424
Epoch: 101, Train Loss: 0.3597
Epoch: 102, Train Loss: 0.3504
Epoch: 103, Train Loss: 0.3464
Epoch: 104, Train Loss: 0.3482
TRAIN: acc 0.9482, f1_micro 0.9482, f1_macro 0.9276 (n=153431)
VAL: acc 0.9448, f1_micro 0.9448, f1_macro 0.9147 (n=23831)
TEST: acc 0.9471, f1_micro 0.9471, f1_macro 0.9192 (n=55703)
Epoch: 105, Train Loss: 0.3474
Epoch: 106, Train Loss: 0.3505
Epoch: 107, Train Loss: 0.3492
Epoch: 108, Train Loss: 0.3451
Epoch: 109, Train Loss: 0.3443
TRAIN: acc 0.9493, f1_micro 0.9493, f1_macro 0.9286 (n=153431)
VAL: acc 0.9456, f1_micro 0.9456, f1_macro 0.9151 (n=23831)
TEST: acc 0.9477, f1_micro 0.9477, f1_macro 0.9199 (n=55703)
Epoch: 110, Train Loss: 0.3385
Epoch: 111, Train Loss: 0.3506
Epoch: 112, Train Loss: 0.3436
Epoch: 113, Train Loss: 0.3444
Epoch: 114, Train Loss: 0.3401
TRAIN: acc 0.9484, f1_micro 0.9484, f1_macro 0.9279 (n=153431)
VAL: acc 0.9456, f1_micro 0.9456, f1_macro 0.9154 (n=23831)
TEST: acc 0.9467, f1_micro 0.9467, f1_macro 0.9202 (n=55703)
Epoch: 115, Train Loss: 0.3420
Epoch: 116, Train Loss: 0.3463
Epoch: 117, Train Loss: 0.3386
Epoch: 118, Train Loss: 0.3430
Epoch: 119, Train Loss: 0.3443
TRAIN: acc 0.9506, f1_micro 0.9506, f1_macro 0.9307 (n=153431)
VAL: acc 0.9469, f1_micro 0.9469, f1_macro 0.9165 (n=23831)
TEST: acc 0.9493, f1_micro 0.9493, f1_macro 0.9228 (n=55703)
Epoch: 120, Train Loss: 0.3449
Epoch: 121, Train Loss: 0.3457
Epoch: 122, Train Loss: 0.3425
Epoch: 123, Train Loss: 0.3441
Epoch: 124, Train Loss: 0.3401
TRAIN: acc 0.9472, f1_micro 0.9472, f1_macro 0.9226 (n=153431)
VAL: acc 0.9445, f1_micro 0.9445, f1_macro 0.9102 (n=23831)
TEST: acc 0.9454, f1_micro 0.9454, f1_macro 0.9138 (n=55703)
Epoch: 125, Train Loss: 0.3435
Epoch: 126, Train Loss: 0.3404
Epoch: 127, Train Loss: 0.3406
Epoch: 128, Train Loss: 0.3394
Epoch: 129, Train Loss: 0.3388
TRAIN: acc 0.9481, f1_micro 0.9481, f1_macro 0.9269 (n=153431)
VAL: acc 0.9460, f1_micro 0.9460, f1_macro 0.9140 (n=23831)
TEST: acc 0.9475, f1_micro 0.9475, f1_macro 0.9196 (n=55703)
Epoch: 130, Train Loss: 0.3304
Epoch: 131, Train Loss: 0.3365
Epoch: 132, Train Loss: 0.3361
Epoch: 133, Train Loss: 0.3398
Epoch: 134, Train Loss: 0.3426
TRAIN: acc 0.9495, f1_micro 0.9495, f1_macro 0.9285 (n=153431)
VAL: acc 0.9455, f1_micro 0.9455, f1_macro 0.9149 (n=23831)
TEST: acc 0.9481, f1_micro 0.9481, f1_macro 0.9204 (n=55703)
Epoch: 135, Train Loss: 0.3451
Epoch: 136, Train Loss: 0.3340
Epoch: 137, Train Loss: 0.3326
Epoch: 138, Train Loss: 0.3356
Epoch: 139, Train Loss: 0.3309
TRAIN: acc 0.9475, f1_micro 0.9475, f1_macro 0.9235 (n=153431)
VAL: acc 0.9447, f1_micro 0.9447, f1_macro 0.9111 (n=23831)
TEST: acc 0.9461, f1_micro 0.9461, f1_macro 0.9143 (n=55703)
Epoch: 140, Train Loss: 0.3466
Epoch: 141, Train Loss: 0.3352
Epoch: 142, Train Loss: 0.3348
Epoch: 143, Train Loss: 0.3373
Epoch: 144, Train Loss: 0.3345
TRAIN: acc 0.9483, f1_micro 0.9483, f1_macro 0.9270 (n=153431)
VAL: acc 0.9452, f1_micro 0.9452, f1_macro 0.9157 (n=23831)
TEST: acc 0.9472, f1_micro 0.9472, f1_macro 0.9193 (n=55703)
Epoch: 145, Train Loss: 0.3381
Epoch: 146, Train Loss: 0.3354
Epoch: 147, Train Loss: 0.3339
Epoch: 148, Train Loss: 0.3415
Epoch: 149, Train Loss: 0.3353
TRAIN: acc 0.9479, f1_micro 0.9479, f1_macro 0.9267 (n=153431)
VAL: acc 0.9458, f1_micro 0.9458, f1_macro 0.9164 (n=23831)
TEST: acc 0.9462, f1_micro 0.9462, f1_macro 0.9180 (n=55703)
Epoch: 150, Train Loss: 0.3318
Epoch: 151, Train Loss: 0.3309
Epoch: 152, Train Loss: 0.3330
Epoch: 153, Train Loss: 0.3291
Epoch: 154, Train Loss: 0.3390
TRAIN: acc 0.9495, f1_micro 0.9495, f1_macro 0.9282 (n=153431)
VAL: acc 0.9478, f1_micro 0.9478, f1_macro 0.9178 (n=23831)
TEST: acc 0.9483, f1_micro 0.9483, f1_macro 0.9194 (n=55703)
Epoch: 155, Train Loss: 0.3332
Epoch: 156, Train Loss: 0.3319
Epoch: 157, Train Loss: 0.3306
Epoch: 158, Train Loss: 0.3325
Epoch: 159, Train Loss: 0.3286
TRAIN: acc 0.9484, f1_micro 0.9484, f1_macro 0.9270 (n=153431)
VAL: acc 0.9460, f1_micro 0.9460, f1_macro 0.9162 (n=23831)
TEST: acc 0.9477, f1_micro 0.9477, f1_macro 0.9191 (n=55703)
Epoch: 160, Train Loss: 0.3287
Epoch: 161, Train Loss: 0.3345
Epoch: 162, Train Loss: 0.3341
Epoch: 163, Train Loss: 0.3301
Epoch: 164, Train Loss: 0.3237
TRAIN: acc 0.9448, f1_micro 0.9448, f1_macro 0.9230 (n=153431)
VAL: acc 0.9425, f1_micro 0.9425, f1_macro 0.9100 (n=23831)
TEST: acc 0.9439, f1_micro 0.9439, f1_macro 0.9148 (n=55703)
Epoch: 165, Train Loss: 0.3330
Epoch: 166, Train Loss: 0.3316
Epoch: 167, Train Loss: 0.3316
Epoch: 168, Train Loss: 0.3308
Epoch: 169, Train Loss: 0.3341
TRAIN: acc 0.9495, f1_micro 0.9495, f1_macro 0.9274 (n=153431)
VAL: acc 0.9469, f1_micro 0.9469, f1_macro 0.9158 (n=23831)
TEST: acc 0.9480, f1_micro 0.9480, f1_macro 0.9185 (n=55703)
Epoch: 170, Train Loss: 0.3337
Epoch: 171, Train Loss: 0.3271
Epoch: 172, Train Loss: 0.3287
Epoch: 173, Train Loss: 0.3238
Epoch: 174, Train Loss: 0.3262
TRAIN: acc 0.9464, f1_micro 0.9464, f1_macro 0.9237 (n=153431)
VAL: acc 0.9433, f1_micro 0.9433, f1_macro 0.9113 (n=23831)
TEST: acc 0.9451, f1_micro 0.9451, f1_macro 0.9159 (n=55703)
Epoch: 175, Train Loss: 0.3286
Epoch: 176, Train Loss: 0.3344
Epoch: 177, Train Loss: 0.3253
Epoch: 178, Train Loss: 0.3310
Epoch: 179, Train Loss: 0.3233
TRAIN: acc 0.9485, f1_micro 0.9485, f1_macro 0.9270 (n=153431)
VAL: acc 0.9449, f1_micro 0.9449, f1_macro 0.9148 (n=23831)
TEST: acc 0.9472, f1_micro 0.9472, f1_macro 0.9181 (n=55703)
Epoch: 180, Train Loss: 0.3233
Epoch: 181, Train Loss: 0.3237
Epoch: 182, Train Loss: 0.3200
Epoch: 183, Train Loss: 0.3242
Epoch: 184, Train Loss: 0.3241
TRAIN: acc 0.9494, f1_micro 0.9494, f1_macro 0.9275 (n=153431)
VAL: acc 0.9464, f1_micro 0.9464, f1_macro 0.9154 (n=23831)
TEST: acc 0.9482, f1_micro 0.9482, f1_macro 0.9191 (n=55703)
Epoch: 185, Train Loss: 0.3265
Epoch: 186, Train Loss: 0.3202
Epoch: 187, Train Loss: 0.3245
Epoch: 188, Train Loss: 0.3257
Epoch: 189, Train Loss: 0.3272
TRAIN: acc 0.9482, f1_micro 0.9482, f1_macro 0.9266 (n=153431)
VAL: acc 0.9454, f1_micro 0.9454, f1_macro 0.9134 (n=23831)
TEST: acc 0.9466, f1_micro 0.9466, f1_macro 0.9179 (n=55703)
Epoch: 190, Train Loss: 0.3297
Epoch: 191, Train Loss: 0.3311
Epoch: 192, Train Loss: 0.3217
Epoch: 193, Train Loss: 0.3251
Epoch: 194, Train Loss: 0.3311
TRAIN: acc 0.9485, f1_micro 0.9485, f1_macro 0.9258 (n=153431)
VAL: acc 0.9447, f1_micro 0.9447, f1_macro 0.9127 (n=23831)
TEST: acc 0.9471, f1_micro 0.9471, f1_macro 0.9164 (n=55703)
Epoch: 195, Train Loss: 0.3226
Epoch: 196, Train Loss: 0.3245
Epoch: 197, Train Loss: 0.3207
Epoch: 198, Train Loss: 0.3189
Epoch: 199, Train Loss: 0.3159
TRAIN: acc 0.9474, f1_micro 0.9474, f1_macro 0.9254 (n=153431)
VAL: acc 0.9446, f1_micro 0.9446, f1_macro 0.9147 (n=23831)
TEST: acc 0.9464, f1_micro 0.9464, f1_macro 0.9168 (n=55703)
rank 0 Peak GPU memory: 6.15 GB
rank 1 Peak GPU memory: 6.16 GB
rank 2 Peak GPU memory: 6.16 GB
rank 3 Peak GPU memory: 6.18 GB
OGB (best val):
Highest Train (acc): 95.06
Highest Valid (acc): 94.78
  Final Train (acc): 94.95
   Final Test (acc): 94.83
