/pscratch/sd/c/cunyang/gnn/plexus/plexus/utils/dataloader.py:425: UserWarning: Sparse CSR tensor support is in beta state. If you miss a functionality in the sparse tensor support, please submit a feature request to https://github.com/pytorch/pytorch/issues. (Triggered internally at /pytorch/aten/src/ATen/SparseCsrTensorImpl.cpp:53.)
  adj_local = adj_local.to_sparse_csr()
/pscratch/sd/c/cunyang/gnn/plexus/plexus/utils/dataloader.py:425: UserWarning: Sparse CSR tensor support is in beta state. If you miss a functionality in the sparse tensor support, please submit a feature request to https://github.com/pytorch/pytorch/issues. (Triggered internally at /pytorch/aten/src/ATen/SparseCsrTensorImpl.cpp:53.)
  adj_local = adj_local.to_sparse_csr()
/pscratch/sd/c/cunyang/gnn/plexus/plexus/utils/dataloader.py:425: UserWarning: Sparse CSR tensor support is in beta state. If you miss a functionality in the sparse tensor support, please submit a feature request to https://github.com/pytorch/pytorch/issues. (Triggered internally at /pytorch/aten/src/ATen/SparseCsrTensorImpl.cpp:53.)
  adj_local = adj_local.to_sparse_csr()
/pscratch/sd/c/cunyang/gnn/plexus/plexus/utils/dataloader.py:425: UserWarning: Sparse CSR tensor support is in beta state. If you miss a functionality in the sparse tensor support, please submit a feature request to https://github.com/pytorch/pytorch/issues. (Triggered internally at /pytorch/aten/src/ATen/SparseCsrTensorImpl.cpp:53.)
  adj_local = adj_local.to_sparse_csr()
steps_per_epoch:  101
steps_per_epoch:  101
steps_per_epoch:  101
steps_per_epoch:  101
Epoch: 000, Train Loss: 1.3503
Epoch: 001, Train Loss: 0.9219
|--[95m 'drop | Max Time: 0.168 ms | Avg Time: 0.165 ms | Load Imbalance: 1.022' [0m

|--[95m 'epoch 0 | Max Time: 2369.978 ms | Avg Time: 2369.314 ms | Load Imbalance: 1.000' [0m
	|--[92m 'prefetch launch | Max Time: 4.332 ms | Avg Time: 3.889 ms | Load Imbalance: 1.114' [0m
	|--[92m 'prefetch wait | Max Time: 256.509 ms | Avg Time: 249.145 ms | Load Imbalance: 1.030' [0m
	|--[92m 'train step | Max Time: 2100.242 ms | Avg Time: 2090.254 ms | Load Imbalance: 1.005' [0m
		|--[96m 'input_linear | Max Time: 321.860 ms | Avg Time: 319.357 ms | Load Imbalance: 1.008' [0m
			|--[91m 'input_linear X * W | Max Time: 150.141 ms | Avg Time: 149.963 ms | Load Imbalance: 1.001' [0m
			|--[91m 'all-reduce | Max Time: 151.645 ms | Avg Time: 146.949 ms | Load Imbalance: 1.032' [0m
			|--[91m 'OUT + BIAS | Max Time: 5.438 ms | Avg Time: 4.908 ms | Load Imbalance: 1.108' [0m
		|--[96m 'gcn conv fwd | Max Time: 565.618 ms | Avg Time: 555.028 ms | Load Imbalance: 1.019' [0m
			|--[91m 'AGG = A * H | Max Time: 92.145 ms | Avg Time: 91.563 ms | Load Imbalance: 1.006' [0m
			|--[91m 'allreduce H | Max Time: 264.993 ms | Avg Time: 256.304 ms | Load Imbalance: 1.034' [0m
				|--[95m 'all-reduce | Max Time: 256.213 ms | Avg Time: 247.570 ms | Load Imbalance: 1.035' [0m
			|--[91m 'Allgather W | Max Time: 89.844 ms | Avg Time: 86.436 ms | Load Imbalance: 1.039' [0m
				|--[95m 'gather | Max Time: 83.536 ms | Avg Time: 79.913 ms | Load Imbalance: 1.045' [0m
			|--[91m 'OUT = AGG * W | Max Time: 13.326 ms | Avg Time: 12.261 ms | Load Imbalance: 1.087' [0m
			|--[91m 'allreduce Q | Max Time: 87.567 ms | Avg Time: 81.017 ms | Load Imbalance: 1.081' [0m
				|--[95m 'all-reduce | Max Time: 80.452 ms | Avg Time: 74.326 ms | Load Imbalance: 1.082' [0m
		|--[96m 'activation | Max Time: 176.033 ms | Avg Time: 170.024 ms | Load Imbalance: 1.035' [0m
			|--[91m 'all-reduce | Max Time: 60.464 ms | Avg Time: 57.214 ms | Load Imbalance: 1.057' [0m
		|--[96m 'output_linear | Max Time: 32.524 ms | Avg Time: 23.640 ms | Load Imbalance: 1.376' [0m
			|--[91m 'output_linear X * W | Max Time: 19.696 ms | Avg Time: 11.948 ms | Load Imbalance: 1.648' [0m
			|--[91m 'all-reduce | Max Time: 1.948 ms | Avg Time: 1.567 ms | Load Imbalance: 1.243' [0m
			|--[91m 'OUT + BIAS | Max Time: 3.301 ms | Avg Time: 3.026 ms | Load Imbalance: 1.091' [0m
		|--[96m 'cross entropy fwd | Max Time: 248.812 ms | Avg Time: 238.892 ms | Load Imbalance: 1.042' [0m
		|--[96m 'cross entropy bwd | Max Time: 5.280 ms | Avg Time: 5.059 ms | Load Imbalance: 1.044' [0m
		|--[96m 'linear_3d_bwd | Max Time: 149.510 ms | Avg Time: 143.389 ms | Load Imbalance: 1.043' [0m
			|--[91m 'output_linear GRAD_X | Max Time: 4.789 ms | Avg Time: 4.720 ms | Load Imbalance: 1.014' [0m
			|--[91m 'all-reduce | Max Time: 116.568 ms | Avg Time: 105.921 ms | Load Imbalance: 1.101' [0m
			|--[91m 'output_linear GRAD_W | Max Time: 13.059 ms | Avg Time: 8.636 ms | Load Imbalance: 1.512' [0m
			|--[91m 'input_linear GRAD_W | Max Time: 5.092 ms | Avg Time: 4.544 ms | Load Imbalance: 1.121' [0m
		|--[96m 'gcn conv bwd | Max Time: 291.467 ms | Avg Time: 285.364 ms | Load Imbalance: 1.021' [0m
			|--[91m 'gather | Max Time: 52.568 ms | Avg Time: 49.072 ms | Load Imbalance: 1.071' [0m
			|--[91m 'GRAD_AGG = GRAD_OUT * W.T | Max Time: 11.935 ms | Avg Time: 11.550 ms | Load Imbalance: 1.033' [0m
			|--[91m 'all-reduce | Max Time: 89.589 ms | Avg Time: 85.945 ms | Load Imbalance: 1.042' [0m
			|--[91m 'GRAD_W = AGG.T * GRAD_OUT | Max Time: 12.430 ms | Avg Time: 11.658 ms | Load Imbalance: 1.066' [0m
			|--[91m 'ReduceScatter grad_weight | Max Time: 47.812 ms | Avg Time: 46.009 ms | Load Imbalance: 1.039' [0m
				|--[95m 'reduce-scatter | Max Time: 43.704 ms | Avg Time: 41.370 ms | Load Imbalance: 1.056' [0m
					|--[92m 'reduce-scatter-dist | Max Time: 39.103 ms | Avg Time: 36.482 ms | Load Imbalance: 1.072' [0m
			|--[91m 'GRAD_H = A.T * GRAD_AGG | Max Time: 24.283 ms | Avg Time: 23.395 ms | Load Imbalance: 1.038' [0m
			|--[91m 'allreduce grad_x | Max Time: 34.760 ms | Avg Time: 33.559 ms | Load Imbalance: 1.036' [0m
				|--[95m 'all-reduce | Max Time: 31.348 ms | Avg Time: 29.615 ms | Load Imbalance: 1.059' [0m
		|--[96m 'sync_norm_gradients | Max Time: 39.998 ms | Avg Time: 37.255 ms | Load Imbalance: 1.074' [0m
		|--[96m 'sync_data_parallel_gradients | Max Time: 1.263 ms | Avg Time: 0.885 ms | Load Imbalance: 1.428' [0m

|--[95m 'epoch 1 | Max Time: 1439.923 ms | Avg Time: 1439.870 ms | Load Imbalance: 1.000' [0m
	|--[92m 'prefetch launch | Max Time: 3.721 ms | Avg Time: 3.514 ms | Load Imbalance: 1.059' [0m
	|--[92m 'prefetch wait | Max Time: 103.837 ms | Avg Time: 98.880 ms | Load Imbalance: 1.050' [0m
	|--[92m 'train step | Max Time: 1317.191 ms | Avg Time: 1311.104 ms | Load Imbalance: 1.005' [0m
		|--[96m 'input_linear | Max Time: 64.302 ms | Avg Time: 59.330 ms | Load Imbalance: 1.084' [0m
			|--[91m 'input_linear X * W | Max Time: 11.214 ms | Avg Time: 11.117 ms | Load Imbalance: 1.009' [0m
			|--[91m 'all-reduce | Max Time: 33.858 ms | Avg Time: 27.433 ms | Load Imbalance: 1.234' [0m
			|--[91m 'OUT + BIAS | Max Time: 5.145 ms | Avg Time: 4.359 ms | Load Imbalance: 1.180' [0m
		|--[96m 'gcn conv fwd | Max Time: 357.597 ms | Avg Time: 355.054 ms | Load Imbalance: 1.007' [0m
			|--[91m 'AGG = A * H | Max Time: 22.578 ms | Avg Time: 21.615 ms | Load Imbalance: 1.045' [0m
			|--[91m 'allreduce H | Max Time: 139.743 ms | Avg Time: 136.401 ms | Load Imbalance: 1.025' [0m
				|--[95m 'all-reduce | Max Time: 131.518 ms | Avg Time: 128.053 ms | Load Imbalance: 1.027' [0m
			|--[91m 'Allgather W | Max Time: 82.182 ms | Avg Time: 80.061 ms | Load Imbalance: 1.026' [0m
				|--[95m 'gather | Max Time: 76.138 ms | Avg Time: 73.616 ms | Load Imbalance: 1.034' [0m
			|--[91m 'OUT = AGG * W | Max Time: 12.336 ms | Avg Time: 11.209 ms | Load Imbalance: 1.101' [0m
			|--[91m 'allreduce Q | Max Time: 81.617 ms | Avg Time: 78.851 ms | Load Imbalance: 1.035' [0m
				|--[95m 'all-reduce | Max Time: 75.960 ms | Avg Time: 72.126 ms | Load Imbalance: 1.053' [0m
		|--[96m 'activation | Max Time: 103.972 ms | Avg Time: 103.060 ms | Load Imbalance: 1.009' [0m
			|--[91m 'all-reduce | Max Time: 63.114 ms | Avg Time: 57.914 ms | Load Imbalance: 1.090' [0m
		|--[96m 'output_linear | Max Time: 17.750 ms | Avg Time: 16.347 ms | Load Imbalance: 1.086' [0m
			|--[91m 'output_linear X * W | Max Time: 5.309 ms | Avg Time: 4.783 ms | Load Imbalance: 1.110' [0m
			|--[91m 'all-reduce | Max Time: 1.704 ms | Avg Time: 1.511 ms | Load Imbalance: 1.128' [0m
			|--[91m 'OUT + BIAS | Max Time: 3.134 ms | Avg Time: 2.875 ms | Load Imbalance: 1.090' [0m
		|--[96m 'cross entropy fwd | Max Time: 189.315 ms | Avg Time: 185.390 ms | Load Imbalance: 1.021' [0m
		|--[96m 'cross entropy bwd | Max Time: 4.926 ms | Avg Time: 4.739 ms | Load Imbalance: 1.040' [0m
		|--[96m 'linear_3d_bwd | Max Time: 135.727 ms | Avg Time: 129.594 ms | Load Imbalance: 1.047' [0m
			|--[91m 'output_linear GRAD_X | Max Time: 4.327 ms | Avg Time: 3.995 ms | Load Imbalance: 1.083' [0m
			|--[91m 'all-reduce | Max Time: 105.929 ms | Avg Time: 97.608 ms | Load Imbalance: 1.085' [0m
			|--[91m 'output_linear GRAD_W | Max Time: 4.806 ms | Avg Time: 3.921 ms | Load Imbalance: 1.226' [0m
			|--[91m 'input_linear GRAD_W | Max Time: 5.065 ms | Avg Time: 4.370 ms | Load Imbalance: 1.159' [0m
		|--[96m 'gcn conv bwd | Max Time: 277.130 ms | Avg Time: 271.622 ms | Load Imbalance: 1.020' [0m
			|--[91m 'gather | Max Time: 54.574 ms | Avg Time: 49.608 ms | Load Imbalance: 1.100' [0m
			|--[91m 'GRAD_AGG = GRAD_OUT * W.T | Max Time: 11.906 ms | Avg Time: 10.985 ms | Load Imbalance: 1.084' [0m
			|--[91m 'all-reduce | Max Time: 87.369 ms | Avg Time: 84.051 ms | Load Imbalance: 1.039' [0m
			|--[91m 'GRAD_W = AGG.T * GRAD_OUT | Max Time: 12.573 ms | Avg Time: 10.920 ms | Load Imbalance: 1.151' [0m
			|--[91m 'ReduceScatter grad_weight | Max Time: 47.913 ms | Avg Time: 44.796 ms | Load Imbalance: 1.070' [0m
				|--[95m 'reduce-scatter | Max Time: 44.040 ms | Avg Time: 40.138 ms | Load Imbalance: 1.097' [0m
					|--[92m 'reduce-scatter-dist | Max Time: 39.702 ms | Avg Time: 35.366 ms | Load Imbalance: 1.123' [0m
			|--[91m 'GRAD_H = A.T * GRAD_AGG | Max Time: 15.784 ms | Avg Time: 14.539 ms | Load Imbalance: 1.086' [0m
			|--[91m 'allreduce grad_x | Max Time: 34.856 ms | Avg Time: 32.781 ms | Load Imbalance: 1.063' [0m
				|--[95m 'all-reduce | Max Time: 31.637 ms | Avg Time: 28.795 ms | Load Imbalance: 1.099' [0m
		|--[96m 'sync_norm_gradients | Max Time: 38.198 ms | Avg Time: 35.875 ms | Load Imbalance: 1.065' [0m
		|--[96m 'sync_data_parallel_gradients | Max Time: 1.260 ms | Avg Time: 0.877 ms | Load Imbalance: 1.436' [0m

|--[95m 'epoch 2 | Max Time: 1448.669 ms | Avg Time: 1448.066 ms | Load Imbalance: 1.000' [0m
	|--[92m 'prefetch launch | Max Time: 3.422 ms | Avg Time: 3.379 ms | Load Imbalance: 1.013' [0m
	|--[92m 'prefetch wait | Max Time: 109.674 ms | Avg Time: 106.340 ms | Load Imbalance: 1.031' [0m
	|--[92m 'train step | Max Time: 1314.950 ms | Avg Time: 1312.124 ms | Load Imbalance: 1.002' [0m
		|--[96m 'input_linear | Max Time: 61.648 ms | Avg Time: 59.015 ms | Load Imbalance: 1.045' [0m
			|--[91m 'input_linear X * W | Max Time: 11.065 ms | Avg Time: 10.986 ms | Load Imbalance: 1.007' [0m
			|--[91m 'all-reduce | Max Time: 31.245 ms | Avg Time: 26.726 ms | Load Imbalance: 1.169' [0m
			|--[91m 'OUT + BIAS | Max Time: 5.425 ms | Avg Time: 4.642 ms | Load Imbalance: 1.169' [0m
		|--[96m 'gcn conv fwd | Max Time: 362.896 ms | Avg Time: 359.994 ms | Load Imbalance: 1.008' [0m
			|--[91m 'AGG = A * H | Max Time: 23.483 ms | Avg Time: 22.067 ms | Load Imbalance: 1.064' [0m
			|--[91m 'allreduce H | Max Time: 145.352 ms | Avg Time: 140.357 ms | Load Imbalance: 1.036' [0m
				|--[95m 'all-reduce | Max Time: 136.968 ms | Avg Time: 131.701 ms | Load Imbalance: 1.040' [0m
			|--[91m 'Allgather W | Max Time: 81.880 ms | Avg Time: 81.081 ms | Load Imbalance: 1.010' [0m
				|--[95m 'gather | Max Time: 76.293 ms | Avg Time: 74.642 ms | Load Imbalance: 1.022' [0m
			|--[91m 'OUT = AGG * W | Max Time: 11.929 ms | Avg Time: 11.230 ms | Load Imbalance: 1.062' [0m
			|--[91m 'allreduce Q | Max Time: 79.427 ms | Avg Time: 77.852 ms | Load Imbalance: 1.020' [0m
				|--[95m 'all-reduce | Max Time: 73.494 ms | Avg Time: 71.267 ms | Load Imbalance: 1.031' [0m
		|--[96m 'activation | Max Time: 103.584 ms | Avg Time: 102.476 ms | Load Imbalance: 1.011' [0m
			|--[91m 'all-reduce | Max Time: 61.252 ms | Avg Time: 57.654 ms | Load Imbalance: 1.062' [0m
		|--[96m 'output_linear | Max Time: 18.081 ms | Avg Time: 16.602 ms | Load Imbalance: 1.089' [0m
			|--[91m 'output_linear X * W | Max Time: 5.539 ms | Avg Time: 4.951 ms | Load Imbalance: 1.119' [0m
			|--[91m 'all-reduce | Max Time: 1.636 ms | Avg Time: 1.494 ms | Load Imbalance: 1.095' [0m
			|--[91m 'OUT + BIAS | Max Time: 3.083 ms | Avg Time: 2.901 ms | Load Imbalance: 1.063' [0m
		|--[96m 'cross entropy fwd | Max Time: 188.907 ms | Avg Time: 184.753 ms | Load Imbalance: 1.022' [0m
		|--[96m 'cross entropy bwd | Max Time: 4.846 ms | Avg Time: 4.597 ms | Load Imbalance: 1.054' [0m
		|--[96m 'linear_3d_bwd | Max Time: 133.426 ms | Avg Time: 130.525 ms | Load Imbalance: 1.022' [0m
			|--[91m 'output_linear GRAD_X | Max Time: 3.958 ms | Avg Time: 3.705 ms | Load Imbalance: 1.068' [0m
			|--[91m 'all-reduce | Max Time: 103.179 ms | Avg Time: 99.635 ms | Load Imbalance: 1.036' [0m
			|--[91m 'output_linear GRAD_W | Max Time: 4.006 ms | Avg Time: 3.552 ms | Load Imbalance: 1.128' [0m
			|--[91m 'input_linear GRAD_W | Max Time: 4.707 ms | Avg Time: 4.402 ms | Load Imbalance: 1.069' [0m
		|--[96m 'gcn conv bwd | Max Time: 269.820 ms | Avg Time: 266.971 ms | Load Imbalance: 1.011' [0m
			|--[91m 'gather | Max Time: 49.867 ms | Avg Time: 46.937 ms | Load Imbalance: 1.062' [0m
			|--[91m 'GRAD_AGG = GRAD_OUT * W.T | Max Time: 11.266 ms | Avg Time: 10.725 ms | Load Imbalance: 1.050' [0m
			|--[91m 'all-reduce | Max Time: 87.313 ms | Avg Time: 84.262 ms | Load Imbalance: 1.036' [0m
			|--[91m 'GRAD_W = AGG.T * GRAD_OUT | Max Time: 11.841 ms | Avg Time: 10.782 ms | Load Imbalance: 1.098' [0m
			|--[91m 'ReduceScatter grad_weight | Max Time: 45.047 ms | Avg Time: 43.614 ms | Load Imbalance: 1.033' [0m
				|--[95m 'reduce-scatter | Max Time: 40.880 ms | Avg Time: 38.996 ms | Load Imbalance: 1.048' [0m
					|--[92m 'reduce-scatter-dist | Max Time: 36.234 ms | Avg Time: 34.160 ms | Load Imbalance: 1.061' [0m
			|--[91m 'GRAD_H = A.T * GRAD_AGG | Max Time: 15.235 ms | Avg Time: 14.513 ms | Load Imbalance: 1.050' [0m
			|--[91m 'allreduce grad_x | Max Time: 34.325 ms | Avg Time: 32.352 ms | Load Imbalance: 1.061' [0m
				|--[95m 'all-reduce | Max Time: 30.825 ms | Avg Time: 28.423 ms | Load Imbalance: 1.084' [0m
		|--[96m 'sync_norm_gradients | Max Time: 37.886 ms | Avg Time: 36.288 ms | Load Imbalance: 1.044' [0m
		|--[96m 'sync_data_parallel_gradients | Max Time: 1.107 ms | Avg Time: 0.903 ms | Load Imbalance: 1.225' [0m

Epoch: 002, Train Loss: 0.8616
Epoch: 003, Train Loss: 0.8248
Epoch: 004, Train Loss: 0.7872
TRAIN: acc 0.9338, f1_micro 0.9338, f1_macro 0.8944 (n=153431)
VAL: acc 0.9366, f1_micro 0.9366, f1_macro 0.8928 (n=23831)
TEST: acc 0.9388, f1_micro 0.9388, f1_macro 0.8963 (n=55703)
Epoch: 005, Train Loss: 0.7577
Epoch: 006, Train Loss: 0.7466
Epoch: 007, Train Loss: 0.7425
Epoch: 008, Train Loss: 0.7184
Epoch: 009, Train Loss: 0.7014
TRAIN: acc 0.9362, f1_micro 0.9362, f1_macro 0.9045 (n=153431)
VAL: acc 0.9389, f1_micro 0.9389, f1_macro 0.8990 (n=23831)
TEST: acc 0.9396, f1_micro 0.9396, f1_macro 0.9034 (n=55703)
Epoch: 010, Train Loss: 0.6832
Epoch: 011, Train Loss: 0.6750
Epoch: 012, Train Loss: 0.6613
Epoch: 013, Train Loss: 0.6498
Epoch: 014, Train Loss: 0.6452
TRAIN: acc 0.9405, f1_micro 0.9405, f1_macro 0.9100 (n=153431)
VAL: acc 0.9415, f1_micro 0.9415, f1_macro 0.9028 (n=23831)
TEST: acc 0.9426, f1_micro 0.9426, f1_macro 0.9070 (n=55703)
Epoch: 015, Train Loss: 0.6309
Epoch: 016, Train Loss: 0.6116
Epoch: 017, Train Loss: 0.6037
Epoch: 018, Train Loss: 0.6042
Epoch: 019, Train Loss: 0.5937
TRAIN: acc 0.9407, f1_micro 0.9407, f1_macro 0.9139 (n=153431)
VAL: acc 0.9400, f1_micro 0.9400, f1_macro 0.9040 (n=23831)
TEST: acc 0.9424, f1_micro 0.9424, f1_macro 0.9125 (n=55703)
Epoch: 020, Train Loss: 0.5833
Epoch: 021, Train Loss: 0.5772
Epoch: 022, Train Loss: 0.5684
Epoch: 023, Train Loss: 0.5595
Epoch: 024, Train Loss: 0.5575
TRAIN: acc 0.9416, f1_micro 0.9416, f1_macro 0.9136 (n=153431)
VAL: acc 0.9409, f1_micro 0.9409, f1_macro 0.9047 (n=23831)
TEST: acc 0.9426, f1_micro 0.9426, f1_macro 0.9085 (n=55703)
Epoch: 025, Train Loss: 0.5546
Epoch: 026, Train Loss: 0.5347
Epoch: 027, Train Loss: 0.5392
Epoch: 028, Train Loss: 0.5284
Epoch: 029, Train Loss: 0.5263
TRAIN: acc 0.9441, f1_micro 0.9441, f1_macro 0.9186 (n=153431)
VAL: acc 0.9417, f1_micro 0.9417, f1_macro 0.9067 (n=23831)
TEST: acc 0.9433, f1_micro 0.9433, f1_macro 0.9115 (n=55703)
Epoch: 030, Train Loss: 0.5216
Epoch: 031, Train Loss: 0.5112
Epoch: 032, Train Loss: 0.5023
Epoch: 033, Train Loss: 0.5074
Epoch: 034, Train Loss: 0.4929
TRAIN: acc 0.9432, f1_micro 0.9432, f1_macro 0.9173 (n=153431)
VAL: acc 0.9406, f1_micro 0.9406, f1_macro 0.9054 (n=23831)
TEST: acc 0.9438, f1_micro 0.9438, f1_macro 0.9108 (n=55703)
Epoch: 035, Train Loss: 0.4959
Epoch: 036, Train Loss: 0.4984
Epoch: 037, Train Loss: 0.4842
Epoch: 038, Train Loss: 0.4865
Epoch: 039, Train Loss: 0.4839
TRAIN: acc 0.9414, f1_micro 0.9414, f1_macro 0.9140 (n=153431)
VAL: acc 0.9401, f1_micro 0.9401, f1_macro 0.9036 (n=23831)
TEST: acc 0.9420, f1_micro 0.9420, f1_macro 0.9076 (n=55703)
Epoch: 040, Train Loss: 0.4767
Epoch: 041, Train Loss: 0.4699
Epoch: 042, Train Loss: 0.4774
Epoch: 043, Train Loss: 0.4698
Epoch: 044, Train Loss: 0.4653
TRAIN: acc 0.9394, f1_micro 0.9394, f1_macro 0.9128 (n=153431)
VAL: acc 0.9379, f1_micro 0.9379, f1_macro 0.9001 (n=23831)
TEST: acc 0.9401, f1_micro 0.9401, f1_macro 0.9074 (n=55703)
Epoch: 045, Train Loss: 0.4636
Epoch: 046, Train Loss: 0.4577
Epoch: 047, Train Loss: 0.4566
Epoch: 048, Train Loss: 0.4527
Epoch: 049, Train Loss: 0.4603
TRAIN: acc 0.9424, f1_micro 0.9424, f1_macro 0.9156 (n=153431)
VAL: acc 0.9405, f1_micro 0.9405, f1_macro 0.9041 (n=23831)
TEST: acc 0.9425, f1_micro 0.9425, f1_macro 0.9087 (n=55703)
Epoch: 050, Train Loss: 0.4465
Epoch: 051, Train Loss: 0.4491
Epoch: 052, Train Loss: 0.4489
Epoch: 053, Train Loss: 0.4484
Epoch: 054, Train Loss: 0.4408
TRAIN: acc 0.9442, f1_micro 0.9442, f1_macro 0.9183 (n=153431)
VAL: acc 0.9414, f1_micro 0.9414, f1_macro 0.9065 (n=23831)
TEST: acc 0.9444, f1_micro 0.9444, f1_macro 0.9133 (n=55703)
Epoch: 055, Train Loss: 0.4460
Epoch: 056, Train Loss: 0.4369
Epoch: 057, Train Loss: 0.4389
Epoch: 058, Train Loss: 0.4361
Epoch: 059, Train Loss: 0.4371
TRAIN: acc 0.9430, f1_micro 0.9430, f1_macro 0.9175 (n=153431)
VAL: acc 0.9410, f1_micro 0.9410, f1_macro 0.9046 (n=23831)
TEST: acc 0.9437, f1_micro 0.9437, f1_macro 0.9113 (n=55703)
Epoch: 060, Train Loss: 0.4343
Epoch: 061, Train Loss: 0.4350
Epoch: 062, Train Loss: 0.4344
Epoch: 063, Train Loss: 0.4382
Epoch: 064, Train Loss: 0.4268
TRAIN: acc 0.9421, f1_micro 0.9421, f1_macro 0.9162 (n=153431)
VAL: acc 0.9400, f1_micro 0.9400, f1_macro 0.9032 (n=23831)
TEST: acc 0.9424, f1_micro 0.9424, f1_macro 0.9103 (n=55703)
Epoch: 065, Train Loss: 0.4235
Epoch: 066, Train Loss: 0.4235
Epoch: 067, Train Loss: 0.4287
Epoch: 068, Train Loss: 0.4322
Epoch: 069, Train Loss: 0.4179
TRAIN: acc 0.9422, f1_micro 0.9422, f1_macro 0.9122 (n=153431)
VAL: acc 0.9398, f1_micro 0.9398, f1_macro 0.8959 (n=23831)
TEST: acc 0.9419, f1_micro 0.9419, f1_macro 0.9057 (n=55703)
Epoch: 070, Train Loss: 0.4197
Epoch: 071, Train Loss: 0.4168
Epoch: 072, Train Loss: 0.4163
Epoch: 073, Train Loss: 0.4251
Epoch: 074, Train Loss: 0.4249
TRAIN: acc 0.9392, f1_micro 0.9392, f1_macro 0.9098 (n=153431)
VAL: acc 0.9363, f1_micro 0.9363, f1_macro 0.8973 (n=23831)
TEST: acc 0.9390, f1_micro 0.9390, f1_macro 0.9033 (n=55703)
Epoch: 075, Train Loss: 0.4206
Epoch: 076, Train Loss: 0.4191
Epoch: 077, Train Loss: 0.4163
Epoch: 078, Train Loss: 0.4215
Epoch: 079, Train Loss: 0.4092
TRAIN: acc 0.9427, f1_micro 0.9427, f1_macro 0.9168 (n=153431)
VAL: acc 0.9404, f1_micro 0.9404, f1_macro 0.9024 (n=23831)
TEST: acc 0.9427, f1_micro 0.9427, f1_macro 0.9113 (n=55703)
Epoch: 080, Train Loss: 0.4180
Epoch: 081, Train Loss: 0.4146
Epoch: 082, Train Loss: 0.4123
Epoch: 083, Train Loss: 0.4092
Epoch: 084, Train Loss: 0.4126
TRAIN: acc 0.9425, f1_micro 0.9425, f1_macro 0.9153 (n=153431)
VAL: acc 0.9390, f1_micro 0.9390, f1_macro 0.8983 (n=23831)
TEST: acc 0.9417, f1_micro 0.9417, f1_macro 0.9091 (n=55703)
Epoch: 085, Train Loss: 0.4156
Epoch: 086, Train Loss: 0.4077
Epoch: 087, Train Loss: 0.4060
Epoch: 088, Train Loss: 0.4137
Epoch: 089, Train Loss: 0.4043
TRAIN: acc 0.9447, f1_micro 0.9447, f1_macro 0.9197 (n=153431)
VAL: acc 0.9416, f1_micro 0.9416, f1_macro 0.9043 (n=23831)
TEST: acc 0.9442, f1_micro 0.9442, f1_macro 0.9119 (n=55703)
Epoch: 090, Train Loss: 0.4025
Epoch: 091, Train Loss: 0.4036
Epoch: 092, Train Loss: 0.4021
Epoch: 093, Train Loss: 0.4020
Epoch: 094, Train Loss: 0.4054
TRAIN: acc 0.9446, f1_micro 0.9446, f1_macro 0.9182 (n=153431)
VAL: acc 0.9413, f1_micro 0.9413, f1_macro 0.9054 (n=23831)
TEST: acc 0.9442, f1_micro 0.9442, f1_macro 0.9110 (n=55703)
Epoch: 095, Train Loss: 0.4053
Epoch: 096, Train Loss: 0.4113
Epoch: 097, Train Loss: 0.4014
Epoch: 098, Train Loss: 0.4023
Epoch: 099, Train Loss: 0.3969
TRAIN: acc 0.9422, f1_micro 0.9422, f1_macro 0.9158 (n=153431)
VAL: acc 0.9412, f1_micro 0.9412, f1_macro 0.9047 (n=23831)
TEST: acc 0.9429, f1_micro 0.9429, f1_macro 0.9097 (n=55703)
Epoch: 100, Train Loss: 0.4010
Epoch: 101, Train Loss: 0.3972
Epoch: 102, Train Loss: 0.3967
Epoch: 103, Train Loss: 0.3945
Epoch: 104, Train Loss: 0.3989
TRAIN: acc 0.9419, f1_micro 0.9419, f1_macro 0.9168 (n=153431)
VAL: acc 0.9386, f1_micro 0.9386, f1_macro 0.9013 (n=23831)
TEST: acc 0.9416, f1_micro 0.9416, f1_macro 0.9082 (n=55703)
Epoch: 105, Train Loss: 0.3980
Epoch: 106, Train Loss: 0.3997
Epoch: 107, Train Loss: 0.3990
Epoch: 108, Train Loss: 0.3915
Epoch: 109, Train Loss: 0.3937
TRAIN: acc 0.9385, f1_micro 0.9385, f1_macro 0.9119 (n=153431)
VAL: acc 0.9368, f1_micro 0.9368, f1_macro 0.8980 (n=23831)
TEST: acc 0.9396, f1_micro 0.9396, f1_macro 0.9067 (n=55703)
Epoch: 110, Train Loss: 0.3902
Epoch: 111, Train Loss: 0.3899
Epoch: 112, Train Loss: 0.3892
Epoch: 113, Train Loss: 0.3932
Epoch: 114, Train Loss: 0.3902
TRAIN: acc 0.9413, f1_micro 0.9413, f1_macro 0.9147 (n=153431)
VAL: acc 0.9387, f1_micro 0.9387, f1_macro 0.8994 (n=23831)
TEST: acc 0.9418, f1_micro 0.9418, f1_macro 0.9088 (n=55703)
Epoch: 115, Train Loss: 0.3874
Epoch: 116, Train Loss: 0.3891
Epoch: 117, Train Loss: 0.3857
Epoch: 118, Train Loss: 0.3887
Epoch: 119, Train Loss: 0.3883
TRAIN: acc 0.9437, f1_micro 0.9437, f1_macro 0.9170 (n=153431)
VAL: acc 0.9403, f1_micro 0.9403, f1_macro 0.9009 (n=23831)
TEST: acc 0.9432, f1_micro 0.9432, f1_macro 0.9108 (n=55703)
Epoch: 120, Train Loss: 0.3886
Epoch: 121, Train Loss: 0.3909
Epoch: 122, Train Loss: 0.3916
Epoch: 123, Train Loss: 0.3882
Epoch: 124, Train Loss: 0.3888
TRAIN: acc 0.9432, f1_micro 0.9432, f1_macro 0.9172 (n=153431)
VAL: acc 0.9411, f1_micro 0.9411, f1_macro 0.9053 (n=23831)
TEST: acc 0.9438, f1_micro 0.9438, f1_macro 0.9123 (n=55703)
Epoch: 125, Train Loss: 0.3861
Epoch: 126, Train Loss: 0.3914
Epoch: 127, Train Loss: 0.3815
Epoch: 128, Train Loss: 0.3875
Epoch: 129, Train Loss: 0.3868
TRAIN: acc 0.9437, f1_micro 0.9437, f1_macro 0.9187 (n=153431)
VAL: acc 0.9410, f1_micro 0.9410, f1_macro 0.9038 (n=23831)
TEST: acc 0.9427, f1_micro 0.9427, f1_macro 0.9110 (n=55703)
Epoch: 130, Train Loss: 0.3907
Epoch: 131, Train Loss: 0.3863
Epoch: 132, Train Loss: 0.3793
Epoch: 133, Train Loss: 0.3796
Epoch: 134, Train Loss: 0.3878
TRAIN: acc 0.9434, f1_micro 0.9434, f1_macro 0.9159 (n=153431)
VAL: acc 0.9409, f1_micro 0.9409, f1_macro 0.9045 (n=23831)
TEST: acc 0.9429, f1_micro 0.9429, f1_macro 0.9093 (n=55703)
Epoch: 135, Train Loss: 0.3799
Epoch: 136, Train Loss: 0.3861
Epoch: 137, Train Loss: 0.3847
Epoch: 138, Train Loss: 0.3766
Epoch: 139, Train Loss: 0.3866
TRAIN: acc 0.9459, f1_micro 0.9459, f1_macro 0.9221 (n=153431)
VAL: acc 0.9423, f1_micro 0.9423, f1_macro 0.9077 (n=23831)
TEST: acc 0.9447, f1_micro 0.9447, f1_macro 0.9143 (n=55703)
Epoch: 140, Train Loss: 0.3844
Epoch: 141, Train Loss: 0.3769
Epoch: 142, Train Loss: 0.3765
Epoch: 143, Train Loss: 0.3786
Epoch: 144, Train Loss: 0.3823
TRAIN: acc 0.9450, f1_micro 0.9450, f1_macro 0.9208 (n=153431)
VAL: acc 0.9428, f1_micro 0.9428, f1_macro 0.9095 (n=23831)
TEST: acc 0.9451, f1_micro 0.9451, f1_macro 0.9141 (n=55703)
Epoch: 145, Train Loss: 0.3778
Epoch: 146, Train Loss: 0.3751
Epoch: 147, Train Loss: 0.3717
Epoch: 148, Train Loss: 0.3825
Epoch: 149, Train Loss: 0.3796
TRAIN: acc 0.9443, f1_micro 0.9443, f1_macro 0.9186 (n=153431)
VAL: acc 0.9425, f1_micro 0.9425, f1_macro 0.9078 (n=23831)
TEST: acc 0.9444, f1_micro 0.9444, f1_macro 0.9132 (n=55703)
Epoch: 150, Train Loss: 0.3775
Epoch: 151, Train Loss: 0.3766
Epoch: 152, Train Loss: 0.3727
Epoch: 153, Train Loss: 0.3793
Epoch: 154, Train Loss: 0.3811
TRAIN: acc 0.9417, f1_micro 0.9417, f1_macro 0.9147 (n=153431)
VAL: acc 0.9404, f1_micro 0.9404, f1_macro 0.9037 (n=23831)
TEST: acc 0.9422, f1_micro 0.9422, f1_macro 0.9091 (n=55703)
Epoch: 155, Train Loss: 0.3810
Epoch: 156, Train Loss: 0.3742
Epoch: 157, Train Loss: 0.3743
Epoch: 158, Train Loss: 0.3718
Epoch: 159, Train Loss: 0.3784
TRAIN: acc 0.9426, f1_micro 0.9426, f1_macro 0.9174 (n=153431)
VAL: acc 0.9404, f1_micro 0.9404, f1_macro 0.9061 (n=23831)
TEST: acc 0.9431, f1_micro 0.9431, f1_macro 0.9124 (n=55703)
Epoch: 160, Train Loss: 0.3802
Epoch: 161, Train Loss: 0.3724
Epoch: 162, Train Loss: 0.3722
Epoch: 163, Train Loss: 0.3760
Epoch: 164, Train Loss: 0.3728
TRAIN: acc 0.9432, f1_micro 0.9432, f1_macro 0.9154 (n=153431)
VAL: acc 0.9400, f1_micro 0.9400, f1_macro 0.9018 (n=23831)
TEST: acc 0.9427, f1_micro 0.9427, f1_macro 0.9091 (n=55703)
Epoch: 165, Train Loss: 0.3680
Epoch: 166, Train Loss: 0.3767
Epoch: 167, Train Loss: 0.3738
Epoch: 168, Train Loss: 0.3719
Epoch: 169, Train Loss: 0.3745
TRAIN: acc 0.9433, f1_micro 0.9433, f1_macro 0.9168 (n=153431)
VAL: acc 0.9391, f1_micro 0.9391, f1_macro 0.9008 (n=23831)
TEST: acc 0.9430, f1_micro 0.9430, f1_macro 0.9104 (n=55703)
Epoch: 170, Train Loss: 0.3709
Epoch: 171, Train Loss: 0.3781
Epoch: 172, Train Loss: 0.3759
Epoch: 173, Train Loss: 0.3723
Epoch: 174, Train Loss: 0.3787
TRAIN: acc 0.9451, f1_micro 0.9451, f1_macro 0.9211 (n=153431)
VAL: acc 0.9419, f1_micro 0.9419, f1_macro 0.9075 (n=23831)
TEST: acc 0.9449, f1_micro 0.9449, f1_macro 0.9143 (n=55703)
Epoch: 175, Train Loss: 0.3742
Epoch: 176, Train Loss: 0.3771
Epoch: 177, Train Loss: 0.3646
Epoch: 178, Train Loss: 0.3719
Epoch: 179, Train Loss: 0.3654
TRAIN: acc 0.9412, f1_micro 0.9412, f1_macro 0.9145 (n=153431)
VAL: acc 0.9399, f1_micro 0.9399, f1_macro 0.9041 (n=23831)
TEST: acc 0.9417, f1_micro 0.9417, f1_macro 0.9071 (n=55703)
Epoch: 180, Train Loss: 0.3662
Epoch: 181, Train Loss: 0.3753
Epoch: 182, Train Loss: 0.3669
Epoch: 183, Train Loss: 0.3691
Epoch: 184, Train Loss: 0.3680
TRAIN: acc 0.9429, f1_micro 0.9429, f1_macro 0.9168 (n=153431)
VAL: acc 0.9403, f1_micro 0.9403, f1_macro 0.9040 (n=23831)
TEST: acc 0.9427, f1_micro 0.9427, f1_macro 0.9105 (n=55703)
Epoch: 185, Train Loss: 0.3661
Epoch: 186, Train Loss: 0.3725
Epoch: 187, Train Loss: 0.3762
Epoch: 188, Train Loss: 0.3765
Epoch: 189, Train Loss: 0.3674
TRAIN: acc 0.9414, f1_micro 0.9414, f1_macro 0.9141 (n=153431)
VAL: acc 0.9401, f1_micro 0.9401, f1_macro 0.9025 (n=23831)
TEST: acc 0.9414, f1_micro 0.9414, f1_macro 0.9064 (n=55703)
Epoch: 190, Train Loss: 0.3663
Epoch: 191, Train Loss: 0.3707
Epoch: 192, Train Loss: 0.3701
Epoch: 193, Train Loss: 0.3698
Epoch: 194, Train Loss: 0.3750
TRAIN: acc 0.9448, f1_micro 0.9448, f1_macro 0.9206 (n=153431)
VAL: acc 0.9421, f1_micro 0.9421, f1_macro 0.9071 (n=23831)
TEST: acc 0.9442, f1_micro 0.9442, f1_macro 0.9133 (n=55703)
Epoch: 195, Train Loss: 0.3700
Epoch: 196, Train Loss: 0.3663
Epoch: 197, Train Loss: 0.3716
Epoch: 198, Train Loss: 0.3623
Epoch: 199, Train Loss: 0.3700
TRAIN: acc 0.9406, f1_micro 0.9406, f1_macro 0.9135 (n=153431)
VAL: acc 0.9384, f1_micro 0.9384, f1_macro 0.9020 (n=23831)
TEST: acc 0.9409, f1_micro 0.9409, f1_macro 0.9060 (n=55703)
rank 1 Peak GPU memory: 6.16 GB
rank 2 Peak GPU memory: 6.16 GB
rank 0 Peak GPU memory: 6.15 GB
rank 3 Peak GPU memory: 6.18 GB
OGB (best val):
Highest Train (acc): 94.59
Highest Valid (acc): 94.28
  Final Train (acc): 94.50
   Final Test (acc): 94.51
