/pscratch/sd/c/cunyang/gnn/plexus/plexus/utils/dataloader.py:425: UserWarning: Sparse CSR tensor support is in beta state. If you miss a functionality in the sparse tensor support, please submit a feature request to https://github.com/pytorch/pytorch/issues. (Triggered internally at /pytorch/aten/src/ATen/SparseCsrTensorImpl.cpp:53.)
  adj_local = adj_local.to_sparse_csr()
/pscratch/sd/c/cunyang/gnn/plexus/plexus/utils/dataloader.py:425: UserWarning: Sparse CSR tensor support is in beta state. If you miss a functionality in the sparse tensor support, please submit a feature request to https://github.com/pytorch/pytorch/issues. (Triggered internally at /pytorch/aten/src/ATen/SparseCsrTensorImpl.cpp:53.)
  adj_local = adj_local.to_sparse_csr()
/pscratch/sd/c/cunyang/gnn/plexus/plexus/utils/dataloader.py:425: UserWarning: Sparse CSR tensor support is in beta state. If you miss a functionality in the sparse tensor support, please submit a feature request to https://github.com/pytorch/pytorch/issues. (Triggered internally at /pytorch/aten/src/ATen/SparseCsrTensorImpl.cpp:53.)
  adj_local = adj_local.to_sparse_csr()
/pscratch/sd/c/cunyang/gnn/plexus/plexus/utils/dataloader.py:425: UserWarning: Sparse CSR tensor support is in beta state. If you miss a functionality in the sparse tensor support, please submit a feature request to https://github.com/pytorch/pytorch/issues. (Triggered internally at /pytorch/aten/src/ATen/SparseCsrTensorImpl.cpp:53.)
  adj_local = adj_local.to_sparse_csr()
steps_per_epoch:  21
steps_per_epoch:  21
steps_per_epoch:  21
steps_per_epoch:  21
Epoch: 000, Train Loss: 2.7525
Epoch: 001, Train Loss: 1.4851
|--[95m 'drop | Max Time: 0.170 ms | Avg Time: 0.162 ms | Load Imbalance: 1.050' [0m

|--[95m 'epoch 0 | Max Time: 1273.896 ms | Avg Time: 1273.420 ms | Load Imbalance: 1.000' [0m
	|--[92m 'prefetch launch | Max Time: 1.087 ms | Avg Time: 1.003 ms | Load Imbalance: 1.084' [0m
	|--[92m 'prefetch wait | Max Time: 179.557 ms | Avg Time: 177.388 ms | Load Imbalance: 1.012' [0m
	|--[92m 'train step | Max Time: 1092.120 ms | Avg Time: 1089.794 ms | Load Imbalance: 1.002' [0m
		|--[96m 'input_linear | Max Time: 262.236 ms | Avg Time: 261.663 ms | Load Imbalance: 1.002' [0m
			|--[91m 'input_linear X * W | Max Time: 141.162 ms | Avg Time: 141.099 ms | Load Imbalance: 1.000' [0m
			|--[91m 'all-reduce | Max Time: 117.811 ms | Avg Time: 117.374 ms | Load Imbalance: 1.004' [0m
			|--[91m 'OUT + BIAS | Max Time: 1.103 ms | Avg Time: 0.772 ms | Load Imbalance: 1.429' [0m
		|--[96m 'gcn conv fwd | Max Time: 293.556 ms | Avg Time: 293.293 ms | Load Imbalance: 1.001' [0m
			|--[91m 'AGG = A * H | Max Time: 59.061 ms | Avg Time: 58.270 ms | Load Imbalance: 1.014' [0m
			|--[91m 'allreduce H | Max Time: 183.506 ms | Avg Time: 182.813 ms | Load Imbalance: 1.004' [0m
				|--[95m 'all-reduce | Max Time: 182.559 ms | Avg Time: 181.575 ms | Load Imbalance: 1.005' [0m
			|--[91m 'Allgather W | Max Time: 26.895 ms | Avg Time: 25.872 ms | Load Imbalance: 1.040' [0m
				|--[95m 'gather | Max Time: 26.315 ms | Avg Time: 24.982 ms | Load Imbalance: 1.053' [0m
			|--[91m 'OUT = AGG * W | Max Time: 4.245 ms | Avg Time: 3.620 ms | Load Imbalance: 1.173' [0m
			|--[91m 'allreduce Q | Max Time: 19.924 ms | Avg Time: 18.770 ms | Load Imbalance: 1.061' [0m
				|--[95m 'all-reduce | Max Time: 19.323 ms | Avg Time: 17.829 ms | Load Imbalance: 1.084' [0m
		|--[96m 'activation | Max Time: 99.372 ms | Avg Time: 98.879 ms | Load Imbalance: 1.005' [0m
			|--[91m 'all-reduce | Max Time: 11.693 ms | Avg Time: 8.739 ms | Load Imbalance: 1.338' [0m
		|--[96m 'output_linear | Max Time: 4.765 ms | Avg Time: 3.310 ms | Load Imbalance: 1.439' [0m
			|--[91m 'output_linear X * W | Max Time: 1.684 ms | Avg Time: 1.282 ms | Load Imbalance: 1.314' [0m
			|--[91m 'all-reduce | Max Time: 0.357 ms | Avg Time: 0.253 ms | Load Imbalance: 1.408' [0m
			|--[91m 'OUT + BIAS | Max Time: 0.673 ms | Avg Time: 0.502 ms | Load Imbalance: 1.343' [0m
		|--[96m 'cross entropy fwd | Max Time: 90.516 ms | Avg Time: 86.945 ms | Load Imbalance: 1.041' [0m
		|--[96m 'cross entropy bwd | Max Time: 1.663 ms | Avg Time: 1.394 ms | Load Imbalance: 1.193' [0m
		|--[96m 'linear_3d_bwd | Max Time: 58.276 ms | Avg Time: 57.239 ms | Load Imbalance: 1.018' [0m
			|--[91m 'output_linear GRAD_X | Max Time: 2.581 ms | Avg Time: 2.308 ms | Load Imbalance: 1.118' [0m
			|--[91m 'all-reduce | Max Time: 23.153 ms | Avg Time: 20.340 ms | Load Imbalance: 1.138' [0m
			|--[91m 'output_linear GRAD_W | Max Time: 30.241 ms | Avg Time: 28.019 ms | Load Imbalance: 1.079' [0m
			|--[91m 'input_linear GRAD_W | Max Time: 2.135 ms | Avg Time: 1.884 ms | Load Imbalance: 1.133' [0m
		|--[96m 'gcn conv bwd | Max Time: 77.212 ms | Avg Time: 74.171 ms | Load Imbalance: 1.041' [0m
			|--[91m 'gather | Max Time: 13.585 ms | Avg Time: 11.103 ms | Load Imbalance: 1.223' [0m
			|--[91m 'GRAD_AGG = GRAD_OUT * W.T | Max Time: 5.310 ms | Avg Time: 4.509 ms | Load Imbalance: 1.178' [0m
			|--[91m 'all-reduce | Max Time: 26.103 ms | Avg Time: 23.709 ms | Load Imbalance: 1.101' [0m
			|--[91m 'GRAD_W = AGG.T * GRAD_OUT | Max Time: 3.564 ms | Avg Time: 3.224 ms | Load Imbalance: 1.105' [0m
			|--[91m 'ReduceScatter grad_weight | Max Time: 11.469 ms | Avg Time: 10.703 ms | Load Imbalance: 1.072' [0m
				|--[95m 'reduce-scatter | Max Time: 10.720 ms | Avg Time: 9.829 ms | Load Imbalance: 1.091' [0m
					|--[92m 'reduce-scatter-dist | Max Time: 9.902 ms | Avg Time: 8.853 ms | Load Imbalance: 1.118' [0m
			|--[91m 'GRAD_H = A.T * GRAD_AGG | Max Time: 8.944 ms | Avg Time: 5.634 ms | Load Imbalance: 1.587' [0m
			|--[91m 'allreduce grad_x | Max Time: 14.457 ms | Avg Time: 10.991 ms | Load Imbalance: 1.315' [0m
				|--[95m 'all-reduce | Max Time: 14.015 ms | Avg Time: 10.219 ms | Load Imbalance: 1.371' [0m
		|--[96m 'sync_norm_gradients | Max Time: 8.484 ms | Avg Time: 7.948 ms | Load Imbalance: 1.067' [0m
		|--[96m 'sync_data_parallel_gradients | Max Time: 0.280 ms | Avg Time: 0.160 ms | Load Imbalance: 1.750' [0m

|--[95m 'epoch 1 | Max Time: 369.812 ms | Avg Time: 369.651 ms | Load Imbalance: 1.000' [0m
	|--[92m 'prefetch launch | Max Time: 0.778 ms | Avg Time: 0.739 ms | Load Imbalance: 1.054' [0m
	|--[92m 'prefetch wait | Max Time: 77.183 ms | Avg Time: 42.506 ms | Load Imbalance: 1.816' [0m
	|--[92m 'train step | Max Time: 332.831 ms | Avg Time: 321.036 ms | Load Imbalance: 1.037' [0m
		|--[96m 'input_linear | Max Time: 60.011 ms | Avg Time: 25.112 ms | Load Imbalance: 2.390' [0m
			|--[91m 'input_linear X * W | Max Time: 3.165 ms | Avg Time: 3.128 ms | Load Imbalance: 1.012' [0m
			|--[91m 'all-reduce | Max Time: 54.468 ms | Avg Time: 19.598 ms | Load Imbalance: 2.779' [0m
			|--[91m 'OUT + BIAS | Max Time: 0.519 ms | Avg Time: 0.413 ms | Load Imbalance: 1.255' [0m
		|--[96m 'gcn conv fwd | Max Time: 128.617 ms | Avg Time: 106.279 ms | Load Imbalance: 1.210' [0m
			|--[91m 'AGG = A * H | Max Time: 4.419 ms | Avg Time: 4.163 ms | Load Imbalance: 1.061' [0m
			|--[91m 'allreduce H | Max Time: 83.726 ms | Avg Time: 61.264 ms | Load Imbalance: 1.367' [0m
				|--[95m 'all-reduce | Max Time: 82.647 ms | Avg Time: 60.086 ms | Load Imbalance: 1.375' [0m
			|--[91m 'Allgather W | Max Time: 15.246 ms | Avg Time: 14.422 ms | Load Imbalance: 1.057' [0m
				|--[95m 'gather | Max Time: 14.618 ms | Avg Time: 13.589 ms | Load Imbalance: 1.076' [0m
			|--[91m 'OUT = AGG * W | Max Time: 3.812 ms | Avg Time: 3.318 ms | Load Imbalance: 1.149' [0m
			|--[91m 'allreduce Q | Max Time: 19.821 ms | Avg Time: 19.427 ms | Load Imbalance: 1.020' [0m
				|--[95m 'all-reduce | Max Time: 19.044 ms | Avg Time: 18.495 ms | Load Imbalance: 1.030' [0m
		|--[96m 'activation | Max Time: 18.196 ms | Avg Time: 17.919 ms | Load Imbalance: 1.015' [0m
			|--[91m 'all-reduce | Max Time: 11.213 ms | Avg Time: 9.619 ms | Load Imbalance: 1.166' [0m
		|--[96m 'output_linear | Max Time: 3.700 ms | Avg Time: 2.830 ms | Load Imbalance: 1.308' [0m
			|--[91m 'output_linear X * W | Max Time: 1.094 ms | Avg Time: 0.920 ms | Load Imbalance: 1.190' [0m
			|--[91m 'all-reduce | Max Time: 0.325 ms | Avg Time: 0.241 ms | Load Imbalance: 1.353' [0m
			|--[91m 'OUT + BIAS | Max Time: 0.663 ms | Avg Time: 0.508 ms | Load Imbalance: 1.306' [0m
		|--[96m 'cross entropy fwd | Max Time: 39.858 ms | Avg Time: 37.792 ms | Load Imbalance: 1.055' [0m
		|--[96m 'cross entropy bwd | Max Time: 1.031 ms | Avg Time: 1.013 ms | Load Imbalance: 1.018' [0m
		|--[96m 'linear_3d_bwd | Max Time: 28.010 ms | Avg Time: 27.470 ms | Load Imbalance: 1.020' [0m
			|--[91m 'output_linear GRAD_X | Max Time: 1.022 ms | Avg Time: 0.966 ms | Load Imbalance: 1.058' [0m
			|--[91m 'all-reduce | Max Time: 21.389 ms | Avg Time: 19.982 ms | Load Imbalance: 1.070' [0m
			|--[91m 'output_linear GRAD_W | Max Time: 0.934 ms | Avg Time: 0.748 ms | Load Imbalance: 1.249' [0m
			|--[91m 'input_linear GRAD_W | Max Time: 1.995 ms | Avg Time: 1.866 ms | Load Imbalance: 1.069' [0m
		|--[96m 'gcn conv bwd | Max Time: 65.754 ms | Avg Time: 64.352 ms | Load Imbalance: 1.022' [0m
			|--[91m 'gather | Max Time: 12.167 ms | Avg Time: 10.630 ms | Load Imbalance: 1.145' [0m
			|--[91m 'GRAD_AGG = GRAD_OUT * W.T | Max Time: 4.112 ms | Avg Time: 3.457 ms | Load Imbalance: 1.189' [0m
			|--[91m 'all-reduce | Max Time: 22.338 ms | Avg Time: 20.734 ms | Load Imbalance: 1.077' [0m
			|--[91m 'GRAD_W = AGG.T * GRAD_OUT | Max Time: 3.389 ms | Avg Time: 3.055 ms | Load Imbalance: 1.109' [0m
			|--[91m 'ReduceScatter grad_weight | Max Time: 10.027 ms | Avg Time: 9.678 ms | Load Imbalance: 1.036' [0m
				|--[95m 'reduce-scatter | Max Time: 9.344 ms | Avg Time: 8.906 ms | Load Imbalance: 1.049' [0m
					|--[92m 'reduce-scatter-dist | Max Time: 8.486 ms | Avg Time: 7.940 ms | Load Imbalance: 1.069' [0m
			|--[91m 'GRAD_H = A.T * GRAD_AGG | Max Time: 3.801 ms | Avg Time: 3.421 ms | Load Imbalance: 1.111' [0m
			|--[91m 'allreduce grad_x | Max Time: 10.209 ms | Avg Time: 9.668 ms | Load Imbalance: 1.056' [0m
				|--[95m 'all-reduce | Max Time: 9.723 ms | Avg Time: 9.025 ms | Load Imbalance: 1.077' [0m
		|--[96m 'sync_norm_gradients | Max Time: 7.985 ms | Avg Time: 7.601 ms | Load Imbalance: 1.050' [0m
		|--[96m 'sync_data_parallel_gradients | Max Time: 0.220 ms | Avg Time: 0.160 ms | Load Imbalance: 1.373' [0m

|--[95m 'epoch 2 | Max Time: 329.544 ms | Avg Time: 329.476 ms | Load Imbalance: 1.000' [0m
	|--[92m 'prefetch launch | Max Time: 0.760 ms | Avg Time: 0.720 ms | Load Imbalance: 1.056' [0m
	|--[92m 'prefetch wait | Max Time: 32.267 ms | Avg Time: 30.915 ms | Load Imbalance: 1.044' [0m
	|--[92m 'train step | Max Time: 294.342 ms | Avg Time: 292.412 ms | Load Imbalance: 1.007' [0m
		|--[96m 'input_linear | Max Time: 15.511 ms | Avg Time: 14.415 ms | Load Imbalance: 1.076' [0m
			|--[91m 'input_linear X * W | Max Time: 3.216 ms | Avg Time: 3.134 ms | Load Imbalance: 1.026' [0m
			|--[91m 'all-reduce | Max Time: 9.352 ms | Avg Time: 8.840 ms | Load Imbalance: 1.058' [0m
			|--[91m 'OUT + BIAS | Max Time: 0.630 ms | Avg Time: 0.397 ms | Load Imbalance: 1.588' [0m
		|--[96m 'gcn conv fwd | Max Time: 86.997 ms | Avg Time: 85.151 ms | Load Imbalance: 1.022' [0m
			|--[91m 'AGG = A * H | Max Time: 4.624 ms | Avg Time: 4.122 ms | Load Imbalance: 1.122' [0m
			|--[91m 'allreduce H | Max Time: 41.733 ms | Avg Time: 39.226 ms | Load Imbalance: 1.064' [0m
				|--[95m 'all-reduce | Max Time: 40.903 ms | Avg Time: 38.047 ms | Load Imbalance: 1.075' [0m
			|--[91m 'Allgather W | Max Time: 16.460 ms | Avg Time: 15.052 ms | Load Imbalance: 1.094' [0m
				|--[95m 'gather | Max Time: 15.776 ms | Avg Time: 14.170 ms | Load Imbalance: 1.113' [0m
			|--[91m 'OUT = AGG * W | Max Time: 4.068 ms | Avg Time: 3.373 ms | Load Imbalance: 1.206' [0m
			|--[91m 'allreduce Q | Max Time: 22.076 ms | Avg Time: 19.491 ms | Load Imbalance: 1.133' [0m
				|--[95m 'all-reduce | Max Time: 21.698 ms | Avg Time: 18.623 ms | Load Imbalance: 1.165' [0m
		|--[96m 'activation | Max Time: 19.793 ms | Avg Time: 17.935 ms | Load Imbalance: 1.104' [0m
			|--[91m 'all-reduce | Max Time: 12.145 ms | Avg Time: 9.518 ms | Load Imbalance: 1.276' [0m
		|--[96m 'output_linear | Max Time: 3.979 ms | Avg Time: 2.799 ms | Load Imbalance: 1.422' [0m
			|--[91m 'output_linear X * W | Max Time: 1.200 ms | Avg Time: 0.897 ms | Load Imbalance: 1.338' [0m
			|--[91m 'all-reduce | Max Time: 0.383 ms | Avg Time: 0.245 ms | Load Imbalance: 1.564' [0m
			|--[91m 'OUT + BIAS | Max Time: 0.657 ms | Avg Time: 0.500 ms | Load Imbalance: 1.313' [0m
		|--[96m 'cross entropy fwd | Max Time: 42.170 ms | Avg Time: 38.927 ms | Load Imbalance: 1.083' [0m
		|--[96m 'cross entropy bwd | Max Time: 1.140 ms | Avg Time: 1.050 ms | Load Imbalance: 1.086' [0m
		|--[96m 'linear_3d_bwd | Max Time: 28.892 ms | Avg Time: 27.778 ms | Load Imbalance: 1.040' [0m
			|--[91m 'output_linear GRAD_X | Max Time: 1.173 ms | Avg Time: 0.985 ms | Load Imbalance: 1.191' [0m
			|--[91m 'all-reduce | Max Time: 21.899 ms | Avg Time: 20.216 ms | Load Imbalance: 1.083' [0m
			|--[91m 'output_linear GRAD_W | Max Time: 1.003 ms | Avg Time: 0.734 ms | Load Imbalance: 1.368' [0m
			|--[91m 'input_linear GRAD_W | Max Time: 2.065 ms | Avg Time: 1.868 ms | Load Imbalance: 1.106' [0m
		|--[96m 'gcn conv bwd | Max Time: 69.368 ms | Avg Time: 66.652 ms | Load Imbalance: 1.041' [0m
			|--[91m 'gather | Max Time: 13.536 ms | Avg Time: 10.565 ms | Load Imbalance: 1.281' [0m
			|--[91m 'GRAD_AGG = GRAD_OUT * W.T | Max Time: 4.410 ms | Avg Time: 3.714 ms | Load Imbalance: 1.188' [0m
			|--[91m 'all-reduce | Max Time: 24.419 ms | Avg Time: 22.368 ms | Load Imbalance: 1.092' [0m
			|--[91m 'GRAD_W = AGG.T * GRAD_OUT | Max Time: 3.574 ms | Avg Time: 3.059 ms | Load Imbalance: 1.169' [0m
			|--[91m 'ReduceScatter grad_weight | Max Time: 10.356 ms | Avg Time: 9.480 ms | Load Imbalance: 1.092' [0m
				|--[95m 'reduce-scatter | Max Time: 9.745 ms | Avg Time: 8.660 ms | Load Imbalance: 1.125' [0m
					|--[92m 'reduce-scatter-dist | Max Time: 9.057 ms | Avg Time: 7.641 ms | Load Imbalance: 1.185' [0m
			|--[91m 'GRAD_H = A.T * GRAD_AGG | Max Time: 4.227 ms | Avg Time: 3.498 ms | Load Imbalance: 1.208' [0m
			|--[91m 'allreduce grad_x | Max Time: 11.184 ms | Avg Time: 9.943 ms | Load Imbalance: 1.125' [0m
				|--[95m 'all-reduce | Max Time: 10.658 ms | Avg Time: 9.242 ms | Load Imbalance: 1.153' [0m
		|--[96m 'sync_norm_gradients | Max Time: 8.282 ms | Avg Time: 7.540 ms | Load Imbalance: 1.098' [0m
		|--[96m 'sync_data_parallel_gradients | Max Time: 0.291 ms | Avg Time: 0.178 ms | Load Imbalance: 1.631' [0m

Epoch: 002, Train Loss: 1.0200
Epoch: 003, Train Loss: 0.8221
Epoch: 004, Train Loss: 0.7112
TRAIN: acc 0.9139, f1_micro 0.9139, f1_macro 0.8375 (n=153431)
VAL: acc 0.9225, f1_micro 0.9225, f1_macro 0.8413 (n=23831)
TEST: acc 0.9193, f1_micro 0.9193, f1_macro 0.8366 (n=55703)
Epoch: 005, Train Loss: 0.6490
Epoch: 006, Train Loss: 0.6138
Epoch: 007, Train Loss: 0.5845
Epoch: 008, Train Loss: 0.5617
Epoch: 009, Train Loss: 0.5493
TRAIN: acc 0.9368, f1_micro 0.9368, f1_macro 0.9058 (n=153431)
VAL: acc 0.9420, f1_micro 0.9420, f1_macro 0.9047 (n=23831)
TEST: acc 0.9421, f1_micro 0.9421, f1_macro 0.9069 (n=55703)
Epoch: 010, Train Loss: 0.5263
Epoch: 011, Train Loss: 0.5146
Epoch: 012, Train Loss: 0.5170
Epoch: 013, Train Loss: 0.5006
Epoch: 014, Train Loss: 0.4903
TRAIN: acc 0.9425, f1_micro 0.9425, f1_macro 0.9167 (n=153431)
VAL: acc 0.9453, f1_micro 0.9453, f1_macro 0.9140 (n=23831)
TEST: acc 0.9455, f1_micro 0.9455, f1_macro 0.9135 (n=55703)
Epoch: 015, Train Loss: 0.4741
Epoch: 016, Train Loss: 0.4842
Epoch: 017, Train Loss: 0.4767
Epoch: 018, Train Loss: 0.4649
Epoch: 019, Train Loss: 0.4594
TRAIN: acc 0.9444, f1_micro 0.9444, f1_macro 0.9190 (n=153431)
VAL: acc 0.9465, f1_micro 0.9465, f1_macro 0.9144 (n=23831)
TEST: acc 0.9469, f1_micro 0.9469, f1_macro 0.9155 (n=55703)
Epoch: 020, Train Loss: 0.4557
Epoch: 021, Train Loss: 0.4467
Epoch: 022, Train Loss: 0.4434
Epoch: 023, Train Loss: 0.4390
Epoch: 024, Train Loss: 0.4362
TRAIN: acc 0.9482, f1_micro 0.9482, f1_macro 0.9261 (n=153431)
VAL: acc 0.9473, f1_micro 0.9473, f1_macro 0.9185 (n=23831)
TEST: acc 0.9497, f1_micro 0.9497, f1_macro 0.9219 (n=55703)
Epoch: 025, Train Loss: 0.4248
Epoch: 026, Train Loss: 0.4250
Epoch: 027, Train Loss: 0.4226
Epoch: 028, Train Loss: 0.4137
Epoch: 029, Train Loss: 0.4186
TRAIN: acc 0.9474, f1_micro 0.9474, f1_macro 0.9248 (n=153431)
VAL: acc 0.9474, f1_micro 0.9474, f1_macro 0.9167 (n=23831)
TEST: acc 0.9482, f1_micro 0.9482, f1_macro 0.9176 (n=55703)
Epoch: 030, Train Loss: 0.4049
Epoch: 031, Train Loss: 0.4063
Epoch: 032, Train Loss: 0.4008
Epoch: 033, Train Loss: 0.4046
Epoch: 034, Train Loss: 0.3946
TRAIN: acc 0.9504, f1_micro 0.9504, f1_macro 0.9314 (n=153431)
VAL: acc 0.9484, f1_micro 0.9484, f1_macro 0.9238 (n=23831)
TEST: acc 0.9492, f1_micro 0.9492, f1_macro 0.9231 (n=55703)
Epoch: 035, Train Loss: 0.3953
Epoch: 036, Train Loss: 0.3926
Epoch: 037, Train Loss: 0.3826
Epoch: 038, Train Loss: 0.3831
Epoch: 039, Train Loss: 0.3739
TRAIN: acc 0.9491, f1_micro 0.9491, f1_macro 0.9298 (n=153431)
VAL: acc 0.9468, f1_micro 0.9468, f1_macro 0.9210 (n=23831)
TEST: acc 0.9474, f1_micro 0.9474, f1_macro 0.9201 (n=55703)
Epoch: 040, Train Loss: 0.3766
Epoch: 041, Train Loss: 0.3692
Epoch: 042, Train Loss: 0.3734
Epoch: 043, Train Loss: 0.3690
Epoch: 044, Train Loss: 0.3635
TRAIN: acc 0.9499, f1_micro 0.9499, f1_macro 0.9316 (n=153431)
VAL: acc 0.9467, f1_micro 0.9467, f1_macro 0.9226 (n=23831)
TEST: acc 0.9481, f1_micro 0.9481, f1_macro 0.9226 (n=55703)
Epoch: 045, Train Loss: 0.3569
Epoch: 046, Train Loss: 0.3598
Epoch: 047, Train Loss: 0.3559
Epoch: 048, Train Loss: 0.3562
Epoch: 049, Train Loss: 0.3629
TRAIN: acc 0.9515, f1_micro 0.9515, f1_macro 0.9314 (n=153431)
VAL: acc 0.9482, f1_micro 0.9482, f1_macro 0.9206 (n=23831)
TEST: acc 0.9501, f1_micro 0.9501, f1_macro 0.9229 (n=55703)
Epoch: 050, Train Loss: 0.3561
Epoch: 051, Train Loss: 0.3544
Epoch: 052, Train Loss: 0.3453
Epoch: 053, Train Loss: 0.3461
Epoch: 054, Train Loss: 0.3563
TRAIN: acc 0.9498, f1_micro 0.9498, f1_macro 0.9291 (n=153431)
VAL: acc 0.9476, f1_micro 0.9476, f1_macro 0.9206 (n=23831)
TEST: acc 0.9484, f1_micro 0.9484, f1_macro 0.9198 (n=55703)
Epoch: 055, Train Loss: 0.3482
Epoch: 056, Train Loss: 0.3434
Epoch: 057, Train Loss: 0.3328
Epoch: 058, Train Loss: 0.3416
Epoch: 059, Train Loss: 0.3310
TRAIN: acc 0.9523, f1_micro 0.9523, f1_macro 0.9340 (n=153431)
VAL: acc 0.9496, f1_micro 0.9496, f1_macro 0.9249 (n=23831)
TEST: acc 0.9508, f1_micro 0.9508, f1_macro 0.9253 (n=55703)
Epoch: 060, Train Loss: 0.3361
Epoch: 061, Train Loss: 0.3335
Epoch: 062, Train Loss: 0.3294
Epoch: 063, Train Loss: 0.3310
Epoch: 064, Train Loss: 0.3310
TRAIN: acc 0.9526, f1_micro 0.9526, f1_macro 0.9340 (n=153431)
VAL: acc 0.9494, f1_micro 0.9494, f1_macro 0.9239 (n=23831)
TEST: acc 0.9502, f1_micro 0.9502, f1_macro 0.9234 (n=55703)
Epoch: 065, Train Loss: 0.3177
Epoch: 066, Train Loss: 0.3315
Epoch: 067, Train Loss: 0.3328
Epoch: 068, Train Loss: 0.3287
Epoch: 069, Train Loss: 0.3264
TRAIN: acc 0.9519, f1_micro 0.9519, f1_macro 0.9331 (n=153431)
VAL: acc 0.9478, f1_micro 0.9478, f1_macro 0.9214 (n=23831)
TEST: acc 0.9493, f1_micro 0.9493, f1_macro 0.9222 (n=55703)
Epoch: 070, Train Loss: 0.3217
Epoch: 071, Train Loss: 0.3199
Epoch: 072, Train Loss: 0.3192
Epoch: 073, Train Loss: 0.3151
Epoch: 074, Train Loss: 0.3159
TRAIN: acc 0.9530, f1_micro 0.9530, f1_macro 0.9348 (n=153431)
VAL: acc 0.9486, f1_micro 0.9486, f1_macro 0.9213 (n=23831)
TEST: acc 0.9507, f1_micro 0.9507, f1_macro 0.9248 (n=55703)
Epoch: 075, Train Loss: 0.3192
Epoch: 076, Train Loss: 0.3178
Epoch: 077, Train Loss: 0.3150
Epoch: 078, Train Loss: 0.3151
Epoch: 079, Train Loss: 0.3097
TRAIN: acc 0.9519, f1_micro 0.9519, f1_macro 0.9350 (n=153431)
VAL: acc 0.9484, f1_micro 0.9484, f1_macro 0.9216 (n=23831)
TEST: acc 0.9498, f1_micro 0.9498, f1_macro 0.9263 (n=55703)
Epoch: 080, Train Loss: 0.3104
Epoch: 081, Train Loss: 0.3090
Epoch: 082, Train Loss: 0.3134
Epoch: 083, Train Loss: 0.3004
Epoch: 084, Train Loss: 0.2998
TRAIN: acc 0.9535, f1_micro 0.9535, f1_macro 0.9365 (n=153431)
VAL: acc 0.9497, f1_micro 0.9497, f1_macro 0.9245 (n=23831)
TEST: acc 0.9508, f1_micro 0.9508, f1_macro 0.9258 (n=55703)
Epoch: 085, Train Loss: 0.3096
Epoch: 086, Train Loss: 0.3009
Epoch: 087, Train Loss: 0.3099
Epoch: 088, Train Loss: 0.3022
Epoch: 089, Train Loss: 0.3040
TRAIN: acc 0.9526, f1_micro 0.9526, f1_macro 0.9361 (n=153431)
VAL: acc 0.9481, f1_micro 0.9481, f1_macro 0.9234 (n=23831)
TEST: acc 0.9502, f1_micro 0.9502, f1_macro 0.9276 (n=55703)
Epoch: 090, Train Loss: 0.3036
Epoch: 091, Train Loss: 0.3071
Epoch: 092, Train Loss: 0.3013
Epoch: 093, Train Loss: 0.3025
Epoch: 094, Train Loss: 0.3055
TRAIN: acc 0.9536, f1_micro 0.9536, f1_macro 0.9372 (n=153431)
VAL: acc 0.9496, f1_micro 0.9496, f1_macro 0.9240 (n=23831)
TEST: acc 0.9515, f1_micro 0.9515, f1_macro 0.9277 (n=55703)
Epoch: 095, Train Loss: 0.2958
Epoch: 096, Train Loss: 0.2986
Epoch: 097, Train Loss: 0.2968
Epoch: 098, Train Loss: 0.3043
Epoch: 099, Train Loss: 0.2947
TRAIN: acc 0.9541, f1_micro 0.9541, f1_macro 0.9362 (n=153431)
VAL: acc 0.9499, f1_micro 0.9499, f1_macro 0.9224 (n=23831)
TEST: acc 0.9520, f1_micro 0.9520, f1_macro 0.9258 (n=55703)
Epoch: 100, Train Loss: 0.2999
Epoch: 101, Train Loss: 0.2967
Epoch: 102, Train Loss: 0.3001
Epoch: 103, Train Loss: 0.2960
Epoch: 104, Train Loss: 0.2995
TRAIN: acc 0.9535, f1_micro 0.9535, f1_macro 0.9360 (n=153431)
VAL: acc 0.9485, f1_micro 0.9485, f1_macro 0.9220 (n=23831)
TEST: acc 0.9512, f1_micro 0.9512, f1_macro 0.9254 (n=55703)
Epoch: 105, Train Loss: 0.2904
Epoch: 106, Train Loss: 0.2945
Epoch: 107, Train Loss: 0.2976
Epoch: 108, Train Loss: 0.2903
Epoch: 109, Train Loss: 0.2896
TRAIN: acc 0.9544, f1_micro 0.9544, f1_macro 0.9366 (n=153431)
VAL: acc 0.9496, f1_micro 0.9496, f1_macro 0.9216 (n=23831)
TEST: acc 0.9516, f1_micro 0.9516, f1_macro 0.9249 (n=55703)
Epoch: 110, Train Loss: 0.2952
Epoch: 111, Train Loss: 0.2892
Epoch: 112, Train Loss: 0.2925
Epoch: 113, Train Loss: 0.2915
Epoch: 114, Train Loss: 0.2869
TRAIN: acc 0.9532, f1_micro 0.9532, f1_macro 0.9357 (n=153431)
VAL: acc 0.9479, f1_micro 0.9479, f1_macro 0.9222 (n=23831)
TEST: acc 0.9502, f1_micro 0.9502, f1_macro 0.9244 (n=55703)
Epoch: 115, Train Loss: 0.2824
Epoch: 116, Train Loss: 0.2863
Epoch: 117, Train Loss: 0.2913
Epoch: 118, Train Loss: 0.2877
Epoch: 119, Train Loss: 0.2889
TRAIN: acc 0.9528, f1_micro 0.9528, f1_macro 0.9356 (n=153431)
VAL: acc 0.9493, f1_micro 0.9493, f1_macro 0.9247 (n=23831)
TEST: acc 0.9499, f1_micro 0.9499, f1_macro 0.9244 (n=55703)
Epoch: 120, Train Loss: 0.2890
Epoch: 121, Train Loss: 0.2919
Epoch: 122, Train Loss: 0.2823
Epoch: 123, Train Loss: 0.2883
Epoch: 124, Train Loss: 0.2825
TRAIN: acc 0.9548, f1_micro 0.9548, f1_macro 0.9389 (n=153431)
VAL: acc 0.9490, f1_micro 0.9490, f1_macro 0.9202 (n=23831)
TEST: acc 0.9519, f1_micro 0.9519, f1_macro 0.9283 (n=55703)
Epoch: 125, Train Loss: 0.2868
Epoch: 126, Train Loss: 0.2822
Epoch: 127, Train Loss: 0.2838
Epoch: 128, Train Loss: 0.2851
Epoch: 129, Train Loss: 0.2876
TRAIN: acc 0.9539, f1_micro 0.9539, f1_macro 0.9367 (n=153431)
VAL: acc 0.9488, f1_micro 0.9488, f1_macro 0.9222 (n=23831)
TEST: acc 0.9510, f1_micro 0.9510, f1_macro 0.9255 (n=55703)
Epoch: 130, Train Loss: 0.2882
Epoch: 131, Train Loss: 0.2837
Epoch: 132, Train Loss: 0.2885
Epoch: 133, Train Loss: 0.2877
Epoch: 134, Train Loss: 0.2847
TRAIN: acc 0.9535, f1_micro 0.9535, f1_macro 0.9361 (n=153431)
VAL: acc 0.9497, f1_micro 0.9497, f1_macro 0.9223 (n=23831)
TEST: acc 0.9515, f1_micro 0.9515, f1_macro 0.9259 (n=55703)
Epoch: 135, Train Loss: 0.2763
Epoch: 136, Train Loss: 0.2808
Epoch: 137, Train Loss: 0.2769
Epoch: 138, Train Loss: 0.2763
Epoch: 139, Train Loss: 0.2767
TRAIN: acc 0.9554, f1_micro 0.9554, f1_macro 0.9392 (n=153431)
VAL: acc 0.9505, f1_micro 0.9505, f1_macro 0.9253 (n=23831)
TEST: acc 0.9524, f1_micro 0.9524, f1_macro 0.9289 (n=55703)
Epoch: 140, Train Loss: 0.2790
Epoch: 141, Train Loss: 0.2846
Epoch: 142, Train Loss: 0.2797
Epoch: 143, Train Loss: 0.2851
Epoch: 144, Train Loss: 0.2828
TRAIN: acc 0.9538, f1_micro 0.9538, f1_macro 0.9375 (n=153431)
VAL: acc 0.9508, f1_micro 0.9508, f1_macro 0.9251 (n=23831)
TEST: acc 0.9526, f1_micro 0.9526, f1_macro 0.9284 (n=55703)
Epoch: 145, Train Loss: 0.2723
Epoch: 146, Train Loss: 0.2822
Epoch: 147, Train Loss: 0.2782
Epoch: 148, Train Loss: 0.2803
Epoch: 149, Train Loss: 0.2763
TRAIN: acc 0.9538, f1_micro 0.9538, f1_macro 0.9379 (n=153431)
VAL: acc 0.9499, f1_micro 0.9499, f1_macro 0.9242 (n=23831)
TEST: acc 0.9522, f1_micro 0.9522, f1_macro 0.9292 (n=55703)
Epoch: 150, Train Loss: 0.2787
Epoch: 151, Train Loss: 0.2754
Epoch: 152, Train Loss: 0.2759
Epoch: 153, Train Loss: 0.2724
Epoch: 154, Train Loss: 0.2745
TRAIN: acc 0.9542, f1_micro 0.9542, f1_macro 0.9370 (n=153431)
VAL: acc 0.9507, f1_micro 0.9507, f1_macro 0.9252 (n=23831)
TEST: acc 0.9521, f1_micro 0.9521, f1_macro 0.9274 (n=55703)
Epoch: 155, Train Loss: 0.2772
Epoch: 156, Train Loss: 0.2735
Epoch: 157, Train Loss: 0.2785
Epoch: 158, Train Loss: 0.2721
Epoch: 159, Train Loss: 0.2738
TRAIN: acc 0.9527, f1_micro 0.9527, f1_macro 0.9370 (n=153431)
VAL: acc 0.9493, f1_micro 0.9493, f1_macro 0.9235 (n=23831)
TEST: acc 0.9503, f1_micro 0.9503, f1_macro 0.9269 (n=55703)
Epoch: 160, Train Loss: 0.2750
Epoch: 161, Train Loss: 0.2788
Epoch: 162, Train Loss: 0.2762
Epoch: 163, Train Loss: 0.2748
Epoch: 164, Train Loss: 0.2757
TRAIN: acc 0.9541, f1_micro 0.9541, f1_macro 0.9375 (n=153431)
VAL: acc 0.9497, f1_micro 0.9497, f1_macro 0.9206 (n=23831)
TEST: acc 0.9518, f1_micro 0.9518, f1_macro 0.9265 (n=55703)
Epoch: 165, Train Loss: 0.2724
Epoch: 166, Train Loss: 0.2740
Epoch: 167, Train Loss: 0.2743
Epoch: 168, Train Loss: 0.2713
Epoch: 169, Train Loss: 0.2693
TRAIN: acc 0.9543, f1_micro 0.9543, f1_macro 0.9381 (n=153431)
VAL: acc 0.9495, f1_micro 0.9495, f1_macro 0.9245 (n=23831)
TEST: acc 0.9522, f1_micro 0.9522, f1_macro 0.9278 (n=55703)
Epoch: 170, Train Loss: 0.2754
Epoch: 171, Train Loss: 0.2712
Epoch: 172, Train Loss: 0.2717
Epoch: 173, Train Loss: 0.2700
Epoch: 174, Train Loss: 0.2693
TRAIN: acc 0.9528, f1_micro 0.9528, f1_macro 0.9354 (n=153431)
VAL: acc 0.9488, f1_micro 0.9488, f1_macro 0.9206 (n=23831)
TEST: acc 0.9511, f1_micro 0.9511, f1_macro 0.9254 (n=55703)
Epoch: 175, Train Loss: 0.2714
Epoch: 176, Train Loss: 0.2757
Epoch: 177, Train Loss: 0.2730
Epoch: 178, Train Loss: 0.2656
Epoch: 179, Train Loss: 0.2674
TRAIN: acc 0.9541, f1_micro 0.9541, f1_macro 0.9380 (n=153431)
VAL: acc 0.9514, f1_micro 0.9514, f1_macro 0.9262 (n=23831)
TEST: acc 0.9524, f1_micro 0.9524, f1_macro 0.9290 (n=55703)
Epoch: 180, Train Loss: 0.2689
Epoch: 181, Train Loss: 0.2657
Epoch: 182, Train Loss: 0.2665
Epoch: 183, Train Loss: 0.2655
Epoch: 184, Train Loss: 0.2691
TRAIN: acc 0.9535, f1_micro 0.9535, f1_macro 0.9368 (n=153431)
VAL: acc 0.9480, f1_micro 0.9480, f1_macro 0.9227 (n=23831)
TEST: acc 0.9508, f1_micro 0.9508, f1_macro 0.9273 (n=55703)
Epoch: 185, Train Loss: 0.2625
Epoch: 186, Train Loss: 0.2645
Epoch: 187, Train Loss: 0.2688
Epoch: 188, Train Loss: 0.2667
Epoch: 189, Train Loss: 0.2674
TRAIN: acc 0.9543, f1_micro 0.9543, f1_macro 0.9371 (n=153431)
VAL: acc 0.9503, f1_micro 0.9503, f1_macro 0.9210 (n=23831)
TEST: acc 0.9522, f1_micro 0.9522, f1_macro 0.9266 (n=55703)
Epoch: 190, Train Loss: 0.2682
Epoch: 191, Train Loss: 0.2695
Epoch: 192, Train Loss: 0.2671
Epoch: 193, Train Loss: 0.2688
Epoch: 194, Train Loss: 0.2731
TRAIN: acc 0.9540, f1_micro 0.9540, f1_macro 0.9376 (n=153431)
VAL: acc 0.9498, f1_micro 0.9498, f1_macro 0.9228 (n=23831)
TEST: acc 0.9513, f1_micro 0.9513, f1_macro 0.9266 (n=55703)
Epoch: 195, Train Loss: 0.2654
Epoch: 196, Train Loss: 0.2682
Epoch: 197, Train Loss: 0.2638
Epoch: 198, Train Loss: 0.2650
Epoch: 199, Train Loss: 0.2670
TRAIN: acc 0.9529, f1_micro 0.9529, f1_macro 0.9356 (n=153431)
VAL: acc 0.9473, f1_micro 0.9473, f1_macro 0.9186 (n=23831)
TEST: acc 0.9506, f1_micro 0.9506, f1_macro 0.9260 (n=55703)
rank 0 Peak GPU memory: 6.15 GB
rank 2 Peak GPU memory: 6.16 GB
rank 1 Peak GPU memory: 6.16 GB
rank 3 Peak GPU memory: 6.18 GB
OGB (best val):
Highest Train (acc): 95.54
Highest Valid (acc): 95.14
  Final Train (acc): 95.41
   Final Test (acc): 95.24
