/pscratch/sd/c/cunyang/gnn/plexus/plexus/utils/dataloader.py:425: UserWarning: Sparse CSR tensor support is in beta state. If you miss a functionality in the sparse tensor support, please submit a feature request to https://github.com/pytorch/pytorch/issues. (Triggered internally at /pytorch/aten/src/ATen/SparseCsrTensorImpl.cpp:53.)
  adj_local = adj_local.to_sparse_csr()
/pscratch/sd/c/cunyang/gnn/plexus/plexus/utils/dataloader.py:425: UserWarning: Sparse CSR tensor support is in beta state. If you miss a functionality in the sparse tensor support, please submit a feature request to https://github.com/pytorch/pytorch/issues. (Triggered internally at /pytorch/aten/src/ATen/SparseCsrTensorImpl.cpp:53.)
  adj_local = adj_local.to_sparse_csr()
/pscratch/sd/c/cunyang/gnn/plexus/plexus/utils/dataloader.py:425: UserWarning: Sparse CSR tensor support is in beta state. If you miss a functionality in the sparse tensor support, please submit a feature request to https://github.com/pytorch/pytorch/issues. (Triggered internally at /pytorch/aten/src/ATen/SparseCsrTensorImpl.cpp:53.)
  adj_local = adj_local.to_sparse_csr()
/pscratch/sd/c/cunyang/gnn/plexus/plexus/utils/dataloader.py:425: UserWarning: Sparse CSR tensor support is in beta state. If you miss a functionality in the sparse tensor support, please submit a feature request to https://github.com/pytorch/pytorch/issues. (Triggered internally at /pytorch/aten/src/ATen/SparseCsrTensorImpl.cpp:53.)
  adj_local = adj_local.to_sparse_csr()
steps_per_epoch:  11
steps_per_epoch:  11
steps_per_epoch:  11
steps_per_epoch:  11
Epoch: 000, Train Loss: 2.9970
Epoch: 001, Train Loss: 1.7928
|--[95m 'drop | Max Time: 0.171 ms | Avg Time: 0.168 ms | Load Imbalance: 1.019' [0m

|--[95m 'epoch 0 | Max Time: 1071.370 ms | Avg Time: 1069.438 ms | Load Imbalance: 1.002' [0m
	|--[92m 'prefetch launch | Max Time: 1.076 ms | Avg Time: 0.868 ms | Load Imbalance: 1.240' [0m
	|--[92m 'prefetch wait | Max Time: 138.620 ms | Avg Time: 136.149 ms | Load Imbalance: 1.018' [0m
	|--[92m 'train step | Max Time: 931.617 ms | Avg Time: 929.505 ms | Load Imbalance: 1.002' [0m
		|--[96m 'input_linear | Max Time: 305.257 ms | Avg Time: 303.562 ms | Load Imbalance: 1.006' [0m
			|--[91m 'input_linear X * W | Max Time: 121.212 ms | Avg Time: 121.208 ms | Load Imbalance: 1.000' [0m
			|--[91m 'all-reduce | Max Time: 182.682 ms | Avg Time: 180.630 ms | Load Imbalance: 1.011' [0m
			|--[91m 'OUT + BIAS | Max Time: 0.897 ms | Avg Time: 0.568 ms | Load Imbalance: 1.579' [0m
		|--[96m 'gcn conv fwd | Max Time: 214.468 ms | Avg Time: 212.762 ms | Load Imbalance: 1.008' [0m
			|--[91m 'AGG = A * H | Max Time: 58.466 ms | Avg Time: 58.315 ms | Load Imbalance: 1.003' [0m
			|--[91m 'allreduce H | Max Time: 128.909 ms | Avg Time: 125.872 ms | Load Imbalance: 1.024' [0m
				|--[95m 'all-reduce | Max Time: 128.468 ms | Avg Time: 125.301 ms | Load Imbalance: 1.025' [0m
			|--[91m 'Allgather W | Max Time: 17.109 ms | Avg Time: 13.940 ms | Load Imbalance: 1.227' [0m
				|--[95m 'gather | Max Time: 16.704 ms | Avg Time: 13.444 ms | Load Imbalance: 1.243' [0m
			|--[91m 'OUT = AGG * W | Max Time: 3.120 ms | Avg Time: 2.782 ms | Load Imbalance: 1.121' [0m
			|--[91m 'allreduce Q | Max Time: 11.322 ms | Avg Time: 9.976 ms | Load Imbalance: 1.135' [0m
				|--[95m 'all-reduce | Max Time: 10.945 ms | Avg Time: 9.510 ms | Load Imbalance: 1.151' [0m
		|--[96m 'activation | Max Time: 82.972 ms | Avg Time: 81.659 ms | Load Imbalance: 1.016' [0m
			|--[91m 'all-reduce | Max Time: 4.590 ms | Avg Time: 3.397 ms | Load Imbalance: 1.351' [0m
		|--[96m 'output_linear | Max Time: 2.138 ms | Avg Time: 1.919 ms | Load Imbalance: 1.114' [0m
			|--[91m 'output_linear X * W | Max Time: 1.102 ms | Avg Time: 0.980 ms | Load Imbalance: 1.124' [0m
			|--[91m 'all-reduce | Max Time: 0.122 ms | Avg Time: 0.101 ms | Load Imbalance: 1.218' [0m
			|--[91m 'OUT + BIAS | Max Time: 0.338 ms | Avg Time: 0.247 ms | Load Imbalance: 1.367' [0m
		|--[96m 'cross entropy fwd | Max Time: 63.974 ms | Avg Time: 63.468 ms | Load Imbalance: 1.008' [0m
		|--[96m 'cross entropy bwd | Max Time: 1.041 ms | Avg Time: 0.815 ms | Load Imbalance: 1.277' [0m
		|--[96m 'linear_3d_bwd | Max Time: 37.700 ms | Avg Time: 37.211 ms | Load Imbalance: 1.013' [0m
			|--[91m 'output_linear GRAD_X | Max Time: 1.847 ms | Avg Time: 1.568 ms | Load Imbalance: 1.178' [0m
			|--[91m 'all-reduce | Max Time: 10.616 ms | Avg Time: 10.239 ms | Load Imbalance: 1.037' [0m
			|--[91m 'output_linear GRAD_W | Max Time: 18.346 ms | Avg Time: 18.163 ms | Load Imbalance: 1.010' [0m
			|--[91m 'input_linear GRAD_W | Max Time: 4.906 ms | Avg Time: 4.788 ms | Load Imbalance: 1.025' [0m
		|--[96m 'gcn conv bwd | Max Time: 38.580 ms | Avg Time: 37.771 ms | Load Imbalance: 1.021' [0m
			|--[91m 'gather | Max Time: 4.636 ms | Avg Time: 4.474 ms | Load Imbalance: 1.036' [0m
			|--[91m 'GRAD_AGG = GRAD_OUT * W.T | Max Time: 2.842 ms | Avg Time: 2.631 ms | Load Imbalance: 1.080' [0m
			|--[91m 'all-reduce | Max Time: 9.245 ms | Avg Time: 8.866 ms | Load Imbalance: 1.043' [0m
			|--[91m 'GRAD_W = AGG.T * GRAD_OUT | Max Time: 4.558 ms | Avg Time: 4.398 ms | Load Imbalance: 1.037' [0m
			|--[91m 'ReduceScatter grad_weight | Max Time: 6.034 ms | Avg Time: 5.356 ms | Load Imbalance: 1.127' [0m
				|--[95m 'reduce-scatter | Max Time: 5.617 ms | Avg Time: 4.975 ms | Load Imbalance: 1.129' [0m
					|--[92m 'reduce-scatter-dist | Max Time: 5.202 ms | Avg Time: 4.527 ms | Load Imbalance: 1.149' [0m
			|--[91m 'GRAD_H = A.T * GRAD_AGG | Max Time: 4.133 ms | Avg Time: 4.018 ms | Load Imbalance: 1.029' [0m
			|--[91m 'allreduce grad_x | Max Time: 6.641 ms | Avg Time: 6.340 ms | Load Imbalance: 1.047' [0m
				|--[95m 'all-reduce | Max Time: 6.400 ms | Avg Time: 6.129 ms | Load Imbalance: 1.044' [0m
		|--[96m 'sync_norm_gradients | Max Time: 2.110 ms | Avg Time: 2.023 ms | Load Imbalance: 1.043' [0m
		|--[96m 'sync_data_parallel_gradients | Max Time: 0.150 ms | Avg Time: 0.095 ms | Load Imbalance: 1.577' [0m

|--[95m 'epoch 1 | Max Time: 182.443 ms | Avg Time: 182.399 ms | Load Imbalance: 1.000' [0m
	|--[92m 'prefetch launch | Max Time: 0.441 ms | Avg Time: 0.376 ms | Load Imbalance: 1.173' [0m
	|--[92m 'prefetch wait | Max Time: 22.360 ms | Avg Time: 21.658 ms | Load Imbalance: 1.032' [0m
	|--[92m 'train step | Max Time: 158.087 ms | Avg Time: 157.556 ms | Load Imbalance: 1.003' [0m
		|--[96m 'input_linear | Max Time: 8.134 ms | Avg Time: 7.365 ms | Load Imbalance: 1.104' [0m
			|--[91m 'input_linear X * W | Max Time: 2.222 ms | Avg Time: 2.183 ms | Load Imbalance: 1.018' [0m
			|--[91m 'all-reduce | Max Time: 4.793 ms | Avg Time: 4.138 ms | Load Imbalance: 1.158' [0m
			|--[91m 'OUT + BIAS | Max Time: 0.202 ms | Avg Time: 0.202 ms | Load Imbalance: 1.002' [0m
		|--[96m 'gcn conv fwd | Max Time: 49.359 ms | Avg Time: 48.758 ms | Load Imbalance: 1.012' [0m
			|--[91m 'AGG = A * H | Max Time: 3.471 ms | Avg Time: 3.190 ms | Load Imbalance: 1.088' [0m
			|--[91m 'allreduce H | Max Time: 26.213 ms | Avg Time: 25.204 ms | Load Imbalance: 1.040' [0m
				|--[95m 'all-reduce | Max Time: 25.844 ms | Avg Time: 24.657 ms | Load Imbalance: 1.048' [0m
			|--[91m 'Allgather W | Max Time: 5.411 ms | Avg Time: 5.179 ms | Load Imbalance: 1.045' [0m
				|--[95m 'gather | Max Time: 5.117 ms | Avg Time: 4.793 ms | Load Imbalance: 1.068' [0m
			|--[91m 'OUT = AGG * W | Max Time: 2.784 ms | Avg Time: 2.354 ms | Load Imbalance: 1.183' [0m
			|--[91m 'allreduce Q | Max Time: 12.641 ms | Avg Time: 11.426 ms | Load Imbalance: 1.106' [0m
				|--[95m 'all-reduce | Max Time: 12.481 ms | Avg Time: 11.032 ms | Load Imbalance: 1.131' [0m
		|--[96m 'activation | Max Time: 9.075 ms | Avg Time: 7.632 ms | Load Imbalance: 1.189' [0m
			|--[91m 'all-reduce | Max Time: 4.453 ms | Avg Time: 3.333 ms | Load Imbalance: 1.336' [0m
		|--[96m 'output_linear | Max Time: 1.293 ms | Avg Time: 0.923 ms | Load Imbalance: 1.402' [0m
			|--[91m 'output_linear X * W | Max Time: 0.510 ms | Avg Time: 0.404 ms | Load Imbalance: 1.263' [0m
			|--[91m 'all-reduce | Max Time: 0.125 ms | Avg Time: 0.079 ms | Load Imbalance: 1.581' [0m
			|--[91m 'OUT + BIAS | Max Time: 0.227 ms | Avg Time: 0.165 ms | Load Imbalance: 1.375' [0m
		|--[96m 'cross entropy fwd | Max Time: 21.187 ms | Avg Time: 19.691 ms | Load Imbalance: 1.076' [0m
		|--[96m 'cross entropy bwd | Max Time: 0.708 ms | Avg Time: 0.574 ms | Load Imbalance: 1.232' [0m
		|--[96m 'linear_3d_bwd | Max Time: 19.500 ms | Avg Time: 19.109 ms | Load Imbalance: 1.020' [0m
			|--[91m 'output_linear GRAD_X | Max Time: 0.768 ms | Avg Time: 0.629 ms | Load Imbalance: 1.220' [0m
			|--[91m 'all-reduce | Max Time: 11.476 ms | Avg Time: 11.285 ms | Load Imbalance: 1.017' [0m
			|--[91m 'output_linear GRAD_W | Max Time: 0.792 ms | Avg Time: 0.630 ms | Load Imbalance: 1.257' [0m
			|--[91m 'input_linear GRAD_W | Max Time: 4.801 ms | Avg Time: 4.754 ms | Load Imbalance: 1.010' [0m
		|--[96m 'gcn conv bwd | Max Time: 37.749 ms | Avg Time: 36.493 ms | Load Imbalance: 1.034' [0m
			|--[91m 'gather | Max Time: 5.670 ms | Avg Time: 4.926 ms | Load Imbalance: 1.151' [0m
			|--[91m 'GRAD_AGG = GRAD_OUT * W.T | Max Time: 2.756 ms | Avg Time: 2.412 ms | Load Imbalance: 1.143' [0m
			|--[91m 'all-reduce | Max Time: 11.786 ms | Avg Time: 10.530 ms | Load Imbalance: 1.119' [0m
			|--[91m 'GRAD_W = AGG.T * GRAD_OUT | Max Time: 2.810 ms | Avg Time: 2.548 ms | Load Imbalance: 1.103' [0m
			|--[91m 'ReduceScatter grad_weight | Max Time: 5.506 ms | Avg Time: 4.889 ms | Load Imbalance: 1.126' [0m
				|--[95m 'reduce-scatter | Max Time: 5.252 ms | Avg Time: 4.491 ms | Load Imbalance: 1.169' [0m
					|--[92m 'reduce-scatter-dist | Max Time: 4.955 ms | Avg Time: 4.067 ms | Load Imbalance: 1.218' [0m
			|--[91m 'GRAD_H = A.T * GRAD_AGG | Max Time: 3.159 ms | Avg Time: 2.792 ms | Load Imbalance: 1.132' [0m
			|--[91m 'allreduce grad_x | Max Time: 7.283 ms | Avg Time: 6.774 ms | Load Imbalance: 1.075' [0m
				|--[95m 'all-reduce | Max Time: 7.114 ms | Avg Time: 6.518 ms | Load Imbalance: 1.091' [0m
		|--[96m 'sync_norm_gradients | Max Time: 1.015 ms | Avg Time: 0.932 ms | Load Imbalance: 1.088' [0m
		|--[96m 'sync_data_parallel_gradients | Max Time: 0.136 ms | Avg Time: 0.088 ms | Load Imbalance: 1.545' [0m

|--[95m 'epoch 2 | Max Time: 183.331 ms | Avg Time: 183.125 ms | Load Imbalance: 1.001' [0m
	|--[92m 'prefetch launch | Max Time: 0.386 ms | Avg Time: 0.367 ms | Load Imbalance: 1.054' [0m
	|--[92m 'prefetch wait | Max Time: 22.906 ms | Avg Time: 21.008 ms | Load Imbalance: 1.090' [0m
	|--[92m 'train step | Max Time: 160.617 ms | Avg Time: 158.962 ms | Load Imbalance: 1.010' [0m
		|--[96m 'input_linear | Max Time: 10.054 ms | Avg Time: 8.720 ms | Load Imbalance: 1.153' [0m
			|--[91m 'input_linear X * W | Max Time: 2.221 ms | Avg Time: 2.161 ms | Load Imbalance: 1.028' [0m
			|--[91m 'all-reduce | Max Time: 6.797 ms | Avg Time: 5.492 ms | Load Imbalance: 1.238' [0m
			|--[91m 'OUT + BIAS | Max Time: 0.205 ms | Avg Time: 0.202 ms | Load Imbalance: 1.013' [0m
		|--[96m 'gcn conv fwd | Max Time: 50.264 ms | Avg Time: 49.096 ms | Load Imbalance: 1.024' [0m
			|--[91m 'AGG = A * H | Max Time: 3.537 ms | Avg Time: 3.115 ms | Load Imbalance: 1.136' [0m
			|--[91m 'allreduce H | Max Time: 26.309 ms | Avg Time: 25.096 ms | Load Imbalance: 1.048' [0m
				|--[95m 'all-reduce | Max Time: 25.747 ms | Avg Time: 24.628 ms | Load Imbalance: 1.045' [0m
			|--[91m 'Allgather W | Max Time: 5.968 ms | Avg Time: 5.169 ms | Load Imbalance: 1.155' [0m
				|--[95m 'gather | Max Time: 5.682 ms | Avg Time: 4.756 ms | Load Imbalance: 1.195' [0m
			|--[91m 'OUT = AGG * W | Max Time: 2.766 ms | Avg Time: 2.292 ms | Load Imbalance: 1.207' [0m
			|--[91m 'allreduce Q | Max Time: 13.565 ms | Avg Time: 12.061 ms | Load Imbalance: 1.125' [0m
				|--[95m 'all-reduce | Max Time: 13.410 ms | Avg Time: 11.671 ms | Load Imbalance: 1.149' [0m
		|--[96m 'activation | Max Time: 8.604 ms | Avg Time: 7.228 ms | Load Imbalance: 1.190' [0m
			|--[91m 'all-reduce | Max Time: 4.999 ms | Avg Time: 3.153 ms | Load Imbalance: 1.586' [0m
		|--[96m 'output_linear | Max Time: 1.252 ms | Avg Time: 0.866 ms | Load Imbalance: 1.446' [0m
			|--[91m 'output_linear X * W | Max Time: 0.507 ms | Avg Time: 0.365 ms | Load Imbalance: 1.389' [0m
			|--[91m 'all-reduce | Max Time: 0.071 ms | Avg Time: 0.052 ms | Load Imbalance: 1.377' [0m
			|--[91m 'OUT + BIAS | Max Time: 0.244 ms | Avg Time: 0.174 ms | Load Imbalance: 1.405' [0m
		|--[96m 'cross entropy fwd | Max Time: 19.467 ms | Avg Time: 18.768 ms | Load Imbalance: 1.037' [0m
		|--[96m 'cross entropy bwd | Max Time: 0.572 ms | Avg Time: 0.532 ms | Load Imbalance: 1.076' [0m
		|--[96m 'linear_3d_bwd | Max Time: 19.460 ms | Avg Time: 19.054 ms | Load Imbalance: 1.021' [0m
			|--[91m 'output_linear GRAD_X | Max Time: 0.648 ms | Avg Time: 0.625 ms | Load Imbalance: 1.037' [0m
			|--[91m 'all-reduce | Max Time: 11.469 ms | Avg Time: 11.196 ms | Load Imbalance: 1.024' [0m
			|--[91m 'output_linear GRAD_W | Max Time: 0.807 ms | Avg Time: 0.578 ms | Load Imbalance: 1.395' [0m
			|--[91m 'input_linear GRAD_W | Max Time: 4.923 ms | Avg Time: 4.769 ms | Load Imbalance: 1.032' [0m
		|--[96m 'gcn conv bwd | Max Time: 37.659 ms | Avg Time: 36.957 ms | Load Imbalance: 1.019' [0m
			|--[91m 'gather | Max Time: 5.569 ms | Avg Time: 4.917 ms | Load Imbalance: 1.133' [0m
			|--[91m 'GRAD_AGG = GRAD_OUT * W.T | Max Time: 2.647 ms | Avg Time: 2.379 ms | Load Imbalance: 1.113' [0m
			|--[91m 'all-reduce | Max Time: 12.469 ms | Avg Time: 10.397 ms | Load Imbalance: 1.199' [0m
			|--[91m 'GRAD_W = AGG.T * GRAD_OUT | Max Time: 2.676 ms | Avg Time: 2.531 ms | Load Imbalance: 1.058' [0m
			|--[91m 'ReduceScatter grad_weight | Max Time: 5.763 ms | Avg Time: 5.189 ms | Load Imbalance: 1.111' [0m
				|--[95m 'reduce-scatter | Max Time: 5.038 ms | Avg Time: 4.751 ms | Load Imbalance: 1.060' [0m
					|--[92m 'reduce-scatter-dist | Max Time: 4.639 ms | Avg Time: 4.281 ms | Load Imbalance: 1.084' [0m
			|--[91m 'GRAD_H = A.T * GRAD_AGG | Max Time: 3.144 ms | Avg Time: 2.859 ms | Load Imbalance: 1.100' [0m
			|--[91m 'allreduce grad_x | Max Time: 8.361 ms | Avg Time: 7.041 ms | Load Imbalance: 1.187' [0m
				|--[95m 'all-reduce | Max Time: 8.056 ms | Avg Time: 6.760 ms | Load Imbalance: 1.192' [0m
		|--[96m 'sync_norm_gradients | Max Time: 1.592 ms | Avg Time: 1.391 ms | Load Imbalance: 1.144' [0m
		|--[96m 'sync_data_parallel_gradients | Max Time: 0.121 ms | Avg Time: 0.080 ms | Load Imbalance: 1.523' [0m

Epoch: 002, Train Loss: 1.1847
Epoch: 003, Train Loss: 0.8926
Epoch: 004, Train Loss: 0.7092
TRAIN: acc 0.9072, f1_micro 0.9072, f1_macro 0.8342 (n=153431)
VAL: acc 0.9172, f1_micro 0.9172, f1_macro 0.8364 (n=23831)
TEST: acc 0.9131, f1_micro 0.9131, f1_macro 0.8339 (n=55703)
Epoch: 005, Train Loss: 0.6097
Epoch: 006, Train Loss: 0.5640
Epoch: 007, Train Loss: 0.5272
Epoch: 008, Train Loss: 0.4935
Epoch: 009, Train Loss: 0.4673
TRAIN: acc 0.9329, f1_micro 0.9329, f1_macro 0.8976 (n=153431)
VAL: acc 0.9380, f1_micro 0.9380, f1_macro 0.8962 (n=23831)
TEST: acc 0.9376, f1_micro 0.9376, f1_macro 0.8988 (n=55703)
Epoch: 010, Train Loss: 0.4589
Epoch: 011, Train Loss: 0.4463
Epoch: 012, Train Loss: 0.4380
Epoch: 013, Train Loss: 0.4324
Epoch: 014, Train Loss: 0.4188
TRAIN: acc 0.9412, f1_micro 0.9412, f1_macro 0.9135 (n=153431)
VAL: acc 0.9438, f1_micro 0.9438, f1_macro 0.9098 (n=23831)
TEST: acc 0.9440, f1_micro 0.9440, f1_macro 0.9098 (n=55703)
Epoch: 015, Train Loss: 0.4041
Epoch: 016, Train Loss: 0.4002
Epoch: 017, Train Loss: 0.4022
Epoch: 018, Train Loss: 0.3981
Epoch: 019, Train Loss: 0.3890
TRAIN: acc 0.9451, f1_micro 0.9451, f1_macro 0.9221 (n=153431)
VAL: acc 0.9478, f1_micro 0.9478, f1_macro 0.9204 (n=23831)
TEST: acc 0.9472, f1_micro 0.9472, f1_macro 0.9183 (n=55703)
Epoch: 020, Train Loss: 0.3842
Epoch: 021, Train Loss: 0.3818
Epoch: 022, Train Loss: 0.3752
Epoch: 023, Train Loss: 0.3746
Epoch: 024, Train Loss: 0.3673
TRAIN: acc 0.9477, f1_micro 0.9477, f1_macro 0.9266 (n=153431)
VAL: acc 0.9486, f1_micro 0.9486, f1_macro 0.9226 (n=23831)
TEST: acc 0.9493, f1_micro 0.9493, f1_macro 0.9218 (n=55703)
Epoch: 025, Train Loss: 0.3673
Epoch: 026, Train Loss: 0.3616
Epoch: 027, Train Loss: 0.3669
Epoch: 028, Train Loss: 0.3614
Epoch: 029, Train Loss: 0.3511
TRAIN: acc 0.9485, f1_micro 0.9485, f1_macro 0.9275 (n=153431)
VAL: acc 0.9498, f1_micro 0.9498, f1_macro 0.9246 (n=23831)
TEST: acc 0.9498, f1_micro 0.9498, f1_macro 0.9223 (n=55703)
Epoch: 030, Train Loss: 0.3556
Epoch: 031, Train Loss: 0.3493
Epoch: 032, Train Loss: 0.3473
Epoch: 033, Train Loss: 0.3438
Epoch: 034, Train Loss: 0.3398
TRAIN: acc 0.9506, f1_micro 0.9506, f1_macro 0.9319 (n=153431)
VAL: acc 0.9499, f1_micro 0.9499, f1_macro 0.9245 (n=23831)
TEST: acc 0.9508, f1_micro 0.9508, f1_macro 0.9257 (n=55703)
Epoch: 035, Train Loss: 0.3404
Epoch: 036, Train Loss: 0.3321
Epoch: 037, Train Loss: 0.3308
Epoch: 038, Train Loss: 0.3295
Epoch: 039, Train Loss: 0.3288
TRAIN: acc 0.9524, f1_micro 0.9524, f1_macro 0.9348 (n=153431)
VAL: acc 0.9520, f1_micro 0.9520, f1_macro 0.9294 (n=23831)
TEST: acc 0.9509, f1_micro 0.9509, f1_macro 0.9261 (n=55703)
Epoch: 040, Train Loss: 0.3266
Epoch: 041, Train Loss: 0.3249
Epoch: 042, Train Loss: 0.3196
Epoch: 043, Train Loss: 0.3215
Epoch: 044, Train Loss: 0.3201
TRAIN: acc 0.9531, f1_micro 0.9531, f1_macro 0.9354 (n=153431)
VAL: acc 0.9500, f1_micro 0.9500, f1_macro 0.9233 (n=23831)
TEST: acc 0.9517, f1_micro 0.9517, f1_macro 0.9265 (n=55703)
Epoch: 045, Train Loss: 0.3168
Epoch: 046, Train Loss: 0.3092
Epoch: 047, Train Loss: 0.3080
Epoch: 048, Train Loss: 0.3037
Epoch: 049, Train Loss: 0.3041
TRAIN: acc 0.9539, f1_micro 0.9539, f1_macro 0.9371 (n=153431)
VAL: acc 0.9507, f1_micro 0.9507, f1_macro 0.9264 (n=23831)
TEST: acc 0.9519, f1_micro 0.9519, f1_macro 0.9279 (n=55703)
Epoch: 050, Train Loss: 0.3009
Epoch: 051, Train Loss: 0.3045
Epoch: 052, Train Loss: 0.3049
Epoch: 053, Train Loss: 0.2977
Epoch: 054, Train Loss: 0.2945
TRAIN: acc 0.9533, f1_micro 0.9533, f1_macro 0.9360 (n=153431)
VAL: acc 0.9512, f1_micro 0.9512, f1_macro 0.9274 (n=23831)
TEST: acc 0.9515, f1_micro 0.9515, f1_macro 0.9281 (n=55703)
Epoch: 055, Train Loss: 0.2949
Epoch: 056, Train Loss: 0.2882
Epoch: 057, Train Loss: 0.2905
Epoch: 058, Train Loss: 0.2864
Epoch: 059, Train Loss: 0.2829
TRAIN: acc 0.9543, f1_micro 0.9543, f1_macro 0.9378 (n=153431)
VAL: acc 0.9508, f1_micro 0.9508, f1_macro 0.9271 (n=23831)
TEST: acc 0.9506, f1_micro 0.9506, f1_macro 0.9271 (n=55703)
Epoch: 060, Train Loss: 0.2823
Epoch: 061, Train Loss: 0.2810
Epoch: 062, Train Loss: 0.2802
Epoch: 063, Train Loss: 0.2771
Epoch: 064, Train Loss: 0.2753
TRAIN: acc 0.9552, f1_micro 0.9552, f1_macro 0.9383 (n=153431)
VAL: acc 0.9514, f1_micro 0.9514, f1_macro 0.9266 (n=23831)
TEST: acc 0.9522, f1_micro 0.9522, f1_macro 0.9274 (n=55703)
Epoch: 065, Train Loss: 0.2776
Epoch: 066, Train Loss: 0.2829
Epoch: 067, Train Loss: 0.2771
Epoch: 068, Train Loss: 0.2747
Epoch: 069, Train Loss: 0.2691
TRAIN: acc 0.9570, f1_micro 0.9570, f1_macro 0.9414 (n=153431)
VAL: acc 0.9526, f1_micro 0.9526, f1_macro 0.9288 (n=23831)
TEST: acc 0.9529, f1_micro 0.9529, f1_macro 0.9297 (n=55703)
Epoch: 070, Train Loss: 0.2699
Epoch: 071, Train Loss: 0.2676
Epoch: 072, Train Loss: 0.2767
Epoch: 073, Train Loss: 0.2835
Epoch: 074, Train Loss: 0.2667
TRAIN: acc 0.9559, f1_micro 0.9559, f1_macro 0.9411 (n=153431)
VAL: acc 0.9516, f1_micro 0.9516, f1_macro 0.9291 (n=23831)
TEST: acc 0.9525, f1_micro 0.9525, f1_macro 0.9294 (n=55703)
Epoch: 075, Train Loss: 0.2612
Epoch: 076, Train Loss: 0.2655
Epoch: 077, Train Loss: 0.2625
Epoch: 078, Train Loss: 0.2607
Epoch: 079, Train Loss: 0.2621
TRAIN: acc 0.9577, f1_micro 0.9577, f1_macro 0.9425 (n=153431)
VAL: acc 0.9519, f1_micro 0.9519, f1_macro 0.9292 (n=23831)
TEST: acc 0.9533, f1_micro 0.9533, f1_macro 0.9310 (n=55703)
Epoch: 080, Train Loss: 0.2575
Epoch: 081, Train Loss: 0.2604
Epoch: 082, Train Loss: 0.2573
Epoch: 083, Train Loss: 0.2527
Epoch: 084, Train Loss: 0.2578
TRAIN: acc 0.9575, f1_micro 0.9575, f1_macro 0.9426 (n=153431)
VAL: acc 0.9504, f1_micro 0.9504, f1_macro 0.9264 (n=23831)
TEST: acc 0.9530, f1_micro 0.9530, f1_macro 0.9308 (n=55703)
Epoch: 085, Train Loss: 0.2570
Epoch: 086, Train Loss: 0.2563
Epoch: 087, Train Loss: 0.2491
Epoch: 088, Train Loss: 0.2500
Epoch: 089, Train Loss: 0.2464
TRAIN: acc 0.9578, f1_micro 0.9578, f1_macro 0.9427 (n=153431)
VAL: acc 0.9527, f1_micro 0.9527, f1_macro 0.9292 (n=23831)
TEST: acc 0.9533, f1_micro 0.9533, f1_macro 0.9297 (n=55703)
Epoch: 090, Train Loss: 0.2533
Epoch: 091, Train Loss: 0.2544
Epoch: 092, Train Loss: 0.2457
Epoch: 093, Train Loss: 0.2494
Epoch: 094, Train Loss: 0.2506
TRAIN: acc 0.9572, f1_micro 0.9572, f1_macro 0.9418 (n=153431)
VAL: acc 0.9514, f1_micro 0.9514, f1_macro 0.9261 (n=23831)
TEST: acc 0.9524, f1_micro 0.9524, f1_macro 0.9285 (n=55703)
Epoch: 095, Train Loss: 0.2475
Epoch: 096, Train Loss: 0.2479
Epoch: 097, Train Loss: 0.2410
Epoch: 098, Train Loss: 0.2436
Epoch: 099, Train Loss: 0.2411
TRAIN: acc 0.9586, f1_micro 0.9586, f1_macro 0.9437 (n=153431)
VAL: acc 0.9526, f1_micro 0.9526, f1_macro 0.9291 (n=23831)
TEST: acc 0.9542, f1_micro 0.9542, f1_macro 0.9314 (n=55703)
Epoch: 100, Train Loss: 0.2374
Epoch: 101, Train Loss: 0.2378
Epoch: 102, Train Loss: 0.2442
Epoch: 103, Train Loss: 0.2435
Epoch: 104, Train Loss: 0.2413
TRAIN: acc 0.9592, f1_micro 0.9592, f1_macro 0.9447 (n=153431)
VAL: acc 0.9540, f1_micro 0.9540, f1_macro 0.9313 (n=23831)
TEST: acc 0.9543, f1_micro 0.9543, f1_macro 0.9319 (n=55703)
Epoch: 105, Train Loss: 0.2389
Epoch: 106, Train Loss: 0.2361
Epoch: 107, Train Loss: 0.2382
Epoch: 108, Train Loss: 0.2365
Epoch: 109, Train Loss: 0.2361
TRAIN: acc 0.9569, f1_micro 0.9569, f1_macro 0.9405 (n=153431)
VAL: acc 0.9509, f1_micro 0.9509, f1_macro 0.9254 (n=23831)
TEST: acc 0.9524, f1_micro 0.9524, f1_macro 0.9285 (n=55703)
Epoch: 110, Train Loss: 0.2353
Epoch: 111, Train Loss: 0.2393
Epoch: 112, Train Loss: 0.2357
Epoch: 113, Train Loss: 0.2352
Epoch: 114, Train Loss: 0.2340
TRAIN: acc 0.9589, f1_micro 0.9589, f1_macro 0.9444 (n=153431)
VAL: acc 0.9532, f1_micro 0.9532, f1_macro 0.9307 (n=23831)
TEST: acc 0.9536, f1_micro 0.9536, f1_macro 0.9313 (n=55703)
Epoch: 115, Train Loss: 0.2354
Epoch: 116, Train Loss: 0.2299
Epoch: 117, Train Loss: 0.2332
Epoch: 118, Train Loss: 0.2313
Epoch: 119, Train Loss: 0.2360
TRAIN: acc 0.9589, f1_micro 0.9589, f1_macro 0.9443 (n=153431)
VAL: acc 0.9531, f1_micro 0.9531, f1_macro 0.9283 (n=23831)
TEST: acc 0.9544, f1_micro 0.9544, f1_macro 0.9309 (n=55703)
Epoch: 120, Train Loss: 0.2347
Epoch: 121, Train Loss: 0.2285
Epoch: 122, Train Loss: 0.2322
Epoch: 123, Train Loss: 0.2310
Epoch: 124, Train Loss: 0.2273
TRAIN: acc 0.9588, f1_micro 0.9588, f1_macro 0.9442 (n=153431)
VAL: acc 0.9528, f1_micro 0.9528, f1_macro 0.9297 (n=23831)
TEST: acc 0.9530, f1_micro 0.9530, f1_macro 0.9289 (n=55703)
Epoch: 125, Train Loss: 0.2334
Epoch: 126, Train Loss: 0.2379
Epoch: 127, Train Loss: 0.2312
Epoch: 128, Train Loss: 0.2285
Epoch: 129, Train Loss: 0.2327
TRAIN: acc 0.9569, f1_micro 0.9569, f1_macro 0.9415 (n=153431)
VAL: acc 0.9505, f1_micro 0.9505, f1_macro 0.9266 (n=23831)
TEST: acc 0.9511, f1_micro 0.9511, f1_macro 0.9276 (n=55703)
Epoch: 130, Train Loss: 0.2297
Epoch: 131, Train Loss: 0.2285
Epoch: 132, Train Loss: 0.2259
Epoch: 133, Train Loss: 0.2321
Epoch: 134, Train Loss: 0.2243
TRAIN: acc 0.9586, f1_micro 0.9586, f1_macro 0.9437 (n=153431)
VAL: acc 0.9525, f1_micro 0.9525, f1_macro 0.9293 (n=23831)
TEST: acc 0.9531, f1_micro 0.9531, f1_macro 0.9293 (n=55703)
Epoch: 135, Train Loss: 0.2250
Epoch: 136, Train Loss: 0.2264
Epoch: 137, Train Loss: 0.2250
Epoch: 138, Train Loss: 0.2265
Epoch: 139, Train Loss: 0.2270
TRAIN: acc 0.9586, f1_micro 0.9586, f1_macro 0.9437 (n=153431)
VAL: acc 0.9516, f1_micro 0.9516, f1_macro 0.9273 (n=23831)
TEST: acc 0.9538, f1_micro 0.9538, f1_macro 0.9300 (n=55703)
Epoch: 140, Train Loss: 0.2263
Epoch: 141, Train Loss: 0.2229
Epoch: 142, Train Loss: 0.2213
Epoch: 143, Train Loss: 0.3085
Epoch: 144, Train Loss: 0.2987
TRAIN: acc 0.9563, f1_micro 0.9563, f1_macro 0.9408 (n=153431)
VAL: acc 0.9512, f1_micro 0.9512, f1_macro 0.9279 (n=23831)
TEST: acc 0.9527, f1_micro 0.9527, f1_macro 0.9301 (n=55703)
Epoch: 145, Train Loss: 0.2641
Epoch: 146, Train Loss: 0.2458
Epoch: 147, Train Loss: 0.2381
Epoch: 148, Train Loss: 0.2367
Epoch: 149, Train Loss: 0.2302
TRAIN: acc 0.9589, f1_micro 0.9589, f1_macro 0.9437 (n=153431)
VAL: acc 0.9519, f1_micro 0.9519, f1_macro 0.9267 (n=23831)
TEST: acc 0.9527, f1_micro 0.9527, f1_macro 0.9290 (n=55703)
Epoch: 150, Train Loss: 0.2278
Epoch: 151, Train Loss: 0.2275
Epoch: 152, Train Loss: 0.2278
Epoch: 153, Train Loss: 0.2263
Epoch: 154, Train Loss: 0.2247
TRAIN: acc 0.9592, f1_micro 0.9592, f1_macro 0.9450 (n=153431)
VAL: acc 0.9525, f1_micro 0.9525, f1_macro 0.9280 (n=23831)
TEST: acc 0.9532, f1_micro 0.9532, f1_macro 0.9311 (n=55703)
Epoch: 155, Train Loss: 0.2183
Epoch: 156, Train Loss: 0.2294
Epoch: 157, Train Loss: 0.2223
Epoch: 158, Train Loss: 0.2219
Epoch: 159, Train Loss: 0.2208
TRAIN: acc 0.9587, f1_micro 0.9587, f1_macro 0.9445 (n=153431)
VAL: acc 0.9520, f1_micro 0.9520, f1_macro 0.9280 (n=23831)
TEST: acc 0.9530, f1_micro 0.9530, f1_macro 0.9294 (n=55703)
Epoch: 160, Train Loss: 0.2214
Epoch: 161, Train Loss: 0.2172
Epoch: 162, Train Loss: 0.2165
Epoch: 163, Train Loss: 0.2213
Epoch: 164, Train Loss: 0.2171
TRAIN: acc 0.9595, f1_micro 0.9595, f1_macro 0.9456 (n=153431)
VAL: acc 0.9524, f1_micro 0.9524, f1_macro 0.9280 (n=23831)
TEST: acc 0.9530, f1_micro 0.9530, f1_macro 0.9296 (n=55703)
Epoch: 165, Train Loss: 0.2173
Epoch: 166, Train Loss: 0.2184
Epoch: 167, Train Loss: 0.2221
Epoch: 168, Train Loss: 0.2204
Epoch: 169, Train Loss: 0.2176
TRAIN: acc 0.9596, f1_micro 0.9596, f1_macro 0.9452 (n=153431)
VAL: acc 0.9531, f1_micro 0.9531, f1_macro 0.9290 (n=23831)
TEST: acc 0.9532, f1_micro 0.9532, f1_macro 0.9308 (n=55703)
Epoch: 170, Train Loss: 0.2175
Epoch: 171, Train Loss: 0.2175
Epoch: 172, Train Loss: 0.2175
Epoch: 173, Train Loss: 0.2195
Epoch: 174, Train Loss: 0.2152
TRAIN: acc 0.9581, f1_micro 0.9581, f1_macro 0.9438 (n=153431)
VAL: acc 0.9506, f1_micro 0.9506, f1_macro 0.9250 (n=23831)
TEST: acc 0.9511, f1_micro 0.9511, f1_macro 0.9273 (n=55703)
Epoch: 175, Train Loss: 0.2178
Epoch: 176, Train Loss: 0.2184
Epoch: 177, Train Loss: 0.2112
Epoch: 178, Train Loss: 0.2163
Epoch: 179, Train Loss: 0.2152
TRAIN: acc 0.9601, f1_micro 0.9601, f1_macro 0.9459 (n=153431)
VAL: acc 0.9522, f1_micro 0.9522, f1_macro 0.9281 (n=23831)
TEST: acc 0.9530, f1_micro 0.9530, f1_macro 0.9306 (n=55703)
Epoch: 180, Train Loss: 0.2101
Epoch: 181, Train Loss: 0.2145
Epoch: 182, Train Loss: 0.2116
Epoch: 183, Train Loss: 0.2109
Epoch: 184, Train Loss: 0.2114
TRAIN: acc 0.9602, f1_micro 0.9602, f1_macro 0.9462 (n=153431)
VAL: acc 0.9518, f1_micro 0.9518, f1_macro 0.9270 (n=23831)
TEST: acc 0.9534, f1_micro 0.9534, f1_macro 0.9308 (n=55703)
Epoch: 185, Train Loss: 0.2164
Epoch: 186, Train Loss: 0.2124
Epoch: 187, Train Loss: 0.2133
Epoch: 188, Train Loss: 0.2096
Epoch: 189, Train Loss: 0.2093
TRAIN: acc 0.9595, f1_micro 0.9595, f1_macro 0.9444 (n=153431)
VAL: acc 0.9516, f1_micro 0.9516, f1_macro 0.9277 (n=23831)
TEST: acc 0.9528, f1_micro 0.9528, f1_macro 0.9284 (n=55703)
Epoch: 190, Train Loss: 0.2084
Epoch: 191, Train Loss: 0.2105
Epoch: 192, Train Loss: 0.2142
Epoch: 193, Train Loss: 0.2059
Epoch: 194, Train Loss: 0.2122
TRAIN: acc 0.9592, f1_micro 0.9592, f1_macro 0.9449 (n=153431)
VAL: acc 0.9522, f1_micro 0.9522, f1_macro 0.9288 (n=23831)
TEST: acc 0.9537, f1_micro 0.9537, f1_macro 0.9313 (n=55703)
Epoch: 195, Train Loss: 0.2063
Epoch: 196, Train Loss: 0.2080
Epoch: 197, Train Loss: 0.2105
Epoch: 198, Train Loss: 0.2144
Epoch: 199, Train Loss: 0.2119
TRAIN: acc 0.9593, f1_micro 0.9593, f1_macro 0.9442 (n=153431)
VAL: acc 0.9508, f1_micro 0.9508, f1_macro 0.9258 (n=23831)
TEST: acc 0.9508, f1_micro 0.9508, f1_macro 0.9252 (n=55703)
rank 1 Peak GPU memory: 6.16 GB
rank 3 Peak GPU memory: 6.18 GB
rank 0 Peak GPU memory: 6.15 GB
rank 2 Peak GPU memory: 6.16 GB
OGB (best val):
Highest Train (acc): 96.02
Highest Valid (acc): 95.40
  Final Train (acc): 95.92
   Final Test (acc): 95.43
