/pscratch/sd/c/cunyang/gnn/plexus/plexus/utils/dataloader.py:425: UserWarning: Sparse CSR tensor support is in beta state. If you miss a functionality in the sparse tensor support, please submit a feature request to https://github.com/pytorch/pytorch/issues. (Triggered internally at /pytorch/aten/src/ATen/SparseCsrTensorImpl.cpp:53.)
  adj_local = adj_local.to_sparse_csr()
/pscratch/sd/c/cunyang/gnn/plexus/plexus/utils/dataloader.py:425: UserWarning: Sparse CSR tensor support is in beta state. If you miss a functionality in the sparse tensor support, please submit a feature request to https://github.com/pytorch/pytorch/issues. (Triggered internally at /pytorch/aten/src/ATen/SparseCsrTensorImpl.cpp:53.)
  adj_local = adj_local.to_sparse_csr()
/pscratch/sd/c/cunyang/gnn/plexus/plexus/utils/dataloader.py:425: UserWarning: Sparse CSR tensor support is in beta state. If you miss a functionality in the sparse tensor support, please submit a feature request to https://github.com/pytorch/pytorch/issues. (Triggered internally at /pytorch/aten/src/ATen/SparseCsrTensorImpl.cpp:53.)
  adj_local = adj_local.to_sparse_csr()
/pscratch/sd/c/cunyang/gnn/plexus/plexus/utils/dataloader.py:425: UserWarning: Sparse CSR tensor support is in beta state. If you miss a functionality in the sparse tensor support, please submit a feature request to https://github.com/pytorch/pytorch/issues. (Triggered internally at /pytorch/aten/src/ATen/SparseCsrTensorImpl.cpp:53.)
  adj_local = adj_local.to_sparse_csr()
steps_per_epoch:  201
steps_per_epoch:  201
steps_per_epoch:  201
steps_per_epoch:  201
Epoch: 000, Train Loss: 1.3315
Epoch: 001, Train Loss: 1.0182
|--[95m 'drop | Max Time: 0.167 ms | Avg Time: 0.164 ms | Load Imbalance: 1.015' [0m

|--[95m 'epoch 0 | Max Time: 3781.084 ms | Avg Time: 3780.730 ms | Load Imbalance: 1.000' [0m
	|--[92m 'prefetch launch | Max Time: 7.606 ms | Avg Time: 7.383 ms | Load Imbalance: 1.030' [0m
	|--[92m 'prefetch wait | Max Time: 354.607 ms | Avg Time: 352.905 ms | Load Imbalance: 1.005' [0m
	|--[92m 'train step | Max Time: 3372.807 ms | Avg Time: 3369.743 ms | Load Imbalance: 1.001' [0m
		|--[96m 'input_linear | Max Time: 359.166 ms | Avg Time: 357.060 ms | Load Imbalance: 1.006' [0m
			|--[91m 'input_linear X * W | Max Time: 149.112 ms | Avg Time: 148.857 ms | Load Imbalance: 1.002' [0m
			|--[91m 'all-reduce | Max Time: 169.666 ms | Avg Time: 163.417 ms | Load Imbalance: 1.038' [0m
			|--[91m 'OUT + BIAS | Max Time: 12.032 ms | Avg Time: 10.068 ms | Load Imbalance: 1.195' [0m
		|--[96m 'gcn conv fwd | Max Time: 934.805 ms | Avg Time: 923.759 ms | Load Imbalance: 1.012' [0m
			|--[91m 'AGG = A * H | Max Time: 103.950 ms | Avg Time: 99.084 ms | Load Imbalance: 1.049' [0m
			|--[91m 'allreduce H | Max Time: 406.141 ms | Avg Time: 391.641 ms | Load Imbalance: 1.037' [0m
				|--[95m 'all-reduce | Max Time: 391.240 ms | Avg Time: 373.666 ms | Load Imbalance: 1.047' [0m
			|--[91m 'Allgather W | Max Time: 176.018 ms | Avg Time: 171.737 ms | Load Imbalance: 1.025' [0m
				|--[95m 'gather | Max Time: 166.290 ms | Avg Time: 158.700 ms | Load Imbalance: 1.048' [0m
			|--[91m 'OUT = AGG * W | Max Time: 49.458 ms | Avg Time: 45.803 ms | Load Imbalance: 1.080' [0m
			|--[91m 'allreduce Q | Max Time: 177.728 ms | Avg Time: 160.501 ms | Load Imbalance: 1.107' [0m
				|--[95m 'all-reduce | Max Time: 168.331 ms | Avg Time: 146.909 ms | Load Imbalance: 1.146' [0m
		|--[96m 'activation | Max Time: 288.423 ms | Avg Time: 280.600 ms | Load Imbalance: 1.028' [0m
			|--[91m 'all-reduce | Max Time: 134.255 ms | Avg Time: 119.162 ms | Load Imbalance: 1.127' [0m
		|--[96m 'output_linear | Max Time: 37.225 ms | Avg Time: 32.693 ms | Load Imbalance: 1.139' [0m
			|--[91m 'output_linear X * W | Max Time: 11.586 ms | Avg Time: 10.083 ms | Load Imbalance: 1.149' [0m
			|--[91m 'all-reduce | Max Time: 3.415 ms | Avg Time: 2.855 ms | Load Imbalance: 1.196' [0m
			|--[91m 'OUT + BIAS | Max Time: 6.357 ms | Avg Time: 5.698 ms | Load Imbalance: 1.116' [0m
		|--[96m 'cross entropy fwd | Max Time: 447.585 ms | Avg Time: 426.836 ms | Load Imbalance: 1.049' [0m
		|--[96m 'cross entropy bwd | Max Time: 9.735 ms | Avg Time: 9.343 ms | Load Imbalance: 1.042' [0m
		|--[96m 'linear_3d_bwd | Max Time: 266.003 ms | Avg Time: 257.219 ms | Load Imbalance: 1.034' [0m
			|--[91m 'output_linear GRAD_X | Max Time: 8.785 ms | Avg Time: 8.084 ms | Load Imbalance: 1.087' [0m
			|--[91m 'all-reduce | Max Time: 205.470 ms | Avg Time: 194.491 ms | Load Imbalance: 1.056' [0m
			|--[91m 'output_linear GRAD_W | Max Time: 8.465 ms | Avg Time: 7.747 ms | Load Imbalance: 1.093' [0m
			|--[91m 'input_linear GRAD_W | Max Time: 8.738 ms | Avg Time: 8.043 ms | Load Imbalance: 1.086' [0m
		|--[96m 'gcn conv bwd | Max Time: 566.637 ms | Avg Time: 556.416 ms | Load Imbalance: 1.018' [0m
			|--[91m 'gather | Max Time: 104.765 ms | Avg Time: 93.845 ms | Load Imbalance: 1.116' [0m
			|--[91m 'GRAD_AGG = GRAD_OUT * W.T | Max Time: 22.157 ms | Avg Time: 20.692 ms | Load Imbalance: 1.071' [0m
			|--[91m 'all-reduce | Max Time: 183.695 ms | Avg Time: 177.305 ms | Load Imbalance: 1.036' [0m
			|--[91m 'GRAD_W = AGG.T * GRAD_OUT | Max Time: 26.464 ms | Avg Time: 24.143 ms | Load Imbalance: 1.096' [0m
			|--[91m 'ReduceScatter grad_weight | Max Time: 92.547 ms | Avg Time: 90.709 ms | Load Imbalance: 1.020' [0m
				|--[95m 'reduce-scatter | Max Time: 84.020 ms | Avg Time: 81.593 ms | Load Imbalance: 1.030' [0m
					|--[92m 'reduce-scatter-dist | Max Time: 75.776 ms | Avg Time: 72.023 ms | Load Imbalance: 1.052' [0m
			|--[91m 'GRAD_H = A.T * GRAD_AGG | Max Time: 54.789 ms | Avg Time: 35.349 ms | Load Imbalance: 1.550' [0m
			|--[91m 'allreduce grad_x | Max Time: 85.407 ms | Avg Time: 67.244 ms | Load Imbalance: 1.270' [0m
				|--[95m 'all-reduce | Max Time: 78.533 ms | Avg Time: 58.851 ms | Load Imbalance: 1.334' [0m
		|--[96m 'sync_norm_gradients | Max Time: 77.100 ms | Avg Time: 71.317 ms | Load Imbalance: 1.081' [0m
		|--[96m 'sync_data_parallel_gradients | Max Time: 2.058 ms | Avg Time: 1.748 ms | Load Imbalance: 1.178' [0m

|--[95m 'epoch 1 | Max Time: 3021.646 ms | Avg Time: 3021.205 ms | Load Imbalance: 1.000' [0m
	|--[92m 'prefetch launch | Max Time: 6.920 ms | Avg Time: 6.819 ms | Load Imbalance: 1.015' [0m
	|--[92m 'prefetch wait | Max Time: 218.195 ms | Avg Time: 209.304 ms | Load Imbalance: 1.042' [0m
	|--[92m 'train step | Max Time: 2758.824 ms | Avg Time: 2752.483 ms | Load Imbalance: 1.002' [0m
		|--[96m 'input_linear | Max Time: 117.240 ms | Avg Time: 114.823 ms | Load Imbalance: 1.021' [0m
			|--[91m 'input_linear X * W | Max Time: 22.570 ms | Avg Time: 22.123 ms | Load Imbalance: 1.020' [0m
			|--[91m 'all-reduce | Max Time: 51.673 ms | Avg Time: 47.845 ms | Load Imbalance: 1.080' [0m
			|--[91m 'OUT + BIAS | Max Time: 11.685 ms | Avg Time: 9.947 ms | Load Imbalance: 1.175' [0m
		|--[96m 'gcn conv fwd | Max Time: 803.045 ms | Avg Time: 776.983 ms | Load Imbalance: 1.034' [0m
			|--[91m 'AGG = A * H | Max Time: 46.700 ms | Avg Time: 45.558 ms | Load Imbalance: 1.025' [0m
			|--[91m 'allreduce H | Max Time: 369.235 ms | Avg Time: 294.543 ms | Load Imbalance: 1.254' [0m
				|--[95m 'all-reduce | Max Time: 351.489 ms | Avg Time: 275.776 ms | Load Imbalance: 1.275' [0m
			|--[91m 'Allgather W | Max Time: 252.418 ms | Avg Time: 204.716 ms | Load Imbalance: 1.233' [0m
				|--[95m 'gather | Max Time: 239.741 ms | Avg Time: 191.362 ms | Load Imbalance: 1.253' [0m
			|--[91m 'OUT = AGG * W | Max Time: 24.956 ms | Avg Time: 22.639 ms | Load Imbalance: 1.102' [0m
			|--[91m 'allreduce Q | Max Time: 157.214 ms | Avg Time: 152.404 ms | Load Imbalance: 1.032' [0m
				|--[95m 'all-reduce | Max Time: 145.108 ms | Avg Time: 138.319 ms | Load Imbalance: 1.049' [0m
		|--[96m 'activation | Max Time: 213.767 ms | Avg Time: 211.049 ms | Load Imbalance: 1.013' [0m
			|--[91m 'all-reduce | Max Time: 132.233 ms | Avg Time: 119.989 ms | Load Imbalance: 1.102' [0m
		|--[96m 'output_linear | Max Time: 36.643 ms | Avg Time: 34.107 ms | Load Imbalance: 1.074' [0m
			|--[91m 'output_linear X * W | Max Time: 10.994 ms | Avg Time: 10.199 ms | Load Imbalance: 1.078' [0m
			|--[91m 'all-reduce | Max Time: 3.338 ms | Avg Time: 3.077 ms | Load Imbalance: 1.085' [0m
			|--[91m 'OUT + BIAS | Max Time: 6.336 ms | Avg Time: 5.978 ms | Load Imbalance: 1.060' [0m
		|--[96m 'cross entropy fwd | Max Time: 455.250 ms | Avg Time: 429.256 ms | Load Imbalance: 1.061' [0m
		|--[96m 'cross entropy bwd | Max Time: 9.419 ms | Avg Time: 8.983 ms | Load Imbalance: 1.049' [0m
		|--[96m 'linear_3d_bwd | Max Time: 339.408 ms | Avg Time: 278.176 ms | Load Imbalance: 1.220' [0m
			|--[91m 'output_linear GRAD_X | Max Time: 7.823 ms | Avg Time: 7.098 ms | Load Imbalance: 1.102' [0m
			|--[91m 'all-reduce | Max Time: 281.823 ms | Avg Time: 217.001 ms | Load Imbalance: 1.299' [0m
			|--[91m 'output_linear GRAD_W | Max Time: 7.575 ms | Avg Time: 7.154 ms | Load Imbalance: 1.059' [0m
			|--[91m 'input_linear GRAD_W | Max Time: 8.534 ms | Avg Time: 8.103 ms | Load Imbalance: 1.053' [0m
		|--[96m 'gcn conv bwd | Max Time: 513.293 ms | Avg Time: 506.119 ms | Load Imbalance: 1.014' [0m
			|--[91m 'gather | Max Time: 95.143 ms | Avg Time: 88.459 ms | Load Imbalance: 1.076' [0m
			|--[91m 'GRAD_AGG = GRAD_OUT * W.T | Max Time: 20.681 ms | Avg Time: 19.877 ms | Load Imbalance: 1.040' [0m
			|--[91m 'all-reduce | Max Time: 161.405 ms | Avg Time: 157.296 ms | Load Imbalance: 1.026' [0m
			|--[91m 'GRAD_W = AGG.T * GRAD_OUT | Max Time: 22.995 ms | Avg Time: 21.488 ms | Load Imbalance: 1.070' [0m
			|--[91m 'ReduceScatter grad_weight | Max Time: 85.792 ms | Avg Time: 83.599 ms | Load Imbalance: 1.026' [0m
				|--[95m 'reduce-scatter | Max Time: 77.217 ms | Avg Time: 74.508 ms | Load Imbalance: 1.036' [0m
					|--[92m 'reduce-scatter-dist | Max Time: 68.068 ms | Avg Time: 64.869 ms | Load Imbalance: 1.049' [0m
			|--[91m 'GRAD_H = A.T * GRAD_AGG | Max Time: 29.631 ms | Avg Time: 28.326 ms | Load Imbalance: 1.046' [0m
			|--[91m 'allreduce grad_x | Max Time: 61.134 ms | Avg Time: 59.766 ms | Load Imbalance: 1.023' [0m
				|--[95m 'all-reduce | Max Time: 53.524 ms | Avg Time: 51.434 ms | Load Imbalance: 1.041' [0m
		|--[96m 'sync_norm_gradients | Max Time: 69.424 ms | Avg Time: 66.826 ms | Load Imbalance: 1.039' [0m
		|--[96m 'sync_data_parallel_gradients | Max Time: 2.105 ms | Avg Time: 1.882 ms | Load Imbalance: 1.119' [0m

|--[95m 'epoch 2 | Max Time: 2862.856 ms | Avg Time: 2862.467 ms | Load Imbalance: 1.000' [0m
	|--[92m 'prefetch launch | Max Time: 7.098 ms | Avg Time: 6.839 ms | Load Imbalance: 1.038' [0m
	|--[92m 'prefetch wait | Max Time: 203.262 ms | Avg Time: 196.152 ms | Load Imbalance: 1.036' [0m
	|--[92m 'train step | Max Time: 2612.064 ms | Avg Time: 2607.173 ms | Load Imbalance: 1.002' [0m
		|--[96m 'input_linear | Max Time: 118.392 ms | Avg Time: 117.076 ms | Load Imbalance: 1.011' [0m
			|--[91m 'input_linear X * W | Max Time: 22.359 ms | Avg Time: 21.731 ms | Load Imbalance: 1.029' [0m
			|--[91m 'all-reduce | Max Time: 55.078 ms | Avg Time: 51.037 ms | Load Imbalance: 1.079' [0m
			|--[91m 'OUT + BIAS | Max Time: 11.381 ms | Avg Time: 9.783 ms | Load Imbalance: 1.163' [0m
		|--[96m 'gcn conv fwd | Max Time: 712.761 ms | Avg Time: 708.050 ms | Load Imbalance: 1.007' [0m
			|--[91m 'AGG = A * H | Max Time: 46.061 ms | Avg Time: 44.871 ms | Load Imbalance: 1.027' [0m
			|--[91m 'allreduce H | Max Time: 272.843 ms | Avg Time: 267.008 ms | Load Imbalance: 1.022' [0m
				|--[95m 'all-reduce | Max Time: 254.221 ms | Avg Time: 248.241 ms | Load Imbalance: 1.024' [0m
			|--[91m 'Allgather W | Max Time: 166.300 ms | Avg Time: 163.234 ms | Load Imbalance: 1.019' [0m
				|--[95m 'gather | Max Time: 153.721 ms | Avg Time: 149.737 ms | Load Imbalance: 1.027' [0m
			|--[91m 'OUT = AGG * W | Max Time: 24.444 ms | Avg Time: 22.766 ms | Load Imbalance: 1.074' [0m
			|--[91m 'allreduce Q | Max Time: 155.703 ms | Avg Time: 153.020 ms | Load Imbalance: 1.018' [0m
				|--[95m 'all-reduce | Max Time: 141.922 ms | Avg Time: 138.630 ms | Load Imbalance: 1.024' [0m
		|--[96m 'activation | Max Time: 213.238 ms | Avg Time: 210.365 ms | Load Imbalance: 1.014' [0m
			|--[91m 'all-reduce | Max Time: 126.214 ms | Avg Time: 119.607 ms | Load Imbalance: 1.055' [0m
		|--[96m 'output_linear | Max Time: 36.169 ms | Avg Time: 33.953 ms | Load Imbalance: 1.065' [0m
			|--[91m 'output_linear X * W | Max Time: 10.933 ms | Avg Time: 10.188 ms | Load Imbalance: 1.073' [0m
			|--[91m 'all-reduce | Max Time: 3.211 ms | Avg Time: 3.023 ms | Load Imbalance: 1.062' [0m
			|--[91m 'OUT + BIAS | Max Time: 6.177 ms | Avg Time: 5.901 ms | Load Imbalance: 1.047' [0m
		|--[96m 'cross entropy fwd | Max Time: 380.145 ms | Avg Time: 372.858 ms | Load Imbalance: 1.020' [0m
		|--[96m 'cross entropy bwd | Max Time: 9.712 ms | Avg Time: 9.171 ms | Load Imbalance: 1.059' [0m
		|--[96m 'linear_3d_bwd | Max Time: 259.938 ms | Avg Time: 256.308 ms | Load Imbalance: 1.014' [0m
			|--[91m 'output_linear GRAD_X | Max Time: 7.689 ms | Avg Time: 7.303 ms | Load Imbalance: 1.053' [0m
			|--[91m 'all-reduce | Max Time: 199.410 ms | Avg Time: 193.425 ms | Load Imbalance: 1.031' [0m
			|--[91m 'output_linear GRAD_W | Max Time: 8.228 ms | Avg Time: 7.782 ms | Load Imbalance: 1.057' [0m
			|--[91m 'input_linear GRAD_W | Max Time: 8.514 ms | Avg Time: 8.189 ms | Load Imbalance: 1.040' [0m
		|--[96m 'gcn conv bwd | Max Time: 527.588 ms | Avg Time: 526.301 ms | Load Imbalance: 1.002' [0m
			|--[91m 'gather | Max Time: 99.024 ms | Avg Time: 95.907 ms | Load Imbalance: 1.033' [0m
			|--[91m 'GRAD_AGG = GRAD_OUT * W.T | Max Time: 20.673 ms | Avg Time: 20.309 ms | Load Imbalance: 1.018' [0m
			|--[91m 'all-reduce | Max Time: 163.613 ms | Avg Time: 160.111 ms | Load Imbalance: 1.022' [0m
			|--[91m 'GRAD_W = AGG.T * GRAD_OUT | Max Time: 22.835 ms | Avg Time: 21.932 ms | Load Imbalance: 1.041' [0m
			|--[91m 'ReduceScatter grad_weight | Max Time: 90.334 ms | Avg Time: 88.359 ms | Load Imbalance: 1.022' [0m
				|--[95m 'reduce-scatter | Max Time: 81.178 ms | Avg Time: 79.066 ms | Load Imbalance: 1.027' [0m
					|--[92m 'reduce-scatter-dist | Max Time: 71.962 ms | Avg Time: 69.160 ms | Load Imbalance: 1.041' [0m
			|--[91m 'GRAD_H = A.T * GRAD_AGG | Max Time: 29.669 ms | Avg Time: 28.707 ms | Load Imbalance: 1.034' [0m
			|--[91m 'allreduce grad_x | Max Time: 63.394 ms | Avg Time: 62.066 ms | Load Imbalance: 1.021' [0m
				|--[95m 'all-reduce | Max Time: 55.740 ms | Avg Time: 53.581 ms | Load Imbalance: 1.040' [0m
		|--[96m 'sync_norm_gradients | Max Time: 72.569 ms | Avg Time: 71.387 ms | Load Imbalance: 1.017' [0m
		|--[96m 'sync_data_parallel_gradients | Max Time: 2.034 ms | Avg Time: 1.814 ms | Load Imbalance: 1.121' [0m

Epoch: 002, Train Loss: 0.9422
Epoch: 003, Train Loss: 0.9063
Epoch: 004, Train Loss: 0.8563
TRAIN: acc 0.9372, f1_micro 0.9372, f1_macro 0.9041 (n=153431)
VAL: acc 0.9395, f1_micro 0.9395, f1_macro 0.8964 (n=23831)
TEST: acc 0.9409, f1_micro 0.9409, f1_macro 0.9020 (n=55703)
Epoch: 005, Train Loss: 0.8319
Epoch: 006, Train Loss: 0.7910
Epoch: 007, Train Loss: 0.7771
Epoch: 008, Train Loss: 0.7442
Epoch: 009, Train Loss: 0.7347
TRAIN: acc 0.9346, f1_micro 0.9346, f1_macro 0.8988 (n=153431)
VAL: acc 0.9352, f1_micro 0.9352, f1_macro 0.8904 (n=23831)
TEST: acc 0.9360, f1_micro 0.9360, f1_macro 0.8952 (n=55703)
Epoch: 010, Train Loss: 0.7197
Epoch: 011, Train Loss: 0.7043
Epoch: 012, Train Loss: 0.6824
Epoch: 013, Train Loss: 0.6664
Epoch: 014, Train Loss: 0.6542
TRAIN: acc 0.9348, f1_micro 0.9348, f1_macro 0.8991 (n=153431)
VAL: acc 0.9360, f1_micro 0.9360, f1_macro 0.8919 (n=23831)
TEST: acc 0.9367, f1_micro 0.9367, f1_macro 0.8962 (n=55703)
Epoch: 015, Train Loss: 0.6416
Epoch: 016, Train Loss: 0.6257
Epoch: 017, Train Loss: 0.6198
Epoch: 018, Train Loss: 0.6091
Epoch: 019, Train Loss: 0.6023
TRAIN: acc 0.9361, f1_micro 0.9361, f1_macro 0.9003 (n=153431)
VAL: acc 0.9349, f1_micro 0.9349, f1_macro 0.8896 (n=23831)
TEST: acc 0.9359, f1_micro 0.9359, f1_macro 0.8942 (n=55703)
Epoch: 020, Train Loss: 0.5862
Epoch: 021, Train Loss: 0.5750
Epoch: 022, Train Loss: 0.5632
Epoch: 023, Train Loss: 0.5559
Epoch: 024, Train Loss: 0.5508
TRAIN: acc 0.9337, f1_micro 0.9337, f1_macro 0.8947 (n=153431)
VAL: acc 0.9317, f1_micro 0.9317, f1_macro 0.8843 (n=23831)
TEST: acc 0.9340, f1_micro 0.9340, f1_macro 0.8898 (n=55703)
Epoch: 025, Train Loss: 0.5435
Epoch: 026, Train Loss: 0.5388
Epoch: 027, Train Loss: 0.5407
Epoch: 028, Train Loss: 0.5344
Epoch: 029, Train Loss: 0.5256
TRAIN: acc 0.9336, f1_micro 0.9336, f1_macro 0.8952 (n=153431)
VAL: acc 0.9319, f1_micro 0.9319, f1_macro 0.8845 (n=23831)
TEST: acc 0.9328, f1_micro 0.9328, f1_macro 0.8881 (n=55703)
Epoch: 030, Train Loss: 0.5228
Epoch: 031, Train Loss: 0.5083
Epoch: 032, Train Loss: 0.5115
Epoch: 033, Train Loss: 0.5093
Epoch: 034, Train Loss: 0.4999
TRAIN: acc 0.9349, f1_micro 0.9349, f1_macro 0.8929 (n=153431)
VAL: acc 0.9330, f1_micro 0.9330, f1_macro 0.8846 (n=23831)
TEST: acc 0.9341, f1_micro 0.9341, f1_macro 0.8870 (n=55703)
Epoch: 035, Train Loss: 0.4978
Epoch: 036, Train Loss: 0.4886
Epoch: 037, Train Loss: 0.5016
Epoch: 038, Train Loss: 0.4951
Epoch: 039, Train Loss: 0.4918
TRAIN: acc 0.9236, f1_micro 0.9236, f1_macro 0.8733 (n=153431)
VAL: acc 0.9208, f1_micro 0.9208, f1_macro 0.8614 (n=23831)
TEST: acc 0.9233, f1_micro 0.9233, f1_macro 0.8647 (n=55703)
Epoch: 040, Train Loss: 0.4809
Epoch: 041, Train Loss: 0.4818
Epoch: 042, Train Loss: 0.4824
Epoch: 043, Train Loss: 0.4792
Epoch: 044, Train Loss: 0.4760
TRAIN: acc 0.9330, f1_micro 0.9330, f1_macro 0.8920 (n=153431)
VAL: acc 0.9308, f1_micro 0.9308, f1_macro 0.8821 (n=23831)
TEST: acc 0.9332, f1_micro 0.9332, f1_macro 0.8861 (n=55703)
Epoch: 045, Train Loss: 0.4666
Epoch: 046, Train Loss: 0.4678
Epoch: 047, Train Loss: 0.4708
Epoch: 048, Train Loss: 0.4706
Epoch: 049, Train Loss: 0.4677
TRAIN: acc 0.9365, f1_micro 0.9365, f1_macro 0.9008 (n=153431)
VAL: acc 0.9329, f1_micro 0.9329, f1_macro 0.8891 (n=23831)
TEST: acc 0.9357, f1_micro 0.9357, f1_macro 0.8939 (n=55703)
Epoch: 050, Train Loss: 0.4658
Epoch: 051, Train Loss: 0.4594
Epoch: 052, Train Loss: 0.4675
Epoch: 053, Train Loss: 0.4523
Epoch: 054, Train Loss: 0.4512
TRAIN: acc 0.9371, f1_micro 0.9371, f1_macro 0.9006 (n=153431)
VAL: acc 0.9332, f1_micro 0.9332, f1_macro 0.8874 (n=23831)
TEST: acc 0.9366, f1_micro 0.9366, f1_macro 0.8943 (n=55703)
Epoch: 055, Train Loss: 0.4512
Epoch: 056, Train Loss: 0.4501
Epoch: 057, Train Loss: 0.4429
Epoch: 058, Train Loss: 0.4395
Epoch: 059, Train Loss: 0.4473
TRAIN: acc 0.9366, f1_micro 0.9366, f1_macro 0.9007 (n=153431)
VAL: acc 0.9330, f1_micro 0.9330, f1_macro 0.8858 (n=23831)
TEST: acc 0.9366, f1_micro 0.9366, f1_macro 0.8956 (n=55703)
Epoch: 060, Train Loss: 0.4473
Epoch: 061, Train Loss: 0.4480
Epoch: 062, Train Loss: 0.4441
Epoch: 063, Train Loss: 0.4403
Epoch: 064, Train Loss: 0.4368
TRAIN: acc 0.9313, f1_micro 0.9313, f1_macro 0.8861 (n=153431)
VAL: acc 0.9276, f1_micro 0.9276, f1_macro 0.8746 (n=23831)
TEST: acc 0.9308, f1_micro 0.9308, f1_macro 0.8778 (n=55703)
Epoch: 065, Train Loss: 0.4429
Epoch: 066, Train Loss: 0.4320
Epoch: 067, Train Loss: 0.4383
Epoch: 068, Train Loss: 0.4330
Epoch: 069, Train Loss: 0.4356
TRAIN: acc 0.9326, f1_micro 0.9326, f1_macro 0.8905 (n=153431)
VAL: acc 0.9293, f1_micro 0.9293, f1_macro 0.8801 (n=23831)
TEST: acc 0.9319, f1_micro 0.9319, f1_macro 0.8823 (n=55703)
Epoch: 070, Train Loss: 0.4311
Epoch: 071, Train Loss: 0.4283
Epoch: 072, Train Loss: 0.4313
Epoch: 073, Train Loss: 0.4302
Epoch: 074, Train Loss: 0.4269
TRAIN: acc 0.9241, f1_micro 0.9241, f1_macro 0.8706 (n=153431)
VAL: acc 0.9195, f1_micro 0.9195, f1_macro 0.8531 (n=23831)
TEST: acc 0.9243, f1_micro 0.9243, f1_macro 0.8622 (n=55703)
Epoch: 075, Train Loss: 0.4292
Epoch: 076, Train Loss: 0.4215
Epoch: 077, Train Loss: 0.4218
Epoch: 078, Train Loss: 0.4283
Epoch: 079, Train Loss: 0.4227
TRAIN: acc 0.9275, f1_micro 0.9275, f1_macro 0.8826 (n=153431)
VAL: acc 0.9234, f1_micro 0.9234, f1_macro 0.8650 (n=23831)
TEST: acc 0.9265, f1_micro 0.9265, f1_macro 0.8736 (n=55703)
Epoch: 080, Train Loss: 0.4301
Epoch: 081, Train Loss: 0.4287
Epoch: 082, Train Loss: 0.4234
Epoch: 083, Train Loss: 0.4208
Epoch: 084, Train Loss: 0.4217
TRAIN: acc 0.9344, f1_micro 0.9344, f1_macro 0.8964 (n=153431)
VAL: acc 0.9315, f1_micro 0.9315, f1_macro 0.8829 (n=23831)
TEST: acc 0.9332, f1_micro 0.9332, f1_macro 0.8888 (n=55703)
Epoch: 085, Train Loss: 0.4189
Epoch: 086, Train Loss: 0.4237
Epoch: 087, Train Loss: 0.4164
Epoch: 088, Train Loss: 0.4181
Epoch: 089, Train Loss: 0.4132
TRAIN: acc 0.9375, f1_micro 0.9375, f1_macro 0.9056 (n=153431)
VAL: acc 0.9342, f1_micro 0.9342, f1_macro 0.8906 (n=23831)
TEST: acc 0.9373, f1_micro 0.9373, f1_macro 0.8987 (n=55703)
Epoch: 090, Train Loss: 0.4147
Epoch: 091, Train Loss: 0.4074
Epoch: 092, Train Loss: 0.4132
Epoch: 093, Train Loss: 0.4207
Epoch: 094, Train Loss: 0.4168
TRAIN: acc 0.9355, f1_micro 0.9355, f1_macro 0.8999 (n=153431)
VAL: acc 0.9318, f1_micro 0.9318, f1_macro 0.8845 (n=23831)
TEST: acc 0.9348, f1_micro 0.9348, f1_macro 0.8929 (n=55703)
Epoch: 095, Train Loss: 0.4110
Epoch: 096, Train Loss: 0.4106
Epoch: 097, Train Loss: 0.4160
Epoch: 098, Train Loss: 0.4089
Epoch: 099, Train Loss: 0.4090
TRAIN: acc 0.9336, f1_micro 0.9336, f1_macro 0.8950 (n=153431)
VAL: acc 0.9304, f1_micro 0.9304, f1_macro 0.8820 (n=23831)
TEST: acc 0.9338, f1_micro 0.9338, f1_macro 0.8901 (n=55703)
Epoch: 100, Train Loss: 0.4098
Epoch: 101, Train Loss: 0.4160
Epoch: 102, Train Loss: 0.4043
Epoch: 103, Train Loss: 0.4073
Epoch: 104, Train Loss: 0.4070
TRAIN: acc 0.9353, f1_micro 0.9353, f1_macro 0.9005 (n=153431)
VAL: acc 0.9314, f1_micro 0.9314, f1_macro 0.8835 (n=23831)
TEST: acc 0.9343, f1_micro 0.9343, f1_macro 0.8927 (n=55703)
Epoch: 105, Train Loss: 0.4092
Epoch: 106, Train Loss: 0.4076
Epoch: 107, Train Loss: 0.4034
Epoch: 108, Train Loss: 0.4022
Epoch: 109, Train Loss: 0.4011
TRAIN: acc 0.9371, f1_micro 0.9371, f1_macro 0.9043 (n=153431)
VAL: acc 0.9334, f1_micro 0.9334, f1_macro 0.8875 (n=23831)
TEST: acc 0.9368, f1_micro 0.9368, f1_macro 0.8968 (n=55703)
Epoch: 110, Train Loss: 0.4031
Epoch: 111, Train Loss: 0.3940
Epoch: 112, Train Loss: 0.4042
Epoch: 113, Train Loss: 0.4016
Epoch: 114, Train Loss: 0.4020
TRAIN: acc 0.9390, f1_micro 0.9390, f1_macro 0.9088 (n=153431)
VAL: acc 0.9355, f1_micro 0.9355, f1_macro 0.8938 (n=23831)
TEST: acc 0.9381, f1_micro 0.9381, f1_macro 0.9019 (n=55703)
Epoch: 115, Train Loss: 0.4001
Epoch: 116, Train Loss: 0.4026
Epoch: 117, Train Loss: 0.3940
Epoch: 118, Train Loss: 0.4003
Epoch: 119, Train Loss: 0.4070
TRAIN: acc 0.9283, f1_micro 0.9283, f1_macro 0.8873 (n=153431)
VAL: acc 0.9233, f1_micro 0.9233, f1_macro 0.8685 (n=23831)
TEST: acc 0.9279, f1_micro 0.9279, f1_macro 0.8785 (n=55703)
Epoch: 120, Train Loss: 0.3993
Epoch: 121, Train Loss: 0.4010
Epoch: 122, Train Loss: 0.3977
Epoch: 123, Train Loss: 0.4029
Epoch: 124, Train Loss: 0.3965
TRAIN: acc 0.9357, f1_micro 0.9357, f1_macro 0.9010 (n=153431)
VAL: acc 0.9318, f1_micro 0.9318, f1_macro 0.8836 (n=23831)
TEST: acc 0.9338, f1_micro 0.9338, f1_macro 0.8918 (n=55703)
Epoch: 125, Train Loss: 0.3980
Epoch: 126, Train Loss: 0.3946
Epoch: 127, Train Loss: 0.3993
Epoch: 128, Train Loss: 0.4017
Epoch: 129, Train Loss: 0.3963
TRAIN: acc 0.9369, f1_micro 0.9369, f1_macro 0.9041 (n=153431)
VAL: acc 0.9340, f1_micro 0.9340, f1_macro 0.8870 (n=23831)
TEST: acc 0.9364, f1_micro 0.9364, f1_macro 0.8971 (n=55703)
Epoch: 130, Train Loss: 0.4003
Epoch: 131, Train Loss: 0.3922
Epoch: 132, Train Loss: 0.3952
Epoch: 133, Train Loss: 0.3972
Epoch: 134, Train Loss: 0.3965
TRAIN: acc 0.9349, f1_micro 0.9349, f1_macro 0.8973 (n=153431)
VAL: acc 0.9315, f1_micro 0.9315, f1_macro 0.8827 (n=23831)
TEST: acc 0.9341, f1_micro 0.9341, f1_macro 0.8909 (n=55703)
Epoch: 135, Train Loss: 0.3954
Epoch: 136, Train Loss: 0.3959
Epoch: 137, Train Loss: 0.3979
Epoch: 138, Train Loss: 0.3900
Epoch: 139, Train Loss: 0.3944
TRAIN: acc 0.9343, f1_micro 0.9343, f1_macro 0.8969 (n=153431)
VAL: acc 0.9295, f1_micro 0.9295, f1_macro 0.8797 (n=23831)
TEST: acc 0.9331, f1_micro 0.9331, f1_macro 0.8901 (n=55703)
Epoch: 140, Train Loss: 0.3856
Epoch: 141, Train Loss: 0.3905
Epoch: 142, Train Loss: 0.3929
Epoch: 143, Train Loss: 0.3952
Epoch: 144, Train Loss: 0.3952
TRAIN: acc 0.9363, f1_micro 0.9363, f1_macro 0.8987 (n=153431)
VAL: acc 0.9324, f1_micro 0.9324, f1_macro 0.8820 (n=23831)
TEST: acc 0.9356, f1_micro 0.9356, f1_macro 0.8917 (n=55703)
Epoch: 145, Train Loss: 0.4019
Epoch: 146, Train Loss: 0.3883
Epoch: 147, Train Loss: 0.3847
Epoch: 148, Train Loss: 0.3990
Epoch: 149, Train Loss: 0.3928
TRAIN: acc 0.9345, f1_micro 0.9345, f1_macro 0.9005 (n=153431)
VAL: acc 0.9299, f1_micro 0.9299, f1_macro 0.8838 (n=23831)
TEST: acc 0.9332, f1_micro 0.9332, f1_macro 0.8925 (n=55703)
Epoch: 150, Train Loss: 0.3899
Epoch: 151, Train Loss: 0.3892
Epoch: 152, Train Loss: 0.3861
Epoch: 153, Train Loss: 0.3875
Epoch: 154, Train Loss: 0.3923
TRAIN: acc 0.9385, f1_micro 0.9385, f1_macro 0.9058 (n=153431)
VAL: acc 0.9348, f1_micro 0.9348, f1_macro 0.8888 (n=23831)
TEST: acc 0.9381, f1_micro 0.9381, f1_macro 0.9002 (n=55703)
Epoch: 155, Train Loss: 0.3851
Epoch: 156, Train Loss: 0.3939
Epoch: 157, Train Loss: 0.3911
Epoch: 158, Train Loss: 0.3930
Epoch: 159, Train Loss: 0.3887
TRAIN: acc 0.9360, f1_micro 0.9360, f1_macro 0.9007 (n=153431)
VAL: acc 0.9327, f1_micro 0.9327, f1_macro 0.8856 (n=23831)
TEST: acc 0.9353, f1_micro 0.9353, f1_macro 0.8944 (n=55703)
Epoch: 160, Train Loss: 0.3865
Epoch: 161, Train Loss: 0.3900
Epoch: 162, Train Loss: 0.3839
Epoch: 163, Train Loss: 0.3813
Epoch: 164, Train Loss: 0.3819
TRAIN: acc 0.9352, f1_micro 0.9352, f1_macro 0.8966 (n=153431)
VAL: acc 0.9317, f1_micro 0.9317, f1_macro 0.8838 (n=23831)
TEST: acc 0.9339, f1_micro 0.9339, f1_macro 0.8881 (n=55703)
Epoch: 165, Train Loss: 0.3850
Epoch: 166, Train Loss: 0.3803
Epoch: 167, Train Loss: 0.3799
Epoch: 168, Train Loss: 0.3811
Epoch: 169, Train Loss: 0.3837
TRAIN: acc 0.9342, f1_micro 0.9342, f1_macro 0.8969 (n=153431)
VAL: acc 0.9299, f1_micro 0.9299, f1_macro 0.8798 (n=23831)
TEST: acc 0.9322, f1_micro 0.9322, f1_macro 0.8880 (n=55703)
Epoch: 170, Train Loss: 0.3882
Epoch: 171, Train Loss: 0.3847
Epoch: 172, Train Loss: 0.3816
Epoch: 173, Train Loss: 0.3828
Epoch: 174, Train Loss: 0.3825
TRAIN: acc 0.9351, f1_micro 0.9351, f1_macro 0.8987 (n=153431)
VAL: acc 0.9313, f1_micro 0.9313, f1_macro 0.8812 (n=23831)
TEST: acc 0.9336, f1_micro 0.9336, f1_macro 0.8905 (n=55703)
Epoch: 175, Train Loss: 0.3849
Epoch: 176, Train Loss: 0.3748
Epoch: 177, Train Loss: 0.3924
Epoch: 178, Train Loss: 0.3865
Epoch: 179, Train Loss: 0.3773
TRAIN: acc 0.9370, f1_micro 0.9370, f1_macro 0.9052 (n=153431)
VAL: acc 0.9330, f1_micro 0.9330, f1_macro 0.8861 (n=23831)
TEST: acc 0.9361, f1_micro 0.9361, f1_macro 0.8972 (n=55703)
Epoch: 180, Train Loss: 0.3818
Epoch: 181, Train Loss: 0.3890
Epoch: 182, Train Loss: 0.3849
Epoch: 183, Train Loss: 0.3826
Epoch: 184, Train Loss: 0.3733
TRAIN: acc 0.9387, f1_micro 0.9387, f1_macro 0.9069 (n=153431)
VAL: acc 0.9350, f1_micro 0.9350, f1_macro 0.8924 (n=23831)
TEST: acc 0.9378, f1_micro 0.9378, f1_macro 0.8994 (n=55703)
Epoch: 185, Train Loss: 0.3766
Epoch: 186, Train Loss: 0.3790
Epoch: 187, Train Loss: 0.3726
Epoch: 188, Train Loss: 0.3778
Epoch: 189, Train Loss: 0.3774
TRAIN: acc 0.9358, f1_micro 0.9358, f1_macro 0.9005 (n=153431)
VAL: acc 0.9319, f1_micro 0.9319, f1_macro 0.8827 (n=23831)
TEST: acc 0.9344, f1_micro 0.9344, f1_macro 0.8930 (n=55703)
Epoch: 190, Train Loss: 0.3813
Epoch: 191, Train Loss: 0.3801
Epoch: 192, Train Loss: 0.3844
Epoch: 193, Train Loss: 0.3789
Epoch: 194, Train Loss: 0.3775
TRAIN: acc 0.9340, f1_micro 0.9340, f1_macro 0.8979 (n=153431)
VAL: acc 0.9302, f1_micro 0.9302, f1_macro 0.8796 (n=23831)
TEST: acc 0.9332, f1_micro 0.9332, f1_macro 0.8904 (n=55703)
Epoch: 195, Train Loss: 0.3778
Epoch: 196, Train Loss: 0.3780
Epoch: 197, Train Loss: 0.3733
Epoch: 198, Train Loss: 0.3791
Epoch: 199, Train Loss: 0.3809
TRAIN: acc 0.9385, f1_micro 0.9385, f1_macro 0.9052 (n=153431)
VAL: acc 0.9347, f1_micro 0.9347, f1_macro 0.8874 (n=23831)
TEST: acc 0.9378, f1_micro 0.9378, f1_macro 0.8992 (n=55703)
rank 1 Peak GPU memory: 6.16 GB
rank 2 Peak GPU memory: 6.16 GB
rank 3 Peak GPU memory: 6.18 GB
rank 0 Peak GPU memory: 6.15 GB
OGB (best val):
Highest Train (acc): 93.90
Highest Valid (acc): 93.95
  Final Train (acc): 93.72
   Final Test (acc): 94.09
