/pscratch/sd/c/cunyang/gnn/plexus/plexus/utils/dataloader.py:425: UserWarning: Sparse CSR tensor support is in beta state. If you miss a functionality in the sparse tensor support, please submit a feature request to https://github.com/pytorch/pytorch/issues. (Triggered internally at /pytorch/aten/src/ATen/SparseCsrTensorImpl.cpp:53.)
  adj_local = adj_local.to_sparse_csr()
/pscratch/sd/c/cunyang/gnn/plexus/plexus/utils/dataloader.py:425: UserWarning: Sparse CSR tensor support is in beta state. If you miss a functionality in the sparse tensor support, please submit a feature request to https://github.com/pytorch/pytorch/issues. (Triggered internally at /pytorch/aten/src/ATen/SparseCsrTensorImpl.cpp:53.)
  adj_local = adj_local.to_sparse_csr()
/pscratch/sd/c/cunyang/gnn/plexus/plexus/utils/dataloader.py:425: UserWarning: Sparse CSR tensor support is in beta state. If you miss a functionality in the sparse tensor support, please submit a feature request to https://github.com/pytorch/pytorch/issues. (Triggered internally at /pytorch/aten/src/ATen/SparseCsrTensorImpl.cpp:53.)
  adj_local = adj_local.to_sparse_csr()
/pscratch/sd/c/cunyang/gnn/plexus/plexus/utils/dataloader.py:425: UserWarning: Sparse CSR tensor support is in beta state. If you miss a functionality in the sparse tensor support, please submit a feature request to https://github.com/pytorch/pytorch/issues. (Triggered internally at /pytorch/aten/src/ATen/SparseCsrTensorImpl.cpp:53.)
  adj_local = adj_local.to_sparse_csr()
steps_per_epoch:  101
steps_per_epoch:  101
steps_per_epoch:  101
steps_per_epoch:  101
Epoch: 000, Train Loss: 1.7054
Epoch: 001, Train Loss: 1.0407
|--[95m 'drop | Max Time: 0.179 ms | Avg Time: 0.170 ms | Load Imbalance: 1.052' [0m

|--[95m 'epoch 0 | Max Time: 2372.882 ms | Avg Time: 2372.562 ms | Load Imbalance: 1.000' [0m
	|--[92m 'prefetch launch | Max Time: 4.388 ms | Avg Time: 4.055 ms | Load Imbalance: 1.082' [0m
	|--[92m 'prefetch wait | Max Time: 228.554 ms | Avg Time: 221.082 ms | Load Imbalance: 1.034' [0m
	|--[92m 'train step | Max Time: 2130.451 ms | Avg Time: 2121.300 ms | Load Imbalance: 1.004' [0m
		|--[96m 'input_linear | Max Time: 308.044 ms | Avg Time: 303.432 ms | Load Imbalance: 1.015' [0m
			|--[91m 'input_linear X * W | Max Time: 143.284 ms | Avg Time: 143.109 ms | Load Imbalance: 1.001' [0m
			|--[91m 'all-reduce | Max Time: 143.918 ms | Avg Time: 139.336 ms | Load Imbalance: 1.033' [0m
			|--[91m 'OUT + BIAS | Max Time: 5.153 ms | Avg Time: 4.569 ms | Load Imbalance: 1.128' [0m
		|--[96m 'gcn conv fwd | Max Time: 595.800 ms | Avg Time: 591.442 ms | Load Imbalance: 1.007' [0m
			|--[91m 'AGG = A * H | Max Time: 79.583 ms | Avg Time: 76.804 ms | Load Imbalance: 1.036' [0m
			|--[91m 'allreduce H | Max Time: 306.799 ms | Avg Time: 302.315 ms | Load Imbalance: 1.015' [0m
				|--[95m 'all-reduce | Max Time: 300.663 ms | Avg Time: 294.476 ms | Load Imbalance: 1.021' [0m
			|--[91m 'Allgather W | Max Time: 95.951 ms | Avg Time: 91.666 ms | Load Imbalance: 1.047' [0m
				|--[95m 'gather | Max Time: 91.173 ms | Avg Time: 85.726 ms | Load Imbalance: 1.064' [0m
			|--[91m 'OUT = AGG * W | Max Time: 13.940 ms | Avg Time: 11.182 ms | Load Imbalance: 1.247' [0m
			|--[91m 'allreduce Q | Max Time: 93.013 ms | Avg Time: 84.650 ms | Load Imbalance: 1.099' [0m
				|--[95m 'all-reduce | Max Time: 89.575 ms | Avg Time: 78.732 ms | Load Imbalance: 1.138' [0m
		|--[96m 'activation | Max Time: 177.791 ms | Avg Time: 173.946 ms | Load Imbalance: 1.022' [0m
			|--[91m 'all-reduce | Max Time: 68.520 ms | Avg Time: 57.937 ms | Load Imbalance: 1.183' [0m
		|--[96m 'output_linear | Max Time: 38.821 ms | Avg Time: 25.019 ms | Load Imbalance: 1.552' [0m
			|--[91m 'output_linear X * W | Max Time: 25.668 ms | Avg Time: 14.550 ms | Load Imbalance: 1.764' [0m
			|--[91m 'all-reduce | Max Time: 1.782 ms | Avg Time: 1.346 ms | Load Imbalance: 1.324' [0m
			|--[91m 'OUT + BIAS | Max Time: 3.240 ms | Avg Time: 2.625 ms | Load Imbalance: 1.234' [0m
		|--[96m 'cross entropy fwd | Max Time: 256.759 ms | Avg Time: 239.676 ms | Load Imbalance: 1.071' [0m
		|--[96m 'cross entropy bwd | Max Time: 5.554 ms | Avg Time: 5.084 ms | Load Imbalance: 1.092' [0m
		|--[96m 'linear_3d_bwd | Max Time: 152.986 ms | Avg Time: 143.068 ms | Load Imbalance: 1.069' [0m
			|--[91m 'output_linear GRAD_X | Max Time: 5.271 ms | Avg Time: 4.775 ms | Load Imbalance: 1.104' [0m
			|--[91m 'all-reduce | Max Time: 125.228 ms | Avg Time: 105.216 ms | Load Imbalance: 1.190' [0m
			|--[91m 'output_linear GRAD_W | Max Time: 13.736 ms | Avg Time: 8.897 ms | Load Imbalance: 1.544' [0m
			|--[91m 'input_linear GRAD_W | Max Time: 5.383 ms | Avg Time: 4.339 ms | Load Imbalance: 1.240' [0m
		|--[96m 'gcn conv bwd | Max Time: 310.029 ms | Avg Time: 299.970 ms | Load Imbalance: 1.034' [0m
			|--[91m 'gather | Max Time: 62.011 ms | Avg Time: 51.848 ms | Load Imbalance: 1.196' [0m
			|--[91m 'GRAD_AGG = GRAD_OUT * W.T | Max Time: 13.289 ms | Avg Time: 11.444 ms | Load Imbalance: 1.161' [0m
			|--[91m 'all-reduce | Max Time: 105.965 ms | Avg Time: 97.810 ms | Load Imbalance: 1.083' [0m
			|--[91m 'GRAD_W = AGG.T * GRAD_OUT | Max Time: 14.539 ms | Avg Time: 11.689 ms | Load Imbalance: 1.244' [0m
			|--[91m 'ReduceScatter grad_weight | Max Time: 51.213 ms | Avg Time: 49.738 ms | Load Imbalance: 1.030' [0m
				|--[95m 'reduce-scatter | Max Time: 47.486 ms | Avg Time: 44.925 ms | Load Imbalance: 1.057' [0m
					|--[92m 'reduce-scatter-dist | Max Time: 43.565 ms | Avg Time: 39.995 ms | Load Imbalance: 1.089' [0m
			|--[91m 'GRAD_H = A.T * GRAD_AGG | Max Time: 21.609 ms | Avg Time: 18.378 ms | Load Imbalance: 1.176' [0m
			|--[91m 'allreduce grad_x | Max Time: 39.361 ms | Avg Time: 34.775 ms | Load Imbalance: 1.132' [0m
				|--[95m 'all-reduce | Max Time: 36.398 ms | Avg Time: 30.812 ms | Load Imbalance: 1.181' [0m
		|--[96m 'sync_norm_gradients | Max Time: 43.511 ms | Avg Time: 39.139 ms | Load Imbalance: 1.112' [0m
		|--[96m 'sync_data_parallel_gradients | Max Time: 1.433 ms | Avg Time: 0.841 ms | Load Imbalance: 1.702' [0m

|--[95m 'epoch 1 | Max Time: 1458.327 ms | Avg Time: 1457.919 ms | Load Imbalance: 1.000' [0m
	|--[92m 'prefetch launch | Max Time: 3.666 ms | Avg Time: 3.534 ms | Load Imbalance: 1.037' [0m
	|--[92m 'prefetch wait | Max Time: 101.120 ms | Avg Time: 96.988 ms | Load Imbalance: 1.043' [0m
	|--[92m 'train step | Max Time: 1337.314 ms | Avg Time: 1330.888 ms | Load Imbalance: 1.005' [0m
		|--[96m 'input_linear | Max Time: 64.313 ms | Avg Time: 60.484 ms | Load Imbalance: 1.063' [0m
			|--[91m 'input_linear X * W | Max Time: 11.425 ms | Avg Time: 11.191 ms | Load Imbalance: 1.021' [0m
			|--[91m 'all-reduce | Max Time: 32.109 ms | Avg Time: 28.367 ms | Load Imbalance: 1.132' [0m
			|--[91m 'OUT + BIAS | Max Time: 4.502 ms | Avg Time: 4.306 ms | Load Imbalance: 1.046' [0m
		|--[96m 'gcn conv fwd | Max Time: 360.084 ms | Avg Time: 357.474 ms | Load Imbalance: 1.007' [0m
			|--[91m 'AGG = A * H | Max Time: 22.381 ms | Avg Time: 21.710 ms | Load Imbalance: 1.031' [0m
			|--[91m 'allreduce H | Max Time: 140.572 ms | Avg Time: 137.911 ms | Load Imbalance: 1.019' [0m
				|--[95m 'all-reduce | Max Time: 132.233 ms | Avg Time: 129.414 ms | Load Imbalance: 1.022' [0m
			|--[91m 'Allgather W | Max Time: 83.052 ms | Avg Time: 81.025 ms | Load Imbalance: 1.025' [0m
				|--[95m 'gather | Max Time: 76.470 ms | Avg Time: 74.585 ms | Load Imbalance: 1.025' [0m
			|--[91m 'OUT = AGG * W | Max Time: 12.814 ms | Avg Time: 11.229 ms | Load Imbalance: 1.141' [0m
			|--[91m 'allreduce Q | Max Time: 84.192 ms | Avg Time: 78.356 ms | Load Imbalance: 1.074' [0m
				|--[95m 'all-reduce | Max Time: 78.810 ms | Avg Time: 71.623 ms | Load Imbalance: 1.100' [0m
		|--[96m 'activation | Max Time: 105.664 ms | Avg Time: 102.864 ms | Load Imbalance: 1.027' [0m
			|--[91m 'all-reduce | Max Time: 63.674 ms | Avg Time: 58.206 ms | Load Imbalance: 1.094' [0m
		|--[96m 'output_linear | Max Time: 18.276 ms | Avg Time: 16.049 ms | Load Imbalance: 1.139' [0m
			|--[91m 'output_linear X * W | Max Time: 5.045 ms | Avg Time: 4.678 ms | Load Imbalance: 1.078' [0m
			|--[91m 'all-reduce | Max Time: 1.920 ms | Avg Time: 1.486 ms | Load Imbalance: 1.292' [0m
			|--[91m 'OUT + BIAS | Max Time: 3.175 ms | Avg Time: 2.819 ms | Load Imbalance: 1.126' [0m
		|--[96m 'cross entropy fwd | Max Time: 194.828 ms | Avg Time: 187.785 ms | Load Imbalance: 1.038' [0m
		|--[96m 'cross entropy bwd | Max Time: 5.177 ms | Avg Time: 4.871 ms | Load Imbalance: 1.063' [0m
		|--[96m 'linear_3d_bwd | Max Time: 139.358 ms | Avg Time: 131.319 ms | Load Imbalance: 1.061' [0m
			|--[91m 'output_linear GRAD_X | Max Time: 4.131 ms | Avg Time: 3.922 ms | Load Imbalance: 1.053' [0m
			|--[91m 'all-reduce | Max Time: 106.838 ms | Avg Time: 98.374 ms | Load Imbalance: 1.086' [0m
			|--[91m 'output_linear GRAD_W | Max Time: 4.399 ms | Avg Time: 3.975 ms | Load Imbalance: 1.107' [0m
			|--[91m 'input_linear GRAD_W | Max Time: 5.186 ms | Avg Time: 4.602 ms | Load Imbalance: 1.127' [0m
		|--[96m 'gcn conv bwd | Max Time: 287.015 ms | Avg Time: 281.307 ms | Load Imbalance: 1.020' [0m
			|--[91m 'gather | Max Time: 54.186 ms | Avg Time: 50.664 ms | Load Imbalance: 1.070' [0m
			|--[91m 'GRAD_AGG = GRAD_OUT * W.T | Max Time: 11.843 ms | Avg Time: 11.363 ms | Load Imbalance: 1.042' [0m
			|--[91m 'all-reduce | Max Time: 92.932 ms | Avg Time: 85.321 ms | Load Imbalance: 1.089' [0m
			|--[91m 'GRAD_W = AGG.T * GRAD_OUT | Max Time: 12.940 ms | Avg Time: 11.472 ms | Load Imbalance: 1.128' [0m
			|--[91m 'ReduceScatter grad_weight | Max Time: 47.895 ms | Avg Time: 46.773 ms | Load Imbalance: 1.024' [0m
				|--[95m 'reduce-scatter | Max Time: 42.413 ms | Avg Time: 41.634 ms | Load Imbalance: 1.019' [0m
					|--[92m 'reduce-scatter-dist | Max Time: 38.056 ms | Avg Time: 36.409 ms | Load Imbalance: 1.045' [0m
			|--[91m 'GRAD_H = A.T * GRAD_AGG | Max Time: 16.430 ms | Avg Time: 15.088 ms | Load Imbalance: 1.089' [0m
			|--[91m 'allreduce grad_x | Max Time: 36.776 ms | Avg Time: 34.615 ms | Load Imbalance: 1.062' [0m
				|--[95m 'all-reduce | Max Time: 32.421 ms | Avg Time: 30.142 ms | Load Imbalance: 1.076' [0m
		|--[96m 'sync_norm_gradients | Max Time: 41.363 ms | Avg Time: 36.623 ms | Load Imbalance: 1.129' [0m
		|--[96m 'sync_data_parallel_gradients | Max Time: 1.279 ms | Avg Time: 0.929 ms | Load Imbalance: 1.377' [0m

|--[95m 'epoch 2 | Max Time: 1455.550 ms | Avg Time: 1455.422 ms | Load Imbalance: 1.000' [0m
	|--[92m 'prefetch launch | Max Time: 3.519 ms | Avg Time: 3.492 ms | Load Imbalance: 1.008' [0m
	|--[92m 'prefetch wait | Max Time: 112.450 ms | Avg Time: 104.988 ms | Load Imbalance: 1.071' [0m
	|--[92m 'train step | Max Time: 1328.847 ms | Avg Time: 1320.264 ms | Load Imbalance: 1.007' [0m
		|--[96m 'input_linear | Max Time: 61.366 ms | Avg Time: 59.209 ms | Load Imbalance: 1.036' [0m
			|--[91m 'input_linear X * W | Max Time: 11.204 ms | Avg Time: 11.043 ms | Load Imbalance: 1.015' [0m
			|--[91m 'all-reduce | Max Time: 29.678 ms | Avg Time: 26.834 ms | Load Imbalance: 1.106' [0m
			|--[91m 'OUT + BIAS | Max Time: 4.750 ms | Avg Time: 4.469 ms | Load Imbalance: 1.063' [0m
		|--[96m 'gcn conv fwd | Max Time: 366.886 ms | Avg Time: 361.436 ms | Load Imbalance: 1.015' [0m
			|--[91m 'AGG = A * H | Max Time: 22.897 ms | Avg Time: 21.979 ms | Load Imbalance: 1.042' [0m
			|--[91m 'allreduce H | Max Time: 143.903 ms | Avg Time: 140.307 ms | Load Imbalance: 1.026' [0m
				|--[95m 'all-reduce | Max Time: 134.274 ms | Avg Time: 131.536 ms | Load Imbalance: 1.021' [0m
			|--[91m 'Allgather W | Max Time: 83.558 ms | Avg Time: 80.943 ms | Load Imbalance: 1.032' [0m
				|--[95m 'gather | Max Time: 78.038 ms | Avg Time: 74.368 ms | Load Imbalance: 1.049' [0m
			|--[91m 'OUT = AGG * W | Max Time: 13.258 ms | Avg Time: 11.414 ms | Load Imbalance: 1.162' [0m
			|--[91m 'allreduce Q | Max Time: 82.018 ms | Avg Time: 78.811 ms | Load Imbalance: 1.041' [0m
				|--[95m 'all-reduce | Max Time: 76.532 ms | Avg Time: 72.012 ms | Load Imbalance: 1.063' [0m
		|--[96m 'activation | Max Time: 103.819 ms | Avg Time: 103.006 ms | Load Imbalance: 1.008' [0m
			|--[91m 'all-reduce | Max Time: 64.745 ms | Avg Time: 58.182 ms | Load Imbalance: 1.113' [0m
		|--[96m 'output_linear | Max Time: 18.863 ms | Avg Time: 16.354 ms | Load Imbalance: 1.153' [0m
			|--[91m 'output_linear X * W | Max Time: 5.268 ms | Avg Time: 4.620 ms | Load Imbalance: 1.140' [0m
			|--[91m 'all-reduce | Max Time: 1.709 ms | Avg Time: 1.493 ms | Load Imbalance: 1.145' [0m
			|--[91m 'OUT + BIAS | Max Time: 3.225 ms | Avg Time: 2.919 ms | Load Imbalance: 1.105' [0m
		|--[96m 'cross entropy fwd | Max Time: 193.911 ms | Avg Time: 187.205 ms | Load Imbalance: 1.036' [0m
		|--[96m 'cross entropy bwd | Max Time: 5.051 ms | Avg Time: 4.664 ms | Load Imbalance: 1.083' [0m
		|--[96m 'linear_3d_bwd | Max Time: 133.782 ms | Avg Time: 130.612 ms | Load Imbalance: 1.024' [0m
			|--[91m 'output_linear GRAD_X | Max Time: 4.075 ms | Avg Time: 3.722 ms | Load Imbalance: 1.095' [0m
			|--[91m 'all-reduce | Max Time: 105.612 ms | Avg Time: 98.943 ms | Load Imbalance: 1.067' [0m
			|--[91m 'output_linear GRAD_W | Max Time: 4.104 ms | Avg Time: 3.631 ms | Load Imbalance: 1.130' [0m
			|--[91m 'input_linear GRAD_W | Max Time: 5.090 ms | Avg Time: 4.442 ms | Load Imbalance: 1.146' [0m
		|--[96m 'gcn conv bwd | Max Time: 275.627 ms | Avg Time: 270.729 ms | Load Imbalance: 1.018' [0m
			|--[91m 'gather | Max Time: 52.586 ms | Avg Time: 47.197 ms | Load Imbalance: 1.114' [0m
			|--[91m 'GRAD_AGG = GRAD_OUT * W.T | Max Time: 11.962 ms | Avg Time: 10.785 ms | Load Imbalance: 1.109' [0m
			|--[91m 'all-reduce | Max Time: 90.297 ms | Avg Time: 84.679 ms | Load Imbalance: 1.066' [0m
			|--[91m 'GRAD_W = AGG.T * GRAD_OUT | Max Time: 12.762 ms | Avg Time: 10.915 ms | Load Imbalance: 1.169' [0m
			|--[91m 'ReduceScatter grad_weight | Max Time: 45.469 ms | Avg Time: 44.872 ms | Load Imbalance: 1.013' [0m
				|--[95m 'reduce-scatter | Max Time: 41.255 ms | Avg Time: 40.030 ms | Load Imbalance: 1.031' [0m
					|--[92m 'reduce-scatter-dist | Max Time: 36.764 ms | Avg Time: 34.912 ms | Load Imbalance: 1.053' [0m
			|--[91m 'GRAD_H = A.T * GRAD_AGG | Max Time: 16.387 ms | Avg Time: 14.616 ms | Load Imbalance: 1.121' [0m
			|--[91m 'allreduce grad_x | Max Time: 35.340 ms | Avg Time: 33.025 ms | Load Imbalance: 1.070' [0m
				|--[95m 'all-reduce | Max Time: 32.097 ms | Avg Time: 28.959 ms | Load Imbalance: 1.108' [0m
		|--[96m 'sync_norm_gradients | Max Time: 38.035 ms | Avg Time: 35.457 ms | Load Imbalance: 1.073' [0m
		|--[96m 'sync_data_parallel_gradients | Max Time: 1.393 ms | Avg Time: 0.972 ms | Load Imbalance: 1.432' [0m

Epoch: 002, Train Loss: 0.9440
Epoch: 003, Train Loss: 0.8897
Epoch: 004, Train Loss: 0.8444
TRAIN: acc 0.9308, f1_micro 0.9308, f1_macro 0.8730 (n=153431)
VAL: acc 0.9352, f1_micro 0.9352, f1_macro 0.8721 (n=23831)
TEST: acc 0.9360, f1_micro 0.9360, f1_macro 0.8745 (n=55703)
Epoch: 005, Train Loss: 0.8063
Epoch: 006, Train Loss: 0.7955
Epoch: 007, Train Loss: 0.7850
Epoch: 008, Train Loss: 0.7619
Epoch: 009, Train Loss: 0.7458
TRAIN: acc 0.9327, f1_micro 0.9327, f1_macro 0.8940 (n=153431)
VAL: acc 0.9356, f1_micro 0.9356, f1_macro 0.8889 (n=23831)
TEST: acc 0.9375, f1_micro 0.9375, f1_macro 0.8951 (n=55703)
Epoch: 010, Train Loss: 0.7270
Epoch: 011, Train Loss: 0.7206
Epoch: 012, Train Loss: 0.7023
Epoch: 013, Train Loss: 0.6919
Epoch: 014, Train Loss: 0.6871
TRAIN: acc 0.9383, f1_micro 0.9383, f1_macro 0.9036 (n=153431)
VAL: acc 0.9400, f1_micro 0.9400, f1_macro 0.8983 (n=23831)
TEST: acc 0.9403, f1_micro 0.9403, f1_macro 0.9010 (n=55703)
Epoch: 015, Train Loss: 0.6695
Epoch: 016, Train Loss: 0.6571
Epoch: 017, Train Loss: 0.6435
Epoch: 018, Train Loss: 0.6462
Epoch: 019, Train Loss: 0.6354
TRAIN: acc 0.9389, f1_micro 0.9389, f1_macro 0.9070 (n=153431)
VAL: acc 0.9400, f1_micro 0.9400, f1_macro 0.8991 (n=23831)
TEST: acc 0.9410, f1_micro 0.9410, f1_macro 0.9048 (n=55703)
Epoch: 020, Train Loss: 0.6194
Epoch: 021, Train Loss: 0.6153
Epoch: 022, Train Loss: 0.6035
Epoch: 023, Train Loss: 0.5931
Epoch: 024, Train Loss: 0.5920
TRAIN: acc 0.9389, f1_micro 0.9389, f1_macro 0.9058 (n=153431)
VAL: acc 0.9392, f1_micro 0.9392, f1_macro 0.8985 (n=23831)
TEST: acc 0.9407, f1_micro 0.9407, f1_macro 0.9023 (n=55703)
Epoch: 025, Train Loss: 0.5888
Epoch: 026, Train Loss: 0.5688
Epoch: 027, Train Loss: 0.5769
Epoch: 028, Train Loss: 0.5626
Epoch: 029, Train Loss: 0.5573
TRAIN: acc 0.9414, f1_micro 0.9414, f1_macro 0.9125 (n=153431)
VAL: acc 0.9407, f1_micro 0.9407, f1_macro 0.9016 (n=23831)
TEST: acc 0.9410, f1_micro 0.9410, f1_macro 0.9056 (n=55703)
Epoch: 030, Train Loss: 0.5497
Epoch: 031, Train Loss: 0.5418
Epoch: 032, Train Loss: 0.5287
Epoch: 033, Train Loss: 0.5318
Epoch: 034, Train Loss: 0.5217
TRAIN: acc 0.9387, f1_micro 0.9387, f1_macro 0.9048 (n=153431)
VAL: acc 0.9391, f1_micro 0.9391, f1_macro 0.8964 (n=23831)
TEST: acc 0.9400, f1_micro 0.9400, f1_macro 0.9002 (n=55703)
Epoch: 035, Train Loss: 0.5221
Epoch: 036, Train Loss: 0.5196
Epoch: 037, Train Loss: 0.5043
Epoch: 038, Train Loss: 0.5066
Epoch: 039, Train Loss: 0.5037
TRAIN: acc 0.9398, f1_micro 0.9398, f1_macro 0.9115 (n=153431)
VAL: acc 0.9397, f1_micro 0.9397, f1_macro 0.9014 (n=23831)
TEST: acc 0.9398, f1_micro 0.9398, f1_macro 0.9041 (n=55703)
Epoch: 040, Train Loss: 0.4964
Epoch: 041, Train Loss: 0.4896
Epoch: 042, Train Loss: 0.4947
Epoch: 043, Train Loss: 0.4880
Epoch: 044, Train Loss: 0.4825
TRAIN: acc 0.9359, f1_micro 0.9359, f1_macro 0.9061 (n=153431)
VAL: acc 0.9354, f1_micro 0.9354, f1_macro 0.8935 (n=23831)
TEST: acc 0.9363, f1_micro 0.9363, f1_macro 0.9004 (n=55703)
Epoch: 045, Train Loss: 0.4789
Epoch: 046, Train Loss: 0.4765
Epoch: 047, Train Loss: 0.4753
Epoch: 048, Train Loss: 0.4689
Epoch: 049, Train Loss: 0.4757
TRAIN: acc 0.9411, f1_micro 0.9411, f1_macro 0.9131 (n=153431)
VAL: acc 0.9396, f1_micro 0.9396, f1_macro 0.9029 (n=23831)
TEST: acc 0.9417, f1_micro 0.9417, f1_macro 0.9078 (n=55703)
Epoch: 050, Train Loss: 0.4607
Epoch: 051, Train Loss: 0.4617
Epoch: 052, Train Loss: 0.4582
Epoch: 053, Train Loss: 0.4595
Epoch: 054, Train Loss: 0.4535
TRAIN: acc 0.9442, f1_micro 0.9442, f1_macro 0.9161 (n=153431)
VAL: acc 0.9439, f1_micro 0.9439, f1_macro 0.9079 (n=23831)
TEST: acc 0.9450, f1_micro 0.9450, f1_macro 0.9109 (n=55703)
Epoch: 055, Train Loss: 0.4572
Epoch: 056, Train Loss: 0.4510
Epoch: 057, Train Loss: 0.4501
Epoch: 058, Train Loss: 0.4466
Epoch: 059, Train Loss: 0.4488
TRAIN: acc 0.9429, f1_micro 0.9429, f1_macro 0.9145 (n=153431)
VAL: acc 0.9424, f1_micro 0.9424, f1_macro 0.9028 (n=23831)
TEST: acc 0.9427, f1_micro 0.9427, f1_macro 0.9075 (n=55703)
Epoch: 060, Train Loss: 0.4439
Epoch: 061, Train Loss: 0.4425
Epoch: 062, Train Loss: 0.4439
Epoch: 063, Train Loss: 0.4480
Epoch: 064, Train Loss: 0.4353
TRAIN: acc 0.9404, f1_micro 0.9404, f1_macro 0.9122 (n=153431)
VAL: acc 0.9394, f1_micro 0.9394, f1_macro 0.8999 (n=23831)
TEST: acc 0.9403, f1_micro 0.9403, f1_macro 0.9054 (n=55703)
Epoch: 065, Train Loss: 0.4309
Epoch: 066, Train Loss: 0.4325
Epoch: 067, Train Loss: 0.4358
Epoch: 068, Train Loss: 0.4375
Epoch: 069, Train Loss: 0.4253
TRAIN: acc 0.9403, f1_micro 0.9403, f1_macro 0.9086 (n=153431)
VAL: acc 0.9370, f1_micro 0.9370, f1_macro 0.8946 (n=23831)
TEST: acc 0.9399, f1_micro 0.9399, f1_macro 0.9019 (n=55703)
Epoch: 070, Train Loss: 0.4263
Epoch: 071, Train Loss: 0.4242
Epoch: 072, Train Loss: 0.4239
Epoch: 073, Train Loss: 0.4320
Epoch: 074, Train Loss: 0.4308
TRAIN: acc 0.9394, f1_micro 0.9394, f1_macro 0.9098 (n=153431)
VAL: acc 0.9376, f1_micro 0.9376, f1_macro 0.8988 (n=23831)
TEST: acc 0.9392, f1_micro 0.9392, f1_macro 0.9038 (n=55703)
Epoch: 075, Train Loss: 0.4262
Epoch: 076, Train Loss: 0.4266
Epoch: 077, Train Loss: 0.4242
Epoch: 078, Train Loss: 0.4266
Epoch: 079, Train Loss: 0.4194
TRAIN: acc 0.9446, f1_micro 0.9446, f1_macro 0.9188 (n=153431)
VAL: acc 0.9424, f1_micro 0.9424, f1_macro 0.9069 (n=23831)
TEST: acc 0.9440, f1_micro 0.9440, f1_macro 0.9119 (n=55703)
Epoch: 080, Train Loss: 0.4277
Epoch: 081, Train Loss: 0.4185
Epoch: 082, Train Loss: 0.4180
Epoch: 083, Train Loss: 0.4149
Epoch: 084, Train Loss: 0.4221
TRAIN: acc 0.9429, f1_micro 0.9429, f1_macro 0.9138 (n=153431)
VAL: acc 0.9406, f1_micro 0.9406, f1_macro 0.8995 (n=23831)
TEST: acc 0.9422, f1_micro 0.9422, f1_macro 0.9073 (n=55703)
Epoch: 085, Train Loss: 0.4241
Epoch: 086, Train Loss: 0.4154
Epoch: 087, Train Loss: 0.4126
Epoch: 088, Train Loss: 0.4178
Epoch: 089, Train Loss: 0.4127
TRAIN: acc 0.9435, f1_micro 0.9435, f1_macro 0.9155 (n=153431)
VAL: acc 0.9418, f1_micro 0.9418, f1_macro 0.9027 (n=23831)
TEST: acc 0.9439, f1_micro 0.9439, f1_macro 0.9091 (n=55703)
Epoch: 090, Train Loss: 0.4088
Epoch: 091, Train Loss: 0.4078
Epoch: 092, Train Loss: 0.4086
Epoch: 093, Train Loss: 0.4060
Epoch: 094, Train Loss: 0.4110
TRAIN: acc 0.9419, f1_micro 0.9419, f1_macro 0.9128 (n=153431)
VAL: acc 0.9404, f1_micro 0.9404, f1_macro 0.9021 (n=23831)
TEST: acc 0.9413, f1_micro 0.9413, f1_macro 0.9065 (n=55703)
Epoch: 095, Train Loss: 0.4106
Epoch: 096, Train Loss: 0.4173
Epoch: 097, Train Loss: 0.4057
Epoch: 098, Train Loss: 0.4063
Epoch: 099, Train Loss: 0.4025
TRAIN: acc 0.9379, f1_micro 0.9379, f1_macro 0.9055 (n=153431)
VAL: acc 0.9369, f1_micro 0.9369, f1_macro 0.8958 (n=23831)
TEST: acc 0.9378, f1_micro 0.9378, f1_macro 0.8992 (n=55703)
Epoch: 100, Train Loss: 0.4065
Epoch: 101, Train Loss: 0.4056
Epoch: 102, Train Loss: 0.4038
Epoch: 103, Train Loss: 0.3985
Epoch: 104, Train Loss: 0.4038
TRAIN: acc 0.9398, f1_micro 0.9398, f1_macro 0.9111 (n=153431)
VAL: acc 0.9374, f1_micro 0.9374, f1_macro 0.8985 (n=23831)
TEST: acc 0.9405, f1_micro 0.9405, f1_macro 0.9057 (n=55703)
Epoch: 105, Train Loss: 0.4024
Epoch: 106, Train Loss: 0.4068
Epoch: 107, Train Loss: 0.4018
Epoch: 108, Train Loss: 0.3938
Epoch: 109, Train Loss: 0.3984
TRAIN: acc 0.9361, f1_micro 0.9361, f1_macro 0.9079 (n=153431)
VAL: acc 0.9348, f1_micro 0.9348, f1_macro 0.8970 (n=23831)
TEST: acc 0.9359, f1_micro 0.9359, f1_macro 0.9010 (n=55703)
Epoch: 110, Train Loss: 0.3941
Epoch: 111, Train Loss: 0.3951
Epoch: 112, Train Loss: 0.3955
Epoch: 113, Train Loss: 0.3997
Epoch: 114, Train Loss: 0.3966
TRAIN: acc 0.9407, f1_micro 0.9407, f1_macro 0.9125 (n=153431)
VAL: acc 0.9405, f1_micro 0.9405, f1_macro 0.9044 (n=23831)
TEST: acc 0.9415, f1_micro 0.9415, f1_macro 0.9071 (n=55703)
Epoch: 115, Train Loss: 0.3907
Epoch: 116, Train Loss: 0.3961
Epoch: 117, Train Loss: 0.3896
Epoch: 118, Train Loss: 0.3934
Epoch: 119, Train Loss: 0.3901
TRAIN: acc 0.9428, f1_micro 0.9428, f1_macro 0.9148 (n=153431)
VAL: acc 0.9402, f1_micro 0.9402, f1_macro 0.9032 (n=23831)
TEST: acc 0.9422, f1_micro 0.9422, f1_macro 0.9077 (n=55703)
Epoch: 120, Train Loss: 0.3928
Epoch: 121, Train Loss: 0.3938
Epoch: 122, Train Loss: 0.3983
Epoch: 123, Train Loss: 0.3904
Epoch: 124, Train Loss: 0.3912
TRAIN: acc 0.9425, f1_micro 0.9425, f1_macro 0.9163 (n=153431)
VAL: acc 0.9407, f1_micro 0.9407, f1_macro 0.9057 (n=23831)
TEST: acc 0.9421, f1_micro 0.9421, f1_macro 0.9093 (n=55703)
Epoch: 125, Train Loss: 0.3898
Epoch: 126, Train Loss: 0.3951
Epoch: 127, Train Loss: 0.3867
Epoch: 128, Train Loss: 0.3907
Epoch: 129, Train Loss: 0.3911
TRAIN: acc 0.9430, f1_micro 0.9430, f1_macro 0.9180 (n=153431)
VAL: acc 0.9400, f1_micro 0.9400, f1_macro 0.9068 (n=23831)
TEST: acc 0.9423, f1_micro 0.9423, f1_macro 0.9102 (n=55703)
Epoch: 130, Train Loss: 0.3955
Epoch: 131, Train Loss: 0.3939
Epoch: 132, Train Loss: 0.3851
Epoch: 133, Train Loss: 0.3831
Epoch: 134, Train Loss: 0.3924
TRAIN: acc 0.9433, f1_micro 0.9433, f1_macro 0.9139 (n=153431)
VAL: acc 0.9405, f1_micro 0.9405, f1_macro 0.9009 (n=23831)
TEST: acc 0.9423, f1_micro 0.9423, f1_macro 0.9057 (n=55703)
Epoch: 135, Train Loss: 0.3840
Epoch: 136, Train Loss: 0.3874
Epoch: 137, Train Loss: 0.3878
Epoch: 138, Train Loss: 0.3799
Epoch: 139, Train Loss: 0.3897
TRAIN: acc 0.9406, f1_micro 0.9406, f1_macro 0.9107 (n=153431)
VAL: acc 0.9382, f1_micro 0.9382, f1_macro 0.8990 (n=23831)
TEST: acc 0.9412, f1_micro 0.9412, f1_macro 0.9049 (n=55703)
Epoch: 140, Train Loss: 0.3860
Epoch: 141, Train Loss: 0.3798
Epoch: 142, Train Loss: 0.3813
Epoch: 143, Train Loss: 0.3847
Epoch: 144, Train Loss: 0.3856
TRAIN: acc 0.9381, f1_micro 0.9381, f1_macro 0.9120 (n=153431)
VAL: acc 0.9388, f1_micro 0.9388, f1_macro 0.9056 (n=23831)
TEST: acc 0.9393, f1_micro 0.9393, f1_macro 0.9069 (n=55703)
Epoch: 145, Train Loss: 0.3829
Epoch: 146, Train Loss: 0.3797
Epoch: 147, Train Loss: 0.3762
Epoch: 148, Train Loss: 0.3873
Epoch: 149, Train Loss: 0.3822
TRAIN: acc 0.9417, f1_micro 0.9417, f1_macro 0.9154 (n=153431)
VAL: acc 0.9416, f1_micro 0.9416, f1_macro 0.9058 (n=23831)
TEST: acc 0.9424, f1_micro 0.9424, f1_macro 0.9099 (n=55703)
Epoch: 150, Train Loss: 0.3810
Epoch: 151, Train Loss: 0.3814
Epoch: 152, Train Loss: 0.3767
Epoch: 153, Train Loss: 0.3819
Epoch: 154, Train Loss: 0.3840
TRAIN: acc 0.9433, f1_micro 0.9433, f1_macro 0.9180 (n=153431)
VAL: acc 0.9416, f1_micro 0.9416, f1_macro 0.9063 (n=23831)
TEST: acc 0.9427, f1_micro 0.9427, f1_macro 0.9114 (n=55703)
Epoch: 155, Train Loss: 0.3851
Epoch: 156, Train Loss: 0.3762
Epoch: 157, Train Loss: 0.3776
Epoch: 158, Train Loss: 0.3749
Epoch: 159, Train Loss: 0.3806
TRAIN: acc 0.9400, f1_micro 0.9400, f1_macro 0.9123 (n=153431)
VAL: acc 0.9383, f1_micro 0.9383, f1_macro 0.9011 (n=23831)
TEST: acc 0.9393, f1_micro 0.9393, f1_macro 0.9054 (n=55703)
Epoch: 160, Train Loss: 0.3833
Epoch: 161, Train Loss: 0.3758
Epoch: 162, Train Loss: 0.3731
Epoch: 163, Train Loss: 0.3775
Epoch: 164, Train Loss: 0.3767
TRAIN: acc 0.9412, f1_micro 0.9412, f1_macro 0.9098 (n=153431)
VAL: acc 0.9390, f1_micro 0.9390, f1_macro 0.8993 (n=23831)
TEST: acc 0.9406, f1_micro 0.9406, f1_macro 0.9023 (n=55703)
Epoch: 165, Train Loss: 0.3719
Epoch: 166, Train Loss: 0.3795
Epoch: 167, Train Loss: 0.3791
Epoch: 168, Train Loss: 0.3772
Epoch: 169, Train Loss: 0.3754
TRAIN: acc 0.9395, f1_micro 0.9395, f1_macro 0.9083 (n=153431)
VAL: acc 0.9375, f1_micro 0.9375, f1_macro 0.8963 (n=23831)
TEST: acc 0.9390, f1_micro 0.9390, f1_macro 0.9017 (n=55703)
Epoch: 170, Train Loss: 0.3759
Epoch: 171, Train Loss: 0.3813
Epoch: 172, Train Loss: 0.3795
Epoch: 173, Train Loss: 0.3784
Epoch: 174, Train Loss: 0.3818
TRAIN: acc 0.9413, f1_micro 0.9413, f1_macro 0.9146 (n=153431)
VAL: acc 0.9401, f1_micro 0.9401, f1_macro 0.9056 (n=23831)
TEST: acc 0.9409, f1_micro 0.9409, f1_macro 0.9074 (n=55703)
Epoch: 175, Train Loss: 0.3788
Epoch: 176, Train Loss: 0.3799
Epoch: 177, Train Loss: 0.3691
Epoch: 178, Train Loss: 0.3759
Epoch: 179, Train Loss: 0.3685
TRAIN: acc 0.9261, f1_micro 0.9261, f1_macro 0.8984 (n=153431)
VAL: acc 0.9270, f1_micro 0.9270, f1_macro 0.8896 (n=23831)
TEST: acc 0.9282, f1_micro 0.9282, f1_macro 0.8928 (n=55703)
Epoch: 180, Train Loss: 0.3707
Epoch: 181, Train Loss: 0.3777
Epoch: 182, Train Loss: 0.3688
Epoch: 183, Train Loss: 0.3728
Epoch: 184, Train Loss: 0.3701
TRAIN: acc 0.9384, f1_micro 0.9384, f1_macro 0.9096 (n=153431)
VAL: acc 0.9367, f1_micro 0.9367, f1_macro 0.9022 (n=23831)
TEST: acc 0.9378, f1_micro 0.9378, f1_macro 0.9029 (n=55703)
Epoch: 185, Train Loss: 0.3706
Epoch: 186, Train Loss: 0.3742
Epoch: 187, Train Loss: 0.3784
Epoch: 188, Train Loss: 0.3834
Epoch: 189, Train Loss: 0.3732
TRAIN: acc 0.9281, f1_micro 0.9281, f1_macro 0.9012 (n=153431)
VAL: acc 0.9298, f1_micro 0.9298, f1_macro 0.8936 (n=23831)
TEST: acc 0.9302, f1_micro 0.9302, f1_macro 0.8955 (n=55703)
Epoch: 190, Train Loss: 0.3686
Epoch: 191, Train Loss: 0.3709
Epoch: 192, Train Loss: 0.3721
Epoch: 193, Train Loss: 0.3750
Epoch: 194, Train Loss: 0.3791
TRAIN: acc 0.9370, f1_micro 0.9370, f1_macro 0.9124 (n=153431)
VAL: acc 0.9353, f1_micro 0.9353, f1_macro 0.9028 (n=23831)
TEST: acc 0.9370, f1_micro 0.9370, f1_macro 0.9050 (n=55703)
Epoch: 195, Train Loss: 0.3738
Epoch: 196, Train Loss: 0.3698
Epoch: 197, Train Loss: 0.3736
Epoch: 198, Train Loss: 0.3620
Epoch: 199, Train Loss: 0.3712
TRAIN: acc 0.9289, f1_micro 0.9289, f1_macro 0.9040 (n=153431)
VAL: acc 0.9303, f1_micro 0.9303, f1_macro 0.8954 (n=23831)
TEST: acc 0.9302, f1_micro 0.9302, f1_macro 0.8968 (n=55703)
rank 1 Peak GPU memory: 6.16 GB
rank 0 Peak GPU memory: 6.15 GB
rank 2 Peak GPU memory: 6.16 GB
rank 3 Peak GPU memory: 6.18 GB
OGB (best val):
Highest Train (acc): 94.46
Highest Valid (acc): 94.39
  Final Train (acc): 94.42
   Final Test (acc): 94.50
