/pscratch/sd/c/cunyang/gnn/plexus/plexus/utils/dataloader.py:425: UserWarning: Sparse CSR tensor support is in beta state. If you miss a functionality in the sparse tensor support, please submit a feature request to https://github.com/pytorch/pytorch/issues. (Triggered internally at /pytorch/aten/src/ATen/SparseCsrTensorImpl.cpp:53.)
  adj_local = adj_local.to_sparse_csr()
/pscratch/sd/c/cunyang/gnn/plexus/plexus/utils/dataloader.py:425: UserWarning: Sparse CSR tensor support is in beta state. If you miss a functionality in the sparse tensor support, please submit a feature request to https://github.com/pytorch/pytorch/issues. (Triggered internally at /pytorch/aten/src/ATen/SparseCsrTensorImpl.cpp:53.)
  adj_local = adj_local.to_sparse_csr()
/pscratch/sd/c/cunyang/gnn/plexus/plexus/utils/dataloader.py:425: UserWarning: Sparse CSR tensor support is in beta state. If you miss a functionality in the sparse tensor support, please submit a feature request to https://github.com/pytorch/pytorch/issues. (Triggered internally at /pytorch/aten/src/ATen/SparseCsrTensorImpl.cpp:53.)
  adj_local = adj_local.to_sparse_csr()
/pscratch/sd/c/cunyang/gnn/plexus/plexus/utils/dataloader.py:425: UserWarning: Sparse CSR tensor support is in beta state. If you miss a functionality in the sparse tensor support, please submit a feature request to https://github.com/pytorch/pytorch/issues. (Triggered internally at /pytorch/aten/src/ATen/SparseCsrTensorImpl.cpp:53.)
  adj_local = adj_local.to_sparse_csr()
steps_per_epoch:  101
steps_per_epoch:  101
steps_per_epoch:  101
steps_per_epoch:  101
Epoch: 000, Train Loss: 1.2716
Epoch: 001, Train Loss: 0.8495
|--[95m 'drop | Max Time: 0.185 ms | Avg Time: 0.170 ms | Load Imbalance: 1.084' [0m

|--[95m 'epoch 0 | Max Time: 2366.542 ms | Avg Time: 2366.372 ms | Load Imbalance: 1.000' [0m
	|--[92m 'prefetch launch | Max Time: 4.224 ms | Avg Time: 4.047 ms | Load Imbalance: 1.044' [0m
	|--[92m 'prefetch wait | Max Time: 253.170 ms | Avg Time: 247.468 ms | Load Imbalance: 1.023' [0m
	|--[92m 'train step | Max Time: 2097.987 ms | Avg Time: 2089.116 ms | Load Imbalance: 1.004' [0m
		|--[96m 'input_linear | Max Time: 326.516 ms | Avg Time: 324.943 ms | Load Imbalance: 1.005' [0m
			|--[91m 'input_linear X * W | Max Time: 146.273 ms | Avg Time: 146.120 ms | Load Imbalance: 1.001' [0m
			|--[91m 'all-reduce | Max Time: 158.358 ms | Avg Time: 157.188 ms | Load Imbalance: 1.007' [0m
			|--[91m 'OUT + BIAS | Max Time: 5.499 ms | Avg Time: 4.779 ms | Load Imbalance: 1.150' [0m
		|--[96m 'gcn conv fwd | Max Time: 541.140 ms | Avg Time: 534.908 ms | Load Imbalance: 1.012' [0m
			|--[91m 'AGG = A * H | Max Time: 74.038 ms | Avg Time: 73.353 ms | Load Imbalance: 1.009' [0m
			|--[91m 'allreduce H | Max Time: 255.915 ms | Avg Time: 250.392 ms | Load Imbalance: 1.022' [0m
				|--[95m 'all-reduce | Max Time: 248.035 ms | Avg Time: 242.329 ms | Load Imbalance: 1.024' [0m
			|--[91m 'Allgather W | Max Time: 93.212 ms | Avg Time: 91.771 ms | Load Imbalance: 1.016' [0m
				|--[95m 'gather | Max Time: 87.736 ms | Avg Time: 85.662 ms | Load Imbalance: 1.024' [0m
			|--[91m 'OUT = AGG * W | Max Time: 12.547 ms | Avg Time: 11.537 ms | Load Imbalance: 1.088' [0m
			|--[91m 'allreduce Q | Max Time: 83.585 ms | Avg Time: 82.189 ms | Load Imbalance: 1.017' [0m
				|--[95m 'all-reduce | Max Time: 78.317 ms | Avg Time: 76.064 ms | Load Imbalance: 1.030' [0m
		|--[96m 'activation | Max Time: 174.830 ms | Avg Time: 173.357 ms | Load Imbalance: 1.008' [0m
			|--[91m 'all-reduce | Max Time: 61.621 ms | Avg Time: 57.705 ms | Load Imbalance: 1.068' [0m
		|--[96m 'output_linear | Max Time: 37.729 ms | Avg Time: 25.886 ms | Load Imbalance: 1.457' [0m
			|--[91m 'output_linear X * W | Max Time: 25.605 ms | Avg Time: 14.964 ms | Load Imbalance: 1.711' [0m
			|--[91m 'all-reduce | Max Time: 1.683 ms | Avg Time: 1.449 ms | Load Imbalance: 1.161' [0m
			|--[91m 'OUT + BIAS | Max Time: 2.963 ms | Avg Time: 2.654 ms | Load Imbalance: 1.117' [0m
		|--[96m 'cross entropy fwd | Max Time: 254.393 ms | Avg Time: 247.573 ms | Load Imbalance: 1.028' [0m
		|--[96m 'cross entropy bwd | Max Time: 5.190 ms | Avg Time: 5.035 ms | Load Imbalance: 1.031' [0m
		|--[96m 'linear_3d_bwd | Max Time: 145.893 ms | Avg Time: 142.383 ms | Load Imbalance: 1.025' [0m
			|--[91m 'output_linear GRAD_X | Max Time: 5.089 ms | Avg Time: 4.880 ms | Load Imbalance: 1.043' [0m
			|--[91m 'all-reduce | Max Time: 114.140 ms | Avg Time: 104.274 ms | Load Imbalance: 1.095' [0m
			|--[91m 'output_linear GRAD_W | Max Time: 14.247 ms | Avg Time: 8.931 ms | Load Imbalance: 1.595' [0m
			|--[91m 'input_linear GRAD_W | Max Time: 4.953 ms | Avg Time: 4.518 ms | Load Imbalance: 1.096' [0m
		|--[96m 'gcn conv bwd | Max Time: 292.395 ms | Avg Time: 287.683 ms | Load Imbalance: 1.016' [0m
			|--[91m 'gather | Max Time: 54.327 ms | Avg Time: 50.977 ms | Load Imbalance: 1.066' [0m
			|--[91m 'GRAD_AGG = GRAD_OUT * W.T | Max Time: 12.326 ms | Avg Time: 11.696 ms | Load Imbalance: 1.054' [0m
			|--[91m 'all-reduce | Max Time: 93.622 ms | Avg Time: 89.921 ms | Load Imbalance: 1.041' [0m
			|--[91m 'GRAD_W = AGG.T * GRAD_OUT | Max Time: 14.579 ms | Avg Time: 13.530 ms | Load Imbalance: 1.078' [0m
			|--[91m 'ReduceScatter grad_weight | Max Time: 49.215 ms | Avg Time: 47.926 ms | Load Imbalance: 1.027' [0m
				|--[95m 'reduce-scatter | Max Time: 45.063 ms | Avg Time: 43.254 ms | Load Imbalance: 1.042' [0m
					|--[92m 'reduce-scatter-dist | Max Time: 40.535 ms | Avg Time: 38.426 ms | Load Imbalance: 1.055' [0m
			|--[91m 'GRAD_H = A.T * GRAD_AGG | Max Time: 16.640 ms | Avg Time: 15.728 ms | Load Imbalance: 1.058' [0m
			|--[91m 'allreduce grad_x | Max Time: 34.582 ms | Avg Time: 33.377 ms | Load Imbalance: 1.036' [0m
				|--[95m 'all-reduce | Max Time: 30.943 ms | Avg Time: 29.248 ms | Load Imbalance: 1.058' [0m
		|--[96m 'sync_norm_gradients | Max Time: 39.513 ms | Avg Time: 37.681 ms | Load Imbalance: 1.049' [0m
		|--[96m 'sync_data_parallel_gradients | Max Time: 1.032 ms | Avg Time: 0.866 ms | Load Imbalance: 1.192' [0m

|--[95m 'epoch 1 | Max Time: 1449.671 ms | Avg Time: 1449.461 ms | Load Imbalance: 1.000' [0m
	|--[92m 'prefetch launch | Max Time: 3.610 ms | Avg Time: 3.500 ms | Load Imbalance: 1.031' [0m
	|--[92m 'prefetch wait | Max Time: 109.121 ms | Avg Time: 106.940 ms | Load Imbalance: 1.020' [0m
	|--[92m 'train step | Max Time: 1318.223 ms | Avg Time: 1312.923 ms | Load Imbalance: 1.004' [0m
		|--[96m 'input_linear | Max Time: 60.087 ms | Avg Time: 59.135 ms | Load Imbalance: 1.016' [0m
			|--[91m 'input_linear X * W | Max Time: 11.569 ms | Avg Time: 11.329 ms | Load Imbalance: 1.021' [0m
			|--[91m 'all-reduce | Max Time: 29.145 ms | Avg Time: 26.701 ms | Load Imbalance: 1.092' [0m
			|--[91m 'OUT + BIAS | Max Time: 5.054 ms | Avg Time: 4.524 ms | Load Imbalance: 1.117' [0m
		|--[96m 'gcn conv fwd | Max Time: 363.687 ms | Avg Time: 359.372 ms | Load Imbalance: 1.012' [0m
			|--[91m 'AGG = A * H | Max Time: 22.975 ms | Avg Time: 22.426 ms | Load Imbalance: 1.024' [0m
			|--[91m 'allreduce H | Max Time: 144.565 ms | Avg Time: 139.169 ms | Load Imbalance: 1.039' [0m
				|--[95m 'all-reduce | Max Time: 135.701 ms | Avg Time: 130.544 ms | Load Imbalance: 1.040' [0m
			|--[91m 'Allgather W | Max Time: 82.406 ms | Avg Time: 81.189 ms | Load Imbalance: 1.015' [0m
				|--[95m 'gather | Max Time: 76.325 ms | Avg Time: 74.695 ms | Load Imbalance: 1.022' [0m
			|--[91m 'OUT = AGG * W | Max Time: 12.238 ms | Avg Time: 11.368 ms | Load Imbalance: 1.077' [0m
			|--[91m 'allreduce Q | Max Time: 78.533 ms | Avg Time: 77.498 ms | Load Imbalance: 1.013' [0m
				|--[95m 'all-reduce | Max Time: 72.520 ms | Avg Time: 70.841 ms | Load Imbalance: 1.024' [0m
		|--[96m 'activation | Max Time: 103.212 ms | Avg Time: 101.901 ms | Load Imbalance: 1.013' [0m
			|--[91m 'all-reduce | Max Time: 59.659 ms | Avg Time: 57.096 ms | Load Imbalance: 1.045' [0m
		|--[96m 'output_linear | Max Time: 17.360 ms | Avg Time: 16.538 ms | Load Imbalance: 1.050' [0m
			|--[91m 'output_linear X * W | Max Time: 5.139 ms | Avg Time: 4.891 ms | Load Imbalance: 1.051' [0m
			|--[91m 'all-reduce | Max Time: 1.743 ms | Avg Time: 1.516 ms | Load Imbalance: 1.150' [0m
			|--[91m 'OUT + BIAS | Max Time: 3.076 ms | Avg Time: 2.920 ms | Load Imbalance: 1.053' [0m
		|--[96m 'cross entropy fwd | Max Time: 192.169 ms | Avg Time: 187.457 ms | Load Imbalance: 1.025' [0m
		|--[96m 'cross entropy bwd | Max Time: 4.900 ms | Avg Time: 4.748 ms | Load Imbalance: 1.032' [0m
		|--[96m 'linear_3d_bwd | Max Time: 133.277 ms | Avg Time: 131.566 ms | Load Imbalance: 1.013' [0m
			|--[91m 'output_linear GRAD_X | Max Time: 3.815 ms | Avg Time: 3.714 ms | Load Imbalance: 1.027' [0m
			|--[91m 'all-reduce | Max Time: 102.999 ms | Avg Time: 99.994 ms | Load Imbalance: 1.030' [0m
			|--[91m 'output_linear GRAD_W | Max Time: 4.107 ms | Avg Time: 3.619 ms | Load Imbalance: 1.135' [0m
			|--[91m 'input_linear GRAD_W | Max Time: 4.891 ms | Avg Time: 4.528 ms | Load Imbalance: 1.080' [0m
		|--[96m 'gcn conv bwd | Max Time: 266.557 ms | Avg Time: 263.966 ms | Load Imbalance: 1.010' [0m
			|--[91m 'gather | Max Time: 48.922 ms | Avg Time: 46.685 ms | Load Imbalance: 1.048' [0m
			|--[91m 'GRAD_AGG = GRAD_OUT * W.T | Max Time: 11.263 ms | Avg Time: 10.937 ms | Load Imbalance: 1.030' [0m
			|--[91m 'all-reduce | Max Time: 82.740 ms | Avg Time: 81.407 ms | Load Imbalance: 1.016' [0m
			|--[91m 'GRAD_W = AGG.T * GRAD_OUT | Max Time: 11.666 ms | Avg Time: 10.982 ms | Load Imbalance: 1.062' [0m
			|--[91m 'ReduceScatter grad_weight | Max Time: 44.725 ms | Avg Time: 43.197 ms | Load Imbalance: 1.035' [0m
				|--[95m 'reduce-scatter | Max Time: 40.505 ms | Avg Time: 38.519 ms | Load Imbalance: 1.052' [0m
					|--[92m 'reduce-scatter-dist | Max Time: 35.896 ms | Avg Time: 33.662 ms | Load Imbalance: 1.066' [0m
			|--[91m 'GRAD_H = A.T * GRAD_AGG | Max Time: 15.047 ms | Avg Time: 14.443 ms | Load Imbalance: 1.042' [0m
			|--[91m 'allreduce grad_x | Max Time: 33.535 ms | Avg Time: 32.162 ms | Load Imbalance: 1.043' [0m
				|--[95m 'all-reduce | Max Time: 29.693 ms | Avg Time: 28.129 ms | Load Imbalance: 1.056' [0m
		|--[96m 'sync_norm_gradients | Max Time: 36.164 ms | Avg Time: 35.122 ms | Load Imbalance: 1.030' [0m
		|--[96m 'sync_data_parallel_gradients | Max Time: 1.210 ms | Avg Time: 1.013 ms | Load Imbalance: 1.195' [0m

|--[95m 'epoch 2 | Max Time: 1444.643 ms | Avg Time: 1444.177 ms | Load Imbalance: 1.000' [0m
	|--[92m 'prefetch launch | Max Time: 3.585 ms | Avg Time: 3.533 ms | Load Imbalance: 1.014' [0m
	|--[92m 'prefetch wait | Max Time: 102.029 ms | Avg Time: 97.687 ms | Load Imbalance: 1.044' [0m
	|--[92m 'train step | Max Time: 1318.764 ms | Avg Time: 1316.561 ms | Load Imbalance: 1.002' [0m
		|--[96m 'input_linear | Max Time: 61.663 ms | Avg Time: 59.382 ms | Load Imbalance: 1.038' [0m
			|--[91m 'input_linear X * W | Max Time: 11.151 ms | Avg Time: 11.046 ms | Load Imbalance: 1.010' [0m
			|--[91m 'all-reduce | Max Time: 29.124 ms | Avg Time: 27.010 ms | Load Imbalance: 1.078' [0m
			|--[91m 'OUT + BIAS | Max Time: 4.947 ms | Avg Time: 4.426 ms | Load Imbalance: 1.118' [0m
		|--[96m 'gcn conv fwd | Max Time: 356.321 ms | Avg Time: 354.719 ms | Load Imbalance: 1.005' [0m
			|--[91m 'AGG = A * H | Max Time: 23.437 ms | Avg Time: 22.383 ms | Load Imbalance: 1.047' [0m
			|--[91m 'allreduce H | Max Time: 135.558 ms | Avg Time: 133.590 ms | Load Imbalance: 1.015' [0m
				|--[95m 'all-reduce | Max Time: 127.077 ms | Avg Time: 124.829 ms | Load Imbalance: 1.018' [0m
			|--[91m 'Allgather W | Max Time: 83.358 ms | Avg Time: 81.667 ms | Load Imbalance: 1.021' [0m
				|--[95m 'gather | Max Time: 76.855 ms | Avg Time: 74.963 ms | Load Imbalance: 1.025' [0m
			|--[91m 'OUT = AGG * W | Max Time: 11.851 ms | Avg Time: 11.446 ms | Load Imbalance: 1.035' [0m
			|--[91m 'allreduce Q | Max Time: 78.812 ms | Avg Time: 77.578 ms | Load Imbalance: 1.016' [0m
				|--[95m 'all-reduce | Max Time: 72.306 ms | Avg Time: 70.819 ms | Load Imbalance: 1.021' [0m
		|--[96m 'activation | Max Time: 104.976 ms | Avg Time: 103.870 ms | Load Imbalance: 1.011' [0m
			|--[91m 'all-reduce | Max Time: 59.554 ms | Avg Time: 57.945 ms | Load Imbalance: 1.028' [0m
		|--[96m 'output_linear | Max Time: 18.200 ms | Avg Time: 16.736 ms | Load Imbalance: 1.087' [0m
			|--[91m 'output_linear X * W | Max Time: 5.099 ms | Avg Time: 4.790 ms | Load Imbalance: 1.065' [0m
			|--[91m 'all-reduce | Max Time: 1.782 ms | Avg Time: 1.555 ms | Load Imbalance: 1.146' [0m
			|--[91m 'OUT + BIAS | Max Time: 3.117 ms | Avg Time: 3.031 ms | Load Imbalance: 1.028' [0m
		|--[96m 'cross entropy fwd | Max Time: 189.970 ms | Avg Time: 186.948 ms | Load Imbalance: 1.016' [0m
		|--[96m 'cross entropy bwd | Max Time: 5.004 ms | Avg Time: 4.856 ms | Load Imbalance: 1.031' [0m
		|--[96m 'linear_3d_bwd | Max Time: 128.671 ms | Avg Time: 127.652 ms | Load Imbalance: 1.008' [0m
			|--[91m 'output_linear GRAD_X | Max Time: 3.947 ms | Avg Time: 3.862 ms | Load Imbalance: 1.022' [0m
			|--[91m 'all-reduce | Max Time: 98.492 ms | Avg Time: 95.979 ms | Load Imbalance: 1.026' [0m
			|--[91m 'output_linear GRAD_W | Max Time: 4.171 ms | Avg Time: 3.570 ms | Load Imbalance: 1.168' [0m
			|--[91m 'input_linear GRAD_W | Max Time: 4.688 ms | Avg Time: 4.482 ms | Load Imbalance: 1.046' [0m
		|--[96m 'gcn conv bwd | Max Time: 273.062 ms | Avg Time: 271.039 ms | Load Imbalance: 1.007' [0m
			|--[91m 'gather | Max Time: 49.730 ms | Avg Time: 48.263 ms | Load Imbalance: 1.030' [0m
			|--[91m 'GRAD_AGG = GRAD_OUT * W.T | Max Time: 11.524 ms | Avg Time: 11.289 ms | Load Imbalance: 1.021' [0m
			|--[91m 'all-reduce | Max Time: 82.599 ms | Avg Time: 82.189 ms | Load Imbalance: 1.005' [0m
			|--[91m 'GRAD_W = AGG.T * GRAD_OUT | Max Time: 11.688 ms | Avg Time: 11.121 ms | Load Imbalance: 1.051' [0m
			|--[91m 'ReduceScatter grad_weight | Max Time: 45.603 ms | Avg Time: 44.230 ms | Load Imbalance: 1.031' [0m
				|--[95m 'reduce-scatter | Max Time: 40.846 ms | Avg Time: 39.341 ms | Load Imbalance: 1.038' [0m
					|--[92m 'reduce-scatter-dist | Max Time: 35.939 ms | Avg Time: 34.304 ms | Load Imbalance: 1.048' [0m
			|--[91m 'GRAD_H = A.T * GRAD_AGG | Max Time: 15.187 ms | Avg Time: 14.805 ms | Load Imbalance: 1.026' [0m
			|--[91m 'allreduce grad_x | Max Time: 35.945 ms | Avg Time: 33.847 ms | Load Imbalance: 1.062' [0m
				|--[95m 'all-reduce | Max Time: 29.898 ms | Avg Time: 28.999 ms | Load Imbalance: 1.031' [0m
		|--[96m 'sync_norm_gradients | Max Time: 36.395 ms | Avg Time: 36.090 ms | Load Imbalance: 1.008' [0m
		|--[96m 'sync_data_parallel_gradients | Max Time: 1.038 ms | Avg Time: 0.925 ms | Load Imbalance: 1.123' [0m

Epoch: 002, Train Loss: 0.7932
Epoch: 003, Train Loss: 0.7578
Epoch: 004, Train Loss: 0.7186
TRAIN: acc 0.9390, f1_micro 0.9390, f1_macro 0.9087 (n=153431)
VAL: acc 0.9413, f1_micro 0.9413, f1_macro 0.9075 (n=23831)
TEST: acc 0.9433, f1_micro 0.9433, f1_macro 0.9096 (n=55703)
Epoch: 005, Train Loss: 0.6890
Epoch: 006, Train Loss: 0.6784
Epoch: 007, Train Loss: 0.6676
Epoch: 008, Train Loss: 0.6432
Epoch: 009, Train Loss: 0.6258
TRAIN: acc 0.9380, f1_micro 0.9380, f1_macro 0.9047 (n=153431)
VAL: acc 0.9376, f1_micro 0.9376, f1_macro 0.8963 (n=23831)
TEST: acc 0.9396, f1_micro 0.9396, f1_macro 0.9010 (n=55703)
Epoch: 010, Train Loss: 0.6059
Epoch: 011, Train Loss: 0.5998
Epoch: 012, Train Loss: 0.5851
Epoch: 013, Train Loss: 0.5752
Epoch: 014, Train Loss: 0.5714
TRAIN: acc 0.9418, f1_micro 0.9418, f1_macro 0.9119 (n=153431)
VAL: acc 0.9403, f1_micro 0.9403, f1_macro 0.9005 (n=23831)
TEST: acc 0.9422, f1_micro 0.9422, f1_macro 0.9065 (n=55703)
Epoch: 015, Train Loss: 0.5584
Epoch: 016, Train Loss: 0.5377
Epoch: 017, Train Loss: 0.5305
Epoch: 018, Train Loss: 0.5344
Epoch: 019, Train Loss: 0.5267
TRAIN: acc 0.9431, f1_micro 0.9431, f1_macro 0.9167 (n=153431)
VAL: acc 0.9410, f1_micro 0.9410, f1_macro 0.9058 (n=23831)
TEST: acc 0.9431, f1_micro 0.9431, f1_macro 0.9109 (n=55703)
Epoch: 020, Train Loss: 0.5144
Epoch: 021, Train Loss: 0.5139
Epoch: 022, Train Loss: 0.5004
Epoch: 023, Train Loss: 0.4950
Epoch: 024, Train Loss: 0.4958
TRAIN: acc 0.9423, f1_micro 0.9423, f1_macro 0.9116 (n=153431)
VAL: acc 0.9402, f1_micro 0.9402, f1_macro 0.8977 (n=23831)
TEST: acc 0.9420, f1_micro 0.9420, f1_macro 0.9054 (n=55703)
Epoch: 025, Train Loss: 0.4954
Epoch: 026, Train Loss: 0.4794
Epoch: 027, Train Loss: 0.4861
Epoch: 028, Train Loss: 0.4795
Epoch: 029, Train Loss: 0.4770
TRAIN: acc 0.9436, f1_micro 0.9436, f1_macro 0.9172 (n=153431)
VAL: acc 0.9414, f1_micro 0.9414, f1_macro 0.9058 (n=23831)
TEST: acc 0.9427, f1_micro 0.9427, f1_macro 0.9094 (n=55703)
Epoch: 030, Train Loss: 0.4723
Epoch: 031, Train Loss: 0.4644
Epoch: 032, Train Loss: 0.4539
Epoch: 033, Train Loss: 0.4579
Epoch: 034, Train Loss: 0.4533
TRAIN: acc 0.9437, f1_micro 0.9437, f1_macro 0.9159 (n=153431)
VAL: acc 0.9408, f1_micro 0.9408, f1_macro 0.9033 (n=23831)
TEST: acc 0.9435, f1_micro 0.9435, f1_macro 0.9108 (n=55703)
Epoch: 035, Train Loss: 0.4578
Epoch: 036, Train Loss: 0.4563
Epoch: 037, Train Loss: 0.4451
Epoch: 038, Train Loss: 0.4455
Epoch: 039, Train Loss: 0.4449
TRAIN: acc 0.9439, f1_micro 0.9439, f1_macro 0.9184 (n=153431)
VAL: acc 0.9417, f1_micro 0.9417, f1_macro 0.9072 (n=23831)
TEST: acc 0.9439, f1_micro 0.9439, f1_macro 0.9114 (n=55703)
Epoch: 040, Train Loss: 0.4425
Epoch: 041, Train Loss: 0.4353
Epoch: 042, Train Loss: 0.4400
Epoch: 043, Train Loss: 0.4380
Epoch: 044, Train Loss: 0.4352
TRAIN: acc 0.9422, f1_micro 0.9422, f1_macro 0.9151 (n=153431)
VAL: acc 0.9407, f1_micro 0.9407, f1_macro 0.9026 (n=23831)
TEST: acc 0.9420, f1_micro 0.9420, f1_macro 0.9083 (n=55703)
Epoch: 045, Train Loss: 0.4334
Epoch: 046, Train Loss: 0.4282
Epoch: 047, Train Loss: 0.4290
Epoch: 048, Train Loss: 0.4248
Epoch: 049, Train Loss: 0.4335
TRAIN: acc 0.9436, f1_micro 0.9436, f1_macro 0.9182 (n=153431)
VAL: acc 0.9400, f1_micro 0.9400, f1_macro 0.9038 (n=23831)
TEST: acc 0.9433, f1_micro 0.9433, f1_macro 0.9105 (n=55703)
Epoch: 050, Train Loss: 0.4231
Epoch: 051, Train Loss: 0.4265
Epoch: 052, Train Loss: 0.4208
Epoch: 053, Train Loss: 0.4207
Epoch: 054, Train Loss: 0.4157
TRAIN: acc 0.9433, f1_micro 0.9433, f1_macro 0.9147 (n=153431)
VAL: acc 0.9406, f1_micro 0.9406, f1_macro 0.8991 (n=23831)
TEST: acc 0.9431, f1_micro 0.9431, f1_macro 0.9089 (n=55703)
Epoch: 055, Train Loss: 0.4206
Epoch: 056, Train Loss: 0.4163
Epoch: 057, Train Loss: 0.4167
Epoch: 058, Train Loss: 0.4164
Epoch: 059, Train Loss: 0.4143
TRAIN: acc 0.9447, f1_micro 0.9447, f1_macro 0.9189 (n=153431)
VAL: acc 0.9410, f1_micro 0.9410, f1_macro 0.9056 (n=23831)
TEST: acc 0.9434, f1_micro 0.9434, f1_macro 0.9105 (n=55703)
Epoch: 060, Train Loss: 0.4122
Epoch: 061, Train Loss: 0.4110
Epoch: 062, Train Loss: 0.4123
Epoch: 063, Train Loss: 0.4162
Epoch: 064, Train Loss: 0.4055
TRAIN: acc 0.9437, f1_micro 0.9437, f1_macro 0.9186 (n=153431)
VAL: acc 0.9405, f1_micro 0.9405, f1_macro 0.9066 (n=23831)
TEST: acc 0.9419, f1_micro 0.9419, f1_macro 0.9093 (n=55703)
Epoch: 065, Train Loss: 0.4023
Epoch: 066, Train Loss: 0.4074
Epoch: 067, Train Loss: 0.4090
Epoch: 068, Train Loss: 0.4090
Epoch: 069, Train Loss: 0.4006
TRAIN: acc 0.9441, f1_micro 0.9441, f1_macro 0.9173 (n=153431)
VAL: acc 0.9402, f1_micro 0.9402, f1_macro 0.9027 (n=23831)
TEST: acc 0.9430, f1_micro 0.9430, f1_macro 0.9095 (n=55703)
Epoch: 070, Train Loss: 0.4008
Epoch: 071, Train Loss: 0.3971
Epoch: 072, Train Loss: 0.4017
Epoch: 073, Train Loss: 0.4076
Epoch: 074, Train Loss: 0.4099
TRAIN: acc 0.9415, f1_micro 0.9415, f1_macro 0.9152 (n=153431)
VAL: acc 0.9387, f1_micro 0.9387, f1_macro 0.9055 (n=23831)
TEST: acc 0.9408, f1_micro 0.9408, f1_macro 0.9084 (n=55703)
Epoch: 075, Train Loss: 0.4018
Epoch: 076, Train Loss: 0.4026
Epoch: 077, Train Loss: 0.4009
Epoch: 078, Train Loss: 0.4028
Epoch: 079, Train Loss: 0.3958
TRAIN: acc 0.9446, f1_micro 0.9446, f1_macro 0.9186 (n=153431)
VAL: acc 0.9413, f1_micro 0.9413, f1_macro 0.9052 (n=23831)
TEST: acc 0.9434, f1_micro 0.9434, f1_macro 0.9112 (n=55703)
Epoch: 080, Train Loss: 0.4028
Epoch: 081, Train Loss: 0.4012
Epoch: 082, Train Loss: 0.4001
Epoch: 083, Train Loss: 0.3960
Epoch: 084, Train Loss: 0.3972
TRAIN: acc 0.9437, f1_micro 0.9437, f1_macro 0.9164 (n=153431)
VAL: acc 0.9397, f1_micro 0.9397, f1_macro 0.9021 (n=23831)
TEST: acc 0.9419, f1_micro 0.9419, f1_macro 0.9081 (n=55703)
Epoch: 085, Train Loss: 0.4012
Epoch: 086, Train Loss: 0.3950
Epoch: 087, Train Loss: 0.3916
Epoch: 088, Train Loss: 0.4001
Epoch: 089, Train Loss: 0.3929
TRAIN: acc 0.9445, f1_micro 0.9445, f1_macro 0.9189 (n=153431)
VAL: acc 0.9407, f1_micro 0.9407, f1_macro 0.9047 (n=23831)
TEST: acc 0.9441, f1_micro 0.9441, f1_macro 0.9122 (n=55703)
Epoch: 090, Train Loss: 0.3902
Epoch: 091, Train Loss: 0.3898
Epoch: 092, Train Loss: 0.3874
Epoch: 093, Train Loss: 0.3897
Epoch: 094, Train Loss: 0.3917
TRAIN: acc 0.9456, f1_micro 0.9456, f1_macro 0.9195 (n=153431)
VAL: acc 0.9426, f1_micro 0.9426, f1_macro 0.9074 (n=23831)
TEST: acc 0.9447, f1_micro 0.9447, f1_macro 0.9131 (n=55703)
Epoch: 095, Train Loss: 0.3928
Epoch: 096, Train Loss: 0.3981
Epoch: 097, Train Loss: 0.3885
Epoch: 098, Train Loss: 0.3887
Epoch: 099, Train Loss: 0.3835
TRAIN: acc 0.9420, f1_micro 0.9420, f1_macro 0.9118 (n=153431)
VAL: acc 0.9389, f1_micro 0.9389, f1_macro 0.8983 (n=23831)
TEST: acc 0.9415, f1_micro 0.9415, f1_macro 0.9040 (n=55703)
Epoch: 100, Train Loss: 0.3900
Epoch: 101, Train Loss: 0.3871
Epoch: 102, Train Loss: 0.3875
Epoch: 103, Train Loss: 0.3827
Epoch: 104, Train Loss: 0.3901
TRAIN: acc 0.9432, f1_micro 0.9432, f1_macro 0.9161 (n=153431)
VAL: acc 0.9399, f1_micro 0.9399, f1_macro 0.9025 (n=23831)
TEST: acc 0.9425, f1_micro 0.9425, f1_macro 0.9087 (n=55703)
Epoch: 105, Train Loss: 0.3857
Epoch: 106, Train Loss: 0.3890
Epoch: 107, Train Loss: 0.3874
Epoch: 108, Train Loss: 0.3818
Epoch: 109, Train Loss: 0.3837
TRAIN: acc 0.9429, f1_micro 0.9429, f1_macro 0.9159 (n=153431)
VAL: acc 0.9388, f1_micro 0.9388, f1_macro 0.9031 (n=23831)
TEST: acc 0.9408, f1_micro 0.9408, f1_macro 0.9070 (n=55703)
Epoch: 110, Train Loss: 0.3803
Epoch: 111, Train Loss: 0.3800
Epoch: 112, Train Loss: 0.3790
Epoch: 113, Train Loss: 0.3830
Epoch: 114, Train Loss: 0.3780
TRAIN: acc 0.9410, f1_micro 0.9410, f1_macro 0.9127 (n=153431)
VAL: acc 0.9380, f1_micro 0.9380, f1_macro 0.9002 (n=23831)
TEST: acc 0.9405, f1_micro 0.9405, f1_macro 0.9048 (n=55703)
Epoch: 115, Train Loss: 0.3755
Epoch: 116, Train Loss: 0.3774
Epoch: 117, Train Loss: 0.3744
Epoch: 118, Train Loss: 0.3787
Epoch: 119, Train Loss: 0.3777
TRAIN: acc 0.9439, f1_micro 0.9439, f1_macro 0.9154 (n=153431)
VAL: acc 0.9396, f1_micro 0.9396, f1_macro 0.9027 (n=23831)
TEST: acc 0.9427, f1_micro 0.9427, f1_macro 0.9080 (n=55703)
Epoch: 120, Train Loss: 0.3781
Epoch: 121, Train Loss: 0.3802
Epoch: 122, Train Loss: 0.3840
Epoch: 123, Train Loss: 0.3783
Epoch: 124, Train Loss: 0.3783
TRAIN: acc 0.9441, f1_micro 0.9441, f1_macro 0.9167 (n=153431)
VAL: acc 0.9406, f1_micro 0.9406, f1_macro 0.9023 (n=23831)
TEST: acc 0.9435, f1_micro 0.9435, f1_macro 0.9097 (n=55703)
Epoch: 125, Train Loss: 0.3781
Epoch: 126, Train Loss: 0.3798
Epoch: 127, Train Loss: 0.3711
Epoch: 128, Train Loss: 0.3780
Epoch: 129, Train Loss: 0.3772
TRAIN: acc 0.9441, f1_micro 0.9441, f1_macro 0.9184 (n=153431)
VAL: acc 0.9392, f1_micro 0.9392, f1_macro 0.9017 (n=23831)
TEST: acc 0.9426, f1_micro 0.9426, f1_macro 0.9097 (n=55703)
Epoch: 130, Train Loss: 0.3815
Epoch: 131, Train Loss: 0.3783
Epoch: 132, Train Loss: 0.3713
Epoch: 133, Train Loss: 0.3712
Epoch: 134, Train Loss: 0.3794
TRAIN: acc 0.9428, f1_micro 0.9428, f1_macro 0.9137 (n=153431)
VAL: acc 0.9390, f1_micro 0.9390, f1_macro 0.8995 (n=23831)
TEST: acc 0.9422, f1_micro 0.9422, f1_macro 0.9067 (n=55703)
Epoch: 135, Train Loss: 0.3706
Epoch: 136, Train Loss: 0.3731
Epoch: 137, Train Loss: 0.3755
Epoch: 138, Train Loss: 0.3680
Epoch: 139, Train Loss: 0.3770
TRAIN: acc 0.9445, f1_micro 0.9445, f1_macro 0.9179 (n=153431)
VAL: acc 0.9402, f1_micro 0.9402, f1_macro 0.9036 (n=23831)
TEST: acc 0.9428, f1_micro 0.9428, f1_macro 0.9102 (n=55703)
Epoch: 140, Train Loss: 0.3742
Epoch: 141, Train Loss: 0.3663
Epoch: 142, Train Loss: 0.3696
Epoch: 143, Train Loss: 0.3714
Epoch: 144, Train Loss: 0.3732
TRAIN: acc 0.9434, f1_micro 0.9434, f1_macro 0.9179 (n=153431)
VAL: acc 0.9400, f1_micro 0.9400, f1_macro 0.9033 (n=23831)
TEST: acc 0.9428, f1_micro 0.9428, f1_macro 0.9096 (n=55703)
Epoch: 145, Train Loss: 0.3732
Epoch: 146, Train Loss: 0.3662
Epoch: 147, Train Loss: 0.3655
Epoch: 148, Train Loss: 0.3744
Epoch: 149, Train Loss: 0.3697
TRAIN: acc 0.9445, f1_micro 0.9445, f1_macro 0.9183 (n=153431)
VAL: acc 0.9406, f1_micro 0.9406, f1_macro 0.9041 (n=23831)
TEST: acc 0.9434, f1_micro 0.9434, f1_macro 0.9101 (n=55703)
Epoch: 150, Train Loss: 0.3697
Epoch: 151, Train Loss: 0.3694
Epoch: 152, Train Loss: 0.3663
Epoch: 153, Train Loss: 0.3711
Epoch: 154, Train Loss: 0.3717
TRAIN: acc 0.9430, f1_micro 0.9430, f1_macro 0.9172 (n=153431)
VAL: acc 0.9399, f1_micro 0.9399, f1_macro 0.9021 (n=23831)
TEST: acc 0.9421, f1_micro 0.9421, f1_macro 0.9083 (n=55703)
Epoch: 155, Train Loss: 0.3730
Epoch: 156, Train Loss: 0.3650
Epoch: 157, Train Loss: 0.3653
Epoch: 158, Train Loss: 0.3641
Epoch: 159, Train Loss: 0.3691
TRAIN: acc 0.9441, f1_micro 0.9441, f1_macro 0.9190 (n=153431)
VAL: acc 0.9403, f1_micro 0.9403, f1_macro 0.9038 (n=23831)
TEST: acc 0.9425, f1_micro 0.9425, f1_macro 0.9107 (n=55703)
Epoch: 160, Train Loss: 0.3738
Epoch: 161, Train Loss: 0.3640
Epoch: 162, Train Loss: 0.3630
Epoch: 163, Train Loss: 0.3697
Epoch: 164, Train Loss: 0.3657
TRAIN: acc 0.9432, f1_micro 0.9432, f1_macro 0.9141 (n=153431)
VAL: acc 0.9391, f1_micro 0.9391, f1_macro 0.8998 (n=23831)
TEST: acc 0.9415, f1_micro 0.9415, f1_macro 0.9051 (n=55703)
Epoch: 165, Train Loss: 0.3629
Epoch: 166, Train Loss: 0.3705
Epoch: 167, Train Loss: 0.3660
Epoch: 168, Train Loss: 0.3638
Epoch: 169, Train Loss: 0.3638
TRAIN: acc 0.9437, f1_micro 0.9437, f1_macro 0.9172 (n=153431)
VAL: acc 0.9394, f1_micro 0.9394, f1_macro 0.9014 (n=23831)
TEST: acc 0.9422, f1_micro 0.9422, f1_macro 0.9079 (n=55703)
Epoch: 170, Train Loss: 0.3645
Epoch: 171, Train Loss: 0.3685
Epoch: 172, Train Loss: 0.3697
Epoch: 173, Train Loss: 0.3682
Epoch: 174, Train Loss: 0.3712
TRAIN: acc 0.9448, f1_micro 0.9448, f1_macro 0.9190 (n=153431)
VAL: acc 0.9399, f1_micro 0.9399, f1_macro 0.9052 (n=23831)
TEST: acc 0.9437, f1_micro 0.9437, f1_macro 0.9116 (n=55703)
Epoch: 175, Train Loss: 0.3681
Epoch: 176, Train Loss: 0.3702
Epoch: 177, Train Loss: 0.3559
Epoch: 178, Train Loss: 0.3650
Epoch: 179, Train Loss: 0.3600
TRAIN: acc 0.9443, f1_micro 0.9443, f1_macro 0.9205 (n=153431)
VAL: acc 0.9408, f1_micro 0.9408, f1_macro 0.9057 (n=23831)
TEST: acc 0.9434, f1_micro 0.9434, f1_macro 0.9123 (n=55703)
Epoch: 180, Train Loss: 0.3604
Epoch: 181, Train Loss: 0.3683
Epoch: 182, Train Loss: 0.3591
Epoch: 183, Train Loss: 0.3630
Epoch: 184, Train Loss: 0.3598
TRAIN: acc 0.9445, f1_micro 0.9445, f1_macro 0.9187 (n=153431)
VAL: acc 0.9401, f1_micro 0.9401, f1_macro 0.9040 (n=23831)
TEST: acc 0.9433, f1_micro 0.9433, f1_macro 0.9116 (n=55703)
Epoch: 185, Train Loss: 0.3595
Epoch: 186, Train Loss: 0.3645
Epoch: 187, Train Loss: 0.3676
Epoch: 188, Train Loss: 0.3705
Epoch: 189, Train Loss: 0.3615
TRAIN: acc 0.9447, f1_micro 0.9447, f1_macro 0.9184 (n=153431)
VAL: acc 0.9403, f1_micro 0.9403, f1_macro 0.9037 (n=23831)
TEST: acc 0.9428, f1_micro 0.9428, f1_macro 0.9101 (n=55703)
Epoch: 190, Train Loss: 0.3600
Epoch: 191, Train Loss: 0.3625
Epoch: 192, Train Loss: 0.3634
Epoch: 193, Train Loss: 0.3646
Epoch: 194, Train Loss: 0.3679
TRAIN: acc 0.9450, f1_micro 0.9450, f1_macro 0.9182 (n=153431)
VAL: acc 0.9405, f1_micro 0.9405, f1_macro 0.9032 (n=23831)
TEST: acc 0.9438, f1_micro 0.9438, f1_macro 0.9109 (n=55703)
Epoch: 195, Train Loss: 0.3647
Epoch: 196, Train Loss: 0.3596
Epoch: 197, Train Loss: 0.3656
Epoch: 198, Train Loss: 0.3553
Epoch: 199, Train Loss: 0.3639
TRAIN: acc 0.9424, f1_micro 0.9424, f1_macro 0.9151 (n=153431)
VAL: acc 0.9386, f1_micro 0.9386, f1_macro 0.8993 (n=23831)
TEST: acc 0.9418, f1_micro 0.9418, f1_macro 0.9078 (n=55703)
rank 0 Peak GPU memory: 6.15 GB
rank 1 Peak GPU memory: 6.16 GB
rank 3 Peak GPU memory: 6.18 GB
rank 2 Peak GPU memory: 6.16 GB
OGB (best val):
Highest Train (acc): 94.56
Highest Valid (acc): 94.26
  Final Train (acc): 94.56
   Final Test (acc): 94.47
