/pscratch/sd/c/cunyang/gnn/plexus/plexus/utils/dataloader.py:425: UserWarning: Sparse CSR tensor support is in beta state. If you miss a functionality in the sparse tensor support, please submit a feature request to https://github.com/pytorch/pytorch/issues. (Triggered internally at /pytorch/aten/src/ATen/SparseCsrTensorImpl.cpp:53.)
  adj_local = adj_local.to_sparse_csr()
/pscratch/sd/c/cunyang/gnn/plexus/plexus/utils/dataloader.py:425: UserWarning: Sparse CSR tensor support is in beta state. If you miss a functionality in the sparse tensor support, please submit a feature request to https://github.com/pytorch/pytorch/issues. (Triggered internally at /pytorch/aten/src/ATen/SparseCsrTensorImpl.cpp:53.)
  adj_local = adj_local.to_sparse_csr()
/pscratch/sd/c/cunyang/gnn/plexus/plexus/utils/dataloader.py:425: UserWarning: Sparse CSR tensor support is in beta state. If you miss a functionality in the sparse tensor support, please submit a feature request to https://github.com/pytorch/pytorch/issues. (Triggered internally at /pytorch/aten/src/ATen/SparseCsrTensorImpl.cpp:53.)
  adj_local = adj_local.to_sparse_csr()
/pscratch/sd/c/cunyang/gnn/plexus/plexus/utils/dataloader.py:425: UserWarning: Sparse CSR tensor support is in beta state. If you miss a functionality in the sparse tensor support, please submit a feature request to https://github.com/pytorch/pytorch/issues. (Triggered internally at /pytorch/aten/src/ATen/SparseCsrTensorImpl.cpp:53.)
  adj_local = adj_local.to_sparse_csr()
steps_per_epoch:  51
steps_per_epoch:  51
steps_per_epoch:  51
steps_per_epoch:  51
Epoch: 000, Train Loss: 1.7518
Epoch: 001, Train Loss: 0.9080
|--[95m 'drop | Max Time: 0.174 ms | Avg Time: 0.169 ms | Load Imbalance: 1.031' [0m

|--[95m 'epoch 0 | Max Time: 1620.239 ms | Avg Time: 1620.098 ms | Load Imbalance: 1.000' [0m
	|--[92m 'prefetch launch | Max Time: 2.052 ms | Avg Time: 1.960 ms | Load Imbalance: 1.047' [0m
	|--[92m 'prefetch wait | Max Time: 182.280 ms | Avg Time: 179.250 ms | Load Imbalance: 1.017' [0m
	|--[92m 'train step | Max Time: 1428.103 ms | Avg Time: 1425.680 ms | Load Imbalance: 1.002' [0m
		|--[96m 'input_linear | Max Time: 278.234 ms | Avg Time: 274.890 ms | Load Imbalance: 1.012' [0m
			|--[91m 'input_linear X * W | Max Time: 140.060 ms | Avg Time: 139.947 ms | Load Imbalance: 1.001' [0m
			|--[91m 'all-reduce | Max Time: 128.215 ms | Avg Time: 124.236 ms | Load Imbalance: 1.032' [0m
			|--[91m 'OUT + BIAS | Max Time: 3.061 ms | Avg Time: 2.485 ms | Load Imbalance: 1.232' [0m
		|--[96m 'gcn conv fwd | Max Time: 368.650 ms | Avg Time: 366.611 ms | Load Imbalance: 1.006' [0m
			|--[91m 'AGG = A * H | Max Time: 77.423 ms | Avg Time: 75.289 ms | Load Imbalance: 1.028' [0m
			|--[91m 'allreduce H | Max Time: 179.265 ms | Avg Time: 178.619 ms | Load Imbalance: 1.004' [0m
				|--[95m 'all-reduce | Max Time: 175.070 ms | Avg Time: 174.461 ms | Load Imbalance: 1.003' [0m
			|--[91m 'Allgather W | Max Time: 51.063 ms | Avg Time: 50.747 ms | Load Imbalance: 1.006' [0m
				|--[95m 'gather | Max Time: 47.705 ms | Avg Time: 47.289 ms | Load Imbalance: 1.009' [0m
			|--[91m 'OUT = AGG * W | Max Time: 8.493 ms | Avg Time: 8.183 ms | Load Imbalance: 1.038' [0m
			|--[91m 'allreduce Q | Max Time: 40.674 ms | Avg Time: 38.976 ms | Load Imbalance: 1.044' [0m
				|--[95m 'all-reduce | Max Time: 37.059 ms | Avg Time: 35.402 ms | Load Imbalance: 1.047' [0m
		|--[96m 'activation | Max Time: 128.734 ms | Avg Time: 127.360 ms | Load Imbalance: 1.011' [0m
			|--[91m 'all-reduce | Max Time: 28.132 ms | Avg Time: 27.230 ms | Load Imbalance: 1.033' [0m
		|--[96m 'output_linear | Max Time: 9.683 ms | Avg Time: 9.191 ms | Load Imbalance: 1.053' [0m
			|--[91m 'output_linear X * W | Max Time: 2.862 ms | Avg Time: 2.722 ms | Load Imbalance: 1.052' [0m
			|--[91m 'all-reduce | Max Time: 0.878 ms | Avg Time: 0.827 ms | Load Imbalance: 1.061' [0m
			|--[91m 'OUT + BIAS | Max Time: 1.754 ms | Avg Time: 1.674 ms | Load Imbalance: 1.048' [0m
		|--[96m 'cross entropy fwd | Max Time: 146.247 ms | Avg Time: 143.703 ms | Load Imbalance: 1.018' [0m
		|--[96m 'cross entropy bwd | Max Time: 2.874 ms | Avg Time: 2.793 ms | Load Imbalance: 1.029' [0m
		|--[96m 'linear_3d_bwd | Max Time: 91.198 ms | Avg Time: 86.520 ms | Load Imbalance: 1.054' [0m
			|--[91m 'output_linear GRAD_X | Max Time: 3.149 ms | Avg Time: 2.931 ms | Load Imbalance: 1.074' [0m
			|--[91m 'all-reduce | Max Time: 50.829 ms | Avg Time: 48.523 ms | Load Imbalance: 1.048' [0m
			|--[91m 'output_linear GRAD_W | Max Time: 23.367 ms | Avg Time: 21.127 ms | Load Imbalance: 1.106' [0m
			|--[91m 'input_linear GRAD_W | Max Time: 3.701 ms | Avg Time: 3.445 ms | Load Imbalance: 1.074' [0m
		|--[96m 'gcn conv bwd | Max Time: 148.253 ms | Avg Time: 145.164 ms | Load Imbalance: 1.021' [0m
			|--[91m 'gather | Max Time: 26.075 ms | Avg Time: 24.916 ms | Load Imbalance: 1.047' [0m
			|--[91m 'GRAD_AGG = GRAD_OUT * W.T | Max Time: 7.184 ms | Avg Time: 6.833 ms | Load Imbalance: 1.051' [0m
			|--[91m 'all-reduce | Max Time: 43.391 ms | Avg Time: 40.479 ms | Load Imbalance: 1.072' [0m
			|--[91m 'GRAD_W = AGG.T * GRAD_OUT | Max Time: 10.566 ms | Avg Time: 9.920 ms | Load Imbalance: 1.065' [0m
			|--[91m 'ReduceScatter grad_weight | Max Time: 24.224 ms | Avg Time: 22.900 ms | Load Imbalance: 1.058' [0m
				|--[95m 'reduce-scatter | Max Time: 22.057 ms | Avg Time: 20.497 ms | Load Imbalance: 1.076' [0m
					|--[92m 'reduce-scatter-dist | Max Time: 19.648 ms | Avg Time: 17.883 ms | Load Imbalance: 1.099' [0m
			|--[91m 'GRAD_H = A.T * GRAD_AGG | Max Time: 9.524 ms | Avg Time: 8.919 ms | Load Imbalance: 1.068' [0m
			|--[91m 'allreduce grad_x | Max Time: 19.145 ms | Avg Time: 18.698 ms | Load Imbalance: 1.024' [0m
				|--[95m 'all-reduce | Max Time: 17.367 ms | Avg Time: 16.754 ms | Load Imbalance: 1.037' [0m
		|--[96m 'sync_norm_gradients | Max Time: 19.627 ms | Avg Time: 18.166 ms | Load Imbalance: 1.080' [0m
		|--[96m 'sync_data_parallel_gradients | Max Time: 0.568 ms | Avg Time: 0.490 ms | Load Imbalance: 1.159' [0m

|--[95m 'epoch 1 | Max Time: 735.332 ms | Avg Time: 735.122 ms | Load Imbalance: 1.000' [0m
	|--[92m 'prefetch launch | Max Time: 1.750 ms | Avg Time: 1.742 ms | Load Imbalance: 1.004' [0m
	|--[92m 'prefetch wait | Max Time: 48.160 ms | Avg Time: 47.449 ms | Load Imbalance: 1.015' [0m
	|--[92m 'train step | Max Time: 673.195 ms | Avg Time: 672.702 ms | Load Imbalance: 1.001' [0m
		|--[96m 'input_linear | Max Time: 32.410 ms | Avg Time: 31.780 ms | Load Imbalance: 1.020' [0m
			|--[91m 'input_linear X * W | Max Time: 6.160 ms | Avg Time: 6.052 ms | Load Imbalance: 1.018' [0m
			|--[91m 'all-reduce | Max Time: 16.929 ms | Avg Time: 16.245 ms | Load Imbalance: 1.042' [0m
			|--[91m 'OUT + BIAS | Max Time: 2.238 ms | Avg Time: 2.030 ms | Load Imbalance: 1.103' [0m
		|--[96m 'gcn conv fwd | Max Time: 179.654 ms | Avg Time: 177.802 ms | Load Imbalance: 1.010' [0m
			|--[91m 'AGG = A * H | Max Time: 11.386 ms | Avg Time: 10.844 ms | Load Imbalance: 1.050' [0m
			|--[91m 'allreduce H | Max Time: 68.769 ms | Avg Time: 67.305 ms | Load Imbalance: 1.022' [0m
				|--[95m 'all-reduce | Max Time: 64.946 ms | Avg Time: 63.296 ms | Load Imbalance: 1.026' [0m
			|--[91m 'Allgather W | Max Time: 40.798 ms | Avg Time: 39.542 ms | Load Imbalance: 1.032' [0m
				|--[95m 'gather | Max Time: 37.430 ms | Avg Time: 36.356 ms | Load Imbalance: 1.030' [0m
			|--[91m 'OUT = AGG * W | Max Time: 6.866 ms | Avg Time: 6.553 ms | Load Imbalance: 1.048' [0m
			|--[91m 'allreduce Q | Max Time: 41.890 ms | Avg Time: 39.817 ms | Load Imbalance: 1.052' [0m
				|--[95m 'all-reduce | Max Time: 38.770 ms | Avg Time: 36.523 ms | Load Imbalance: 1.062' [0m
		|--[96m 'activation | Max Time: 53.169 ms | Avg Time: 51.770 ms | Load Imbalance: 1.027' [0m
			|--[91m 'all-reduce | Max Time: 28.718 ms | Avg Time: 28.244 ms | Load Imbalance: 1.017' [0m
		|--[96m 'output_linear | Max Time: 9.158 ms | Avg Time: 8.467 ms | Load Imbalance: 1.082' [0m
			|--[91m 'output_linear X * W | Max Time: 2.577 ms | Avg Time: 2.442 ms | Load Imbalance: 1.055' [0m
			|--[91m 'all-reduce | Max Time: 0.837 ms | Avg Time: 0.744 ms | Load Imbalance: 1.125' [0m
			|--[91m 'OUT + BIAS | Max Time: 1.646 ms | Avg Time: 1.506 ms | Load Imbalance: 1.093' [0m
		|--[96m 'cross entropy fwd | Max Time: 94.958 ms | Avg Time: 93.895 ms | Load Imbalance: 1.011' [0m
		|--[96m 'cross entropy bwd | Max Time: 2.841 ms | Avg Time: 2.642 ms | Load Imbalance: 1.075' [0m
		|--[96m 'linear_3d_bwd | Max Time: 67.208 ms | Avg Time: 65.210 ms | Load Imbalance: 1.031' [0m
			|--[91m 'output_linear GRAD_X | Max Time: 2.490 ms | Avg Time: 2.289 ms | Load Imbalance: 1.088' [0m
			|--[91m 'all-reduce | Max Time: 49.585 ms | Avg Time: 47.692 ms | Load Imbalance: 1.040' [0m
			|--[91m 'output_linear GRAD_W | Max Time: 2.438 ms | Avg Time: 2.240 ms | Load Imbalance: 1.089' [0m
			|--[91m 'input_linear GRAD_W | Max Time: 2.787 ms | Avg Time: 2.733 ms | Load Imbalance: 1.020' [0m
		|--[96m 'gcn conv bwd | Max Time: 144.926 ms | Avg Time: 142.833 ms | Load Imbalance: 1.015' [0m
			|--[91m 'gather | Max Time: 28.827 ms | Avg Time: 27.783 ms | Load Imbalance: 1.038' [0m
			|--[91m 'GRAD_AGG = GRAD_OUT * W.T | Max Time: 6.670 ms | Avg Time: 6.504 ms | Load Imbalance: 1.026' [0m
			|--[91m 'all-reduce | Max Time: 43.236 ms | Avg Time: 39.653 ms | Load Imbalance: 1.090' [0m
			|--[91m 'GRAD_W = AGG.T * GRAD_OUT | Max Time: 6.252 ms | Avg Time: 6.109 ms | Load Imbalance: 1.023' [0m
			|--[91m 'ReduceScatter grad_weight | Max Time: 24.010 ms | Avg Time: 23.196 ms | Load Imbalance: 1.035' [0m
				|--[95m 'reduce-scatter | Max Time: 21.634 ms | Avg Time: 20.769 ms | Load Imbalance: 1.042' [0m
					|--[92m 'reduce-scatter-dist | Max Time: 19.085 ms | Avg Time: 18.183 ms | Load Imbalance: 1.050' [0m
			|--[91m 'GRAD_H = A.T * GRAD_AGG | Max Time: 8.029 ms | Avg Time: 7.676 ms | Load Imbalance: 1.046' [0m
			|--[91m 'allreduce grad_x | Max Time: 20.019 ms | Avg Time: 19.361 ms | Load Imbalance: 1.034' [0m
				|--[95m 'all-reduce | Max Time: 17.887 ms | Avg Time: 17.446 ms | Load Imbalance: 1.025' [0m
		|--[96m 'sync_norm_gradients | Max Time: 18.891 ms | Avg Time: 18.419 ms | Load Imbalance: 1.026' [0m
		|--[96m 'sync_data_parallel_gradients | Max Time: 0.488 ms | Avg Time: 0.442 ms | Load Imbalance: 1.106' [0m

|--[95m 'epoch 2 | Max Time: 749.154 ms | Avg Time: 749.042 ms | Load Imbalance: 1.000' [0m
	|--[92m 'prefetch launch | Max Time: 1.802 ms | Avg Time: 1.772 ms | Load Imbalance: 1.017' [0m
	|--[92m 'prefetch wait | Max Time: 62.056 ms | Avg Time: 60.672 ms | Load Imbalance: 1.023' [0m
	|--[92m 'train step | Max Time: 674.718 ms | Avg Time: 673.334 ms | Load Imbalance: 1.002' [0m
		|--[96m 'input_linear | Max Time: 31.575 ms | Avg Time: 30.492 ms | Load Imbalance: 1.036' [0m
			|--[91m 'input_linear X * W | Max Time: 6.010 ms | Avg Time: 5.953 ms | Load Imbalance: 1.009' [0m
			|--[91m 'all-reduce | Max Time: 16.646 ms | Avg Time: 15.024 ms | Load Imbalance: 1.108' [0m
			|--[91m 'OUT + BIAS | Max Time: 2.297 ms | Avg Time: 2.023 ms | Load Imbalance: 1.135' [0m
		|--[96m 'gcn conv fwd | Max Time: 189.047 ms | Avg Time: 187.845 ms | Load Imbalance: 1.006' [0m
			|--[91m 'AGG = A * H | Max Time: 11.373 ms | Avg Time: 10.978 ms | Load Imbalance: 1.036' [0m
			|--[91m 'allreduce H | Max Time: 77.821 ms | Avg Time: 75.617 ms | Load Imbalance: 1.029' [0m
				|--[95m 'all-reduce | Max Time: 74.228 ms | Avg Time: 71.836 ms | Load Imbalance: 1.033' [0m
			|--[91m 'Allgather W | Max Time: 40.574 ms | Avg Time: 39.474 ms | Load Imbalance: 1.028' [0m
				|--[95m 'gather | Max Time: 37.476 ms | Avg Time: 36.353 ms | Load Imbalance: 1.031' [0m
			|--[91m 'OUT = AGG * W | Max Time: 6.772 ms | Avg Time: 6.199 ms | Load Imbalance: 1.092' [0m
			|--[91m 'allreduce Q | Max Time: 44.542 ms | Avg Time: 42.479 ms | Load Imbalance: 1.049' [0m
				|--[95m 'all-reduce | Max Time: 42.028 ms | Avg Time: 39.344 ms | Load Imbalance: 1.068' [0m
		|--[96m 'activation | Max Time: 52.246 ms | Avg Time: 51.122 ms | Load Imbalance: 1.022' [0m
			|--[91m 'all-reduce | Max Time: 31.655 ms | Avg Time: 28.830 ms | Load Imbalance: 1.098' [0m
		|--[96m 'output_linear | Max Time: 8.772 ms | Avg Time: 8.185 ms | Load Imbalance: 1.072' [0m
			|--[91m 'output_linear X * W | Max Time: 2.412 ms | Avg Time: 2.329 ms | Load Imbalance: 1.036' [0m
			|--[91m 'all-reduce | Max Time: 0.808 ms | Avg Time: 0.701 ms | Load Imbalance: 1.154' [0m
			|--[91m 'OUT + BIAS | Max Time: 1.502 ms | Avg Time: 1.494 ms | Load Imbalance: 1.006' [0m
		|--[96m 'cross entropy fwd | Max Time: 95.602 ms | Avg Time: 94.865 ms | Load Imbalance: 1.008' [0m
		|--[96m 'cross entropy bwd | Max Time: 2.504 ms | Avg Time: 2.393 ms | Load Imbalance: 1.046' [0m
		|--[96m 'linear_3d_bwd | Max Time: 66.532 ms | Avg Time: 66.061 ms | Load Imbalance: 1.007' [0m
			|--[91m 'output_linear GRAD_X | Max Time: 2.120 ms | Avg Time: 2.021 ms | Load Imbalance: 1.049' [0m
			|--[91m 'all-reduce | Max Time: 51.871 ms | Avg Time: 50.038 ms | Load Imbalance: 1.037' [0m
			|--[91m 'output_linear GRAD_W | Max Time: 2.159 ms | Avg Time: 1.934 ms | Load Imbalance: 1.116' [0m
			|--[91m 'input_linear GRAD_W | Max Time: 2.922 ms | Avg Time: 2.631 ms | Load Imbalance: 1.111' [0m
		|--[96m 'gcn conv bwd | Max Time: 139.792 ms | Avg Time: 137.767 ms | Load Imbalance: 1.015' [0m
			|--[91m 'gather | Max Time: 25.604 ms | Avg Time: 24.182 ms | Load Imbalance: 1.059' [0m
			|--[91m 'GRAD_AGG = GRAD_OUT * W.T | Max Time: 6.345 ms | Avg Time: 6.070 ms | Load Imbalance: 1.045' [0m
			|--[91m 'all-reduce | Max Time: 44.094 ms | Avg Time: 43.141 ms | Load Imbalance: 1.022' [0m
			|--[91m 'GRAD_W = AGG.T * GRAD_OUT | Max Time: 5.999 ms | Avg Time: 5.553 ms | Load Imbalance: 1.080' [0m
			|--[91m 'ReduceScatter grad_weight | Max Time: 23.381 ms | Avg Time: 22.562 ms | Load Imbalance: 1.036' [0m
				|--[95m 'reduce-scatter | Max Time: 21.508 ms | Avg Time: 20.365 ms | Load Imbalance: 1.056' [0m
					|--[92m 'reduce-scatter-dist | Max Time: 19.415 ms | Avg Time: 18.062 ms | Load Imbalance: 1.075' [0m
			|--[91m 'GRAD_H = A.T * GRAD_AGG | Max Time: 7.665 ms | Avg Time: 7.190 ms | Load Imbalance: 1.066' [0m
			|--[91m 'allreduce grad_x | Max Time: 19.398 ms | Avg Time: 18.238 ms | Load Imbalance: 1.064' [0m
				|--[95m 'all-reduce | Max Time: 17.844 ms | Avg Time: 16.516 ms | Load Imbalance: 1.080' [0m
		|--[96m 'sync_norm_gradients | Max Time: 19.404 ms | Avg Time: 18.882 ms | Load Imbalance: 1.028' [0m
		|--[96m 'sync_data_parallel_gradients | Max Time: 0.525 ms | Avg Time: 0.422 ms | Load Imbalance: 1.244' [0m

Epoch: 002, Train Loss: 0.7740
Epoch: 003, Train Loss: 0.7226
Epoch: 004, Train Loss: 0.6938
TRAIN: acc 0.9347, f1_micro 0.9347, f1_macro 0.9006 (n=153431)
VAL: acc 0.9387, f1_micro 0.9387, f1_macro 0.8998 (n=23831)
TEST: acc 0.9387, f1_micro 0.9387, f1_macro 0.9005 (n=55703)
Epoch: 005, Train Loss: 0.6732
Epoch: 006, Train Loss: 0.6515
Epoch: 007, Train Loss: 0.6374
Epoch: 008, Train Loss: 0.6187
Epoch: 009, Train Loss: 0.6031
TRAIN: acc 0.9410, f1_micro 0.9410, f1_macro 0.9110 (n=153431)
VAL: acc 0.9421, f1_micro 0.9421, f1_macro 0.9015 (n=23831)
TEST: acc 0.9435, f1_micro 0.9435, f1_macro 0.9090 (n=55703)
Epoch: 010, Train Loss: 0.5890
Epoch: 011, Train Loss: 0.5891
Epoch: 012, Train Loss: 0.5814
Epoch: 013, Train Loss: 0.5759
Epoch: 014, Train Loss: 0.5632
TRAIN: acc 0.9443, f1_micro 0.9443, f1_macro 0.9179 (n=153431)
VAL: acc 0.9434, f1_micro 0.9434, f1_macro 0.9073 (n=23831)
TEST: acc 0.9461, f1_micro 0.9461, f1_macro 0.9134 (n=55703)
Epoch: 015, Train Loss: 0.5582
Epoch: 016, Train Loss: 0.5414
Epoch: 017, Train Loss: 0.5340
Epoch: 018, Train Loss: 0.5236
Epoch: 019, Train Loss: 0.5214
TRAIN: acc 0.9440, f1_micro 0.9440, f1_macro 0.9197 (n=153431)
VAL: acc 0.9432, f1_micro 0.9432, f1_macro 0.9104 (n=23831)
TEST: acc 0.9451, f1_micro 0.9451, f1_macro 0.9149 (n=55703)
Epoch: 020, Train Loss: 0.5181
Epoch: 021, Train Loss: 0.5150
Epoch: 022, Train Loss: 0.5128
Epoch: 023, Train Loss: 0.4973
Epoch: 024, Train Loss: 0.4930
TRAIN: acc 0.9452, f1_micro 0.9452, f1_macro 0.9208 (n=153431)
VAL: acc 0.9439, f1_micro 0.9439, f1_macro 0.9114 (n=23831)
TEST: acc 0.9453, f1_micro 0.9453, f1_macro 0.9150 (n=55703)
Epoch: 025, Train Loss: 0.4803
Epoch: 026, Train Loss: 0.4846
Epoch: 027, Train Loss: 0.4790
Epoch: 028, Train Loss: 0.4719
Epoch: 029, Train Loss: 0.4674
TRAIN: acc 0.9468, f1_micro 0.9468, f1_macro 0.9226 (n=153431)
VAL: acc 0.9462, f1_micro 0.9462, f1_macro 0.9133 (n=23831)
TEST: acc 0.9479, f1_micro 0.9479, f1_macro 0.9176 (n=55703)
Epoch: 030, Train Loss: 0.4718
Epoch: 031, Train Loss: 0.4632
Epoch: 032, Train Loss: 0.4531
Epoch: 033, Train Loss: 0.4438
Epoch: 034, Train Loss: 0.4415
TRAIN: acc 0.9469, f1_micro 0.9469, f1_macro 0.9246 (n=153431)
VAL: acc 0.9441, f1_micro 0.9441, f1_macro 0.9127 (n=23831)
TEST: acc 0.9460, f1_micro 0.9460, f1_macro 0.9166 (n=55703)
Epoch: 035, Train Loss: 0.4373
Epoch: 036, Train Loss: 0.4378
Epoch: 037, Train Loss: 0.4490
Epoch: 038, Train Loss: 0.4300
Epoch: 039, Train Loss: 0.4346
TRAIN: acc 0.9438, f1_micro 0.9438, f1_macro 0.9204 (n=153431)
VAL: acc 0.9416, f1_micro 0.9416, f1_macro 0.9094 (n=23831)
TEST: acc 0.9436, f1_micro 0.9436, f1_macro 0.9138 (n=55703)
Epoch: 040, Train Loss: 0.4298
Epoch: 041, Train Loss: 0.4255
Epoch: 042, Train Loss: 0.4239
Epoch: 043, Train Loss: 0.4247
Epoch: 044, Train Loss: 0.4129
TRAIN: acc 0.9451, f1_micro 0.9451, f1_macro 0.9211 (n=153431)
VAL: acc 0.9421, f1_micro 0.9421, f1_macro 0.9104 (n=23831)
TEST: acc 0.9446, f1_micro 0.9446, f1_macro 0.9145 (n=55703)
Epoch: 045, Train Loss: 0.4195
Epoch: 046, Train Loss: 0.4116
Epoch: 047, Train Loss: 0.4039
Epoch: 048, Train Loss: 0.4087
Epoch: 049, Train Loss: 0.4120
TRAIN: acc 0.9450, f1_micro 0.9450, f1_macro 0.9225 (n=153431)
VAL: acc 0.9420, f1_micro 0.9420, f1_macro 0.9098 (n=23831)
TEST: acc 0.9447, f1_micro 0.9447, f1_macro 0.9150 (n=55703)
Epoch: 050, Train Loss: 0.4060
Epoch: 051, Train Loss: 0.4004
Epoch: 052, Train Loss: 0.4048
Epoch: 053, Train Loss: 0.3991
Epoch: 054, Train Loss: 0.3966
TRAIN: acc 0.9452, f1_micro 0.9452, f1_macro 0.9232 (n=153431)
VAL: acc 0.9447, f1_micro 0.9447, f1_macro 0.9147 (n=23831)
TEST: acc 0.9450, f1_micro 0.9450, f1_macro 0.9159 (n=55703)
Epoch: 055, Train Loss: 0.3990
Epoch: 056, Train Loss: 0.3944
Epoch: 057, Train Loss: 0.3862
Epoch: 058, Train Loss: 0.3946
Epoch: 059, Train Loss: 0.3987
TRAIN: acc 0.9469, f1_micro 0.9469, f1_macro 0.9241 (n=153431)
VAL: acc 0.9453, f1_micro 0.9453, f1_macro 0.9144 (n=23831)
TEST: acc 0.9467, f1_micro 0.9467, f1_macro 0.9179 (n=55703)
Epoch: 060, Train Loss: 0.3920
Epoch: 061, Train Loss: 0.3861
Epoch: 062, Train Loss: 0.3936
Epoch: 063, Train Loss: 0.3886
Epoch: 064, Train Loss: 0.3792
TRAIN: acc 0.9457, f1_micro 0.9457, f1_macro 0.9229 (n=153431)
VAL: acc 0.9426, f1_micro 0.9426, f1_macro 0.9114 (n=23831)
TEST: acc 0.9442, f1_micro 0.9442, f1_macro 0.9143 (n=55703)
Epoch: 065, Train Loss: 0.3827
Epoch: 066, Train Loss: 0.3843
Epoch: 067, Train Loss: 0.3812
Epoch: 068, Train Loss: 0.3733
Epoch: 069, Train Loss: 0.3769
TRAIN: acc 0.9477, f1_micro 0.9477, f1_macro 0.9259 (n=153431)
VAL: acc 0.9450, f1_micro 0.9450, f1_macro 0.9149 (n=23831)
TEST: acc 0.9459, f1_micro 0.9459, f1_macro 0.9166 (n=55703)
Epoch: 070, Train Loss: 0.3766
Epoch: 071, Train Loss: 0.3770
Epoch: 072, Train Loss: 0.3766
Epoch: 073, Train Loss: 0.3723
Epoch: 074, Train Loss: 0.3663
TRAIN: acc 0.9465, f1_micro 0.9465, f1_macro 0.9239 (n=153431)
VAL: acc 0.9449, f1_micro 0.9449, f1_macro 0.9141 (n=23831)
TEST: acc 0.9456, f1_micro 0.9456, f1_macro 0.9153 (n=55703)
Epoch: 075, Train Loss: 0.3706
Epoch: 076, Train Loss: 0.3665
Epoch: 077, Train Loss: 0.3697
Epoch: 078, Train Loss: 0.3738
Epoch: 079, Train Loss: 0.3697
TRAIN: acc 0.9466, f1_micro 0.9466, f1_macro 0.9246 (n=153431)
VAL: acc 0.9441, f1_micro 0.9441, f1_macro 0.9121 (n=23831)
TEST: acc 0.9450, f1_micro 0.9450, f1_macro 0.9158 (n=55703)
Epoch: 080, Train Loss: 0.3669
Epoch: 081, Train Loss: 0.3672
Epoch: 082, Train Loss: 0.3691
Epoch: 083, Train Loss: 0.3643
Epoch: 084, Train Loss: 0.3668
TRAIN: acc 0.9476, f1_micro 0.9476, f1_macro 0.9259 (n=153431)
VAL: acc 0.9452, f1_micro 0.9452, f1_macro 0.9159 (n=23831)
TEST: acc 0.9463, f1_micro 0.9463, f1_macro 0.9180 (n=55703)
Epoch: 085, Train Loss: 0.3674
Epoch: 086, Train Loss: 0.3678
Epoch: 087, Train Loss: 0.3646
Epoch: 088, Train Loss: 0.3618
Epoch: 089, Train Loss: 0.3571
TRAIN: acc 0.9486, f1_micro 0.9486, f1_macro 0.9267 (n=153431)
VAL: acc 0.9452, f1_micro 0.9452, f1_macro 0.9145 (n=23831)
TEST: acc 0.9474, f1_micro 0.9474, f1_macro 0.9178 (n=55703)
Epoch: 090, Train Loss: 0.3597
Epoch: 091, Train Loss: 0.3619
Epoch: 092, Train Loss: 0.3598
Epoch: 093, Train Loss: 0.3562
Epoch: 094, Train Loss: 0.3625
TRAIN: acc 0.9475, f1_micro 0.9475, f1_macro 0.9259 (n=153431)
VAL: acc 0.9450, f1_micro 0.9450, f1_macro 0.9158 (n=23831)
TEST: acc 0.9464, f1_micro 0.9464, f1_macro 0.9179 (n=55703)
Epoch: 095, Train Loss: 0.3610
Epoch: 096, Train Loss: 0.3590
Epoch: 097, Train Loss: 0.3560
Epoch: 098, Train Loss: 0.3619
Epoch: 099, Train Loss: 0.3624
TRAIN: acc 0.9485, f1_micro 0.9485, f1_macro 0.9259 (n=153431)
VAL: acc 0.9467, f1_micro 0.9467, f1_macro 0.9146 (n=23831)
TEST: acc 0.9471, f1_micro 0.9471, f1_macro 0.9173 (n=55703)
Epoch: 100, Train Loss: 0.3475
Epoch: 101, Train Loss: 0.3642
Epoch: 102, Train Loss: 0.3561
Epoch: 103, Train Loss: 0.3522
Epoch: 104, Train Loss: 0.3525
TRAIN: acc 0.9484, f1_micro 0.9484, f1_macro 0.9269 (n=153431)
VAL: acc 0.9464, f1_micro 0.9464, f1_macro 0.9153 (n=23831)
TEST: acc 0.9481, f1_micro 0.9481, f1_macro 0.9206 (n=55703)
Epoch: 105, Train Loss: 0.3509
Epoch: 106, Train Loss: 0.3528
Epoch: 107, Train Loss: 0.3507
Epoch: 108, Train Loss: 0.3486
Epoch: 109, Train Loss: 0.3503
TRAIN: acc 0.9487, f1_micro 0.9487, f1_macro 0.9270 (n=153431)
VAL: acc 0.9456, f1_micro 0.9456, f1_macro 0.9150 (n=23831)
TEST: acc 0.9471, f1_micro 0.9471, f1_macro 0.9175 (n=55703)
Epoch: 110, Train Loss: 0.3453
Epoch: 111, Train Loss: 0.3553
Epoch: 112, Train Loss: 0.3475
Epoch: 113, Train Loss: 0.3492
Epoch: 114, Train Loss: 0.3443
TRAIN: acc 0.9482, f1_micro 0.9482, f1_macro 0.9268 (n=153431)
VAL: acc 0.9459, f1_micro 0.9459, f1_macro 0.9165 (n=23831)
TEST: acc 0.9469, f1_micro 0.9469, f1_macro 0.9185 (n=55703)
Epoch: 115, Train Loss: 0.3485
Epoch: 116, Train Loss: 0.3500
Epoch: 117, Train Loss: 0.3431
Epoch: 118, Train Loss: 0.3471
Epoch: 119, Train Loss: 0.3481
TRAIN: acc 0.9500, f1_micro 0.9500, f1_macro 0.9297 (n=153431)
VAL: acc 0.9465, f1_micro 0.9465, f1_macro 0.9154 (n=23831)
TEST: acc 0.9489, f1_micro 0.9489, f1_macro 0.9215 (n=55703)
Epoch: 120, Train Loss: 0.3515
Epoch: 121, Train Loss: 0.3487
Epoch: 122, Train Loss: 0.3479
Epoch: 123, Train Loss: 0.3470
Epoch: 124, Train Loss: 0.3443
TRAIN: acc 0.9475, f1_micro 0.9475, f1_macro 0.9234 (n=153431)
VAL: acc 0.9432, f1_micro 0.9432, f1_macro 0.9069 (n=23831)
TEST: acc 0.9449, f1_micro 0.9449, f1_macro 0.9128 (n=55703)
Epoch: 125, Train Loss: 0.3492
Epoch: 126, Train Loss: 0.3436
Epoch: 127, Train Loss: 0.3461
Epoch: 128, Train Loss: 0.3406
Epoch: 129, Train Loss: 0.3437
TRAIN: acc 0.9471, f1_micro 0.9471, f1_macro 0.9248 (n=153431)
VAL: acc 0.9446, f1_micro 0.9446, f1_macro 0.9105 (n=23831)
TEST: acc 0.9464, f1_micro 0.9464, f1_macro 0.9170 (n=55703)
Epoch: 130, Train Loss: 0.3350
Epoch: 131, Train Loss: 0.3421
Epoch: 132, Train Loss: 0.3389
Epoch: 133, Train Loss: 0.3435
Epoch: 134, Train Loss: 0.3493
TRAIN: acc 0.9484, f1_micro 0.9484, f1_macro 0.9273 (n=153431)
VAL: acc 0.9460, f1_micro 0.9460, f1_macro 0.9116 (n=23831)
TEST: acc 0.9476, f1_micro 0.9476, f1_macro 0.9179 (n=55703)
Epoch: 135, Train Loss: 0.3494
Epoch: 136, Train Loss: 0.3384
Epoch: 137, Train Loss: 0.3379
Epoch: 138, Train Loss: 0.3426
Epoch: 139, Train Loss: 0.3353
TRAIN: acc 0.9486, f1_micro 0.9486, f1_macro 0.9261 (n=153431)
VAL: acc 0.9460, f1_micro 0.9460, f1_macro 0.9131 (n=23831)
TEST: acc 0.9482, f1_micro 0.9482, f1_macro 0.9186 (n=55703)
Epoch: 140, Train Loss: 0.3499
Epoch: 141, Train Loss: 0.3399
Epoch: 142, Train Loss: 0.3376
Epoch: 143, Train Loss: 0.3393
Epoch: 144, Train Loss: 0.3372
TRAIN: acc 0.9481, f1_micro 0.9481, f1_macro 0.9266 (n=153431)
VAL: acc 0.9454, f1_micro 0.9454, f1_macro 0.9146 (n=23831)
TEST: acc 0.9461, f1_micro 0.9461, f1_macro 0.9169 (n=55703)
Epoch: 145, Train Loss: 0.3411
Epoch: 146, Train Loss: 0.3394
Epoch: 147, Train Loss: 0.3393
Epoch: 148, Train Loss: 0.3443
Epoch: 149, Train Loss: 0.3393
TRAIN: acc 0.9466, f1_micro 0.9466, f1_macro 0.9254 (n=153431)
VAL: acc 0.9446, f1_micro 0.9446, f1_macro 0.9131 (n=23831)
TEST: acc 0.9454, f1_micro 0.9454, f1_macro 0.9158 (n=55703)
Epoch: 150, Train Loss: 0.3363
Epoch: 151, Train Loss: 0.3351
Epoch: 152, Train Loss: 0.3374
Epoch: 153, Train Loss: 0.3331
Epoch: 154, Train Loss: 0.3439
TRAIN: acc 0.9491, f1_micro 0.9491, f1_macro 0.9297 (n=153431)
VAL: acc 0.9460, f1_micro 0.9460, f1_macro 0.9174 (n=23831)
TEST: acc 0.9483, f1_micro 0.9483, f1_macro 0.9218 (n=55703)
Epoch: 155, Train Loss: 0.3394
Epoch: 156, Train Loss: 0.3382
Epoch: 157, Train Loss: 0.3341
Epoch: 158, Train Loss: 0.3388
Epoch: 159, Train Loss: 0.3325
TRAIN: acc 0.9467, f1_micro 0.9467, f1_macro 0.9241 (n=153431)
VAL: acc 0.9438, f1_micro 0.9438, f1_macro 0.9109 (n=23831)
TEST: acc 0.9452, f1_micro 0.9452, f1_macro 0.9143 (n=55703)
Epoch: 160, Train Loss: 0.3343
Epoch: 161, Train Loss: 0.3367
Epoch: 162, Train Loss: 0.3351
Epoch: 163, Train Loss: 0.3335
Epoch: 164, Train Loss: 0.3258
TRAIN: acc 0.9488, f1_micro 0.9488, f1_macro 0.9283 (n=153431)
VAL: acc 0.9460, f1_micro 0.9460, f1_macro 0.9159 (n=23831)
TEST: acc 0.9479, f1_micro 0.9479, f1_macro 0.9197 (n=55703)
Epoch: 165, Train Loss: 0.3378
Epoch: 166, Train Loss: 0.3364
Epoch: 167, Train Loss: 0.3340
Epoch: 168, Train Loss: 0.3355
Epoch: 169, Train Loss: 0.3409
TRAIN: acc 0.9484, f1_micro 0.9484, f1_macro 0.9275 (n=153431)
VAL: acc 0.9457, f1_micro 0.9457, f1_macro 0.9167 (n=23831)
TEST: acc 0.9472, f1_micro 0.9472, f1_macro 0.9181 (n=55703)
Epoch: 170, Train Loss: 0.3391
Epoch: 171, Train Loss: 0.3327
Epoch: 172, Train Loss: 0.3336
Epoch: 173, Train Loss: 0.3273
Epoch: 174, Train Loss: 0.3305
TRAIN: acc 0.9472, f1_micro 0.9472, f1_macro 0.9261 (n=153431)
VAL: acc 0.9446, f1_micro 0.9446, f1_macro 0.9150 (n=23831)
TEST: acc 0.9468, f1_micro 0.9468, f1_macro 0.9192 (n=55703)
Epoch: 175, Train Loss: 0.3330
Epoch: 176, Train Loss: 0.3380
Epoch: 177, Train Loss: 0.3297
Epoch: 178, Train Loss: 0.3330
Epoch: 179, Train Loss: 0.3276
TRAIN: acc 0.9489, f1_micro 0.9489, f1_macro 0.9282 (n=153431)
VAL: acc 0.9462, f1_micro 0.9462, f1_macro 0.9160 (n=23831)
TEST: acc 0.9481, f1_micro 0.9481, f1_macro 0.9198 (n=55703)
Epoch: 180, Train Loss: 0.3293
Epoch: 181, Train Loss: 0.3282
Epoch: 182, Train Loss: 0.3254
Epoch: 183, Train Loss: 0.3291
Epoch: 184, Train Loss: 0.3257
TRAIN: acc 0.9480, f1_micro 0.9480, f1_macro 0.9260 (n=153431)
VAL: acc 0.9455, f1_micro 0.9455, f1_macro 0.9141 (n=23831)
TEST: acc 0.9471, f1_micro 0.9471, f1_macro 0.9173 (n=55703)
Epoch: 185, Train Loss: 0.3317
Epoch: 186, Train Loss: 0.3251
Epoch: 187, Train Loss: 0.3287
Epoch: 188, Train Loss: 0.3297
Epoch: 189, Train Loss: 0.3322
TRAIN: acc 0.9464, f1_micro 0.9464, f1_macro 0.9257 (n=153431)
VAL: acc 0.9443, f1_micro 0.9443, f1_macro 0.9138 (n=23831)
TEST: acc 0.9455, f1_micro 0.9455, f1_macro 0.9170 (n=55703)
Epoch: 190, Train Loss: 0.3338
Epoch: 191, Train Loss: 0.3356
Epoch: 192, Train Loss: 0.3296
Epoch: 193, Train Loss: 0.3319
Epoch: 194, Train Loss: 0.3342
TRAIN: acc 0.9497, f1_micro 0.9497, f1_macro 0.9295 (n=153431)
VAL: acc 0.9464, f1_micro 0.9464, f1_macro 0.9156 (n=23831)
TEST: acc 0.9480, f1_micro 0.9480, f1_macro 0.9192 (n=55703)
Epoch: 195, Train Loss: 0.3271
Epoch: 196, Train Loss: 0.3284
Epoch: 197, Train Loss: 0.3253
Epoch: 198, Train Loss: 0.3244
Epoch: 199, Train Loss: 0.3221
TRAIN: acc 0.9490, f1_micro 0.9490, f1_macro 0.9283 (n=153431)
VAL: acc 0.9461, f1_micro 0.9461, f1_macro 0.9163 (n=23831)
TEST: acc 0.9482, f1_micro 0.9482, f1_macro 0.9197 (n=55703)
rank 0 Peak GPU memory: 6.15 GB
rank 1 Peak GPU memory: 6.16 GB
rank 3 Peak GPU memory: 6.18 GB
rank 2 Peak GPU memory: 6.16 GB
OGB (best val):
Highest Train (acc): 95.00
Highest Valid (acc): 94.67
  Final Train (acc): 94.85
   Final Test (acc): 94.71
