/pscratch/sd/c/cunyang/gnn/plexus/plexus/utils/dataloader.py:425: UserWarning: Sparse CSR tensor support is in beta state. If you miss a functionality in the sparse tensor support, please submit a feature request to https://github.com/pytorch/pytorch/issues. (Triggered internally at /pytorch/aten/src/ATen/SparseCsrTensorImpl.cpp:53.)
  adj_local = adj_local.to_sparse_csr()
/pscratch/sd/c/cunyang/gnn/plexus/plexus/utils/dataloader.py:425: UserWarning: Sparse CSR tensor support is in beta state. If you miss a functionality in the sparse tensor support, please submit a feature request to https://github.com/pytorch/pytorch/issues. (Triggered internally at /pytorch/aten/src/ATen/SparseCsrTensorImpl.cpp:53.)
  adj_local = adj_local.to_sparse_csr()
/pscratch/sd/c/cunyang/gnn/plexus/plexus/utils/dataloader.py:425: UserWarning: Sparse CSR tensor support is in beta state. If you miss a functionality in the sparse tensor support, please submit a feature request to https://github.com/pytorch/pytorch/issues. (Triggered internally at /pytorch/aten/src/ATen/SparseCsrTensorImpl.cpp:53.)
  adj_local = adj_local.to_sparse_csr()
/pscratch/sd/c/cunyang/gnn/plexus/plexus/utils/dataloader.py:425: UserWarning: Sparse CSR tensor support is in beta state. If you miss a functionality in the sparse tensor support, please submit a feature request to https://github.com/pytorch/pytorch/issues. (Triggered internally at /pytorch/aten/src/ATen/SparseCsrTensorImpl.cpp:53.)
  adj_local = adj_local.to_sparse_csr()
steps_per_epoch:  51
steps_per_epoch:  51
steps_per_epoch:  51
steps_per_epoch:  51
Epoch: 000, Train Loss: 2.2735
Epoch: 001, Train Loss: 1.1807
|--[95m 'drop | Max Time: 0.171 ms | Avg Time: 0.165 ms | Load Imbalance: 1.034' [0m

|--[95m 'epoch 0 | Max Time: 1659.575 ms | Avg Time: 1659.067 ms | Load Imbalance: 1.000' [0m
	|--[92m 'prefetch launch | Max Time: 2.022 ms | Avg Time: 1.933 ms | Load Imbalance: 1.046' [0m
	|--[92m 'prefetch wait | Max Time: 177.046 ms | Avg Time: 174.832 ms | Load Imbalance: 1.013' [0m
	|--[92m 'train step | Max Time: 1472.591 ms | Avg Time: 1469.042 ms | Load Imbalance: 1.002' [0m
		|--[96m 'input_linear | Max Time: 289.544 ms | Avg Time: 288.621 ms | Load Imbalance: 1.003' [0m
			|--[91m 'input_linear X * W | Max Time: 145.947 ms | Avg Time: 145.807 ms | Load Imbalance: 1.001' [0m
			|--[91m 'all-reduce | Max Time: 134.514 ms | Avg Time: 132.622 ms | Load Imbalance: 1.014' [0m
			|--[91m 'OUT + BIAS | Max Time: 3.089 ms | Avg Time: 2.424 ms | Load Imbalance: 1.274' [0m
		|--[96m 'gcn conv fwd | Max Time: 401.205 ms | Avg Time: 400.369 ms | Load Imbalance: 1.002' [0m
			|--[91m 'AGG = A * H | Max Time: 69.562 ms | Avg Time: 68.143 ms | Load Imbalance: 1.021' [0m
			|--[91m 'allreduce H | Max Time: 226.046 ms | Avg Time: 223.134 ms | Load Imbalance: 1.013' [0m
				|--[95m 'all-reduce | Max Time: 222.120 ms | Avg Time: 219.101 ms | Load Imbalance: 1.014' [0m
			|--[91m 'Allgather W | Max Time: 49.530 ms | Avg Time: 46.947 ms | Load Imbalance: 1.055' [0m
				|--[95m 'gather | Max Time: 46.457 ms | Avg Time: 43.807 ms | Load Imbalance: 1.061' [0m
			|--[91m 'OUT = AGG * W | Max Time: 6.902 ms | Avg Time: 6.773 ms | Load Imbalance: 1.019' [0m
			|--[91m 'allreduce Q | Max Time: 45.455 ms | Avg Time: 42.520 ms | Load Imbalance: 1.069' [0m
				|--[95m 'all-reduce | Max Time: 42.530 ms | Avg Time: 39.378 ms | Load Imbalance: 1.080' [0m
		|--[96m 'activation | Max Time: 116.899 ms | Avg Time: 115.325 ms | Load Imbalance: 1.014' [0m
			|--[91m 'all-reduce | Max Time: 28.208 ms | Avg Time: 27.592 ms | Load Imbalance: 1.022' [0m
		|--[96m 'output_linear | Max Time: 8.841 ms | Avg Time: 8.325 ms | Load Imbalance: 1.062' [0m
			|--[91m 'output_linear X * W | Max Time: 2.843 ms | Avg Time: 2.641 ms | Load Imbalance: 1.076' [0m
			|--[91m 'all-reduce | Max Time: 0.773 ms | Avg Time: 0.695 ms | Load Imbalance: 1.113' [0m
			|--[91m 'OUT + BIAS | Max Time: 1.638 ms | Avg Time: 1.532 ms | Load Imbalance: 1.069' [0m
		|--[96m 'cross entropy fwd | Max Time: 138.997 ms | Avg Time: 137.816 ms | Load Imbalance: 1.009' [0m
		|--[96m 'cross entropy bwd | Max Time: 2.987 ms | Avg Time: 2.855 ms | Load Imbalance: 1.046' [0m
		|--[96m 'linear_3d_bwd | Max Time: 91.471 ms | Avg Time: 85.879 ms | Load Imbalance: 1.065' [0m
			|--[91m 'output_linear GRAD_X | Max Time: 3.207 ms | Avg Time: 3.132 ms | Load Imbalance: 1.024' [0m
			|--[91m 'all-reduce | Max Time: 54.935 ms | Avg Time: 49.899 ms | Load Imbalance: 1.101' [0m
			|--[91m 'output_linear GRAD_W | Max Time: 22.128 ms | Avg Time: 20.146 ms | Load Imbalance: 1.098' [0m
			|--[91m 'input_linear GRAD_W | Max Time: 3.002 ms | Avg Time: 2.789 ms | Load Imbalance: 1.077' [0m
		|--[96m 'gcn conv bwd | Max Time: 157.089 ms | Avg Time: 154.255 ms | Load Imbalance: 1.018' [0m
			|--[91m 'gather | Max Time: 29.367 ms | Avg Time: 27.503 ms | Load Imbalance: 1.068' [0m
			|--[91m 'GRAD_AGG = GRAD_OUT * W.T | Max Time: 7.120 ms | Avg Time: 6.640 ms | Load Imbalance: 1.072' [0m
			|--[91m 'all-reduce | Max Time: 48.621 ms | Avg Time: 46.086 ms | Load Imbalance: 1.055' [0m
			|--[91m 'GRAD_W = AGG.T * GRAD_OUT | Max Time: 8.742 ms | Avg Time: 8.277 ms | Load Imbalance: 1.056' [0m
			|--[91m 'ReduceScatter grad_weight | Max Time: 27.228 ms | Avg Time: 25.826 ms | Load Imbalance: 1.054' [0m
				|--[95m 'reduce-scatter | Max Time: 25.261 ms | Avg Time: 23.489 ms | Load Imbalance: 1.075' [0m
					|--[92m 'reduce-scatter-dist | Max Time: 23.176 ms | Avg Time: 21.004 ms | Load Imbalance: 1.103' [0m
			|--[91m 'GRAD_H = A.T * GRAD_AGG | Max Time: 9.285 ms | Avg Time: 8.633 ms | Load Imbalance: 1.076' [0m
			|--[91m 'allreduce grad_x | Max Time: 20.012 ms | Avg Time: 19.262 ms | Load Imbalance: 1.039' [0m
				|--[95m 'all-reduce | Max Time: 18.554 ms | Avg Time: 17.443 ms | Load Imbalance: 1.064' [0m
		|--[96m 'sync_norm_gradients | Max Time: 21.144 ms | Avg Time: 19.527 ms | Load Imbalance: 1.083' [0m
		|--[96m 'sync_data_parallel_gradients | Max Time: 0.527 ms | Avg Time: 0.379 ms | Load Imbalance: 1.392' [0m

|--[95m 'epoch 1 | Max Time: 747.469 ms | Avg Time: 747.395 ms | Load Imbalance: 1.000' [0m
	|--[92m 'prefetch launch | Max Time: 1.828 ms | Avg Time: 1.769 ms | Load Imbalance: 1.033' [0m
	|--[92m 'prefetch wait | Max Time: 63.387 ms | Avg Time: 61.935 ms | Load Imbalance: 1.023' [0m
	|--[92m 'train step | Max Time: 671.944 ms | Avg Time: 670.332 ms | Load Imbalance: 1.002' [0m
		|--[96m 'input_linear | Max Time: 31.331 ms | Avg Time: 29.873 ms | Load Imbalance: 1.049' [0m
			|--[91m 'input_linear X * W | Max Time: 6.178 ms | Avg Time: 6.101 ms | Load Imbalance: 1.013' [0m
			|--[91m 'all-reduce | Max Time: 16.901 ms | Avg Time: 14.635 ms | Load Imbalance: 1.155' [0m
			|--[91m 'OUT + BIAS | Max Time: 2.369 ms | Avg Time: 1.904 ms | Load Imbalance: 1.244' [0m
		|--[96m 'gcn conv fwd | Max Time: 189.609 ms | Avg Time: 188.068 ms | Load Imbalance: 1.008' [0m
			|--[91m 'AGG = A * H | Max Time: 11.449 ms | Avg Time: 10.881 ms | Load Imbalance: 1.052' [0m
			|--[91m 'allreduce H | Max Time: 79.711 ms | Avg Time: 76.245 ms | Load Imbalance: 1.045' [0m
				|--[95m 'all-reduce | Max Time: 76.019 ms | Avg Time: 72.324 ms | Load Imbalance: 1.051' [0m
			|--[91m 'Allgather W | Max Time: 41.641 ms | Avg Time: 40.056 ms | Load Imbalance: 1.040' [0m
				|--[95m 'gather | Max Time: 38.297 ms | Avg Time: 36.830 ms | Load Imbalance: 1.040' [0m
			|--[91m 'OUT = AGG * W | Max Time: 6.702 ms | Avg Time: 6.471 ms | Load Imbalance: 1.036' [0m
			|--[91m 'allreduce Q | Max Time: 42.741 ms | Avg Time: 41.043 ms | Load Imbalance: 1.041' [0m
				|--[95m 'all-reduce | Max Time: 39.504 ms | Avg Time: 37.746 ms | Load Imbalance: 1.047' [0m
		|--[96m 'activation | Max Time: 52.906 ms | Avg Time: 51.603 ms | Load Imbalance: 1.025' [0m
			|--[91m 'all-reduce | Max Time: 30.128 ms | Avg Time: 28.563 ms | Load Imbalance: 1.055' [0m
		|--[96m 'output_linear | Max Time: 9.196 ms | Avg Time: 8.527 ms | Load Imbalance: 1.078' [0m
			|--[91m 'output_linear X * W | Max Time: 2.535 ms | Avg Time: 2.404 ms | Load Imbalance: 1.054' [0m
			|--[91m 'all-reduce | Max Time: 0.839 ms | Avg Time: 0.788 ms | Load Imbalance: 1.065' [0m
			|--[91m 'OUT + BIAS | Max Time: 1.671 ms | Avg Time: 1.562 ms | Load Imbalance: 1.070' [0m
		|--[96m 'cross entropy fwd | Max Time: 95.818 ms | Avg Time: 94.733 ms | Load Imbalance: 1.011' [0m
		|--[96m 'cross entropy bwd | Max Time: 2.594 ms | Avg Time: 2.424 ms | Load Imbalance: 1.070' [0m
		|--[96m 'linear_3d_bwd | Max Time: 67.087 ms | Avg Time: 66.218 ms | Load Imbalance: 1.013' [0m
			|--[91m 'output_linear GRAD_X | Max Time: 2.070 ms | Avg Time: 2.018 ms | Load Imbalance: 1.026' [0m
			|--[91m 'all-reduce | Max Time: 50.869 ms | Avg Time: 50.133 ms | Load Imbalance: 1.015' [0m
			|--[91m 'output_linear GRAD_W | Max Time: 1.984 ms | Avg Time: 1.802 ms | Load Imbalance: 1.101' [0m
			|--[91m 'input_linear GRAD_W | Max Time: 2.969 ms | Avg Time: 2.703 ms | Load Imbalance: 1.099' [0m
		|--[96m 'gcn conv bwd | Max Time: 135.612 ms | Avg Time: 135.013 ms | Load Imbalance: 1.004' [0m
			|--[91m 'gather | Max Time: 23.647 ms | Avg Time: 23.085 ms | Load Imbalance: 1.024' [0m
			|--[91m 'GRAD_AGG = GRAD_OUT * W.T | Max Time: 6.254 ms | Avg Time: 6.126 ms | Load Imbalance: 1.021' [0m
			|--[91m 'all-reduce | Max Time: 43.058 ms | Avg Time: 41.569 ms | Load Imbalance: 1.036' [0m
			|--[91m 'GRAD_W = AGG.T * GRAD_OUT | Max Time: 5.857 ms | Avg Time: 5.607 ms | Load Imbalance: 1.045' [0m
			|--[91m 'ReduceScatter grad_weight | Max Time: 23.769 ms | Avg Time: 22.227 ms | Load Imbalance: 1.069' [0m
				|--[95m 'reduce-scatter | Max Time: 21.808 ms | Avg Time: 20.015 ms | Load Imbalance: 1.090' [0m
					|--[92m 'reduce-scatter-dist | Max Time: 19.621 ms | Avg Time: 17.637 ms | Load Imbalance: 1.112' [0m
			|--[91m 'GRAD_H = A.T * GRAD_AGG | Max Time: 7.509 ms | Avg Time: 7.205 ms | Load Imbalance: 1.042' [0m
			|--[91m 'allreduce grad_x | Max Time: 18.873 ms | Avg Time: 18.243 ms | Load Imbalance: 1.035' [0m
				|--[95m 'all-reduce | Max Time: 17.302 ms | Avg Time: 16.446 ms | Load Imbalance: 1.052' [0m
		|--[96m 'sync_norm_gradients | Max Time: 19.139 ms | Avg Time: 17.926 ms | Load Imbalance: 1.068' [0m
		|--[96m 'sync_data_parallel_gradients | Max Time: 0.533 ms | Avg Time: 0.412 ms | Load Imbalance: 1.293' [0m

|--[95m 'epoch 2 | Max Time: 748.128 ms | Avg Time: 748.019 ms | Load Imbalance: 1.000' [0m
	|--[92m 'prefetch launch | Max Time: 1.807 ms | Avg Time: 1.764 ms | Load Imbalance: 1.025' [0m
	|--[92m 'prefetch wait | Max Time: 62.265 ms | Avg Time: 60.112 ms | Load Imbalance: 1.036' [0m
	|--[92m 'train step | Max Time: 675.026 ms | Avg Time: 672.803 ms | Load Imbalance: 1.003' [0m
		|--[96m 'input_linear | Max Time: 31.721 ms | Avg Time: 30.167 ms | Load Imbalance: 1.052' [0m
			|--[91m 'input_linear X * W | Max Time: 6.098 ms | Avg Time: 5.994 ms | Load Imbalance: 1.017' [0m
			|--[91m 'all-reduce | Max Time: 16.979 ms | Avg Time: 14.984 ms | Load Imbalance: 1.133' [0m
			|--[91m 'OUT + BIAS | Max Time: 2.565 ms | Avg Time: 1.924 ms | Load Imbalance: 1.333' [0m
		|--[96m 'gcn conv fwd | Max Time: 187.957 ms | Avg Time: 186.975 ms | Load Imbalance: 1.005' [0m
			|--[91m 'AGG = A * H | Max Time: 11.792 ms | Avg Time: 11.119 ms | Load Imbalance: 1.061' [0m
			|--[91m 'allreduce H | Max Time: 77.777 ms | Avg Time: 75.114 ms | Load Imbalance: 1.035' [0m
				|--[95m 'all-reduce | Max Time: 74.235 ms | Avg Time: 71.261 ms | Load Imbalance: 1.042' [0m
			|--[91m 'Allgather W | Max Time: 41.640 ms | Avg Time: 40.241 ms | Load Imbalance: 1.035' [0m
				|--[95m 'gather | Max Time: 38.052 ms | Avg Time: 36.966 ms | Load Imbalance: 1.029' [0m
			|--[91m 'OUT = AGG * W | Max Time: 6.814 ms | Avg Time: 6.525 ms | Load Imbalance: 1.044' [0m
			|--[91m 'allreduce Q | Max Time: 41.419 ms | Avg Time: 40.296 ms | Load Imbalance: 1.028' [0m
				|--[95m 'all-reduce | Max Time: 38.307 ms | Avg Time: 37.126 ms | Load Imbalance: 1.032' [0m
		|--[96m 'activation | Max Time: 51.771 ms | Avg Time: 51.440 ms | Load Imbalance: 1.006' [0m
			|--[91m 'all-reduce | Max Time: 29.389 ms | Avg Time: 28.314 ms | Load Imbalance: 1.038' [0m
		|--[96m 'output_linear | Max Time: 8.923 ms | Avg Time: 8.320 ms | Load Imbalance: 1.072' [0m
			|--[91m 'output_linear X * W | Max Time: 2.466 ms | Avg Time: 2.373 ms | Load Imbalance: 1.039' [0m
			|--[91m 'all-reduce | Max Time: 1.023 ms | Avg Time: 0.783 ms | Load Imbalance: 1.307' [0m
			|--[91m 'OUT + BIAS | Max Time: 1.655 ms | Avg Time: 1.534 ms | Load Imbalance: 1.078' [0m
		|--[96m 'cross entropy fwd | Max Time: 94.094 ms | Avg Time: 93.788 ms | Load Imbalance: 1.003' [0m
		|--[96m 'cross entropy bwd | Max Time: 2.646 ms | Avg Time: 2.470 ms | Load Imbalance: 1.071' [0m
		|--[96m 'linear_3d_bwd | Max Time: 68.944 ms | Avg Time: 66.630 ms | Load Imbalance: 1.035' [0m
			|--[91m 'output_linear GRAD_X | Max Time: 2.123 ms | Avg Time: 1.997 ms | Load Imbalance: 1.063' [0m
			|--[91m 'all-reduce | Max Time: 52.408 ms | Avg Time: 50.531 ms | Load Imbalance: 1.037' [0m
			|--[91m 'output_linear GRAD_W | Max Time: 1.875 ms | Avg Time: 1.744 ms | Load Imbalance: 1.075' [0m
			|--[91m 'input_linear GRAD_W | Max Time: 2.946 ms | Avg Time: 2.741 ms | Load Imbalance: 1.075' [0m
		|--[96m 'gcn conv bwd | Max Time: 138.962 ms | Avg Time: 136.920 ms | Load Imbalance: 1.015' [0m
			|--[91m 'gather | Max Time: 24.543 ms | Avg Time: 23.803 ms | Load Imbalance: 1.031' [0m
			|--[91m 'GRAD_AGG = GRAD_OUT * W.T | Max Time: 6.487 ms | Avg Time: 6.252 ms | Load Imbalance: 1.038' [0m
			|--[91m 'all-reduce | Max Time: 42.791 ms | Avg Time: 41.611 ms | Load Imbalance: 1.028' [0m
			|--[91m 'GRAD_W = AGG.T * GRAD_OUT | Max Time: 6.147 ms | Avg Time: 5.797 ms | Load Imbalance: 1.060' [0m
			|--[91m 'ReduceScatter grad_weight | Max Time: 23.734 ms | Avg Time: 22.187 ms | Load Imbalance: 1.070' [0m
				|--[95m 'reduce-scatter | Max Time: 21.734 ms | Avg Time: 19.882 ms | Load Imbalance: 1.093' [0m
					|--[92m 'reduce-scatter-dist | Max Time: 19.459 ms | Avg Time: 17.424 ms | Load Imbalance: 1.117' [0m
			|--[91m 'GRAD_H = A.T * GRAD_AGG | Max Time: 7.877 ms | Avg Time: 7.390 ms | Load Imbalance: 1.066' [0m
			|--[91m 'allreduce grad_x | Max Time: 19.631 ms | Avg Time: 18.594 ms | Load Imbalance: 1.056' [0m
				|--[95m 'all-reduce | Max Time: 17.961 ms | Avg Time: 16.761 ms | Load Imbalance: 1.072' [0m
		|--[96m 'sync_norm_gradients | Max Time: 20.126 ms | Avg Time: 18.722 ms | Load Imbalance: 1.075' [0m
		|--[96m 'sync_data_parallel_gradients | Max Time: 0.552 ms | Avg Time: 0.450 ms | Load Imbalance: 1.226' [0m

Epoch: 002, Train Loss: 0.9091
Epoch: 003, Train Loss: 0.8113
Epoch: 004, Train Loss: 0.7682
TRAIN: acc 0.9218, f1_micro 0.9218, f1_macro 0.8573 (n=153431)
VAL: acc 0.9274, f1_micro 0.9274, f1_macro 0.8578 (n=23831)
TEST: acc 0.9260, f1_micro 0.9260, f1_macro 0.8564 (n=55703)
Epoch: 005, Train Loss: 0.7221
Epoch: 006, Train Loss: 0.7005
Epoch: 007, Train Loss: 0.6865
Epoch: 008, Train Loss: 0.6654
Epoch: 009, Train Loss: 0.6474
TRAIN: acc 0.9377, f1_micro 0.9377, f1_macro 0.9021 (n=153431)
VAL: acc 0.9411, f1_micro 0.9411, f1_macro 0.8983 (n=23831)
TEST: acc 0.9417, f1_micro 0.9417, f1_macro 0.9023 (n=55703)
Epoch: 010, Train Loss: 0.6317
Epoch: 011, Train Loss: 0.6292
Epoch: 012, Train Loss: 0.6170
Epoch: 013, Train Loss: 0.6124
Epoch: 014, Train Loss: 0.6012
TRAIN: acc 0.9409, f1_micro 0.9409, f1_macro 0.9111 (n=153431)
VAL: acc 0.9432, f1_micro 0.9432, f1_macro 0.9027 (n=23831)
TEST: acc 0.9437, f1_micro 0.9437, f1_macro 0.9098 (n=55703)
Epoch: 015, Train Loss: 0.5949
Epoch: 016, Train Loss: 0.5763
Epoch: 017, Train Loss: 0.5690
Epoch: 018, Train Loss: 0.5510
Epoch: 019, Train Loss: 0.5532
TRAIN: acc 0.9438, f1_micro 0.9438, f1_macro 0.9186 (n=153431)
VAL: acc 0.9439, f1_micro 0.9439, f1_macro 0.9083 (n=23831)
TEST: acc 0.9450, f1_micro 0.9450, f1_macro 0.9143 (n=55703)
Epoch: 020, Train Loss: 0.5510
Epoch: 021, Train Loss: 0.5461
Epoch: 022, Train Loss: 0.5437
Epoch: 023, Train Loss: 0.5264
Epoch: 024, Train Loss: 0.5211
TRAIN: acc 0.9447, f1_micro 0.9447, f1_macro 0.9173 (n=153431)
VAL: acc 0.9436, f1_micro 0.9436, f1_macro 0.9060 (n=23831)
TEST: acc 0.9454, f1_micro 0.9454, f1_macro 0.9114 (n=55703)
Epoch: 025, Train Loss: 0.5149
Epoch: 026, Train Loss: 0.5136
Epoch: 027, Train Loss: 0.5088
Epoch: 028, Train Loss: 0.5002
Epoch: 029, Train Loss: 0.4944
TRAIN: acc 0.9442, f1_micro 0.9442, f1_macro 0.9181 (n=153431)
VAL: acc 0.9430, f1_micro 0.9430, f1_macro 0.9094 (n=23831)
TEST: acc 0.9445, f1_micro 0.9445, f1_macro 0.9125 (n=55703)
Epoch: 030, Train Loss: 0.5014
Epoch: 031, Train Loss: 0.4903
Epoch: 032, Train Loss: 0.4816
Epoch: 033, Train Loss: 0.4713
Epoch: 034, Train Loss: 0.4754
TRAIN: acc 0.9459, f1_micro 0.9459, f1_macro 0.9238 (n=153431)
VAL: acc 0.9440, f1_micro 0.9440, f1_macro 0.9141 (n=23831)
TEST: acc 0.9454, f1_micro 0.9454, f1_macro 0.9169 (n=55703)
Epoch: 035, Train Loss: 0.4634
Epoch: 036, Train Loss: 0.4667
Epoch: 037, Train Loss: 0.4700
Epoch: 038, Train Loss: 0.4509
Epoch: 039, Train Loss: 0.4531
TRAIN: acc 0.9436, f1_micro 0.9436, f1_macro 0.9197 (n=153431)
VAL: acc 0.9421, f1_micro 0.9421, f1_macro 0.9088 (n=23831)
TEST: acc 0.9435, f1_micro 0.9435, f1_macro 0.9132 (n=55703)
Epoch: 040, Train Loss: 0.4527
Epoch: 041, Train Loss: 0.4503
Epoch: 042, Train Loss: 0.4468
Epoch: 043, Train Loss: 0.4471
Epoch: 044, Train Loss: 0.4314
TRAIN: acc 0.9441, f1_micro 0.9441, f1_macro 0.9189 (n=153431)
VAL: acc 0.9421, f1_micro 0.9421, f1_macro 0.9079 (n=23831)
TEST: acc 0.9436, f1_micro 0.9436, f1_macro 0.9121 (n=55703)
Epoch: 045, Train Loss: 0.4418
Epoch: 046, Train Loss: 0.4308
Epoch: 047, Train Loss: 0.4265
Epoch: 048, Train Loss: 0.4251
Epoch: 049, Train Loss: 0.4303
TRAIN: acc 0.9464, f1_micro 0.9464, f1_macro 0.9221 (n=153431)
VAL: acc 0.9430, f1_micro 0.9430, f1_macro 0.9082 (n=23831)
TEST: acc 0.9450, f1_micro 0.9450, f1_macro 0.9128 (n=55703)
Epoch: 050, Train Loss: 0.4231
Epoch: 051, Train Loss: 0.4190
Epoch: 052, Train Loss: 0.4202
Epoch: 053, Train Loss: 0.4167
Epoch: 054, Train Loss: 0.4148
TRAIN: acc 0.9466, f1_micro 0.9466, f1_macro 0.9246 (n=153431)
VAL: acc 0.9449, f1_micro 0.9449, f1_macro 0.9127 (n=23831)
TEST: acc 0.9451, f1_micro 0.9451, f1_macro 0.9149 (n=55703)
Epoch: 055, Train Loss: 0.4158
Epoch: 056, Train Loss: 0.4114
Epoch: 057, Train Loss: 0.4039
Epoch: 058, Train Loss: 0.4103
Epoch: 059, Train Loss: 0.4133
TRAIN: acc 0.9477, f1_micro 0.9477, f1_macro 0.9259 (n=153431)
VAL: acc 0.9452, f1_micro 0.9452, f1_macro 0.9151 (n=23831)
TEST: acc 0.9462, f1_micro 0.9462, f1_macro 0.9169 (n=55703)
Epoch: 060, Train Loss: 0.4097
Epoch: 061, Train Loss: 0.3984
Epoch: 062, Train Loss: 0.4052
Epoch: 063, Train Loss: 0.3989
Epoch: 064, Train Loss: 0.3937
TRAIN: acc 0.9480, f1_micro 0.9480, f1_macro 0.9257 (n=153431)
VAL: acc 0.9452, f1_micro 0.9452, f1_macro 0.9120 (n=23831)
TEST: acc 0.9462, f1_micro 0.9462, f1_macro 0.9168 (n=55703)
Epoch: 065, Train Loss: 0.3935
Epoch: 066, Train Loss: 0.3973
Epoch: 067, Train Loss: 0.3957
Epoch: 068, Train Loss: 0.3859
Epoch: 069, Train Loss: 0.3879
TRAIN: acc 0.9485, f1_micro 0.9485, f1_macro 0.9260 (n=153431)
VAL: acc 0.9461, f1_micro 0.9461, f1_macro 0.9141 (n=23831)
TEST: acc 0.9465, f1_micro 0.9465, f1_macro 0.9168 (n=55703)
Epoch: 070, Train Loss: 0.3870
Epoch: 071, Train Loss: 0.3886
Epoch: 072, Train Loss: 0.3880
Epoch: 073, Train Loss: 0.3833
Epoch: 074, Train Loss: 0.3756
TRAIN: acc 0.9446, f1_micro 0.9446, f1_macro 0.9225 (n=153431)
VAL: acc 0.9435, f1_micro 0.9435, f1_macro 0.9139 (n=23831)
TEST: acc 0.9435, f1_micro 0.9435, f1_macro 0.9137 (n=55703)
Epoch: 075, Train Loss: 0.3812
Epoch: 076, Train Loss: 0.3791
Epoch: 077, Train Loss: 0.3795
Epoch: 078, Train Loss: 0.3855
Epoch: 079, Train Loss: 0.3793
TRAIN: acc 0.9473, f1_micro 0.9473, f1_macro 0.9276 (n=153431)
VAL: acc 0.9448, f1_micro 0.9448, f1_macro 0.9156 (n=23831)
TEST: acc 0.9453, f1_micro 0.9453, f1_macro 0.9169 (n=55703)
Epoch: 080, Train Loss: 0.3770
Epoch: 081, Train Loss: 0.3810
Epoch: 082, Train Loss: 0.3792
Epoch: 083, Train Loss: 0.3741
Epoch: 084, Train Loss: 0.3762
TRAIN: acc 0.9467, f1_micro 0.9467, f1_macro 0.9234 (n=153431)
VAL: acc 0.9442, f1_micro 0.9442, f1_macro 0.9132 (n=23831)
TEST: acc 0.9451, f1_micro 0.9451, f1_macro 0.9140 (n=55703)
Epoch: 085, Train Loss: 0.3771
Epoch: 086, Train Loss: 0.3800
Epoch: 087, Train Loss: 0.3744
Epoch: 088, Train Loss: 0.3707
Epoch: 089, Train Loss: 0.3668
TRAIN: acc 0.9496, f1_micro 0.9496, f1_macro 0.9295 (n=153431)
VAL: acc 0.9471, f1_micro 0.9471, f1_macro 0.9206 (n=23831)
TEST: acc 0.9472, f1_micro 0.9472, f1_macro 0.9202 (n=55703)
Epoch: 090, Train Loss: 0.3682
Epoch: 091, Train Loss: 0.3710
Epoch: 092, Train Loss: 0.3675
Epoch: 093, Train Loss: 0.3664
Epoch: 094, Train Loss: 0.3716
TRAIN: acc 0.9469, f1_micro 0.9469, f1_macro 0.9251 (n=153431)
VAL: acc 0.9444, f1_micro 0.9444, f1_macro 0.9145 (n=23831)
TEST: acc 0.9451, f1_micro 0.9451, f1_macro 0.9163 (n=55703)
Epoch: 095, Train Loss: 0.3697
Epoch: 096, Train Loss: 0.3656
Epoch: 097, Train Loss: 0.3647
Epoch: 098, Train Loss: 0.3720
Epoch: 099, Train Loss: 0.3715
TRAIN: acc 0.9496, f1_micro 0.9496, f1_macro 0.9273 (n=153431)
VAL: acc 0.9478, f1_micro 0.9478, f1_macro 0.9171 (n=23831)
TEST: acc 0.9487, f1_micro 0.9487, f1_macro 0.9187 (n=55703)
Epoch: 100, Train Loss: 0.3576
Epoch: 101, Train Loss: 0.3729
Epoch: 102, Train Loss: 0.3634
Epoch: 103, Train Loss: 0.3598
Epoch: 104, Train Loss: 0.3614
TRAIN: acc 0.9475, f1_micro 0.9475, f1_macro 0.9265 (n=153431)
VAL: acc 0.9452, f1_micro 0.9452, f1_macro 0.9154 (n=23831)
TEST: acc 0.9459, f1_micro 0.9459, f1_macro 0.9169 (n=55703)
Epoch: 105, Train Loss: 0.3610
Epoch: 106, Train Loss: 0.3630
Epoch: 107, Train Loss: 0.3599
Epoch: 108, Train Loss: 0.3575
Epoch: 109, Train Loss: 0.3578
TRAIN: acc 0.9481, f1_micro 0.9481, f1_macro 0.9249 (n=153431)
VAL: acc 0.9456, f1_micro 0.9456, f1_macro 0.9133 (n=23831)
TEST: acc 0.9466, f1_micro 0.9466, f1_macro 0.9161 (n=55703)
Epoch: 110, Train Loss: 0.3524
Epoch: 111, Train Loss: 0.3638
Epoch: 112, Train Loss: 0.3556
Epoch: 113, Train Loss: 0.3577
Epoch: 114, Train Loss: 0.3525
TRAIN: acc 0.9492, f1_micro 0.9492, f1_macro 0.9286 (n=153431)
VAL: acc 0.9468, f1_micro 0.9468, f1_macro 0.9162 (n=23831)
TEST: acc 0.9480, f1_micro 0.9480, f1_macro 0.9196 (n=55703)
Epoch: 115, Train Loss: 0.3577
Epoch: 116, Train Loss: 0.3576
Epoch: 117, Train Loss: 0.3500
Epoch: 118, Train Loss: 0.3548
Epoch: 119, Train Loss: 0.3568
TRAIN: acc 0.9499, f1_micro 0.9499, f1_macro 0.9280 (n=153431)
VAL: acc 0.9465, f1_micro 0.9465, f1_macro 0.9162 (n=23831)
TEST: acc 0.9480, f1_micro 0.9480, f1_macro 0.9191 (n=55703)
Epoch: 120, Train Loss: 0.3554
Epoch: 121, Train Loss: 0.3573
Epoch: 122, Train Loss: 0.3516
Epoch: 123, Train Loss: 0.3569
Epoch: 124, Train Loss: 0.3539
TRAIN: acc 0.9470, f1_micro 0.9470, f1_macro 0.9245 (n=153431)
VAL: acc 0.9444, f1_micro 0.9444, f1_macro 0.9114 (n=23831)
TEST: acc 0.9454, f1_micro 0.9454, f1_macro 0.9151 (n=55703)
Epoch: 125, Train Loss: 0.3562
Epoch: 126, Train Loss: 0.3503
Epoch: 127, Train Loss: 0.3530
Epoch: 128, Train Loss: 0.3488
Epoch: 129, Train Loss: 0.3497
TRAIN: acc 0.9462, f1_micro 0.9462, f1_macro 0.9243 (n=153431)
VAL: acc 0.9456, f1_micro 0.9456, f1_macro 0.9145 (n=23831)
TEST: acc 0.9464, f1_micro 0.9464, f1_macro 0.9153 (n=55703)
Epoch: 130, Train Loss: 0.3440
Epoch: 131, Train Loss: 0.3463
Epoch: 132, Train Loss: 0.3468
Epoch: 133, Train Loss: 0.3511
Epoch: 134, Train Loss: 0.3564
TRAIN: acc 0.9468, f1_micro 0.9468, f1_macro 0.9265 (n=153431)
VAL: acc 0.9453, f1_micro 0.9453, f1_macro 0.9142 (n=23831)
TEST: acc 0.9457, f1_micro 0.9457, f1_macro 0.9171 (n=55703)
Epoch: 135, Train Loss: 0.3541
Epoch: 136, Train Loss: 0.3443
Epoch: 137, Train Loss: 0.3461
Epoch: 138, Train Loss: 0.3494
Epoch: 139, Train Loss: 0.3420
TRAIN: acc 0.9472, f1_micro 0.9472, f1_macro 0.9251 (n=153431)
VAL: acc 0.9442, f1_micro 0.9442, f1_macro 0.9115 (n=23831)
TEST: acc 0.9461, f1_micro 0.9461, f1_macro 0.9159 (n=55703)
Epoch: 140, Train Loss: 0.3583
Epoch: 141, Train Loss: 0.3456
Epoch: 142, Train Loss: 0.3455
Epoch: 143, Train Loss: 0.3484
Epoch: 144, Train Loss: 0.3448
TRAIN: acc 0.9476, f1_micro 0.9476, f1_macro 0.9259 (n=153431)
VAL: acc 0.9454, f1_micro 0.9454, f1_macro 0.9140 (n=23831)
TEST: acc 0.9464, f1_micro 0.9464, f1_macro 0.9159 (n=55703)
Epoch: 145, Train Loss: 0.3503
Epoch: 146, Train Loss: 0.3460
Epoch: 147, Train Loss: 0.3446
Epoch: 148, Train Loss: 0.3489
Epoch: 149, Train Loss: 0.3469
TRAIN: acc 0.9496, f1_micro 0.9496, f1_macro 0.9298 (n=153431)
VAL: acc 0.9477, f1_micro 0.9477, f1_macro 0.9184 (n=23831)
TEST: acc 0.9492, f1_micro 0.9492, f1_macro 0.9223 (n=55703)
Epoch: 150, Train Loss: 0.3432
Epoch: 151, Train Loss: 0.3412
Epoch: 152, Train Loss: 0.3438
Epoch: 153, Train Loss: 0.3410
Epoch: 154, Train Loss: 0.3485
TRAIN: acc 0.9492, f1_micro 0.9492, f1_macro 0.9300 (n=153431)
VAL: acc 0.9471, f1_micro 0.9471, f1_macro 0.9176 (n=23831)
TEST: acc 0.9482, f1_micro 0.9482, f1_macro 0.9206 (n=55703)
Epoch: 155, Train Loss: 0.3448
Epoch: 156, Train Loss: 0.3441
Epoch: 157, Train Loss: 0.3415
Epoch: 158, Train Loss: 0.3462
Epoch: 159, Train Loss: 0.3383
TRAIN: acc 0.9486, f1_micro 0.9486, f1_macro 0.9276 (n=153431)
VAL: acc 0.9470, f1_micro 0.9470, f1_macro 0.9166 (n=23831)
TEST: acc 0.9475, f1_micro 0.9475, f1_macro 0.9182 (n=55703)
Epoch: 160, Train Loss: 0.3400
Epoch: 161, Train Loss: 0.3447
Epoch: 162, Train Loss: 0.3432
Epoch: 163, Train Loss: 0.3422
Epoch: 164, Train Loss: 0.3329
TRAIN: acc 0.9474, f1_micro 0.9474, f1_macro 0.9247 (n=153431)
VAL: acc 0.9447, f1_micro 0.9447, f1_macro 0.9120 (n=23831)
TEST: acc 0.9461, f1_micro 0.9461, f1_macro 0.9153 (n=55703)
Epoch: 165, Train Loss: 0.3439
Epoch: 166, Train Loss: 0.3420
Epoch: 167, Train Loss: 0.3398
Epoch: 168, Train Loss: 0.3413
Epoch: 169, Train Loss: 0.3451
TRAIN: acc 0.9483, f1_micro 0.9483, f1_macro 0.9280 (n=153431)
VAL: acc 0.9460, f1_micro 0.9460, f1_macro 0.9171 (n=23831)
TEST: acc 0.9471, f1_micro 0.9471, f1_macro 0.9193 (n=55703)
Epoch: 170, Train Loss: 0.3447
Epoch: 171, Train Loss: 0.3380
Epoch: 172, Train Loss: 0.3387
Epoch: 173, Train Loss: 0.3338
Epoch: 174, Train Loss: 0.3358
TRAIN: acc 0.9462, f1_micro 0.9462, f1_macro 0.9248 (n=153431)
VAL: acc 0.9437, f1_micro 0.9437, f1_macro 0.9131 (n=23831)
TEST: acc 0.9461, f1_micro 0.9461, f1_macro 0.9179 (n=55703)
Epoch: 175, Train Loss: 0.3400
Epoch: 176, Train Loss: 0.3433
Epoch: 177, Train Loss: 0.3355
Epoch: 178, Train Loss: 0.3389
Epoch: 179, Train Loss: 0.3354
TRAIN: acc 0.9487, f1_micro 0.9487, f1_macro 0.9288 (n=153431)
VAL: acc 0.9462, f1_micro 0.9462, f1_macro 0.9179 (n=23831)
TEST: acc 0.9477, f1_micro 0.9477, f1_macro 0.9196 (n=55703)
Epoch: 180, Train Loss: 0.3351
Epoch: 181, Train Loss: 0.3333
Epoch: 182, Train Loss: 0.3306
Epoch: 183, Train Loss: 0.3344
Epoch: 184, Train Loss: 0.3349
TRAIN: acc 0.9490, f1_micro 0.9490, f1_macro 0.9282 (n=153431)
VAL: acc 0.9454, f1_micro 0.9454, f1_macro 0.9162 (n=23831)
TEST: acc 0.9470, f1_micro 0.9470, f1_macro 0.9181 (n=55703)
Epoch: 185, Train Loss: 0.3367
Epoch: 186, Train Loss: 0.3319
Epoch: 187, Train Loss: 0.3367
Epoch: 188, Train Loss: 0.3371
Epoch: 189, Train Loss: 0.3400
TRAIN: acc 0.9476, f1_micro 0.9476, f1_macro 0.9268 (n=153431)
VAL: acc 0.9454, f1_micro 0.9454, f1_macro 0.9136 (n=23831)
TEST: acc 0.9473, f1_micro 0.9473, f1_macro 0.9183 (n=55703)
Epoch: 190, Train Loss: 0.3412
Epoch: 191, Train Loss: 0.3414
Epoch: 192, Train Loss: 0.3306
Epoch: 193, Train Loss: 0.3339
Epoch: 194, Train Loss: 0.3380
TRAIN: acc 0.9487, f1_micro 0.9487, f1_macro 0.9265 (n=153431)
VAL: acc 0.9464, f1_micro 0.9464, f1_macro 0.9145 (n=23831)
TEST: acc 0.9485, f1_micro 0.9485, f1_macro 0.9185 (n=55703)
Epoch: 195, Train Loss: 0.3324
Epoch: 196, Train Loss: 0.3353
Epoch: 197, Train Loss: 0.3329
Epoch: 198, Train Loss: 0.3302
Epoch: 199, Train Loss: 0.3307
TRAIN: acc 0.9501, f1_micro 0.9501, f1_macro 0.9300 (n=153431)
VAL: acc 0.9474, f1_micro 0.9474, f1_macro 0.9187 (n=23831)
TEST: acc 0.9480, f1_micro 0.9480, f1_macro 0.9210 (n=55703)
rank 0 Peak GPU memory: 6.15 GB
rank 2 Peak GPU memory: 6.16 GB
rank 1 Peak GPU memory: 6.16 GB
rank 3 Peak GPU memory: 6.18 GB
OGB (best val):
Highest Train (acc): 95.01
Highest Valid (acc): 94.78
  Final Train (acc): 94.96
   Final Test (acc): 94.87
