/pscratch/sd/c/cunyang/gnn/plexus/plexus/utils/dataloader.py:425: UserWarning: Sparse CSR tensor support is in beta state. If you miss a functionality in the sparse tensor support, please submit a feature request to https://github.com/pytorch/pytorch/issues. (Triggered internally at /pytorch/aten/src/ATen/SparseCsrTensorImpl.cpp:53.)
  adj_local = adj_local.to_sparse_csr()
/pscratch/sd/c/cunyang/gnn/plexus/plexus/utils/dataloader.py:425: UserWarning: Sparse CSR tensor support is in beta state. If you miss a functionality in the sparse tensor support, please submit a feature request to https://github.com/pytorch/pytorch/issues. (Triggered internally at /pytorch/aten/src/ATen/SparseCsrTensorImpl.cpp:53.)
  adj_local = adj_local.to_sparse_csr()
/pscratch/sd/c/cunyang/gnn/plexus/plexus/utils/dataloader.py:425: UserWarning: Sparse CSR tensor support is in beta state. If you miss a functionality in the sparse tensor support, please submit a feature request to https://github.com/pytorch/pytorch/issues. (Triggered internally at /pytorch/aten/src/ATen/SparseCsrTensorImpl.cpp:53.)
  adj_local = adj_local.to_sparse_csr()
/pscratch/sd/c/cunyang/gnn/plexus/plexus/utils/dataloader.py:425: UserWarning: Sparse CSR tensor support is in beta state. If you miss a functionality in the sparse tensor support, please submit a feature request to https://github.com/pytorch/pytorch/issues. (Triggered internally at /pytorch/aten/src/ATen/SparseCsrTensorImpl.cpp:53.)
  adj_local = adj_local.to_sparse_csr()
steps_per_epoch:  21
steps_per_epoch:  21
steps_per_epoch:  21
steps_per_epoch:  21
Epoch: 000, Train Loss: 3.3594
Epoch: 001, Train Loss: 3.0880
|--[95m 'drop | Max Time: 0.178 ms | Avg Time: 0.164 ms | Load Imbalance: 1.085' [0m

|--[95m 'epoch 0 | Max Time: 1281.306 ms | Avg Time: 1280.891 ms | Load Imbalance: 1.000' [0m
	|--[92m 'prefetch launch | Max Time: 1.163 ms | Avg Time: 1.083 ms | Load Imbalance: 1.074' [0m
	|--[92m 'prefetch wait | Max Time: 311.037 ms | Avg Time: 310.995 ms | Load Imbalance: 1.000' [0m
	|--[92m 'train step | Max Time: 964.724 ms | Avg Time: 964.104 ms | Load Imbalance: 1.001' [0m
		|--[96m 'input_linear | Max Time: 266.911 ms | Avg Time: 248.917 ms | Load Imbalance: 1.072' [0m
			|--[91m 'input_linear X * W | Max Time: 116.484 ms | Avg Time: 116.051 ms | Load Imbalance: 1.004' [0m
			|--[91m 'all-reduce | Max Time: 148.066 ms | Avg Time: 128.846 ms | Load Imbalance: 1.149' [0m
			|--[91m 'OUT + BIAS | Max Time: 1.729 ms | Avg Time: 1.210 ms | Load Imbalance: 1.428' [0m
		|--[96m 'gcn conv fwd | Max Time: 257.676 ms | Avg Time: 240.020 ms | Load Imbalance: 1.074' [0m
			|--[91m 'AGG = A * H | Max Time: 88.996 ms | Avg Time: 75.122 ms | Load Imbalance: 1.185' [0m
			|--[91m 'allreduce H | Max Time: 126.375 ms | Avg Time: 114.853 ms | Load Imbalance: 1.100' [0m
				|--[95m 'all-reduce | Max Time: 125.581 ms | Avg Time: 113.519 ms | Load Imbalance: 1.106' [0m
			|--[91m 'Allgather W | Max Time: 29.255 ms | Avg Time: 24.655 ms | Load Imbalance: 1.187' [0m
				|--[95m 'gather | Max Time: 28.829 ms | Avg Time: 23.400 ms | Load Imbalance: 1.232' [0m
			|--[91m 'OUT = AGG * W | Max Time: 4.628 ms | Avg Time: 3.482 ms | Load Imbalance: 1.329' [0m
			|--[91m 'allreduce Q | Max Time: 20.633 ms | Avg Time: 16.643 ms | Load Imbalance: 1.240' [0m
				|--[95m 'all-reduce | Max Time: 20.163 ms | Avg Time: 15.521 ms | Load Imbalance: 1.299' [0m
		|--[96m 'activation | Max Time: 88.586 ms | Avg Time: 86.951 ms | Load Imbalance: 1.019' [0m
			|--[91m 'all-reduce | Max Time: 13.955 ms | Avg Time: 9.809 ms | Load Imbalance: 1.423' [0m
		|--[96m 'output_linear | Max Time: 6.060 ms | Avg Time: 3.431 ms | Load Imbalance: 1.766' [0m
			|--[91m 'output_linear X * W | Max Time: 1.816 ms | Avg Time: 1.076 ms | Load Imbalance: 1.688' [0m
			|--[91m 'all-reduce | Max Time: 0.501 ms | Avg Time: 0.245 ms | Load Imbalance: 2.044' [0m
			|--[91m 'OUT + BIAS | Max Time: 1.040 ms | Avg Time: 0.665 ms | Load Imbalance: 1.565' [0m
		|--[96m 'cross entropy fwd | Max Time: 75.915 ms | Avg Time: 70.546 ms | Load Imbalance: 1.076' [0m
		|--[96m 'cross entropy bwd | Max Time: 1.888 ms | Avg Time: 1.387 ms | Load Imbalance: 1.361' [0m
		|--[96m 'linear_3d_bwd | Max Time: 54.597 ms | Avg Time: 50.378 ms | Load Imbalance: 1.084' [0m
			|--[91m 'output_linear GRAD_X | Max Time: 2.629 ms | Avg Time: 2.324 ms | Load Imbalance: 1.131' [0m
			|--[91m 'all-reduce | Max Time: 27.324 ms | Avg Time: 19.649 ms | Load Imbalance: 1.391' [0m
			|--[91m 'output_linear GRAD_W | Max Time: 24.013 ms | Avg Time: 22.978 ms | Load Imbalance: 1.045' [0m
			|--[91m 'input_linear GRAD_W | Max Time: 1.290 ms | Avg Time: 0.845 ms | Load Imbalance: 1.526' [0m
		|--[96m 'gcn conv bwd | Max Time: 73.766 ms | Avg Time: 68.199 ms | Load Imbalance: 1.082' [0m
			|--[91m 'gather | Max Time: 14.766 ms | Avg Time: 11.427 ms | Load Imbalance: 1.292' [0m
			|--[91m 'GRAD_AGG = GRAD_OUT * W.T | Max Time: 5.744 ms | Avg Time: 4.493 ms | Load Imbalance: 1.278' [0m
			|--[91m 'all-reduce | Max Time: 19.658 ms | Avg Time: 15.967 ms | Load Imbalance: 1.231' [0m
			|--[91m 'GRAD_W = AGG.T * GRAD_OUT | Max Time: 3.309 ms | Avg Time: 2.851 ms | Load Imbalance: 1.161' [0m
			|--[91m 'ReduceScatter grad_weight | Max Time: 12.272 ms | Avg Time: 10.973 ms | Load Imbalance: 1.118' [0m
				|--[95m 'reduce-scatter | Max Time: 11.859 ms | Avg Time: 9.832 ms | Load Imbalance: 1.206' [0m
					|--[92m 'reduce-scatter-dist | Max Time: 11.422 ms | Avg Time: 8.554 ms | Load Imbalance: 1.335' [0m
			|--[91m 'GRAD_H = A.T * GRAD_AGG | Max Time: 8.923 ms | Avg Time: 8.091 ms | Load Imbalance: 1.103' [0m
			|--[91m 'allreduce grad_x | Max Time: 11.354 ms | Avg Time: 9.384 ms | Load Imbalance: 1.210' [0m
				|--[95m 'all-reduce | Max Time: 10.926 ms | Avg Time: 8.617 ms | Load Imbalance: 1.268' [0m
		|--[96m 'sync_norm_gradients | Max Time: 9.170 ms | Avg Time: 8.026 ms | Load Imbalance: 1.143' [0m
		|--[96m 'sync_data_parallel_gradients | Max Time: 0.341 ms | Avg Time: 0.170 ms | Load Imbalance: 2.004' [0m

|--[95m 'epoch 1 | Max Time: 272.504 ms | Avg Time: 272.440 ms | Load Imbalance: 1.000' [0m
	|--[92m 'prefetch launch | Max Time: 0.753 ms | Avg Time: 0.637 ms | Load Imbalance: 1.183' [0m
	|--[92m 'prefetch wait | Max Time: 5.782 ms | Avg Time: 5.572 ms | Load Imbalance: 1.038' [0m
	|--[92m 'train step | Max Time: 262.459 ms | Avg Time: 261.648 ms | Load Imbalance: 1.003' [0m
		|--[96m 'input_linear | Max Time: 23.617 ms | Avg Time: 13.781 ms | Load Imbalance: 1.714' [0m
			|--[91m 'input_linear X * W | Max Time: 2.402 ms | Avg Time: 2.316 ms | Load Imbalance: 1.037' [0m
			|--[91m 'all-reduce | Max Time: 19.277 ms | Avg Time: 8.490 ms | Load Imbalance: 2.271' [0m
			|--[91m 'OUT + BIAS | Max Time: 0.681 ms | Avg Time: 0.493 ms | Load Imbalance: 1.382' [0m
		|--[96m 'gcn conv fwd | Max Time: 67.093 ms | Avg Time: 62.525 ms | Load Imbalance: 1.073' [0m
			|--[91m 'AGG = A * H | Max Time: 6.510 ms | Avg Time: 4.569 ms | Load Imbalance: 1.425' [0m
			|--[91m 'allreduce H | Max Time: 24.538 ms | Avg Time: 18.462 ms | Load Imbalance: 1.329' [0m
				|--[95m 'all-reduce | Max Time: 24.030 ms | Avg Time: 17.140 ms | Load Imbalance: 1.402' [0m
			|--[91m 'Allgather W | Max Time: 17.740 ms | Avg Time: 13.748 ms | Load Imbalance: 1.290' [0m
				|--[95m 'gather | Max Time: 17.413 ms | Avg Time: 12.733 ms | Load Imbalance: 1.368' [0m
			|--[91m 'OUT = AGG * W | Max Time: 4.707 ms | Avg Time: 2.829 ms | Load Imbalance: 1.664' [0m
			|--[91m 'allreduce Q | Max Time: 23.064 ms | Avg Time: 18.426 ms | Load Imbalance: 1.252' [0m
				|--[95m 'all-reduce | Max Time: 22.716 ms | Avg Time: 17.440 ms | Load Imbalance: 1.303' [0m
		|--[96m 'activation | Max Time: 23.632 ms | Avg Time: 17.220 ms | Load Imbalance: 1.372' [0m
			|--[91m 'all-reduce | Max Time: 14.506 ms | Avg Time: 9.389 ms | Load Imbalance: 1.545' [0m
		|--[96m 'output_linear | Max Time: 6.479 ms | Avg Time: 2.950 ms | Load Imbalance: 2.196' [0m
			|--[91m 'output_linear X * W | Max Time: 1.890 ms | Avg Time: 0.886 ms | Load Imbalance: 2.134' [0m
			|--[91m 'all-reduce | Max Time: 0.482 ms | Avg Time: 0.217 ms | Load Imbalance: 2.225' [0m
			|--[91m 'OUT + BIAS | Max Time: 1.192 ms | Avg Time: 0.607 ms | Load Imbalance: 1.962' [0m
		|--[96m 'cross entropy fwd | Max Time: 44.421 ms | Avg Time: 36.515 ms | Load Imbalance: 1.217' [0m
		|--[96m 'cross entropy bwd | Max Time: 1.806 ms | Avg Time: 1.079 ms | Load Imbalance: 1.674' [0m
		|--[96m 'linear_3d_bwd | Max Time: 37.272 ms | Avg Time: 27.611 ms | Load Imbalance: 1.350' [0m
			|--[91m 'output_linear GRAD_X | Max Time: 1.774 ms | Avg Time: 1.063 ms | Load Imbalance: 1.669' [0m
			|--[91m 'all-reduce | Max Time: 34.635 ms | Avg Time: 20.950 ms | Load Imbalance: 1.653' [0m
			|--[91m 'output_linear GRAD_W | Max Time: 2.135 ms | Avg Time: 0.959 ms | Load Imbalance: 2.227' [0m
			|--[91m 'input_linear GRAD_W | Max Time: 1.468 ms | Avg Time: 0.777 ms | Load Imbalance: 1.888' [0m
		|--[96m 'gcn conv bwd | Max Time: 70.038 ms | Avg Time: 62.878 ms | Load Imbalance: 1.114' [0m
			|--[91m 'gather | Max Time: 14.147 ms | Avg Time: 11.137 ms | Load Imbalance: 1.270' [0m
			|--[91m 'GRAD_AGG = GRAD_OUT * W.T | Max Time: 4.457 ms | Avg Time: 3.216 ms | Load Imbalance: 1.386' [0m
			|--[91m 'all-reduce | Max Time: 23.441 ms | Avg Time: 17.931 ms | Load Imbalance: 1.307' [0m
			|--[91m 'GRAD_W = AGG.T * GRAD_OUT | Max Time: 3.278 ms | Avg Time: 2.782 ms | Load Imbalance: 1.178' [0m
			|--[91m 'ReduceScatter grad_weight | Max Time: 11.457 ms | Avg Time: 10.568 ms | Load Imbalance: 1.084' [0m
				|--[95m 'reduce-scatter | Max Time: 11.212 ms | Avg Time: 9.555 ms | Load Imbalance: 1.173' [0m
					|--[92m 'reduce-scatter-dist | Max Time: 11.015 ms | Avg Time: 8.335 ms | Load Imbalance: 1.322' [0m
			|--[91m 'GRAD_H = A.T * GRAD_AGG | Max Time: 5.193 ms | Avg Time: 3.699 ms | Load Imbalance: 1.404' [0m
			|--[91m 'allreduce grad_x | Max Time: 11.442 ms | Avg Time: 8.845 ms | Load Imbalance: 1.294' [0m
				|--[95m 'all-reduce | Max Time: 10.958 ms | Avg Time: 8.163 ms | Load Imbalance: 1.342' [0m
		|--[96m 'sync_norm_gradients | Max Time: 10.679 ms | Avg Time: 8.384 ms | Load Imbalance: 1.274' [0m
		|--[96m 'sync_data_parallel_gradients | Max Time: 0.406 ms | Avg Time: 0.138 ms | Load Imbalance: 2.933' [0m

|--[95m 'epoch 2 | Max Time: 269.755 ms | Avg Time: 269.074 ms | Load Imbalance: 1.003' [0m
	|--[92m 'prefetch launch | Max Time: 0.663 ms | Avg Time: 0.617 ms | Load Imbalance: 1.075' [0m
	|--[92m 'prefetch wait | Max Time: 5.741 ms | Avg Time: 5.535 ms | Load Imbalance: 1.037' [0m
	|--[92m 'train step | Max Time: 258.928 ms | Avg Time: 258.394 ms | Load Imbalance: 1.002' [0m
		|--[96m 'input_linear | Max Time: 18.156 ms | Avg Time: 13.098 ms | Load Imbalance: 1.386' [0m
			|--[91m 'input_linear X * W | Max Time: 2.273 ms | Avg Time: 2.181 ms | Load Imbalance: 1.042' [0m
			|--[91m 'all-reduce | Max Time: 13.527 ms | Avg Time: 7.843 ms | Load Imbalance: 1.725' [0m
			|--[91m 'OUT + BIAS | Max Time: 0.854 ms | Avg Time: 0.601 ms | Load Imbalance: 1.421' [0m
		|--[96m 'gcn conv fwd | Max Time: 62.292 ms | Avg Time: 59.551 ms | Load Imbalance: 1.046' [0m
			|--[91m 'AGG = A * H | Max Time: 5.661 ms | Avg Time: 4.426 ms | Load Imbalance: 1.279' [0m
			|--[91m 'allreduce H | Max Time: 21.611 ms | Avg Time: 17.261 ms | Load Imbalance: 1.252' [0m
				|--[95m 'all-reduce | Max Time: 20.867 ms | Avg Time: 15.974 ms | Load Imbalance: 1.306' [0m
			|--[91m 'Allgather W | Max Time: 14.856 ms | Avg Time: 13.778 ms | Load Imbalance: 1.078' [0m
				|--[95m 'gather | Max Time: 14.531 ms | Avg Time: 12.679 ms | Load Imbalance: 1.146' [0m
			|--[91m 'OUT = AGG * W | Max Time: 3.834 ms | Avg Time: 2.843 ms | Load Imbalance: 1.348' [0m
			|--[91m 'allreduce Q | Max Time: 19.247 ms | Avg Time: 16.834 ms | Load Imbalance: 1.143' [0m
				|--[95m 'all-reduce | Max Time: 18.830 ms | Avg Time: 15.823 ms | Load Imbalance: 1.190' [0m
		|--[96m 'activation | Max Time: 19.604 ms | Avg Time: 17.345 ms | Load Imbalance: 1.130' [0m
			|--[91m 'all-reduce | Max Time: 13.466 ms | Avg Time: 9.213 ms | Load Imbalance: 1.462' [0m
		|--[96m 'output_linear | Max Time: 4.816 ms | Avg Time: 3.243 ms | Load Imbalance: 1.485' [0m
			|--[91m 'output_linear X * W | Max Time: 1.380 ms | Avg Time: 0.883 ms | Load Imbalance: 1.563' [0m
			|--[91m 'all-reduce | Max Time: 0.412 ms | Avg Time: 0.278 ms | Load Imbalance: 1.485' [0m
			|--[91m 'OUT + BIAS | Max Time: 0.924 ms | Avg Time: 0.658 ms | Load Imbalance: 1.404' [0m
		|--[96m 'cross entropy fwd | Max Time: 37.362 ms | Avg Time: 33.435 ms | Load Imbalance: 1.117' [0m
		|--[96m 'cross entropy bwd | Max Time: 1.530 ms | Avg Time: 1.233 ms | Load Imbalance: 1.241' [0m
		|--[96m 'linear_3d_bwd | Max Time: 30.651 ms | Avg Time: 28.010 ms | Load Imbalance: 1.094' [0m
			|--[91m 'output_linear GRAD_X | Max Time: 1.557 ms | Avg Time: 1.318 ms | Load Imbalance: 1.181' [0m
			|--[91m 'all-reduce | Max Time: 25.979 ms | Avg Time: 19.867 ms | Load Imbalance: 1.308' [0m
			|--[91m 'output_linear GRAD_W | Max Time: 2.054 ms | Avg Time: 1.281 ms | Load Imbalance: 1.604' [0m
			|--[91m 'input_linear GRAD_W | Max Time: 1.192 ms | Avg Time: 0.782 ms | Load Imbalance: 1.524' [0m
		|--[96m 'gcn conv bwd | Max Time: 68.944 ms | Avg Time: 63.897 ms | Load Imbalance: 1.079' [0m
			|--[91m 'gather | Max Time: 14.228 ms | Avg Time: 11.332 ms | Load Imbalance: 1.256' [0m
			|--[91m 'GRAD_AGG = GRAD_OUT * W.T | Max Time: 4.066 ms | Avg Time: 3.163 ms | Load Imbalance: 1.286' [0m
			|--[91m 'all-reduce | Max Time: 22.060 ms | Avg Time: 18.269 ms | Load Imbalance: 1.207' [0m
			|--[91m 'GRAD_W = AGG.T * GRAD_OUT | Max Time: 3.250 ms | Avg Time: 2.778 ms | Load Imbalance: 1.170' [0m
			|--[91m 'ReduceScatter grad_weight | Max Time: 12.758 ms | Avg Time: 10.840 ms | Load Imbalance: 1.177' [0m
				|--[95m 'reduce-scatter | Max Time: 12.224 ms | Avg Time: 9.779 ms | Load Imbalance: 1.250' [0m
					|--[92m 'reduce-scatter-dist | Max Time: 11.613 ms | Avg Time: 8.367 ms | Load Imbalance: 1.388' [0m
			|--[91m 'GRAD_H = A.T * GRAD_AGG | Max Time: 4.713 ms | Avg Time: 3.663 ms | Load Imbalance: 1.287' [0m
			|--[91m 'allreduce grad_x | Max Time: 11.217 ms | Avg Time: 9.093 ms | Load Imbalance: 1.234' [0m
				|--[95m 'all-reduce | Max Time: 10.884 ms | Avg Time: 8.404 ms | Load Imbalance: 1.295' [0m
		|--[96m 'sync_norm_gradients | Max Time: 9.572 ms | Avg Time: 8.135 ms | Load Imbalance: 1.177' [0m
		|--[96m 'sync_data_parallel_gradients | Max Time: 0.341 ms | Avg Time: 0.154 ms | Load Imbalance: 2.218' [0m

Epoch: 002, Train Loss: 2.9891
Epoch: 003, Train Loss: 2.9551
Epoch: 004, Train Loss: 2.9221
TRAIN: acc 0.6295, f1_micro 0.6295, f1_macro 0.3061 (n=90941)
VAL: acc 0.6444, f1_micro 0.6444, f1_macro 0.2896 (n=29799)
TEST: acc 0.6363, f1_micro 0.6363, f1_macro 0.2827 (n=48603)
Epoch: 005, Train Loss: 2.9100
Epoch: 006, Train Loss: 2.9022
Epoch: 007, Train Loss: 2.8765
Epoch: 008, Train Loss: 2.8772
Epoch: 009, Train Loss: 2.8703
TRAIN: acc 0.6585, f1_micro 0.6585, f1_macro 0.4042 (n=90941)
VAL: acc 0.6531, f1_micro 0.6531, f1_macro 0.3821 (n=29799)
TEST: acc 0.6378, f1_micro 0.6378, f1_macro 0.3705 (n=48603)
Epoch: 010, Train Loss: 2.8553
Epoch: 011, Train Loss: 2.8431
Epoch: 012, Train Loss: 2.8455
Epoch: 013, Train Loss: 2.8319
Epoch: 014, Train Loss: 2.8216
TRAIN: acc 0.6724, f1_micro 0.6724, f1_macro 0.4414 (n=90941)
VAL: acc 0.6758, f1_micro 0.6758, f1_macro 0.4108 (n=29799)
TEST: acc 0.6750, f1_micro 0.6750, f1_macro 0.3992 (n=48603)
Epoch: 015, Train Loss: 2.8060
Epoch: 016, Train Loss: 2.8030
Epoch: 017, Train Loss: 2.8030
Epoch: 018, Train Loss: 2.8033
Epoch: 019, Train Loss: 2.7883
TRAIN: acc 0.6836, f1_micro 0.6836, f1_macro 0.4630 (n=90941)
VAL: acc 0.6888, f1_micro 0.6888, f1_macro 0.4410 (n=29799)
TEST: acc 0.6779, f1_micro 0.6779, f1_macro 0.4236 (n=48603)
Epoch: 020, Train Loss: 2.7768
Epoch: 021, Train Loss: 2.7764
Epoch: 022, Train Loss: 2.7763
Epoch: 023, Train Loss: 2.7701
Epoch: 024, Train Loss: 2.7569
TRAIN: acc 0.6855, f1_micro 0.6855, f1_macro 0.4606 (n=90941)
VAL: acc 0.6898, f1_micro 0.6898, f1_macro 0.4294 (n=29799)
TEST: acc 0.6867, f1_micro 0.6867, f1_macro 0.4175 (n=48603)
Epoch: 025, Train Loss: 2.7583
Epoch: 026, Train Loss: 2.7508
Epoch: 027, Train Loss: 2.7542
Epoch: 028, Train Loss: 2.7365
Epoch: 029, Train Loss: 2.7357
TRAIN: acc 0.6918, f1_micro 0.6918, f1_macro 0.4734 (n=90941)
VAL: acc 0.6917, f1_micro 0.6917, f1_macro 0.4421 (n=29799)
TEST: acc 0.6852, f1_micro 0.6852, f1_macro 0.4280 (n=48603)
Epoch: 030, Train Loss: 2.7410
Epoch: 031, Train Loss: 2.7273
Epoch: 032, Train Loss: 2.7212
Epoch: 033, Train Loss: 2.7250
Epoch: 034, Train Loss: 2.7123
TRAIN: acc 0.6885, f1_micro 0.6885, f1_macro 0.4745 (n=90941)
VAL: acc 0.6940, f1_micro 0.6940, f1_macro 0.4397 (n=29799)
TEST: acc 0.6966, f1_micro 0.6966, f1_macro 0.4320 (n=48603)
Epoch: 035, Train Loss: 2.7103
Epoch: 036, Train Loss: 2.7035
Epoch: 037, Train Loss: 2.6963
Epoch: 038, Train Loss: 2.6927
Epoch: 039, Train Loss: 2.6941
TRAIN: acc 0.6979, f1_micro 0.6979, f1_macro 0.4842 (n=90941)
VAL: acc 0.7003, f1_micro 0.7003, f1_macro 0.4523 (n=29799)
TEST: acc 0.6946, f1_micro 0.6946, f1_macro 0.4422 (n=48603)
Epoch: 040, Train Loss: 2.6915
Epoch: 041, Train Loss: 2.6812
Epoch: 042, Train Loss: 2.6827
Epoch: 043, Train Loss: 2.6752
Epoch: 044, Train Loss: 2.6766
TRAIN: acc 0.6975, f1_micro 0.6975, f1_macro 0.4836 (n=90941)
VAL: acc 0.6881, f1_micro 0.6881, f1_macro 0.4463 (n=29799)
TEST: acc 0.6777, f1_micro 0.6777, f1_macro 0.4367 (n=48603)
Epoch: 045, Train Loss: 2.6583
Epoch: 046, Train Loss: 2.6714
Epoch: 047, Train Loss: 2.6604
Epoch: 048, Train Loss: 2.6549
Epoch: 049, Train Loss: 2.6576
TRAIN: acc 0.7045, f1_micro 0.7045, f1_macro 0.4936 (n=90941)
VAL: acc 0.6980, f1_micro 0.6980, f1_macro 0.4580 (n=29799)
TEST: acc 0.6857, f1_micro 0.6857, f1_macro 0.4494 (n=48603)
Epoch: 050, Train Loss: 2.6436
Epoch: 051, Train Loss: 2.6452
Epoch: 052, Train Loss: 2.6463
Epoch: 053, Train Loss: 2.6379
Epoch: 054, Train Loss: 2.6388
TRAIN: acc 0.7021, f1_micro 0.7021, f1_macro 0.4951 (n=90941)
VAL: acc 0.6918, f1_micro 0.6918, f1_macro 0.4552 (n=29799)
TEST: acc 0.6807, f1_micro 0.6807, f1_macro 0.4414 (n=48603)
Epoch: 055, Train Loss: 2.6387
Epoch: 056, Train Loss: 2.6320
Epoch: 057, Train Loss: 2.6375
Epoch: 058, Train Loss: 2.6182
Epoch: 059, Train Loss: 2.6218
TRAIN: acc 0.6982, f1_micro 0.6982, f1_macro 0.4830 (n=90941)
VAL: acc 0.6933, f1_micro 0.6933, f1_macro 0.4435 (n=29799)
TEST: acc 0.6878, f1_micro 0.6878, f1_macro 0.4308 (n=48603)
Epoch: 060, Train Loss: 2.6218
Epoch: 061, Train Loss: 2.6216
Epoch: 062, Train Loss: 2.6116
Epoch: 063, Train Loss: 2.6235
Epoch: 064, Train Loss: 2.6110
TRAIN: acc 0.7058, f1_micro 0.7058, f1_macro 0.5019 (n=90941)
VAL: acc 0.7012, f1_micro 0.7012, f1_macro 0.4589 (n=29799)
TEST: acc 0.6936, f1_micro 0.6936, f1_macro 0.4507 (n=48603)
Epoch: 065, Train Loss: 2.6062
Epoch: 066, Train Loss: 2.6008
Epoch: 067, Train Loss: 2.6068
Epoch: 068, Train Loss: 2.6015
Epoch: 069, Train Loss: 2.6035
TRAIN: acc 0.7049, f1_micro 0.7049, f1_macro 0.4978 (n=90941)
VAL: acc 0.6964, f1_micro 0.6964, f1_macro 0.4558 (n=29799)
TEST: acc 0.6864, f1_micro 0.6864, f1_macro 0.4466 (n=48603)
Epoch: 070, Train Loss: 2.5946
Epoch: 071, Train Loss: 2.6023
Epoch: 072, Train Loss: 2.5819
Epoch: 073, Train Loss: 2.5951
Epoch: 074, Train Loss: 2.5819
TRAIN: acc 0.7075, f1_micro 0.7075, f1_macro 0.5055 (n=90941)
VAL: acc 0.6985, f1_micro 0.6985, f1_macro 0.4613 (n=29799)
TEST: acc 0.6915, f1_micro 0.6915, f1_macro 0.4524 (n=48603)
Epoch: 075, Train Loss: 2.5794
Epoch: 076, Train Loss: 2.5856
Epoch: 077, Train Loss: 2.5822
Epoch: 078, Train Loss: 2.5828
Epoch: 079, Train Loss: 2.5797
TRAIN: acc 0.7075, f1_micro 0.7075, f1_macro 0.5061 (n=90941)
VAL: acc 0.6986, f1_micro 0.6986, f1_macro 0.4593 (n=29799)
TEST: acc 0.6876, f1_micro 0.6876, f1_macro 0.4492 (n=48603)
Epoch: 080, Train Loss: 2.5819
Epoch: 081, Train Loss: 2.5786
Epoch: 082, Train Loss: 2.5773
Epoch: 083, Train Loss: 2.5732
Epoch: 084, Train Loss: 2.5583
TRAIN: acc 0.7059, f1_micro 0.7059, f1_macro 0.5006 (n=90941)
VAL: acc 0.6974, f1_micro 0.6974, f1_macro 0.4484 (n=29799)
TEST: acc 0.6952, f1_micro 0.6952, f1_macro 0.4375 (n=48603)
Epoch: 085, Train Loss: 2.5639
Epoch: 086, Train Loss: 2.5567
Epoch: 087, Train Loss: 2.5589
Epoch: 088, Train Loss: 2.5524
Epoch: 089, Train Loss: 2.5569
TRAIN: acc 0.7129, f1_micro 0.7129, f1_macro 0.5196 (n=90941)
VAL: acc 0.7029, f1_micro 0.7029, f1_macro 0.4677 (n=29799)
TEST: acc 0.6908, f1_micro 0.6908, f1_macro 0.4591 (n=48603)
Epoch: 090, Train Loss: 2.5665
Epoch: 091, Train Loss: 2.5541
Epoch: 092, Train Loss: 2.5528
Epoch: 093, Train Loss: 2.5462
Epoch: 094, Train Loss: 2.5409
TRAIN: acc 0.7133, f1_micro 0.7133, f1_macro 0.5163 (n=90941)
VAL: acc 0.7043, f1_micro 0.7043, f1_macro 0.4670 (n=29799)
TEST: acc 0.6984, f1_micro 0.6984, f1_macro 0.4521 (n=48603)
Epoch: 095, Train Loss: 2.5309
Epoch: 096, Train Loss: 2.5314
Epoch: 097, Train Loss: 2.5510
Epoch: 098, Train Loss: 2.5426
Epoch: 099, Train Loss: 2.5398
TRAIN: acc 0.7127, f1_micro 0.7127, f1_macro 0.5145 (n=90941)
VAL: acc 0.7043, f1_micro 0.7043, f1_macro 0.4619 (n=29799)
TEST: acc 0.6998, f1_micro 0.6998, f1_macro 0.4528 (n=48603)
Epoch: 100, Train Loss: 2.5428
Epoch: 101, Train Loss: 2.5402
Epoch: 102, Train Loss: 2.5293
Epoch: 103, Train Loss: 2.5284
Epoch: 104, Train Loss: 2.5312
TRAIN: acc 0.7087, f1_micro 0.7087, f1_macro 0.5080 (n=90941)
VAL: acc 0.7033, f1_micro 0.7033, f1_macro 0.4602 (n=29799)
TEST: acc 0.6955, f1_micro 0.6955, f1_macro 0.4480 (n=48603)
Epoch: 105, Train Loss: 2.5316
Epoch: 106, Train Loss: 2.5379
Epoch: 107, Train Loss: 2.5256
Epoch: 108, Train Loss: 2.5281
Epoch: 109, Train Loss: 2.5323
TRAIN: acc 0.7121, f1_micro 0.7121, f1_macro 0.5295 (n=90941)
VAL: acc 0.6939, f1_micro 0.6939, f1_macro 0.4698 (n=29799)
TEST: acc 0.6835, f1_micro 0.6835, f1_macro 0.4607 (n=48603)
Epoch: 110, Train Loss: 2.5166
Epoch: 111, Train Loss: 2.5298
Epoch: 112, Train Loss: 2.5152
Epoch: 113, Train Loss: 2.5178
Epoch: 114, Train Loss: 2.5170
TRAIN: acc 0.7094, f1_micro 0.7094, f1_macro 0.5106 (n=90941)
VAL: acc 0.6980, f1_micro 0.6980, f1_macro 0.4534 (n=29799)
TEST: acc 0.6941, f1_micro 0.6941, f1_macro 0.4395 (n=48603)
Epoch: 115, Train Loss: 2.5121
Epoch: 116, Train Loss: 2.5128
Epoch: 117, Train Loss: 2.5001
Epoch: 118, Train Loss: 2.5064
Epoch: 119, Train Loss: 2.5019
TRAIN: acc 0.7153, f1_micro 0.7153, f1_macro 0.5270 (n=90941)
VAL: acc 0.7049, f1_micro 0.7049, f1_macro 0.4699 (n=29799)
TEST: acc 0.6971, f1_micro 0.6971, f1_macro 0.4519 (n=48603)
Epoch: 120, Train Loss: 2.5132
Epoch: 121, Train Loss: 2.5041
Epoch: 122, Train Loss: 2.5000
Epoch: 123, Train Loss: 2.5034
Epoch: 124, Train Loss: 2.5033
TRAIN: acc 0.7106, f1_micro 0.7106, f1_macro 0.5234 (n=90941)
VAL: acc 0.6942, f1_micro 0.6942, f1_macro 0.4597 (n=29799)
TEST: acc 0.6840, f1_micro 0.6840, f1_macro 0.4473 (n=48603)
Epoch: 125, Train Loss: 2.5097
Epoch: 126, Train Loss: 2.4937
Epoch: 127, Train Loss: 2.4987
Epoch: 128, Train Loss: 2.5012
Epoch: 129, Train Loss: 2.4887
TRAIN: acc 0.7180, f1_micro 0.7180, f1_macro 0.5319 (n=90941)
VAL: acc 0.7060, f1_micro 0.7060, f1_macro 0.4727 (n=29799)
TEST: acc 0.7001, f1_micro 0.7001, f1_macro 0.4663 (n=48603)
Epoch: 130, Train Loss: 2.4940
Epoch: 131, Train Loss: 2.4962
Epoch: 132, Train Loss: 2.4882
Epoch: 133, Train Loss: 2.5105
Epoch: 134, Train Loss: 2.4859
TRAIN: acc 0.7118, f1_micro 0.7118, f1_macro 0.5290 (n=90941)
VAL: acc 0.7013, f1_micro 0.7013, f1_macro 0.4664 (n=29799)
TEST: acc 0.6981, f1_micro 0.6981, f1_macro 0.4518 (n=48603)
Epoch: 135, Train Loss: 2.4920
Epoch: 136, Train Loss: 2.4922
Epoch: 137, Train Loss: 2.4841
Epoch: 138, Train Loss: 2.4887
Epoch: 139, Train Loss: 2.4847
TRAIN: acc 0.7172, f1_micro 0.7172, f1_macro 0.5311 (n=90941)
VAL: acc 0.7039, f1_micro 0.7039, f1_macro 0.4725 (n=29799)
TEST: acc 0.6921, f1_micro 0.6921, f1_macro 0.4546 (n=48603)
Epoch: 140, Train Loss: 2.4926
Epoch: 141, Train Loss: 2.4901
Epoch: 142, Train Loss: 2.4935
Epoch: 143, Train Loss: 2.4899
Epoch: 144, Train Loss: 2.4813
TRAIN: acc 0.7154, f1_micro 0.7154, f1_macro 0.5397 (n=90941)
VAL: acc 0.6970, f1_micro 0.6970, f1_macro 0.4786 (n=29799)
TEST: acc 0.6855, f1_micro 0.6855, f1_macro 0.4590 (n=48603)
Epoch: 145, Train Loss: 2.4860
Epoch: 146, Train Loss: 2.4883
Epoch: 147, Train Loss: 2.4808
Epoch: 148, Train Loss: 2.4819
Epoch: 149, Train Loss: 2.4822
TRAIN: acc 0.7168, f1_micro 0.7168, f1_macro 0.5273 (n=90941)
VAL: acc 0.7053, f1_micro 0.7053, f1_macro 0.4715 (n=29799)
TEST: acc 0.6961, f1_micro 0.6961, f1_macro 0.4514 (n=48603)
Epoch: 150, Train Loss: 2.4741
Epoch: 151, Train Loss: 2.4855
Epoch: 152, Train Loss: 2.4718
Epoch: 153, Train Loss: 2.4690
Epoch: 154, Train Loss: 2.4719
TRAIN: acc 0.7209, f1_micro 0.7209, f1_macro 0.5418 (n=90941)
VAL: acc 0.7059, f1_micro 0.7059, f1_macro 0.4797 (n=29799)
TEST: acc 0.6963, f1_micro 0.6963, f1_macro 0.4646 (n=48603)
Epoch: 155, Train Loss: 2.4731
Epoch: 156, Train Loss: 2.4667
Epoch: 157, Train Loss: 2.4761
Epoch: 158, Train Loss: 2.4818
Epoch: 159, Train Loss: 2.4703
TRAIN: acc 0.7144, f1_micro 0.7144, f1_macro 0.5265 (n=90941)
VAL: acc 0.7009, f1_micro 0.7009, f1_macro 0.4720 (n=29799)
TEST: acc 0.6947, f1_micro 0.6947, f1_macro 0.4518 (n=48603)
Epoch: 160, Train Loss: 2.4721
Epoch: 161, Train Loss: 2.4737
Epoch: 162, Train Loss: 2.4666
Epoch: 163, Train Loss: 2.4727
Epoch: 164, Train Loss: 2.4615
TRAIN: acc 0.7158, f1_micro 0.7158, f1_macro 0.5392 (n=90941)
VAL: acc 0.6970, f1_micro 0.6970, f1_macro 0.4717 (n=29799)
TEST: acc 0.6886, f1_micro 0.6886, f1_macro 0.4549 (n=48603)
Epoch: 165, Train Loss: 2.4688
Epoch: 166, Train Loss: 2.4741
Epoch: 167, Train Loss: 2.4658
Epoch: 168, Train Loss: 2.4757
Epoch: 169, Train Loss: 2.4738
TRAIN: acc 0.7142, f1_micro 0.7142, f1_macro 0.5323 (n=90941)
VAL: acc 0.6916, f1_micro 0.6916, f1_macro 0.4597 (n=29799)
TEST: acc 0.6813, f1_micro 0.6813, f1_macro 0.4524 (n=48603)
Epoch: 170, Train Loss: 2.4665
Epoch: 171, Train Loss: 2.4590
Epoch: 172, Train Loss: 2.4621
Epoch: 173, Train Loss: 2.4671
Epoch: 174, Train Loss: 2.4687
TRAIN: acc 0.7167, f1_micro 0.7167, f1_macro 0.5392 (n=90941)
VAL: acc 0.7025, f1_micro 0.7025, f1_macro 0.4746 (n=29799)
TEST: acc 0.6980, f1_micro 0.6980, f1_macro 0.4636 (n=48603)
Epoch: 175, Train Loss: 2.4599
Epoch: 176, Train Loss: 2.4636
Epoch: 177, Train Loss: 2.4597
Epoch: 178, Train Loss: 2.4611
Epoch: 179, Train Loss: 2.4551
TRAIN: acc 0.7166, f1_micro 0.7166, f1_macro 0.5322 (n=90941)
VAL: acc 0.7010, f1_micro 0.7010, f1_macro 0.4706 (n=29799)
TEST: acc 0.6955, f1_micro 0.6955, f1_macro 0.4541 (n=48603)
Epoch: 180, Train Loss: 2.4618
Epoch: 181, Train Loss: 2.4637
Epoch: 182, Train Loss: 2.4622
Epoch: 183, Train Loss: 2.4508
Epoch: 184, Train Loss: 2.4636
TRAIN: acc 0.7201, f1_micro 0.7201, f1_macro 0.5401 (n=90941)
VAL: acc 0.7032, f1_micro 0.7032, f1_macro 0.4779 (n=29799)
TEST: acc 0.6979, f1_micro 0.6979, f1_macro 0.4695 (n=48603)
Epoch: 185, Train Loss: 2.4540
Epoch: 186, Train Loss: 2.4593
Epoch: 187, Train Loss: 2.4667
Epoch: 188, Train Loss: 2.4579
Epoch: 189, Train Loss: 2.4553
TRAIN: acc 0.7236, f1_micro 0.7236, f1_macro 0.5441 (n=90941)
VAL: acc 0.7084, f1_micro 0.7084, f1_macro 0.4851 (n=29799)
TEST: acc 0.6990, f1_micro 0.6990, f1_macro 0.4660 (n=48603)
Epoch: 190, Train Loss: 2.4490
Epoch: 191, Train Loss: 2.4591
Epoch: 192, Train Loss: 2.4617
Epoch: 193, Train Loss: 2.4432
Epoch: 194, Train Loss: 2.4521
TRAIN: acc 0.7209, f1_micro 0.7209, f1_macro 0.5486 (n=90941)
VAL: acc 0.6957, f1_micro 0.6957, f1_macro 0.4800 (n=29799)
TEST: acc 0.6809, f1_micro 0.6809, f1_macro 0.4630 (n=48603)
Epoch: 195, Train Loss: 2.4483
Epoch: 196, Train Loss: 2.4490
Epoch: 197, Train Loss: 2.4454
Epoch: 198, Train Loss: 2.4457
Epoch: 199, Train Loss: 2.4491
TRAIN: acc 0.7198, f1_micro 0.7198, f1_macro 0.5444 (n=90941)
VAL: acc 0.6983, f1_micro 0.6983, f1_macro 0.4688 (n=29799)
TEST: acc 0.6873, f1_micro 0.6873, f1_macro 0.4564 (n=48603)
Epoch: 200, Train Loss: 2.4521
Epoch: 201, Train Loss: 2.4460
Epoch: 202, Train Loss: 2.4592
Epoch: 203, Train Loss: 2.4479
Epoch: 204, Train Loss: 2.4437
TRAIN: acc 0.7250, f1_micro 0.7250, f1_macro 0.5535 (n=90941)
VAL: acc 0.7062, f1_micro 0.7062, f1_macro 0.4819 (n=29799)
TEST: acc 0.7001, f1_micro 0.7001, f1_macro 0.4665 (n=48603)
Epoch: 205, Train Loss: 2.4436
Epoch: 206, Train Loss: 2.4474
Epoch: 207, Train Loss: 2.4412
Epoch: 208, Train Loss: 2.4516
Epoch: 209, Train Loss: 2.4449
TRAIN: acc 0.7218, f1_micro 0.7218, f1_macro 0.5471 (n=90941)
VAL: acc 0.7037, f1_micro 0.7037, f1_macro 0.4812 (n=29799)
TEST: acc 0.6979, f1_micro 0.6979, f1_macro 0.4595 (n=48603)
Epoch: 210, Train Loss: 2.4413
Epoch: 211, Train Loss: 2.4434
Epoch: 212, Train Loss: 2.4512
Epoch: 213, Train Loss: 2.4420
Epoch: 214, Train Loss: 2.4439
TRAIN: acc 0.7222, f1_micro 0.7222, f1_macro 0.5524 (n=90941)
VAL: acc 0.7032, f1_micro 0.7032, f1_macro 0.4786 (n=29799)
TEST: acc 0.7023, f1_micro 0.7023, f1_macro 0.4661 (n=48603)
Epoch: 215, Train Loss: 2.4517
Epoch: 216, Train Loss: 2.4368
Epoch: 217, Train Loss: 2.4487
Epoch: 218, Train Loss: 2.4429
Epoch: 219, Train Loss: 2.4416
TRAIN: acc 0.7191, f1_micro 0.7191, f1_macro 0.5422 (n=90941)
VAL: acc 0.7029, f1_micro 0.7029, f1_macro 0.4719 (n=29799)
TEST: acc 0.6967, f1_micro 0.6967, f1_macro 0.4566 (n=48603)
Epoch: 220, Train Loss: 2.4383
Epoch: 221, Train Loss: 2.4467
Epoch: 222, Train Loss: 2.4443
Epoch: 223, Train Loss: 2.4485
Epoch: 224, Train Loss: 2.4455
TRAIN: acc 0.7212, f1_micro 0.7212, f1_macro 0.5512 (n=90941)
VAL: acc 0.6991, f1_micro 0.6991, f1_macro 0.4756 (n=29799)
TEST: acc 0.6898, f1_micro 0.6898, f1_macro 0.4608 (n=48603)
Epoch: 225, Train Loss: 2.4330
Epoch: 226, Train Loss: 2.4367
Epoch: 227, Train Loss: 2.4330
Epoch: 228, Train Loss: 2.4361
Epoch: 229, Train Loss: 2.4368
TRAIN: acc 0.7195, f1_micro 0.7195, f1_macro 0.5469 (n=90941)
VAL: acc 0.6981, f1_micro 0.6981, f1_macro 0.4779 (n=29799)
TEST: acc 0.6899, f1_micro 0.6899, f1_macro 0.4580 (n=48603)
Epoch: 230, Train Loss: 2.4293
Epoch: 231, Train Loss: 2.4421
Epoch: 232, Train Loss: 2.4396
Epoch: 233, Train Loss: 2.4420
Epoch: 234, Train Loss: 2.4438
TRAIN: acc 0.7208, f1_micro 0.7208, f1_macro 0.5431 (n=90941)
VAL: acc 0.6986, f1_micro 0.6986, f1_macro 0.4731 (n=29799)
TEST: acc 0.6891, f1_micro 0.6891, f1_macro 0.4568 (n=48603)
Epoch: 235, Train Loss: 2.4402
Epoch: 236, Train Loss: 2.4318
Epoch: 237, Train Loss: 2.4370
Epoch: 238, Train Loss: 2.4336
Epoch: 239, Train Loss: 2.4274
TRAIN: acc 0.7221, f1_micro 0.7221, f1_macro 0.5457 (n=90941)
VAL: acc 0.6952, f1_micro 0.6952, f1_macro 0.4796 (n=29799)
TEST: acc 0.6817, f1_micro 0.6817, f1_macro 0.4614 (n=48603)
Epoch: 240, Train Loss: 2.4423
Epoch: 241, Train Loss: 2.4343
Epoch: 242, Train Loss: 2.4411
Epoch: 243, Train Loss: 2.4440
Epoch: 244, Train Loss: 2.4378
TRAIN: acc 0.7235, f1_micro 0.7235, f1_macro 0.5513 (n=90941)
VAL: acc 0.7001, f1_micro 0.7001, f1_macro 0.4822 (n=29799)
TEST: acc 0.6871, f1_micro 0.6871, f1_macro 0.4641 (n=48603)
Epoch: 245, Train Loss: 2.4295
Epoch: 246, Train Loss: 2.4353
Epoch: 247, Train Loss: 2.4352
Epoch: 248, Train Loss: 2.4244
Epoch: 249, Train Loss: 2.4321
TRAIN: acc 0.7251, f1_micro 0.7251, f1_macro 0.5528 (n=90941)
VAL: acc 0.7076, f1_micro 0.7076, f1_macro 0.4816 (n=29799)
TEST: acc 0.7000, f1_micro 0.7000, f1_macro 0.4590 (n=48603)
Epoch: 250, Train Loss: 2.4330
Epoch: 251, Train Loss: 2.4311
Epoch: 252, Train Loss: 2.4422
Epoch: 253, Train Loss: 2.4363
Epoch: 254, Train Loss: 2.4305
TRAIN: acc 0.7276, f1_micro 0.7276, f1_macro 0.5638 (n=90941)
VAL: acc 0.7045, f1_micro 0.7045, f1_macro 0.4847 (n=29799)
TEST: acc 0.6980, f1_micro 0.6980, f1_macro 0.4646 (n=48603)
Epoch: 255, Train Loss: 2.4356
Epoch: 256, Train Loss: 2.4426
Epoch: 257, Train Loss: 2.4350
Epoch: 258, Train Loss: 2.4418
Epoch: 259, Train Loss: 2.4332
TRAIN: acc 0.7238, f1_micro 0.7238, f1_macro 0.5541 (n=90941)
VAL: acc 0.7046, f1_micro 0.7046, f1_macro 0.4783 (n=29799)
TEST: acc 0.6977, f1_micro 0.6977, f1_macro 0.4624 (n=48603)
Epoch: 260, Train Loss: 2.4319
Epoch: 261, Train Loss: 2.4402
Epoch: 262, Train Loss: 2.4293
Epoch: 263, Train Loss: 2.4255
Epoch: 264, Train Loss: 2.4330
TRAIN: acc 0.7211, f1_micro 0.7211, f1_macro 0.5431 (n=90941)
VAL: acc 0.7002, f1_micro 0.7002, f1_macro 0.4764 (n=29799)
TEST: acc 0.6905, f1_micro 0.6905, f1_macro 0.4516 (n=48603)
Epoch: 265, Train Loss: 2.4273
Epoch: 266, Train Loss: 2.4305
Epoch: 267, Train Loss: 2.4370
Epoch: 268, Train Loss: 2.4377
Epoch: 269, Train Loss: 2.4244
TRAIN: acc 0.7267, f1_micro 0.7267, f1_macro 0.5512 (n=90941)
VAL: acc 0.7027, f1_micro 0.7027, f1_macro 0.4743 (n=29799)
TEST: acc 0.6986, f1_micro 0.6986, f1_macro 0.4597 (n=48603)
Epoch: 270, Train Loss: 2.4336
Epoch: 271, Train Loss: 2.4276
Epoch: 272, Train Loss: 2.4448
Epoch: 273, Train Loss: 2.4290
Epoch: 274, Train Loss: 2.4302
TRAIN: acc 0.7185, f1_micro 0.7185, f1_macro 0.5460 (n=90941)
VAL: acc 0.6924, f1_micro 0.6924, f1_macro 0.4703 (n=29799)
TEST: acc 0.6799, f1_micro 0.6799, f1_macro 0.4544 (n=48603)
Epoch: 275, Train Loss: 2.4279
Epoch: 276, Train Loss: 2.4294
Epoch: 277, Train Loss: 2.4297
Epoch: 278, Train Loss: 2.4321
Epoch: 279, Train Loss: 2.4367
TRAIN: acc 0.7244, f1_micro 0.7244, f1_macro 0.5664 (n=90941)
VAL: acc 0.6985, f1_micro 0.6985, f1_macro 0.4875 (n=29799)
TEST: acc 0.6926, f1_micro 0.6926, f1_macro 0.4725 (n=48603)
Epoch: 280, Train Loss: 2.4334
Epoch: 281, Train Loss: 2.4156
Epoch: 282, Train Loss: 2.4266
Epoch: 283, Train Loss: 2.4279
Epoch: 284, Train Loss: 2.4222
TRAIN: acc 0.7232, f1_micro 0.7232, f1_macro 0.5572 (n=90941)
VAL: acc 0.6998, f1_micro 0.6998, f1_macro 0.4736 (n=29799)
TEST: acc 0.6949, f1_micro 0.6949, f1_macro 0.4583 (n=48603)
Epoch: 285, Train Loss: 2.4380
Epoch: 286, Train Loss: 2.4375
Epoch: 287, Train Loss: 2.4247
Epoch: 288, Train Loss: 2.4225
Epoch: 289, Train Loss: 2.4263
TRAIN: acc 0.7268, f1_micro 0.7268, f1_macro 0.5591 (n=90941)
VAL: acc 0.7010, f1_micro 0.7010, f1_macro 0.4841 (n=29799)
TEST: acc 0.6920, f1_micro 0.6920, f1_macro 0.4648 (n=48603)
Epoch: 290, Train Loss: 2.4274
Epoch: 291, Train Loss: 2.4193
Epoch: 292, Train Loss: 2.4315
Epoch: 293, Train Loss: 2.4178
Epoch: 294, Train Loss: 2.4257
TRAIN: acc 0.7243, f1_micro 0.7243, f1_macro 0.5548 (n=90941)
VAL: acc 0.6980, f1_micro 0.6980, f1_macro 0.4751 (n=29799)
TEST: acc 0.6878, f1_micro 0.6878, f1_macro 0.4586 (n=48603)
Epoch: 295, Train Loss: 2.4270
Epoch: 296, Train Loss: 2.4248
Epoch: 297, Train Loss: 2.4300
Epoch: 298, Train Loss: 2.4218
Epoch: 299, Train Loss: 2.4218
TRAIN: acc 0.7245, f1_micro 0.7245, f1_macro 0.5593 (n=90941)
VAL: acc 0.6968, f1_micro 0.6968, f1_macro 0.4795 (n=29799)
TEST: acc 0.6876, f1_micro 0.6876, f1_macro 0.4601 (n=48603)
Epoch: 300, Train Loss: 2.4224
Epoch: 301, Train Loss: 2.4404
Epoch: 302, Train Loss: 2.4211
Epoch: 303, Train Loss: 2.4264
Epoch: 304, Train Loss: 2.4336
TRAIN: acc 0.7267, f1_micro 0.7267, f1_macro 0.5619 (n=90941)
VAL: acc 0.7047, f1_micro 0.7047, f1_macro 0.4854 (n=29799)
TEST: acc 0.6960, f1_micro 0.6960, f1_macro 0.4638 (n=48603)
Epoch: 305, Train Loss: 2.4293
Epoch: 306, Train Loss: 2.4286
Epoch: 307, Train Loss: 2.4279
Epoch: 308, Train Loss: 2.4181
Epoch: 309, Train Loss: 2.4214
TRAIN: acc 0.7242, f1_micro 0.7242, f1_macro 0.5557 (n=90941)
VAL: acc 0.6989, f1_micro 0.6989, f1_macro 0.4749 (n=29799)
TEST: acc 0.6907, f1_micro 0.6907, f1_macro 0.4577 (n=48603)
Epoch: 310, Train Loss: 2.4227
Epoch: 311, Train Loss: 2.4351
Epoch: 312, Train Loss: 2.4239
Epoch: 313, Train Loss: 2.4142
Epoch: 314, Train Loss: 2.4262
TRAIN: acc 0.7254, f1_micro 0.7254, f1_macro 0.5559 (n=90941)
VAL: acc 0.7029, f1_micro 0.7029, f1_macro 0.4754 (n=29799)
TEST: acc 0.6945, f1_micro 0.6945, f1_macro 0.4577 (n=48603)
Epoch: 315, Train Loss: 2.4193
Epoch: 316, Train Loss: 2.4316
Epoch: 317, Train Loss: 2.4235
Epoch: 318, Train Loss: 2.4104
Epoch: 319, Train Loss: 2.4189
TRAIN: acc 0.7296, f1_micro 0.7296, f1_macro 0.5671 (n=90941)
VAL: acc 0.7019, f1_micro 0.7019, f1_macro 0.4799 (n=29799)
TEST: acc 0.6950, f1_micro 0.6950, f1_macro 0.4665 (n=48603)
Epoch: 320, Train Loss: 2.4193
Epoch: 321, Train Loss: 2.4270
Epoch: 322, Train Loss: 2.4048
Epoch: 323, Train Loss: 2.4195
Epoch: 324, Train Loss: 2.4331
TRAIN: acc 0.7263, f1_micro 0.7263, f1_macro 0.5565 (n=90941)
VAL: acc 0.7007, f1_micro 0.7007, f1_macro 0.4809 (n=29799)
TEST: acc 0.6936, f1_micro 0.6936, f1_macro 0.4691 (n=48603)
Epoch: 325, Train Loss: 2.4195
Epoch: 326, Train Loss: 2.4309
Epoch: 327, Train Loss: 2.4283
Epoch: 328, Train Loss: 2.4150
Epoch: 329, Train Loss: 2.4267
TRAIN: acc 0.7257, f1_micro 0.7257, f1_macro 0.5613 (n=90941)
VAL: acc 0.7055, f1_micro 0.7055, f1_macro 0.4871 (n=29799)
TEST: acc 0.6974, f1_micro 0.6974, f1_macro 0.4672 (n=48603)
Epoch: 330, Train Loss: 2.4155
Epoch: 331, Train Loss: 2.4162
Epoch: 332, Train Loss: 2.4251
Epoch: 333, Train Loss: 2.4157
Epoch: 334, Train Loss: 2.4256
TRAIN: acc 0.7272, f1_micro 0.7272, f1_macro 0.5660 (n=90941)
VAL: acc 0.7022, f1_micro 0.7022, f1_macro 0.4816 (n=29799)
TEST: acc 0.6965, f1_micro 0.6965, f1_macro 0.4660 (n=48603)
Epoch: 335, Train Loss: 2.4171
Epoch: 336, Train Loss: 2.4192
Epoch: 337, Train Loss: 2.4339
Epoch: 338, Train Loss: 2.4218
Epoch: 339, Train Loss: 2.4281
TRAIN: acc 0.7276, f1_micro 0.7276, f1_macro 0.5643 (n=90941)
VAL: acc 0.6998, f1_micro 0.6998, f1_macro 0.4842 (n=29799)
TEST: acc 0.6879, f1_micro 0.6879, f1_macro 0.4675 (n=48603)
Epoch: 340, Train Loss: 2.4214
Epoch: 341, Train Loss: 2.4184
Epoch: 342, Train Loss: 2.4128
Epoch: 343, Train Loss: 2.4232
Epoch: 344, Train Loss: 2.4287
TRAIN: acc 0.7264, f1_micro 0.7264, f1_macro 0.5554 (n=90941)
VAL: acc 0.7055, f1_micro 0.7055, f1_macro 0.4834 (n=29799)
TEST: acc 0.6962, f1_micro 0.6962, f1_macro 0.4551 (n=48603)
Epoch: 345, Train Loss: 2.4210
Epoch: 346, Train Loss: 2.4165
Epoch: 347, Train Loss: 2.4159
Epoch: 348, Train Loss: 2.4138
Epoch: 349, Train Loss: 2.4169
TRAIN: acc 0.7265, f1_micro 0.7265, f1_macro 0.5603 (n=90941)
VAL: acc 0.6998, f1_micro 0.6998, f1_macro 0.4826 (n=29799)
TEST: acc 0.6904, f1_micro 0.6904, f1_macro 0.4613 (n=48603)
Epoch: 350, Train Loss: 2.4219
Epoch: 351, Train Loss: 2.4140
Epoch: 352, Train Loss: 2.4211
Epoch: 353, Train Loss: 2.4192
Epoch: 354, Train Loss: 2.4195
TRAIN: acc 0.7250, f1_micro 0.7250, f1_macro 0.5646 (n=90941)
VAL: acc 0.7028, f1_micro 0.7028, f1_macro 0.4821 (n=29799)
TEST: acc 0.6914, f1_micro 0.6914, f1_macro 0.4623 (n=48603)
Epoch: 355, Train Loss: 2.4163
Epoch: 356, Train Loss: 2.4180
Epoch: 357, Train Loss: 2.4134
Epoch: 358, Train Loss: 2.4085
Epoch: 359, Train Loss: 2.4164
TRAIN: acc 0.7255, f1_micro 0.7255, f1_macro 0.5625 (n=90941)
VAL: acc 0.7018, f1_micro 0.7018, f1_macro 0.4809 (n=29799)
TEST: acc 0.6971, f1_micro 0.6971, f1_macro 0.4676 (n=48603)
Epoch: 360, Train Loss: 2.4150
Epoch: 361, Train Loss: 2.4141
Epoch: 362, Train Loss: 2.4187
Epoch: 363, Train Loss: 2.4161
Epoch: 364, Train Loss: 2.4142
TRAIN: acc 0.7282, f1_micro 0.7282, f1_macro 0.5663 (n=90941)
VAL: acc 0.7038, f1_micro 0.7038, f1_macro 0.4880 (n=29799)
TEST: acc 0.6947, f1_micro 0.6947, f1_macro 0.4679 (n=48603)
Epoch: 365, Train Loss: 2.4071
Epoch: 366, Train Loss: 2.4100
Epoch: 367, Train Loss: 2.4154
Epoch: 368, Train Loss: 2.4178
Epoch: 369, Train Loss: 2.4124
TRAIN: acc 0.7264, f1_micro 0.7264, f1_macro 0.5666 (n=90941)
VAL: acc 0.7034, f1_micro 0.7034, f1_macro 0.4872 (n=29799)
TEST: acc 0.6970, f1_micro 0.6970, f1_macro 0.4689 (n=48603)
Epoch: 370, Train Loss: 2.4107
Epoch: 371, Train Loss: 2.4127
Epoch: 372, Train Loss: 2.4171
Epoch: 373, Train Loss: 2.4178
Epoch: 374, Train Loss: 2.4120
TRAIN: acc 0.7244, f1_micro 0.7244, f1_macro 0.5660 (n=90941)
VAL: acc 0.6891, f1_micro 0.6891, f1_macro 0.4807 (n=29799)
TEST: acc 0.6751, f1_micro 0.6751, f1_macro 0.4638 (n=48603)
Epoch: 375, Train Loss: 2.4161
Epoch: 376, Train Loss: 2.4131
Epoch: 377, Train Loss: 2.4139
Epoch: 378, Train Loss: 2.4123
Epoch: 379, Train Loss: 2.4144
TRAIN: acc 0.7264, f1_micro 0.7264, f1_macro 0.5646 (n=90941)
VAL: acc 0.7050, f1_micro 0.7050, f1_macro 0.4902 (n=29799)
TEST: acc 0.6981, f1_micro 0.6981, f1_macro 0.4719 (n=48603)
Epoch: 380, Train Loss: 2.4105
Epoch: 381, Train Loss: 2.4203
Epoch: 382, Train Loss: 2.4200
Epoch: 383, Train Loss: 2.4175
Epoch: 384, Train Loss: 2.4173
TRAIN: acc 0.7303, f1_micro 0.7303, f1_macro 0.5749 (n=90941)
VAL: acc 0.6963, f1_micro 0.6963, f1_macro 0.4951 (n=29799)
TEST: acc 0.6856, f1_micro 0.6856, f1_macro 0.4800 (n=48603)
Epoch: 385, Train Loss: 2.4146
Epoch: 386, Train Loss: 2.4145
Epoch: 387, Train Loss: 2.4154
Epoch: 388, Train Loss: 2.4245
Epoch: 389, Train Loss: 2.4273
TRAIN: acc 0.7246, f1_micro 0.7246, f1_macro 0.5598 (n=90941)
VAL: acc 0.7002, f1_micro 0.7002, f1_macro 0.4726 (n=29799)
TEST: acc 0.6921, f1_micro 0.6921, f1_macro 0.4619 (n=48603)
Epoch: 390, Train Loss: 2.4158
Epoch: 391, Train Loss: 2.4225
Epoch: 392, Train Loss: 2.4070
Epoch: 393, Train Loss: 2.4110
Epoch: 394, Train Loss: 2.4167
TRAIN: acc 0.7273, f1_micro 0.7273, f1_macro 0.5665 (n=90941)
VAL: acc 0.7023, f1_micro 0.7023, f1_macro 0.4792 (n=29799)
TEST: acc 0.6958, f1_micro 0.6958, f1_macro 0.4652 (n=48603)
Epoch: 395, Train Loss: 2.4180
Epoch: 396, Train Loss: 2.4158
Epoch: 397, Train Loss: 2.4111
Epoch: 398, Train Loss: 2.4186
Epoch: 399, Train Loss: 2.4104
TRAIN: acc 0.7260, f1_micro 0.7260, f1_macro 0.5626 (n=90941)
VAL: acc 0.7016, f1_micro 0.7016, f1_macro 0.4780 (n=29799)
TEST: acc 0.6984, f1_micro 0.6984, f1_macro 0.4641 (n=48603)
Epoch: 400, Train Loss: 2.4141
Epoch: 401, Train Loss: 2.4106
Epoch: 402, Train Loss: 2.4270
Epoch: 403, Train Loss: 2.4085
Epoch: 404, Train Loss: 2.4188
TRAIN: acc 0.7278, f1_micro 0.7278, f1_macro 0.5637 (n=90941)
VAL: acc 0.7011, f1_micro 0.7011, f1_macro 0.4760 (n=29799)
TEST: acc 0.6937, f1_micro 0.6937, f1_macro 0.4600 (n=48603)
Epoch: 405, Train Loss: 2.4176
Epoch: 406, Train Loss: 2.4068
Epoch: 407, Train Loss: 2.4099
Epoch: 408, Train Loss: 2.4131
Epoch: 409, Train Loss: 2.4036
TRAIN: acc 0.7290, f1_micro 0.7290, f1_macro 0.5733 (n=90941)
VAL: acc 0.6936, f1_micro 0.6936, f1_macro 0.4799 (n=29799)
TEST: acc 0.6834, f1_micro 0.6834, f1_macro 0.4671 (n=48603)
Epoch: 410, Train Loss: 2.4094
Epoch: 411, Train Loss: 2.4166
Epoch: 412, Train Loss: 2.4078
Epoch: 413, Train Loss: 2.4061
Epoch: 414, Train Loss: 2.4031
TRAIN: acc 0.7234, f1_micro 0.7234, f1_macro 0.5690 (n=90941)
VAL: acc 0.6929, f1_micro 0.6929, f1_macro 0.4866 (n=29799)
TEST: acc 0.6825, f1_micro 0.6825, f1_macro 0.4646 (n=48603)
Epoch: 415, Train Loss: 2.4218
Epoch: 416, Train Loss: 2.4253
Epoch: 417, Train Loss: 2.4044
Epoch: 418, Train Loss: 2.4084
Epoch: 419, Train Loss: 2.4006
TRAIN: acc 0.7260, f1_micro 0.7260, f1_macro 0.5671 (n=90941)
VAL: acc 0.6998, f1_micro 0.6998, f1_macro 0.4822 (n=29799)
TEST: acc 0.6906, f1_micro 0.6906, f1_macro 0.4615 (n=48603)
Epoch: 420, Train Loss: 2.4065
Epoch: 421, Train Loss: 2.4100
Epoch: 422, Train Loss: 2.4130
Epoch: 423, Train Loss: 2.4081
Epoch: 424, Train Loss: 2.4142
TRAIN: acc 0.7280, f1_micro 0.7280, f1_macro 0.5689 (n=90941)
VAL: acc 0.6998, f1_micro 0.6998, f1_macro 0.4888 (n=29799)
TEST: acc 0.6874, f1_micro 0.6874, f1_macro 0.4682 (n=48603)
Epoch: 425, Train Loss: 2.4217
Epoch: 426, Train Loss: 2.4082
Epoch: 427, Train Loss: 2.4197
Epoch: 428, Train Loss: 2.4151
Epoch: 429, Train Loss: 2.4097
TRAIN: acc 0.7256, f1_micro 0.7256, f1_macro 0.5666 (n=90941)
VAL: acc 0.7022, f1_micro 0.7022, f1_macro 0.4862 (n=29799)
TEST: acc 0.6930, f1_micro 0.6930, f1_macro 0.4606 (n=48603)
Epoch: 430, Train Loss: 2.4068
Epoch: 431, Train Loss: 2.4071
Epoch: 432, Train Loss: 2.4093
Epoch: 433, Train Loss: 2.4214
Epoch: 434, Train Loss: 2.4015
TRAIN: acc 0.7276, f1_micro 0.7276, f1_macro 0.5629 (n=90941)
VAL: acc 0.7008, f1_micro 0.7008, f1_macro 0.4790 (n=29799)
TEST: acc 0.6935, f1_micro 0.6935, f1_macro 0.4540 (n=48603)
Epoch: 435, Train Loss: 2.4106
Epoch: 436, Train Loss: 2.4091
Epoch: 437, Train Loss: 2.4180
Epoch: 438, Train Loss: 2.4115
Epoch: 439, Train Loss: 2.4152
TRAIN: acc 0.7283, f1_micro 0.7283, f1_macro 0.5729 (n=90941)
VAL: acc 0.7004, f1_micro 0.7004, f1_macro 0.4900 (n=29799)
TEST: acc 0.6873, f1_micro 0.6873, f1_macro 0.4699 (n=48603)
Epoch: 440, Train Loss: 2.4112
Epoch: 441, Train Loss: 2.4086
Epoch: 442, Train Loss: 2.4168
Epoch: 443, Train Loss: 2.4058
Epoch: 444, Train Loss: 2.4048
TRAIN: acc 0.7254, f1_micro 0.7254, f1_macro 0.5705 (n=90941)
VAL: acc 0.6963, f1_micro 0.6963, f1_macro 0.4865 (n=29799)
TEST: acc 0.6861, f1_micro 0.6861, f1_macro 0.4725 (n=48603)
Epoch: 445, Train Loss: 2.4004
Epoch: 446, Train Loss: 2.4064
Epoch: 447, Train Loss: 2.4073
Epoch: 448, Train Loss: 2.4009
Epoch: 449, Train Loss: 2.4073
TRAIN: acc 0.7278, f1_micro 0.7278, f1_macro 0.5689 (n=90941)
VAL: acc 0.7014, f1_micro 0.7014, f1_macro 0.4864 (n=29799)
TEST: acc 0.6909, f1_micro 0.6909, f1_macro 0.4641 (n=48603)
Epoch: 450, Train Loss: 2.4076
Epoch: 451, Train Loss: 2.4132
Epoch: 452, Train Loss: 2.4122
Epoch: 453, Train Loss: 2.4072
Epoch: 454, Train Loss: 2.4097
TRAIN: acc 0.7267, f1_micro 0.7267, f1_macro 0.5644 (n=90941)
VAL: acc 0.6997, f1_micro 0.6997, f1_macro 0.4765 (n=29799)
TEST: acc 0.6908, f1_micro 0.6908, f1_macro 0.4589 (n=48603)
Epoch: 455, Train Loss: 2.4114
Epoch: 456, Train Loss: 2.4028
Epoch: 457, Train Loss: 2.4075
Epoch: 458, Train Loss: 2.4042
Epoch: 459, Train Loss: 2.4050
TRAIN: acc 0.7305, f1_micro 0.7305, f1_macro 0.5744 (n=90941)
VAL: acc 0.7020, f1_micro 0.7020, f1_macro 0.4834 (n=29799)
TEST: acc 0.6936, f1_micro 0.6936, f1_macro 0.4620 (n=48603)
Epoch: 460, Train Loss: 2.4181
Epoch: 461, Train Loss: 2.4082
Epoch: 462, Train Loss: 2.4104
Epoch: 463, Train Loss: 2.4113
Epoch: 464, Train Loss: 2.4051
TRAIN: acc 0.7264, f1_micro 0.7264, f1_macro 0.5676 (n=90941)
VAL: acc 0.7062, f1_micro 0.7062, f1_macro 0.4868 (n=29799)
TEST: acc 0.6972, f1_micro 0.6972, f1_macro 0.4679 (n=48603)
Epoch: 465, Train Loss: 2.4125
Epoch: 466, Train Loss: 2.3956
Epoch: 467, Train Loss: 2.4078
Epoch: 468, Train Loss: 2.4122
Epoch: 469, Train Loss: 2.4138
TRAIN: acc 0.7284, f1_micro 0.7284, f1_macro 0.5666 (n=90941)
VAL: acc 0.6996, f1_micro 0.6996, f1_macro 0.4715 (n=29799)
TEST: acc 0.6951, f1_micro 0.6951, f1_macro 0.4637 (n=48603)
Epoch: 470, Train Loss: 2.4059
Epoch: 471, Train Loss: 2.4011
Epoch: 472, Train Loss: 2.4194
Epoch: 473, Train Loss: 2.4101
Epoch: 474, Train Loss: 2.4136
TRAIN: acc 0.7294, f1_micro 0.7294, f1_macro 0.5729 (n=90941)
VAL: acc 0.6984, f1_micro 0.6984, f1_macro 0.4856 (n=29799)
TEST: acc 0.6882, f1_micro 0.6882, f1_macro 0.4713 (n=48603)
Epoch: 475, Train Loss: 2.4103
Epoch: 476, Train Loss: 2.4031
Epoch: 477, Train Loss: 2.3969
Epoch: 478, Train Loss: 2.4058
Epoch: 479, Train Loss: 2.4125
TRAIN: acc 0.7228, f1_micro 0.7228, f1_macro 0.5665 (n=90941)
VAL: acc 0.6936, f1_micro 0.6936, f1_macro 0.4785 (n=29799)
TEST: acc 0.6824, f1_micro 0.6824, f1_macro 0.4585 (n=48603)
Epoch: 480, Train Loss: 2.4055
Epoch: 481, Train Loss: 2.4010
Epoch: 482, Train Loss: 2.4088
Epoch: 483, Train Loss: 2.4060
Epoch: 484, Train Loss: 2.4104
TRAIN: acc 0.7262, f1_micro 0.7262, f1_macro 0.5609 (n=90941)
VAL: acc 0.6981, f1_micro 0.6981, f1_macro 0.4704 (n=29799)
TEST: acc 0.6926, f1_micro 0.6926, f1_macro 0.4524 (n=48603)
Epoch: 485, Train Loss: 2.4040
Epoch: 486, Train Loss: 2.4013
Epoch: 487, Train Loss: 2.4081
Epoch: 488, Train Loss: 2.4186
Epoch: 489, Train Loss: 2.4114
TRAIN: acc 0.7292, f1_micro 0.7292, f1_macro 0.5769 (n=90941)
VAL: acc 0.6970, f1_micro 0.6970, f1_macro 0.4852 (n=29799)
TEST: acc 0.6871, f1_micro 0.6871, f1_macro 0.4729 (n=48603)
Epoch: 490, Train Loss: 2.4038
Epoch: 491, Train Loss: 2.4122
Epoch: 492, Train Loss: 2.4058
Epoch: 493, Train Loss: 2.4014
Epoch: 494, Train Loss: 2.4014
TRAIN: acc 0.7276, f1_micro 0.7276, f1_macro 0.5654 (n=90941)
VAL: acc 0.6977, f1_micro 0.6977, f1_macro 0.4787 (n=29799)
TEST: acc 0.6877, f1_micro 0.6877, f1_macro 0.4583 (n=48603)
Epoch: 495, Train Loss: 2.4029
Epoch: 496, Train Loss: 2.4006
Epoch: 497, Train Loss: 2.4076
Epoch: 498, Train Loss: 2.3994
Epoch: 499, Train Loss: 2.3954
TRAIN: acc 0.7271, f1_micro 0.7271, f1_macro 0.5608 (n=90941)
VAL: acc 0.6986, f1_micro 0.6986, f1_macro 0.4727 (n=29799)
TEST: acc 0.6926, f1_micro 0.6926, f1_macro 0.4608 (n=48603)
rank 0 Peak GPU memory: 0.39 GB
rank 2 Peak GPU memory: 0.39 GB
rank 1 Peak GPU memory: 0.39 GB
rank 3 Peak GPU memory: 0.39 GB
OGB (best val):
Highest Train (acc): 73.05
Highest Valid (acc): 70.84
  Final Train (acc): 72.36
   Final Test (acc): 69.90
 69.20
