/pscratch/sd/c/cunyang/gnn/plexus/plexus/utils/dataloader.py:425: UserWarning: Sparse CSR tensor support is in beta state. If you miss a functionality in the sparse tensor support, please submit a feature request to https://github.com/pytorch/pytorch/issues. (Triggered internally at /pytorch/aten/src/ATen/SparseCsrTensorImpl.cpp:53.)
  adj_local = adj_local.to_sparse_csr()
/pscratch/sd/c/cunyang/gnn/plexus/plexus/utils/dataloader.py:425: UserWarning: Sparse CSR tensor support is in beta state. If you miss a functionality in the sparse tensor support, please submit a feature request to https://github.com/pytorch/pytorch/issues. (Triggered internally at /pytorch/aten/src/ATen/SparseCsrTensorImpl.cpp:53.)
  adj_local = adj_local.to_sparse_csr()
/pscratch/sd/c/cunyang/gnn/plexus/plexus/utils/dataloader.py:425: UserWarning: Sparse CSR tensor support is in beta state. If you miss a functionality in the sparse tensor support, please submit a feature request to https://github.com/pytorch/pytorch/issues. (Triggered internally at /pytorch/aten/src/ATen/SparseCsrTensorImpl.cpp:53.)
  adj_local = adj_local.to_sparse_csr()
/pscratch/sd/c/cunyang/gnn/plexus/plexus/utils/dataloader.py:425: UserWarning: Sparse CSR tensor support is in beta state. If you miss a functionality in the sparse tensor support, please submit a feature request to https://github.com/pytorch/pytorch/issues. (Triggered internally at /pytorch/aten/src/ATen/SparseCsrTensorImpl.cpp:53.)
  adj_local = adj_local.to_sparse_csr()
steps_per_epoch:  51
steps_per_epoch:  51
steps_per_epoch:  51
steps_per_epoch:  51
Epoch: 000, Train Loss: 3.4087
Epoch: 001, Train Loss: 3.2804
|--[95m 'drop | Max Time: 0.171 ms | Avg Time: 0.167 ms | Load Imbalance: 1.024' [0m

|--[95m 'epoch 0 | Max Time: 1713.564 ms | Avg Time: 1713.193 ms | Load Imbalance: 1.000' [0m
	|--[92m 'prefetch launch | Max Time: 2.909 ms | Avg Time: 2.687 ms | Load Imbalance: 1.083' [0m
	|--[92m 'prefetch wait | Max Time: 288.741 ms | Avg Time: 288.698 ms | Load Imbalance: 1.000' [0m
	|--[92m 'train step | Max Time: 1410.883 ms | Avg Time: 1409.569 ms | Load Imbalance: 1.001' [0m
		|--[96m 'input_linear | Max Time: 330.377 ms | Avg Time: 319.011 ms | Load Imbalance: 1.036' [0m
			|--[91m 'input_linear X * W | Max Time: 130.071 ms | Avg Time: 129.818 ms | Load Imbalance: 1.002' [0m
			|--[91m 'all-reduce | Max Time: 191.306 ms | Avg Time: 178.125 ms | Load Imbalance: 1.074' [0m
			|--[91m 'OUT + BIAS | Max Time: 3.605 ms | Avg Time: 2.695 ms | Load Imbalance: 1.338' [0m
		|--[96m 'gcn conv fwd | Max Time: 343.113 ms | Avg Time: 333.680 ms | Load Imbalance: 1.028' [0m
			|--[91m 'AGG = A * H | Max Time: 72.618 ms | Avg Time: 69.386 ms | Load Imbalance: 1.047' [0m
			|--[91m 'allreduce H | Max Time: 159.379 ms | Avg Time: 152.648 ms | Load Imbalance: 1.044' [0m
				|--[95m 'all-reduce | Max Time: 156.797 ms | Avg Time: 148.499 ms | Load Imbalance: 1.056' [0m
			|--[91m 'Allgather W | Max Time: 55.782 ms | Avg Time: 51.418 ms | Load Imbalance: 1.085' [0m
				|--[95m 'gather | Max Time: 54.371 ms | Avg Time: 48.210 ms | Load Imbalance: 1.128' [0m
			|--[91m 'OUT = AGG * W | Max Time: 12.407 ms | Avg Time: 8.022 ms | Load Imbalance: 1.547' [0m
			|--[91m 'allreduce Q | Max Time: 48.839 ms | Avg Time: 39.071 ms | Load Imbalance: 1.250' [0m
				|--[95m 'all-reduce | Max Time: 46.873 ms | Avg Time: 35.808 ms | Load Imbalance: 1.309' [0m
		|--[96m 'activation | Max Time: 131.563 ms | Avg Time: 124.347 ms | Load Imbalance: 1.058' [0m
			|--[91m 'all-reduce | Max Time: 35.602 ms | Avg Time: 26.980 ms | Load Imbalance: 1.320' [0m
		|--[96m 'output_linear | Max Time: 14.325 ms | Avg Time: 9.292 ms | Load Imbalance: 1.542' [0m
			|--[91m 'output_linear X * W | Max Time: 4.163 ms | Avg Time: 2.639 ms | Load Imbalance: 1.578' [0m
			|--[91m 'all-reduce | Max Time: 1.080 ms | Avg Time: 0.786 ms | Load Imbalance: 1.373' [0m
			|--[91m 'OUT + BIAS | Max Time: 2.381 ms | Avg Time: 1.802 ms | Load Imbalance: 1.322' [0m
		|--[96m 'cross entropy fwd | Max Time: 138.326 ms | Avg Time: 124.779 ms | Load Imbalance: 1.109' [0m
		|--[96m 'cross entropy bwd | Max Time: 4.477 ms | Avg Time: 2.999 ms | Load Imbalance: 1.493' [0m
		|--[96m 'linear_3d_bwd | Max Time: 105.407 ms | Avg Time: 88.589 ms | Load Imbalance: 1.190' [0m
			|--[91m 'output_linear GRAD_X | Max Time: 4.839 ms | Avg Time: 3.475 ms | Load Imbalance: 1.393' [0m
			|--[91m 'all-reduce | Max Time: 81.285 ms | Avg Time: 53.944 ms | Load Imbalance: 1.507' [0m
			|--[91m 'output_linear GRAD_W | Max Time: 19.258 ms | Avg Time: 18.065 ms | Load Imbalance: 1.066' [0m
			|--[91m 'input_linear GRAD_W | Max Time: 3.100 ms | Avg Time: 1.709 ms | Load Imbalance: 1.814' [0m
		|--[96m 'gcn conv bwd | Max Time: 152.061 ms | Avg Time: 143.899 ms | Load Imbalance: 1.057' [0m
			|--[91m 'gather | Max Time: 32.741 ms | Avg Time: 28.765 ms | Load Imbalance: 1.138' [0m
			|--[91m 'GRAD_AGG = GRAD_OUT * W.T | Max Time: 9.691 ms | Avg Time: 6.499 ms | Load Imbalance: 1.491' [0m
			|--[91m 'all-reduce | Max Time: 51.222 ms | Avg Time: 36.955 ms | Load Imbalance: 1.386' [0m
			|--[91m 'GRAD_W = AGG.T * GRAD_OUT | Max Time: 9.385 ms | Avg Time: 6.389 ms | Load Imbalance: 1.469' [0m
			|--[91m 'ReduceScatter grad_weight | Max Time: 28.923 ms | Avg Time: 26.240 ms | Load Imbalance: 1.102' [0m
				|--[95m 'reduce-scatter | Max Time: 27.556 ms | Avg Time: 23.801 ms | Load Imbalance: 1.158' [0m
					|--[92m 'reduce-scatter-dist | Max Time: 26.360 ms | Avg Time: 21.164 ms | Load Imbalance: 1.246' [0m
			|--[91m 'GRAD_H = A.T * GRAD_AGG | Max Time: 13.739 ms | Avg Time: 10.790 ms | Load Imbalance: 1.273' [0m
			|--[91m 'allreduce grad_x | Max Time: 17.795 ms | Avg Time: 16.345 ms | Load Imbalance: 1.089' [0m
				|--[95m 'all-reduce | Max Time: 16.867 ms | Avg Time: 14.769 ms | Load Imbalance: 1.142' [0m
		|--[96m 'sync_norm_gradients | Max Time: 24.696 ms | Avg Time: 20.135 ms | Load Imbalance: 1.227' [0m
		|--[96m 'sync_data_parallel_gradients | Max Time: 0.886 ms | Avg Time: 0.389 ms | Load Imbalance: 2.278' [0m

|--[95m 'epoch 1 | Max Time: 656.453 ms | Avg Time: 656.160 ms | Load Imbalance: 1.000' [0m
	|--[92m 'prefetch launch | Max Time: 1.965 ms | Avg Time: 1.675 ms | Load Imbalance: 1.173' [0m
	|--[92m 'prefetch wait | Max Time: 6.378 ms | Avg Time: 6.005 ms | Load Imbalance: 1.062' [0m
	|--[92m 'train step | Max Time: 637.917 ms | Avg Time: 636.259 ms | Load Imbalance: 1.003' [0m
		|--[96m 'input_linear | Max Time: 43.686 ms | Avg Time: 29.880 ms | Load Imbalance: 1.462' [0m
			|--[91m 'input_linear X * W | Max Time: 5.388 ms | Avg Time: 5.104 ms | Load Imbalance: 1.056' [0m
			|--[91m 'all-reduce | Max Time: 31.236 ms | Avg Time: 14.691 ms | Load Imbalance: 2.126' [0m
			|--[91m 'OUT + BIAS | Max Time: 2.960 ms | Avg Time: 1.942 ms | Load Imbalance: 1.524' [0m
		|--[96m 'gcn conv fwd | Max Time: 162.432 ms | Avg Time: 147.524 ms | Load Imbalance: 1.101' [0m
			|--[91m 'AGG = A * H | Max Time: 16.453 ms | Avg Time: 12.879 ms | Load Imbalance: 1.278' [0m
			|--[91m 'allreduce H | Max Time: 47.165 ms | Avg Time: 38.451 ms | Load Imbalance: 1.227' [0m
				|--[95m 'all-reduce | Max Time: 43.640 ms | Avg Time: 34.337 ms | Load Imbalance: 1.271' [0m
			|--[91m 'Allgather W | Max Time: 43.006 ms | Avg Time: 38.524 ms | Load Imbalance: 1.116' [0m
				|--[95m 'gather | Max Time: 41.027 ms | Avg Time: 35.324 ms | Load Imbalance: 1.161' [0m
			|--[91m 'OUT = AGG * W | Max Time: 10.398 ms | Avg Time: 5.913 ms | Load Imbalance: 1.758' [0m
			|--[91m 'allreduce Q | Max Time: 52.230 ms | Avg Time: 38.752 ms | Load Imbalance: 1.348' [0m
				|--[95m 'all-reduce | Max Time: 50.615 ms | Avg Time: 35.683 ms | Load Imbalance: 1.418' [0m
		|--[96m 'activation | Max Time: 57.600 ms | Avg Time: 47.742 ms | Load Imbalance: 1.206' [0m
			|--[91m 'all-reduce | Max Time: 32.889 ms | Avg Time: 25.746 ms | Load Imbalance: 1.277' [0m
		|--[96m 'output_linear | Max Time: 14.726 ms | Avg Time: 8.386 ms | Load Imbalance: 1.756' [0m
			|--[91m 'output_linear X * W | Max Time: 4.073 ms | Avg Time: 2.241 ms | Load Imbalance: 1.818' [0m
			|--[91m 'all-reduce | Max Time: 1.132 ms | Avg Time: 0.728 ms | Load Imbalance: 1.555' [0m
			|--[91m 'OUT + BIAS | Max Time: 2.664 ms | Avg Time: 1.734 ms | Load Imbalance: 1.537' [0m
		|--[96m 'cross entropy fwd | Max Time: 99.403 ms | Avg Time: 87.908 ms | Load Imbalance: 1.131' [0m
		|--[96m 'cross entropy bwd | Max Time: 4.396 ms | Avg Time: 3.052 ms | Load Imbalance: 1.440' [0m
		|--[96m 'linear_3d_bwd | Max Time: 89.080 ms | Avg Time: 71.267 ms | Load Imbalance: 1.250' [0m
			|--[91m 'output_linear GRAD_X | Max Time: 4.005 ms | Avg Time: 2.714 ms | Load Imbalance: 1.476' [0m
			|--[91m 'all-reduce | Max Time: 77.236 ms | Avg Time: 52.942 ms | Load Imbalance: 1.459' [0m
			|--[91m 'output_linear GRAD_W | Max Time: 5.010 ms | Avg Time: 2.564 ms | Load Imbalance: 1.954' [0m
			|--[91m 'input_linear GRAD_W | Max Time: 3.179 ms | Avg Time: 1.666 ms | Load Imbalance: 1.907' [0m
		|--[96m 'gcn conv bwd | Max Time: 154.789 ms | Avg Time: 143.567 ms | Load Imbalance: 1.078' [0m
			|--[91m 'gather | Max Time: 31.859 ms | Avg Time: 28.567 ms | Load Imbalance: 1.115' [0m
			|--[91m 'GRAD_AGG = GRAD_OUT * W.T | Max Time: 9.244 ms | Avg Time: 6.342 ms | Load Imbalance: 1.458' [0m
			|--[91m 'all-reduce | Max Time: 54.965 ms | Avg Time: 38.328 ms | Load Imbalance: 1.434' [0m
			|--[91m 'GRAD_W = AGG.T * GRAD_OUT | Max Time: 8.770 ms | Avg Time: 5.806 ms | Load Imbalance: 1.511' [0m
			|--[91m 'ReduceScatter grad_weight | Max Time: 29.367 ms | Avg Time: 25.949 ms | Load Imbalance: 1.132' [0m
				|--[95m 'reduce-scatter | Max Time: 28.032 ms | Avg Time: 23.521 ms | Load Imbalance: 1.192' [0m
					|--[92m 'reduce-scatter-dist | Max Time: 26.693 ms | Avg Time: 20.884 ms | Load Imbalance: 1.278' [0m
			|--[91m 'GRAD_H = A.T * GRAD_AGG | Max Time: 12.525 ms | Avg Time: 9.515 ms | Load Imbalance: 1.316' [0m
			|--[91m 'allreduce grad_x | Max Time: 18.806 ms | Avg Time: 16.914 ms | Load Imbalance: 1.112' [0m
				|--[95m 'all-reduce | Max Time: 17.650 ms | Avg Time: 15.310 ms | Load Imbalance: 1.153' [0m
		|--[96m 'sync_norm_gradients | Max Time: 25.710 ms | Avg Time: 20.285 ms | Load Imbalance: 1.267' [0m
		|--[96m 'sync_data_parallel_gradients | Max Time: 0.833 ms | Avg Time: 0.364 ms | Load Imbalance: 2.286' [0m

|--[95m 'epoch 2 | Max Time: 658.289 ms | Avg Time: 658.060 ms | Load Imbalance: 1.000' [0m
	|--[92m 'prefetch launch | Max Time: 1.668 ms | Avg Time: 1.619 ms | Load Imbalance: 1.030' [0m
	|--[92m 'prefetch wait | Max Time: 6.423 ms | Avg Time: 6.128 ms | Load Imbalance: 1.048' [0m
	|--[92m 'train step | Max Time: 639.151 ms | Avg Time: 637.605 ms | Load Imbalance: 1.002' [0m
		|--[96m 'input_linear | Max Time: 45.196 ms | Avg Time: 30.737 ms | Load Imbalance: 1.470' [0m
			|--[91m 'input_linear X * W | Max Time: 5.455 ms | Avg Time: 5.251 ms | Load Imbalance: 1.039' [0m
			|--[91m 'all-reduce | Max Time: 32.741 ms | Avg Time: 15.601 ms | Load Imbalance: 2.099' [0m
			|--[91m 'OUT + BIAS | Max Time: 3.048 ms | Avg Time: 1.890 ms | Load Imbalance: 1.613' [0m
		|--[96m 'gcn conv fwd | Max Time: 159.999 ms | Avg Time: 146.386 ms | Load Imbalance: 1.093' [0m
			|--[91m 'AGG = A * H | Max Time: 16.548 ms | Avg Time: 13.081 ms | Load Imbalance: 1.265' [0m
			|--[91m 'allreduce H | Max Time: 44.813 ms | Avg Time: 37.994 ms | Load Imbalance: 1.179' [0m
				|--[95m 'all-reduce | Max Time: 41.302 ms | Avg Time: 33.462 ms | Load Imbalance: 1.234' [0m
			|--[91m 'Allgather W | Max Time: 40.316 ms | Avg Time: 37.443 ms | Load Imbalance: 1.077' [0m
				|--[95m 'gather | Max Time: 38.861 ms | Avg Time: 34.114 ms | Load Imbalance: 1.139' [0m
			|--[91m 'OUT = AGG * W | Max Time: 10.500 ms | Avg Time: 6.137 ms | Load Imbalance: 1.711' [0m
			|--[91m 'allreduce Q | Max Time: 51.123 ms | Avg Time: 37.753 ms | Load Imbalance: 1.354' [0m
				|--[95m 'all-reduce | Max Time: 49.386 ms | Avg Time: 34.294 ms | Load Imbalance: 1.440' [0m
		|--[96m 'activation | Max Time: 57.198 ms | Avg Time: 47.489 ms | Load Imbalance: 1.204' [0m
			|--[91m 'all-reduce | Max Time: 29.545 ms | Avg Time: 24.495 ms | Load Imbalance: 1.206' [0m
		|--[96m 'output_linear | Max Time: 14.865 ms | Avg Time: 10.269 ms | Load Imbalance: 1.448' [0m
			|--[91m 'output_linear X * W | Max Time: 4.161 ms | Avg Time: 2.918 ms | Load Imbalance: 1.426' [0m
			|--[91m 'all-reduce | Max Time: 1.305 ms | Avg Time: 0.869 ms | Load Imbalance: 1.501' [0m
			|--[91m 'OUT + BIAS | Max Time: 2.648 ms | Avg Time: 1.916 ms | Load Imbalance: 1.382' [0m
		|--[96m 'cross entropy fwd | Max Time: 100.628 ms | Avg Time: 85.962 ms | Load Imbalance: 1.171' [0m
		|--[96m 'cross entropy bwd | Max Time: 4.485 ms | Avg Time: 2.851 ms | Load Imbalance: 1.574' [0m
		|--[96m 'linear_3d_bwd | Max Time: 92.241 ms | Avg Time: 72.014 ms | Load Imbalance: 1.281' [0m
			|--[91m 'output_linear GRAD_X | Max Time: 5.282 ms | Avg Time: 3.393 ms | Load Imbalance: 1.557' [0m
			|--[91m 'all-reduce | Max Time: 77.806 ms | Avg Time: 51.479 ms | Load Imbalance: 1.511' [0m
			|--[91m 'output_linear GRAD_W | Max Time: 4.973 ms | Avg Time: 3.354 ms | Load Imbalance: 1.483' [0m
			|--[91m 'input_linear GRAD_W | Max Time: 3.057 ms | Avg Time: 1.645 ms | Load Imbalance: 1.859' [0m
		|--[96m 'gcn conv bwd | Max Time: 151.915 ms | Avg Time: 142.975 ms | Load Imbalance: 1.063' [0m
			|--[91m 'gather | Max Time: 33.589 ms | Avg Time: 30.613 ms | Load Imbalance: 1.097' [0m
			|--[91m 'GRAD_AGG = GRAD_OUT * W.T | Max Time: 9.431 ms | Avg Time: 6.501 ms | Load Imbalance: 1.451' [0m
			|--[91m 'all-reduce | Max Time: 49.647 ms | Avg Time: 34.536 ms | Load Imbalance: 1.438' [0m
			|--[91m 'GRAD_W = AGG.T * GRAD_OUT | Max Time: 8.768 ms | Avg Time: 5.715 ms | Load Imbalance: 1.534' [0m
			|--[91m 'ReduceScatter grad_weight | Max Time: 28.984 ms | Avg Time: 26.116 ms | Load Imbalance: 1.110' [0m
				|--[95m 'reduce-scatter | Max Time: 27.737 ms | Avg Time: 23.635 ms | Load Imbalance: 1.174' [0m
					|--[92m 'reduce-scatter-dist | Max Time: 26.407 ms | Avg Time: 20.800 ms | Load Imbalance: 1.270' [0m
			|--[91m 'GRAD_H = A.T * GRAD_AGG | Max Time: 13.322 ms | Avg Time: 9.696 ms | Load Imbalance: 1.374' [0m
			|--[91m 'allreduce grad_x | Max Time: 19.754 ms | Avg Time: 16.887 ms | Load Imbalance: 1.170' [0m
				|--[95m 'all-reduce | Max Time: 18.586 ms | Avg Time: 15.296 ms | Load Imbalance: 1.215' [0m
		|--[96m 'sync_norm_gradients | Max Time: 27.126 ms | Avg Time: 21.451 ms | Load Imbalance: 1.265' [0m
		|--[96m 'sync_data_parallel_gradients | Max Time: 0.922 ms | Avg Time: 0.348 ms | Load Imbalance: 2.648' [0m

Epoch: 002, Train Loss: 3.2380
Epoch: 003, Train Loss: 3.2031
Epoch: 004, Train Loss: 3.1654
TRAIN: acc 0.6097, f1_micro 0.6097, f1_macro 0.3230 (n=90941)
VAL: acc 0.6139, f1_micro 0.6139, f1_macro 0.2994 (n=29799)
TEST: acc 0.6005, f1_micro 0.6005, f1_macro 0.2902 (n=48603)
Epoch: 005, Train Loss: 3.1469
Epoch: 006, Train Loss: 3.1124
Epoch: 007, Train Loss: 3.0944
Epoch: 008, Train Loss: 3.0674
Epoch: 009, Train Loss: 3.0550
TRAIN: acc 0.6502, f1_micro 0.6502, f1_macro 0.3954 (n=90941)
VAL: acc 0.6680, f1_micro 0.6680, f1_macro 0.3754 (n=29799)
TEST: acc 0.6627, f1_micro 0.6627, f1_macro 0.3623 (n=48603)
Epoch: 010, Train Loss: 3.0328
Epoch: 011, Train Loss: 3.0206
Epoch: 012, Train Loss: 3.0070
Epoch: 013, Train Loss: 2.9834
Epoch: 014, Train Loss: 2.9672
TRAIN: acc 0.6353, f1_micro 0.6353, f1_macro 0.3897 (n=90941)
VAL: acc 0.6551, f1_micro 0.6551, f1_macro 0.3631 (n=29799)
TEST: acc 0.6628, f1_micro 0.6628, f1_macro 0.3507 (n=48603)
Epoch: 015, Train Loss: 2.9606
Epoch: 016, Train Loss: 2.9525
Epoch: 017, Train Loss: 2.9411
Epoch: 018, Train Loss: 2.9267
Epoch: 019, Train Loss: 2.9136
TRAIN: acc 0.6513, f1_micro 0.6513, f1_macro 0.4265 (n=90941)
VAL: acc 0.6485, f1_micro 0.6485, f1_macro 0.3904 (n=29799)
TEST: acc 0.6399, f1_micro 0.6399, f1_macro 0.3763 (n=48603)
Epoch: 020, Train Loss: 2.9096
Epoch: 021, Train Loss: 2.9010
Epoch: 022, Train Loss: 2.8944
Epoch: 023, Train Loss: 2.8867
Epoch: 024, Train Loss: 2.8735
TRAIN: acc 0.6644, f1_micro 0.6644, f1_macro 0.4261 (n=90941)
VAL: acc 0.6761, f1_micro 0.6761, f1_macro 0.4007 (n=29799)
TEST: acc 0.6714, f1_micro 0.6714, f1_macro 0.3810 (n=48603)
Epoch: 025, Train Loss: 2.8665
Epoch: 026, Train Loss: 2.8731
Epoch: 027, Train Loss: 2.8637
Epoch: 028, Train Loss: 2.8556
Epoch: 029, Train Loss: 2.8555
TRAIN: acc 0.6460, f1_micro 0.6460, f1_macro 0.3968 (n=90941)
VAL: acc 0.6563, f1_micro 0.6563, f1_macro 0.3688 (n=29799)
TEST: acc 0.6636, f1_micro 0.6636, f1_macro 0.3501 (n=48603)
Epoch: 030, Train Loss: 2.8468
Epoch: 031, Train Loss: 2.8357
Epoch: 032, Train Loss: 2.8447
Epoch: 033, Train Loss: 2.8416
Epoch: 034, Train Loss: 2.8327
TRAIN: acc 0.6696, f1_micro 0.6696, f1_macro 0.4408 (n=90941)
VAL: acc 0.6777, f1_micro 0.6777, f1_macro 0.4121 (n=29799)
TEST: acc 0.6727, f1_micro 0.6727, f1_macro 0.3886 (n=48603)
Epoch: 035, Train Loss: 2.8310
Epoch: 036, Train Loss: 2.8255
Epoch: 037, Train Loss: 2.8260
Epoch: 038, Train Loss: 2.8294
Epoch: 039, Train Loss: 2.8134
TRAIN: acc 0.6525, f1_micro 0.6525, f1_macro 0.4268 (n=90941)
VAL: acc 0.6436, f1_micro 0.6436, f1_macro 0.3933 (n=29799)
TEST: acc 0.6251, f1_micro 0.6251, f1_macro 0.3815 (n=48603)
Epoch: 040, Train Loss: 2.8190
Epoch: 041, Train Loss: 2.8143
Epoch: 042, Train Loss: 2.8122
Epoch: 043, Train Loss: 2.8113
Epoch: 044, Train Loss: 2.8082
TRAIN: acc 0.6623, f1_micro 0.6623, f1_macro 0.4379 (n=90941)
VAL: acc 0.6477, f1_micro 0.6477, f1_macro 0.4085 (n=29799)
TEST: acc 0.6297, f1_micro 0.6297, f1_macro 0.3864 (n=48603)
Epoch: 045, Train Loss: 2.8104
Epoch: 046, Train Loss: 2.8045
Epoch: 047, Train Loss: 2.8085
Epoch: 048, Train Loss: 2.8043
Epoch: 049, Train Loss: 2.8082
TRAIN: acc 0.6732, f1_micro 0.6732, f1_macro 0.4533 (n=90941)
VAL: acc 0.6712, f1_micro 0.6712, f1_macro 0.4237 (n=29799)
TEST: acc 0.6545, f1_micro 0.6545, f1_macro 0.4102 (n=48603)
Epoch: 050, Train Loss: 2.8040
Epoch: 051, Train Loss: 2.8057
Epoch: 052, Train Loss: 2.7987
Epoch: 053, Train Loss: 2.7962
Epoch: 054, Train Loss: 2.7972
TRAIN: acc 0.6786, f1_micro 0.6786, f1_macro 0.4585 (n=90941)
VAL: acc 0.6807, f1_micro 0.6807, f1_macro 0.4280 (n=29799)
TEST: acc 0.6724, f1_micro 0.6724, f1_macro 0.4138 (n=48603)
Epoch: 055, Train Loss: 2.8038
Epoch: 056, Train Loss: 2.7947
Epoch: 057, Train Loss: 2.8023
Epoch: 058, Train Loss: 2.8033
Epoch: 059, Train Loss: 2.7944
TRAIN: acc 0.6709, f1_micro 0.6709, f1_macro 0.4525 (n=90941)
VAL: acc 0.6747, f1_micro 0.6747, f1_macro 0.4258 (n=29799)
TEST: acc 0.6626, f1_micro 0.6626, f1_macro 0.4053 (n=48603)
Epoch: 060, Train Loss: 2.7958
Epoch: 061, Train Loss: 2.7914
Epoch: 062, Train Loss: 2.7875
Epoch: 063, Train Loss: 2.7913
Epoch: 064, Train Loss: 2.7928
TRAIN: acc 0.6709, f1_micro 0.6709, f1_macro 0.4595 (n=90941)
VAL: acc 0.6648, f1_micro 0.6648, f1_macro 0.4282 (n=29799)
TEST: acc 0.6479, f1_micro 0.6479, f1_macro 0.4124 (n=48603)
Epoch: 065, Train Loss: 2.7877
Epoch: 066, Train Loss: 2.7976
Epoch: 067, Train Loss: 2.7966
Epoch: 068, Train Loss: 2.7962
Epoch: 069, Train Loss: 2.7966
TRAIN: acc 0.6782, f1_micro 0.6782, f1_macro 0.4581 (n=90941)
VAL: acc 0.6807, f1_micro 0.6807, f1_macro 0.4198 (n=29799)
TEST: acc 0.6813, f1_micro 0.6813, f1_macro 0.4041 (n=48603)
Epoch: 070, Train Loss: 2.7934
Epoch: 071, Train Loss: 2.7936
Epoch: 072, Train Loss: 2.7882
Epoch: 073, Train Loss: 2.7944
Epoch: 074, Train Loss: 2.7982
TRAIN: acc 0.6834, f1_micro 0.6834, f1_macro 0.4635 (n=90941)
VAL: acc 0.6709, f1_micro 0.6709, f1_macro 0.4299 (n=29799)
TEST: acc 0.6537, f1_micro 0.6537, f1_macro 0.4162 (n=48603)
Epoch: 075, Train Loss: 2.7924
Epoch: 076, Train Loss: 2.7994
Epoch: 077, Train Loss: 2.7981
Epoch: 078, Train Loss: 2.7881
Epoch: 079, Train Loss: 2.7811
TRAIN: acc 0.6834, f1_micro 0.6834, f1_macro 0.4625 (n=90941)
VAL: acc 0.6852, f1_micro 0.6852, f1_macro 0.4304 (n=29799)
TEST: acc 0.6866, f1_micro 0.6866, f1_macro 0.4141 (n=48603)
Epoch: 080, Train Loss: 2.7817
Epoch: 081, Train Loss: 2.7932
Epoch: 082, Train Loss: 2.7842
Epoch: 083, Train Loss: 2.7898
Epoch: 084, Train Loss: 2.7825
TRAIN: acc 0.6774, f1_micro 0.6774, f1_macro 0.4675 (n=90941)
VAL: acc 0.6839, f1_micro 0.6839, f1_macro 0.4276 (n=29799)
TEST: acc 0.6851, f1_micro 0.6851, f1_macro 0.4162 (n=48603)
Epoch: 085, Train Loss: 2.7838
Epoch: 086, Train Loss: 2.7823
Epoch: 087, Train Loss: 2.7828
Epoch: 088, Train Loss: 2.7906
Epoch: 089, Train Loss: 2.7847
TRAIN: acc 0.6855, f1_micro 0.6855, f1_macro 0.4659 (n=90941)
VAL: acc 0.6767, f1_micro 0.6767, f1_macro 0.4258 (n=29799)
TEST: acc 0.6640, f1_micro 0.6640, f1_macro 0.4136 (n=48603)
Epoch: 090, Train Loss: 2.7842
Epoch: 091, Train Loss: 2.7919
Epoch: 092, Train Loss: 2.7799
Epoch: 093, Train Loss: 2.7777
Epoch: 094, Train Loss: 2.7784
TRAIN: acc 0.6832, f1_micro 0.6832, f1_macro 0.4584 (n=90941)
VAL: acc 0.6797, f1_micro 0.6797, f1_macro 0.4187 (n=29799)
TEST: acc 0.6732, f1_micro 0.6732, f1_macro 0.3995 (n=48603)
Epoch: 095, Train Loss: 2.7826
Epoch: 096, Train Loss: 2.7863
Epoch: 097, Train Loss: 2.7858
Epoch: 098, Train Loss: 2.7807
Epoch: 099, Train Loss: 2.7866
TRAIN: acc 0.6889, f1_micro 0.6889, f1_macro 0.4840 (n=90941)
VAL: acc 0.6897, f1_micro 0.6897, f1_macro 0.4483 (n=29799)
TEST: acc 0.6844, f1_micro 0.6844, f1_macro 0.4291 (n=48603)
Epoch: 100, Train Loss: 2.7809
Epoch: 101, Train Loss: 2.7892
Epoch: 102, Train Loss: 2.7716
Epoch: 103, Train Loss: 2.7828
Epoch: 104, Train Loss: 2.7801
TRAIN: acc 0.6900, f1_micro 0.6900, f1_macro 0.4814 (n=90941)
VAL: acc 0.6803, f1_micro 0.6803, f1_macro 0.4244 (n=29799)
TEST: acc 0.6752, f1_micro 0.6752, f1_macro 0.4053 (n=48603)
Epoch: 105, Train Loss: 2.7880
Epoch: 106, Train Loss: 2.7840
Epoch: 107, Train Loss: 2.7800
Epoch: 108, Train Loss: 2.7805
Epoch: 109, Train Loss: 2.7738
TRAIN: acc 0.6927, f1_micro 0.6927, f1_macro 0.4812 (n=90941)
VAL: acc 0.6873, f1_micro 0.6873, f1_macro 0.4464 (n=29799)
TEST: acc 0.6791, f1_micro 0.6791, f1_macro 0.4309 (n=48603)
Epoch: 110, Train Loss: 2.7840
Epoch: 111, Train Loss: 2.7803
Epoch: 112, Train Loss: 2.7806
Epoch: 113, Train Loss: 2.7707
Epoch: 114, Train Loss: 2.7867
TRAIN: acc 0.6874, f1_micro 0.6874, f1_macro 0.4793 (n=90941)
VAL: acc 0.6790, f1_micro 0.6790, f1_macro 0.4315 (n=29799)
TEST: acc 0.6746, f1_micro 0.6746, f1_macro 0.4139 (n=48603)
Epoch: 115, Train Loss: 2.7841
Epoch: 116, Train Loss: 2.7706
Epoch: 117, Train Loss: 2.7828
Epoch: 118, Train Loss: 2.7837
Epoch: 119, Train Loss: 2.7785
TRAIN: acc 0.6866, f1_micro 0.6866, f1_macro 0.4781 (n=90941)
VAL: acc 0.6843, f1_micro 0.6843, f1_macro 0.4384 (n=29799)
TEST: acc 0.6855, f1_micro 0.6855, f1_macro 0.4273 (n=48603)
Epoch: 120, Train Loss: 2.7735
Epoch: 121, Train Loss: 2.7854
Epoch: 122, Train Loss: 2.7830
Epoch: 123, Train Loss: 2.7712
Epoch: 124, Train Loss: 2.7781
TRAIN: acc 0.6828, f1_micro 0.6828, f1_macro 0.4736 (n=90941)
VAL: acc 0.6798, f1_micro 0.6798, f1_macro 0.4272 (n=29799)
TEST: acc 0.6702, f1_micro 0.6702, f1_macro 0.4072 (n=48603)
Epoch: 125, Train Loss: 2.7835
Epoch: 126, Train Loss: 2.7780
Epoch: 127, Train Loss: 2.7788
Epoch: 128, Train Loss: 2.7827
Epoch: 129, Train Loss: 2.7734
TRAIN: acc 0.6882, f1_micro 0.6882, f1_macro 0.4757 (n=90941)
VAL: acc 0.6788, f1_micro 0.6788, f1_macro 0.4319 (n=29799)
TEST: acc 0.6681, f1_micro 0.6681, f1_macro 0.4200 (n=48603)
Epoch: 130, Train Loss: 2.7762
Epoch: 131, Train Loss: 2.7743
Epoch: 132, Train Loss: 2.7686
Epoch: 133, Train Loss: 2.7761
Epoch: 134, Train Loss: 2.7800
TRAIN: acc 0.6810, f1_micro 0.6810, f1_macro 0.4629 (n=90941)
VAL: acc 0.6718, f1_micro 0.6718, f1_macro 0.4181 (n=29799)
TEST: acc 0.6590, f1_micro 0.6590, f1_macro 0.3946 (n=48603)
Epoch: 135, Train Loss: 2.7844
Epoch: 136, Train Loss: 2.7750
Epoch: 137, Train Loss: 2.7736
Epoch: 138, Train Loss: 2.7789
Epoch: 139, Train Loss: 2.7815
TRAIN: acc 0.6865, f1_micro 0.6865, f1_macro 0.4829 (n=90941)
VAL: acc 0.6707, f1_micro 0.6707, f1_macro 0.4349 (n=29799)
TEST: acc 0.6553, f1_micro 0.6553, f1_macro 0.4182 (n=48603)
Epoch: 140, Train Loss: 2.7728
Epoch: 141, Train Loss: 2.7726
Epoch: 142, Train Loss: 2.7739
Epoch: 143, Train Loss: 2.7777
Epoch: 144, Train Loss: 2.7745
TRAIN: acc 0.6881, f1_micro 0.6881, f1_macro 0.4827 (n=90941)
VAL: acc 0.6798, f1_micro 0.6798, f1_macro 0.4351 (n=29799)
TEST: acc 0.6731, f1_micro 0.6731, f1_macro 0.4170 (n=48603)
Epoch: 145, Train Loss: 2.7799
Epoch: 146, Train Loss: 2.7762
Epoch: 147, Train Loss: 2.7718
Epoch: 148, Train Loss: 2.7720
Epoch: 149, Train Loss: 2.7703
TRAIN: acc 0.6772, f1_micro 0.6772, f1_macro 0.4852 (n=90941)
VAL: acc 0.6720, f1_micro 0.6720, f1_macro 0.4277 (n=29799)
TEST: acc 0.6657, f1_micro 0.6657, f1_macro 0.4094 (n=48603)
Epoch: 150, Train Loss: 2.7675
Epoch: 151, Train Loss: 2.7759
Epoch: 152, Train Loss: 2.7739
Epoch: 153, Train Loss: 2.7674
Epoch: 154, Train Loss: 2.7655
TRAIN: acc 0.6938, f1_micro 0.6938, f1_macro 0.4857 (n=90941)
VAL: acc 0.6877, f1_micro 0.6877, f1_macro 0.4418 (n=29799)
TEST: acc 0.6760, f1_micro 0.6760, f1_macro 0.4241 (n=48603)
Epoch: 155, Train Loss: 2.7672
Epoch: 156, Train Loss: 2.7677
Epoch: 157, Train Loss: 2.7696
Epoch: 158, Train Loss: 2.7753
Epoch: 159, Train Loss: 2.7694
TRAIN: acc 0.6934, f1_micro 0.6934, f1_macro 0.4880 (n=90941)
VAL: acc 0.6803, f1_micro 0.6803, f1_macro 0.4457 (n=29799)
TEST: acc 0.6662, f1_micro 0.6662, f1_macro 0.4255 (n=48603)
Epoch: 160, Train Loss: 2.7850
Epoch: 161, Train Loss: 2.7745
Epoch: 162, Train Loss: 2.7690
Epoch: 163, Train Loss: 2.7683
Epoch: 164, Train Loss: 2.7683
TRAIN: acc 0.6887, f1_micro 0.6887, f1_macro 0.4906 (n=90941)
VAL: acc 0.6742, f1_micro 0.6742, f1_macro 0.4403 (n=29799)
TEST: acc 0.6599, f1_micro 0.6599, f1_macro 0.4209 (n=48603)
Epoch: 165, Train Loss: 2.7721
Epoch: 166, Train Loss: 2.7692
Epoch: 167, Train Loss: 2.7692
Epoch: 168, Train Loss: 2.7710
Epoch: 169, Train Loss: 2.7701
TRAIN: acc 0.6897, f1_micro 0.6897, f1_macro 0.4953 (n=90941)
VAL: acc 0.6806, f1_micro 0.6806, f1_macro 0.4432 (n=29799)
TEST: acc 0.6669, f1_micro 0.6669, f1_macro 0.4204 (n=48603)
Epoch: 170, Train Loss: 2.7675
Epoch: 171, Train Loss: 2.7769
Epoch: 172, Train Loss: 2.7705
Epoch: 173, Train Loss: 2.7691
Epoch: 174, Train Loss: 2.7816
TRAIN: acc 0.6917, f1_micro 0.6917, f1_macro 0.4868 (n=90941)
VAL: acc 0.6874, f1_micro 0.6874, f1_macro 0.4308 (n=29799)
TEST: acc 0.6817, f1_micro 0.6817, f1_macro 0.4139 (n=48603)
Epoch: 175, Train Loss: 2.7797
Epoch: 176, Train Loss: 2.7694
Epoch: 177, Train Loss: 2.7693
Epoch: 178, Train Loss: 2.7659
Epoch: 179, Train Loss: 2.7687
TRAIN: acc 0.6963, f1_micro 0.6963, f1_macro 0.5034 (n=90941)
VAL: acc 0.6823, f1_micro 0.6823, f1_macro 0.4489 (n=29799)
TEST: acc 0.6722, f1_micro 0.6722, f1_macro 0.4238 (n=48603)
Epoch: 180, Train Loss: 2.7706
Epoch: 181, Train Loss: 2.7659
Epoch: 182, Train Loss: 2.7666
Epoch: 183, Train Loss: 2.7669
Epoch: 184, Train Loss: 2.7705
TRAIN: acc 0.6996, f1_micro 0.6996, f1_macro 0.5000 (n=90941)
VAL: acc 0.6886, f1_micro 0.6886, f1_macro 0.4479 (n=29799)
TEST: acc 0.6786, f1_micro 0.6786, f1_macro 0.4276 (n=48603)
Epoch: 185, Train Loss: 2.7658
Epoch: 186, Train Loss: 2.7672
Epoch: 187, Train Loss: 2.7666
Epoch: 188, Train Loss: 2.7656
Epoch: 189, Train Loss: 2.7650
TRAIN: acc 0.6889, f1_micro 0.6889, f1_macro 0.4830 (n=90941)
VAL: acc 0.6768, f1_micro 0.6768, f1_macro 0.4407 (n=29799)
TEST: acc 0.6612, f1_micro 0.6612, f1_macro 0.4114 (n=48603)
Epoch: 190, Train Loss: 2.7718
Epoch: 191, Train Loss: 2.7675
Epoch: 192, Train Loss: 2.7579
Epoch: 193, Train Loss: 2.7665
Epoch: 194, Train Loss: 2.7668
TRAIN: acc 0.6922, f1_micro 0.6922, f1_macro 0.4946 (n=90941)
VAL: acc 0.6872, f1_micro 0.6872, f1_macro 0.4484 (n=29799)
TEST: acc 0.6817, f1_micro 0.6817, f1_macro 0.4241 (n=48603)
Epoch: 195, Train Loss: 2.7683
Epoch: 196, Train Loss: 2.7589
Epoch: 197, Train Loss: 2.7691
Epoch: 198, Train Loss: 2.7638
Epoch: 199, Train Loss: 2.7692
TRAIN: acc 0.6953, f1_micro 0.6953, f1_macro 0.4895 (n=90941)
VAL: acc 0.6876, f1_micro 0.6876, f1_macro 0.4426 (n=29799)
TEST: acc 0.6789, f1_micro 0.6789, f1_macro 0.4250 (n=48603)
Epoch: 200, Train Loss: 2.7615
Epoch: 201, Train Loss: 2.7806
Epoch: 202, Train Loss: 2.7629
Epoch: 203, Train Loss: 2.7591
Epoch: 204, Train Loss: 2.7637
TRAIN: acc 0.6894, f1_micro 0.6894, f1_macro 0.4807 (n=90941)
VAL: acc 0.6825, f1_micro 0.6825, f1_macro 0.4314 (n=29799)
TEST: acc 0.6765, f1_micro 0.6765, f1_macro 0.4146 (n=48603)
Epoch: 205, Train Loss: 2.7603
Epoch: 206, Train Loss: 2.7658
Epoch: 207, Train Loss: 2.7722
Epoch: 208, Train Loss: 2.7655
Epoch: 209, Train Loss: 2.7587
TRAIN: acc 0.6953, f1_micro 0.6953, f1_macro 0.5007 (n=90941)
VAL: acc 0.6786, f1_micro 0.6786, f1_macro 0.4438 (n=29799)
TEST: acc 0.6673, f1_micro 0.6673, f1_macro 0.4198 (n=48603)
Epoch: 210, Train Loss: 2.7689
Epoch: 211, Train Loss: 2.7694
Epoch: 212, Train Loss: 2.7612
Epoch: 213, Train Loss: 2.7663
Epoch: 214, Train Loss: 2.7627
TRAIN: acc 0.6932, f1_micro 0.6932, f1_macro 0.4980 (n=90941)
VAL: acc 0.6850, f1_micro 0.6850, f1_macro 0.4391 (n=29799)
TEST: acc 0.6763, f1_micro 0.6763, f1_macro 0.4262 (n=48603)
Epoch: 215, Train Loss: 2.7616
Epoch: 216, Train Loss: 2.7622
Epoch: 217, Train Loss: 2.7617
Epoch: 218, Train Loss: 2.7620
Epoch: 219, Train Loss: 2.7637
TRAIN: acc 0.6950, f1_micro 0.6950, f1_macro 0.5060 (n=90941)
VAL: acc 0.6759, f1_micro 0.6759, f1_macro 0.4508 (n=29799)
TEST: acc 0.6601, f1_micro 0.6601, f1_macro 0.4307 (n=48603)
Epoch: 220, Train Loss: 2.7586
Epoch: 221, Train Loss: 2.7728
Epoch: 222, Train Loss: 2.7689
Epoch: 223, Train Loss: 2.7662
Epoch: 224, Train Loss: 2.7674
TRAIN: acc 0.6939, f1_micro 0.6939, f1_macro 0.4990 (n=90941)
VAL: acc 0.6825, f1_micro 0.6825, f1_macro 0.4448 (n=29799)
TEST: acc 0.6767, f1_micro 0.6767, f1_macro 0.4208 (n=48603)
Epoch: 225, Train Loss: 2.7660
Epoch: 226, Train Loss: 2.7580
Epoch: 227, Train Loss: 2.7646
Epoch: 228, Train Loss: 2.7588
Epoch: 229, Train Loss: 2.7604
TRAIN: acc 0.6946, f1_micro 0.6946, f1_macro 0.4837 (n=90941)
VAL: acc 0.6790, f1_micro 0.6790, f1_macro 0.4302 (n=29799)
TEST: acc 0.6688, f1_micro 0.6688, f1_macro 0.4128 (n=48603)
Epoch: 230, Train Loss: 2.7735
Epoch: 231, Train Loss: 2.7586
Epoch: 232, Train Loss: 2.7635
Epoch: 233, Train Loss: 2.7557
Epoch: 234, Train Loss: 2.7589
TRAIN: acc 0.6915, f1_micro 0.6915, f1_macro 0.4954 (n=90941)
VAL: acc 0.6810, f1_micro 0.6810, f1_macro 0.4475 (n=29799)
TEST: acc 0.6682, f1_micro 0.6682, f1_macro 0.4199 (n=48603)
Epoch: 235, Train Loss: 2.7583
Epoch: 236, Train Loss: 2.7575
Epoch: 237, Train Loss: 2.7623
Epoch: 238, Train Loss: 2.7636
Epoch: 239, Train Loss: 2.7667
TRAIN: acc 0.6885, f1_micro 0.6885, f1_macro 0.4955 (n=90941)
VAL: acc 0.6682, f1_micro 0.6682, f1_macro 0.4402 (n=29799)
TEST: acc 0.6494, f1_micro 0.6494, f1_macro 0.4147 (n=48603)
Epoch: 240, Train Loss: 2.7594
Epoch: 241, Train Loss: 2.7585
Epoch: 242, Train Loss: 2.7552
Epoch: 243, Train Loss: 2.7648
Epoch: 244, Train Loss: 2.7577
TRAIN: acc 0.6911, f1_micro 0.6911, f1_macro 0.4932 (n=90941)
VAL: acc 0.6834, f1_micro 0.6834, f1_macro 0.4440 (n=29799)
TEST: acc 0.6749, f1_micro 0.6749, f1_macro 0.4182 (n=48603)
Epoch: 245, Train Loss: 2.7635
Epoch: 246, Train Loss: 2.7604
Epoch: 247, Train Loss: 2.7666
Epoch: 248, Train Loss: 2.7617
Epoch: 249, Train Loss: 2.7689
TRAIN: acc 0.6953, f1_micro 0.6953, f1_macro 0.4918 (n=90941)
VAL: acc 0.6823, f1_micro 0.6823, f1_macro 0.4343 (n=29799)
TEST: acc 0.6743, f1_micro 0.6743, f1_macro 0.4168 (n=48603)
Epoch: 250, Train Loss: 2.7657
Epoch: 251, Train Loss: 2.7646
Epoch: 252, Train Loss: 2.7635
Epoch: 253, Train Loss: 2.7647
Epoch: 254, Train Loss: 2.7563
TRAIN: acc 0.6968, f1_micro 0.6968, f1_macro 0.5083 (n=90941)
VAL: acc 0.6779, f1_micro 0.6779, f1_macro 0.4516 (n=29799)
TEST: acc 0.6643, f1_micro 0.6643, f1_macro 0.4414 (n=48603)
Epoch: 255, Train Loss: 2.7636
Epoch: 256, Train Loss: 2.7589
Epoch: 257, Train Loss: 2.7550
Epoch: 258, Train Loss: 2.7647
Epoch: 259, Train Loss: 2.7614
TRAIN: acc 0.6925, f1_micro 0.6925, f1_macro 0.5012 (n=90941)
VAL: acc 0.6776, f1_micro 0.6776, f1_macro 0.4483 (n=29799)
TEST: acc 0.6696, f1_micro 0.6696, f1_macro 0.4299 (n=48603)
Epoch: 260, Train Loss: 2.7577
Epoch: 261, Train Loss: 2.7562
Epoch: 262, Train Loss: 2.7578
Epoch: 263, Train Loss: 2.7582
Epoch: 264, Train Loss: 2.7661
TRAIN: acc 0.6967, f1_micro 0.6967, f1_macro 0.5080 (n=90941)
VAL: acc 0.6845, f1_micro 0.6845, f1_macro 0.4559 (n=29799)
TEST: acc 0.6719, f1_micro 0.6719, f1_macro 0.4334 (n=48603)
Epoch: 265, Train Loss: 2.7615
Epoch: 266, Train Loss: 2.7599
Epoch: 267, Train Loss: 2.7581
Epoch: 268, Train Loss: 2.7601
Epoch: 269, Train Loss: 2.7590
TRAIN: acc 0.6930, f1_micro 0.6930, f1_macro 0.4978 (n=90941)
VAL: acc 0.6787, f1_micro 0.6787, f1_macro 0.4364 (n=29799)
TEST: acc 0.6697, f1_micro 0.6697, f1_macro 0.4183 (n=48603)
Epoch: 270, Train Loss: 2.7562
Epoch: 271, Train Loss: 2.7589
Epoch: 272, Train Loss: 2.7628
Epoch: 273, Train Loss: 2.7631
Epoch: 274, Train Loss: 2.7578
TRAIN: acc 0.6909, f1_micro 0.6909, f1_macro 0.5028 (n=90941)
VAL: acc 0.6713, f1_micro 0.6713, f1_macro 0.4477 (n=29799)
TEST: acc 0.6579, f1_micro 0.6579, f1_macro 0.4228 (n=48603)
Epoch: 275, Train Loss: 2.7641
Epoch: 276, Train Loss: 2.7590
Epoch: 277, Train Loss: 2.7580
Epoch: 278, Train Loss: 2.7566
Epoch: 279, Train Loss: 2.7505
TRAIN: acc 0.6929, f1_micro 0.6929, f1_macro 0.5124 (n=90941)
VAL: acc 0.6685, f1_micro 0.6685, f1_macro 0.4420 (n=29799)
TEST: acc 0.6538, f1_micro 0.6538, f1_macro 0.4318 (n=48603)
Epoch: 280, Train Loss: 2.7583
Epoch: 281, Train Loss: 2.7616
Epoch: 282, Train Loss: 2.7603
Epoch: 283, Train Loss: 2.7556
Epoch: 284, Train Loss: 2.7603
TRAIN: acc 0.6949, f1_micro 0.6949, f1_macro 0.4962 (n=90941)
VAL: acc 0.6849, f1_micro 0.6849, f1_macro 0.4438 (n=29799)
TEST: acc 0.6804, f1_micro 0.6804, f1_macro 0.4207 (n=48603)
Epoch: 285, Train Loss: 2.7536
Epoch: 286, Train Loss: 2.7646
Epoch: 287, Train Loss: 2.7545
Epoch: 288, Train Loss: 2.7611
Epoch: 289, Train Loss: 2.7587
TRAIN: acc 0.6985, f1_micro 0.6985, f1_macro 0.5033 (n=90941)
VAL: acc 0.6856, f1_micro 0.6856, f1_macro 0.4479 (n=29799)
TEST: acc 0.6805, f1_micro 0.6805, f1_macro 0.4252 (n=48603)
Epoch: 290, Train Loss: 2.7577
Epoch: 291, Train Loss: 2.7561
Epoch: 292, Train Loss: 2.7560
Epoch: 293, Train Loss: 2.7610
Epoch: 294, Train Loss: 2.7622
TRAIN: acc 0.6936, f1_micro 0.6936, f1_macro 0.4995 (n=90941)
VAL: acc 0.6796, f1_micro 0.6796, f1_macro 0.4370 (n=29799)
TEST: acc 0.6690, f1_micro 0.6690, f1_macro 0.4150 (n=48603)
Epoch: 295, Train Loss: 2.7608
Epoch: 296, Train Loss: 2.7530
Epoch: 297, Train Loss: 2.7558
Epoch: 298, Train Loss: 2.7562
Epoch: 299, Train Loss: 2.7511
TRAIN: acc 0.6957, f1_micro 0.6957, f1_macro 0.5075 (n=90941)
VAL: acc 0.6834, f1_micro 0.6834, f1_macro 0.4409 (n=29799)
TEST: acc 0.6721, f1_micro 0.6721, f1_macro 0.4251 (n=48603)
Epoch: 300, Train Loss: 2.7610
Epoch: 301, Train Loss: 2.7557
Epoch: 302, Train Loss: 2.7513
EpochEpoch: 303, Train Loss: 2.Epoch: 304, Train Loss: 2.7601
TRAIN: acc 0.6950, f1_micro 0.6950, f1_macro 0.5067 (n=90941)
VAL: acc 0.6767, f1_micro 0.6767, f1_macro 0.4377 (n=29799)
TEST: acc 0.6672, f1_micro 0.6672, f1_macro 0.4242 (n=48603)
Epoch: 305, Train Loss: 2.7576
Epoch: 306, Train Loss: 2.7661
Epoch: 307, Train Loss: 2.7548
Epoch: 308, Train Loss: 2.7550
Epoch: 309, Train Loss: 2.7537
TRAIN: acc 0.6966, f1_micro 0.6966, f1_macro 0.5155 (n=90941)
VAL: acc 0.6796, f1_micro 0.6796, f1_macro 0.4515 (n=29799)
TEST: acc 0.6666, f1_micro 0.6666, f1_macro 0.4330 (n=48603)
Epoch: 310, Train Loss: 2.7628
Epoch: 311, Train Loss: 2.7649
Epoch: 312, Train Loss: 2.7567
Epoch: 313, Train Loss: 2.7552
Epoch: 314, Train Loss: 2.7573
TRAIN: acc 0.6927, f1_micro 0.6927, f1_macro 0.5060 (n=90941)
VAL: acc 0.6764, f1_micro 0.6764, f1_macro 0.4519 (n=29799)
TEST: acc 0.6641, f1_micro 0.6641, f1_macro 0.4233 (n=48603)
Epoch: 315, Train Loss: 2.7588
Epoch: 316, Train Loss: 2.7581
Epoch: 317, Train Loss: 2.7516
Epoch: 318, Train Loss: 2.7589
Epoch: 319, Train Loss: 2.7569
TRAIN: acc 0.7064, f1_micro 0.7064, f1_macro 0.5202 (n=90941)
VAL: acc 0.6877, f1_micro 0.6877, f1_macro 0.4670 (n=29799)
TEST: acc 0.6756, f1_micro 0.6756, f1_macro 0.4520 (n=48603)
Epoch: 320, Train Loss: 2.7519
Epoch: 321, Train Loss: 2.7538
Epoch: 322, Train Loss: 2.7567
Epoch: 323, Train Loss: 2.7549
Epoch: 324, Train Loss: 2.7499
TRAIN: acc 0.6970, f1_micro 0.6970, f1_macro 0.5096 (n=90941)
VAL: acc 0.6856, f1_micro 0.6856, f1_macro 0.4453 (n=29799)
TEST: acc 0.6789, f1_micro 0.6789, f1_macro 0.4230 (n=48603)
Epoch: 325, Train Loss: 2.7565
Epoch: 326, Train Loss: 2.7555
Epoch: 327, Train Loss: 2.7592
Epoch: 328, Train Loss: 2.7563
Epoch: 329, Train Loss: 2.7487
TRAIN: acc 0.6998, f1_micro 0.6998, f1_macro 0.5101 (n=90941)
VAL: acc 0.6843, f1_micro 0.6843, f1_macro 0.4466 (n=29799)
TEST: acc 0.6788, f1_micro 0.6788, f1_macro 0.4292 (n=48603)
Epoch: 330, Train Loss: 2.7510
Epoch: 331, Train Loss: 2.7534
Epoch: 332, Train Loss: 2.7607
Epoch: 333, Train Loss: 2.7517
Epoch: 334, Train Loss: 2.7531
TRAIN: acc 0.7011, f1_micro 0.7011, f1_macro 0.5106 (n=90941)
VAL: acc 0.6865, f1_micro 0.6865, f1_macro 0.4541 (n=29799)
TEST: acc 0.6776, f1_micro 0.6776, f1_macro 0.4312 (n=48603)
Epoch: 335, Train Loss: 2.7557
Epoch: 336, Train Loss: 2.7462
Epoch: 337, Train Loss: 2.7573
Epoch: 338, Train Loss: 2.7562
Epoch: 339, Train Loss: 2.7543
TRAIN: acc 0.6971, f1_micro 0.6971, f1_macro 0.5005 (n=90941)
VAL: acc 0.6841, f1_micro 0.6841, f1_macro 0.4498 (n=29799)
TEST: acc 0.6733, f1_micro 0.6733, f1_macro 0.4214 (n=48603)
Epoch: 340, Train Loss: 2.7586
Epoch: 341, Train Loss: 2.7497
Epoch: 342, Train Loss: 2.7515
Epoch: 343, Train Loss: 2.7573
Epoch: 344, Train Loss: 2.7509
TRAIN: acc 0.6995, f1_micro 0.6995, f1_macro 0.5120 (n=90941)
VAL: acc 0.6787, f1_micro 0.6787, f1_macro 0.4518 (n=29799)
TEST: acc 0.6671, f1_micro 0.6671, f1_macro 0.4220 (n=48603)
Epoch: 345, Train Loss: 2.7572
Epoch: 346, Train Loss: 2.7637
Epoch: 347, Train Loss: 2.7442
Epoch: 348, Train Loss: 2.7507
Epoch: 349, Train Loss: 2.7550
TRAIN: acc 0.6995, f1_micro 0.6995, f1_macro 0.5118 (n=90941)
VAL: acc 0.6860, f1_micro 0.6860, f1_macro 0.4530 (n=29799)
TEST: acc 0.6739, f1_micro 0.6739, f1_macro 0.4385 (n=48603)
Epoch: 350, Train Loss: 2.7597
Epoch: 351, Train Loss: 2.7482
Epoch: 352, Train Loss: 2.7525
Epoch: 353, Train Loss: 2.7575
Epoch: 354, Train Loss: 2.7457
TRAIN: acc 0.7025, f1_micro 0.7025, f1_macro 0.5192 (n=90941)
VAL: acc 0.6863, f1_micro 0.6863, f1_macro 0.4595 (n=29799)
TEST: acc 0.6797, f1_micro 0.6797, f1_macro 0.4360 (n=48603)
Epoch: 355, Train Loss: 2.7615
Epoch: 356, Train Loss: 2.7533
Epoch: 357, Train Loss: 2.7484
Epoch: 358, Train Loss: 2.7576
Epoch: 359, Train Loss: 2.7615
TRAIN: acc 0.6984, f1_micro 0.6984, f1_macro 0.5033 (n=90941)
VAL: acc 0.6798, f1_micro 0.6798, f1_macro 0.4433 (n=29799)
TEST: acc 0.6625, f1_micro 0.6625, f1_macro 0.4178 (n=48603)
Epoch: 360, Train Loss: 2.7532
Epoch: 361, Train Loss: 2.7534
Epoch: 362, Train Loss: 2.7596
Epoch: 363, Train Loss: 2.7564
Epoch: 364, Train Loss: 2.7470
TRAIN: acc 0.6969, f1_micro 0.6969, f1_macro 0.5075 (n=90941)
VAL: acc 0.6870, f1_micro 0.6870, f1_macro 0.4530 (n=29799)
TEST: acc 0.6766, f1_micro 0.6766, f1_macro 0.4257 (n=48603)
Epoch: 365, Train Loss: 2.7519
Epoch: 366, Train Loss: 2.7488
Epoch: 367, Train Loss: 2.7573
Epoch: 368, Train Loss: 2.7622
Epoch: 369, Train Loss: 2.7518
TRAIN: acc 0.6977, f1_micro 0.6977, f1_macro 0.5161 (n=90941)
VAL: acc 0.6816, f1_micro 0.6816, f1_macro 0.4530 (n=29799)
TEST: acc 0.6698, f1_micro 0.6698, f1_macro 0.4351 (n=48603)
Epoch: 370, Train Loss: 2.7498
Epoch: 371, Train Loss: 2.7548
Epoch: 372, Train Loss: 2.7464
Epoch: 373, Train Loss: 2.7521
Epoch: 374, Train Loss: 2.7520
TRAIN: acc 0.6960, f1_micro 0.6960, f1_macro 0.4989 (n=90941)
VAL: acc 0.6837, f1_micro 0.6837, f1_macro 0.4484 (n=29799)
TEST: acc 0.6706, f1_micro 0.6706, f1_macro 0.4213 (n=48603)
Epoch: 375, Train Loss: 2.7482
Epoch: 376, Train Loss: 2.7557
Epoch: 377, Train Loss: 2.7486
Epoch: 378, Train Loss: 2.7527
Epoch: 379, Train Loss: 2.7566
TRAIN: acc 0.7018, f1_micro 0.7018, f1_macro 0.5222 (n=90941)
VAL: acc 0.6877, f1_micro 0.6877, f1_macro 0.4644 (n=29799)
TEST: acc 0.6763, f1_micro 0.6763, f1_macro 0.4419 (n=48603)
Epoch: 380, Train Loss: 2.7464
Epoch: 381, Train Loss: 2.7455
Epoch: 382, Train Loss: 2.7538
Epoch: 383, Train Loss: 2.7558
Epoch: 384, Train Loss: 2.7554
TRAIN: acc 0.6959, f1_micro 0.6959, f1_macro 0.5039 (n=90941)
VAL: acc 0.6719, f1_micro 0.6719, f1_macro 0.4454 (n=29799)
TEST: acc 0.6565, f1_micro 0.6565, f1_macro 0.4266 (n=48603)
Epoch: 385, Train Loss: 2.7507
Epoch: 386, Train Loss: 2.7515
Epoch: 387, Train Loss: 2.7458
Epoch: 388, Train Loss: 2.7517
Epoch: 389, Train Loss: 2.7514
TRAIN: acc 0.6934, f1_micro 0.6934, f1_macro 0.5129 (n=90941)
VAL: acc 0.6714, f1_micro 0.6714, f1_macro 0.4520 (n=29799)
TEST: acc 0.6563, f1_micro 0.6563, f1_macro 0.4347 (n=48603)
Epoch: 390, Train Loss: 2.7520
Epoch: 391, Train Loss: 2.7538
Epoch: 392, Train Loss: 2.7564
Epoch: 393, Train Loss: 2.7486
Epoch: 394, Train Loss: 2.7492
TRAIN: acc 0.6951, f1_micro 0.6951, f1_macro 0.5078 (n=90941)
VAL: acc 0.6687, f1_micro 0.6687, f1_macro 0.4467 (n=29799)
TEST: acc 0.6515, f1_micro 0.6515, f1_macro 0.4251 (n=48603)
Epoch: 395, Train Loss: 2.7595
Epoch: 396, Train Loss: 2.7504
Epoch: 397, Train Loss: 2.7489
Epoch: 398, Train Loss: 2.7517
Epoch: 399, Train Loss: 2.7489
TRAIN: acc 0.7009, f1_micro 0.7009, f1_macro 0.5143 (n=90941)
VAL: acc 0.6756, f1_micro 0.6756, f1_macro 0.4487 (n=29799)
TEST: acc 0.6625, f1_micro 0.6625, f1_macro 0.4375 (n=48603)
Epoch: 400, Train Loss: 2.7507
Epoch: 401, Train Loss: 2.7492
Epoch: 402, Train Loss: 2.7528
Epoch: 403, Train Loss: 2.7555
Epoch: 404, Train Loss: 2.7511
TRAIN: acc 0.7025, f1_micro 0.7025, f1_macro 0.5148 (n=90941)
VAL: acc 0.6790, f1_micro 0.6790, f1_macro 0.4595 (n=29799)
TEST: acc 0.6678, f1_micro 0.6678, f1_macro 0.4361 (n=48603)
Epoch: 405, Train Loss: 2.7534
Epoch: 406, Train Loss: 2.7498
Epoch: 407, Train Loss: 2.7532
Epoch: 408, Train Loss: 2.7566
Epoch: 409, Train Loss: 2.7503
TRAIN: acc 0.7015, f1_micro 0.7015, f1_macro 0.5053 (n=90941)
VAL: acc 0.6854, f1_micro 0.6854, f1_macro 0.4441 (n=29799)
TEST: acc 0.6743, f1_micro 0.6743, f1_macro 0.4202 (n=48603)
Epoch: 410, Train Loss: 2.7556
Epoch: 411, Train Loss: 2.7558
Epoch: 412, Train Loss: 2.7515
Epoch: 413, Train Loss: 2.7528
Epoch: 414, Train Loss: 2.7475
TRAIN: acc 0.7017, f1_micro 0.7017, f1_macro 0.5135 (n=90941)
VAL: acc 0.6814, f1_micro 0.6814, f1_macro 0.4557 (n=29799)
TEST: acc 0.6736, f1_micro 0.6736, f1_macro 0.4332 (n=48603)
Epoch: 415, Train Loss: 2.7485
Epoch: 416, Train Loss: 2.7463
Epoch: 417, Train Loss: 2.7492
Epoch: 418, Train Loss: 2.7545
Epoch: 419, Train Loss: 2.7529
TRAIN: acc 0.7026, f1_micro 0.7026, f1_macro 0.5210 (n=90941)
VAL: acc 0.6822, f1_micro 0.6822, f1_macro 0.4577 (n=29799)
TEST: acc 0.6680, f1_micro 0.6680, f1_macro 0.4350 (n=48603)
Epoch: 420, Train Loss: 2.7543
Epoch: 421, Train Loss: 2.7493
Epoch: 422, Train Loss: 2.7439
Epoch: 423, Train Loss: 2.7434
Epoch: 424, Train Loss: 2.7469
TRAIN: acc 0.6942, f1_micro 0.6942, f1_macro 0.5154 (n=90941)
VAL: acc 0.6750, f1_micro 0.6750, f1_macro 0.4441 (n=29799)
TEST: acc 0.6661, f1_micro 0.6661, f1_macro 0.4316 (n=48603)
Epoch: 425, Train Loss: 2.7492
Epoch: 426, Train Loss: 2.7547
Epoch: 427, Train Loss: 2.7492
Epoch: 428, Train Loss: 2.7575
Epoch: 429, Train Loss: 2.7350
TRAIN: acc 0.7068, f1_micro 0.7068, f1_macro 0.5268 (n=90941)
VAL: acc 0.6919, f1_micro 0.6919, f1_macro 0.4607 (n=29799)
TEST: acc 0.6801, f1_micro 0.6801, f1_macro 0.4458 (n=48603)
Epoch: 430, Train Loss: 2.7485
Epoch: 431, Train Loss: 2.7534
Epoch: 432, Train Loss: 2.7530
Epoch: 433, Train Loss: 2.7499
Epoch: 434, Train Loss: 2.7433
TRAIN: acc 0.6962, f1_micro 0.6962, f1_macro 0.5205 (n=90941)
VAL: acc 0.6790, f1_micro 0.6790, f1_macro 0.4568 (n=29799)
TEST: acc 0.6649, f1_micro 0.6649, f1_macro 0.4296 (n=48603)
Epoch: 435, Train Loss: 2.7453
Epoch: 436, Train Loss: 2.7586
Epoch: 437, Train Loss: 2.7443
Epoch: 438, Train Loss: 2.7451
Epoch: 439, Train Loss: 2.7521
TRAIN: acc 0.7051, f1_micro 0.7051, f1_macro 0.5285 (n=90941)
VAL: acc 0.6879, f1_micro 0.6879, f1_macro 0.4679 (n=29799)
TEST: acc 0.6754, f1_micro 0.6754, f1_macro 0.4376 (n=48603)
Epoch: 440, Train Loss: 2.7544
Epoch: 441, Train Loss: 2.7455
Epoch: 442, Train Loss: 2.7499
Epoch: 443, Train Loss: 2.7535
Epoch: 444, Train Loss: 2.7498
TRAIN: acc 0.7022, f1_micro 0.7022, f1_macro 0.5188 (n=90941)
VAL: acc 0.6885, f1_micro 0.6885, f1_macro 0.4572 (n=29799)
TEST: acc 0.6797, f1_micro 0.6797, f1_macro 0.4347 (n=48603)
Epoch: 445, Train Loss: 2.7405
Epoch: 446, Train Loss: 2.7511
Epoch: 447, Train Loss: 2.7493
Epoch: 448, Train Loss: 2.7462
Epoch: 449, Train Loss: 2.7482
TRAIN: acc 0.6993, f1_micro 0.6993, f1_macro 0.5244 (n=90941)
VAL: acc 0.6820, f1_micro 0.6820, f1_macro 0.4608 (n=29799)
TEST: acc 0.6659, f1_micro 0.6659, f1_macro 0.4392 (n=48603)
Epoch: 450, Train Loss: 2.7378
Epoch: 451, Train Loss: 2.7548
Epoch: 452, Train Loss: 2.7556
Epoch: 453, Train Loss: 2.7464
Epoch: 454, Train Loss: 2.7553
TRAIN: acc 0.7033, f1_micro 0.7033, f1_macro 0.5259 (n=90941)
VAL: acc 0.6783, f1_micro 0.6783, f1_macro 0.4576 (n=29799)
TEST: acc 0.6600, f1_micro 0.6600, f1_macro 0.4266 (n=48603)
Epoch: 455, Train Loss: 2.7551
Epoch: 456, Train Loss: 2.7522
Epoch: 457, Train Loss: 2.7496
Epoch: 458, Train Loss: 2.7529
Epoch: 459, Train Loss: 2.7491
TRAIN: acc 0.6957, f1_micro 0.6957, f1_macro 0.5193 (n=90941)
VAL: acc 0.6724, f1_micro 0.6724, f1_macro 0.4460 (n=29799)
TEST: acc 0.6589, f1_micro 0.6589, f1_macro 0.4269 (n=48603)
Epoch: 460, Train Loss: 2.7534
Epoch: 461, Train Loss: 2.7504
Epoch: 462, Train Loss: 2.7543
Epoch: 463, Train Loss: 2.7560
Epoch: 464, Train Loss: 2.7502
TRAIN: acc 0.6944, f1_micro 0.6944, f1_macro 0.5111 (n=90941)
VAL: acc 0.6754, f1_micro 0.6754, f1_macro 0.4472 (n=29799)
TEST: acc 0.6662, f1_micro 0.6662, f1_macro 0.4288 (n=48603)
Epoch: 465, Train Loss: 2.7450
Epoch: 466, Train Loss: 2.7463
Epoch: 467, Train Loss: 2.7490
Epoch: 468, Train Loss: 2.7427
Epoch: 469, Train Loss: 2.7591
TRAIN: acc 0.6966, f1_micro 0.6966, f1_macro 0.5124 (n=90941)
VAL: acc 0.6806, f1_micro 0.6806, f1_macro 0.4417 (n=29799)
TEST: acc 0.6755, f1_micro 0.6755, f1_macro 0.4202 (n=48603)
Epoch: 470, Train Loss: 2.7568
Epoch: 471, Train Loss: 2.7562
Epoch: 472, Train Loss: 2.7460
Epoch: 473, Train Loss: 2.7491
Epoch: 474, Train Loss: 2.7548
TRAIN: acc 0.7016, f1_micro 0.7016, f1_macro 0.5183 (n=90941)
VAL: acc 0.6839, f1_micro 0.6839, f1_macro 0.4560 (n=29799)
TEST: acc 0.6724, f1_micro 0.6724, f1_macro 0.4341 (n=48603)
Epoch: 475, Train Loss: 2.7467
Epoch: 476, Train Loss: 2.7454
Epoch: 477, Train Loss: 2.7486
Epoch: 478, Train Loss: 2.7504
Epoch: 479, Train Loss: 2.7473
TRAIN: acc 0.7016, f1_micro 0.7016, f1_macro 0.5129 (n=90941)
VAL: acc 0.6843, f1_micro 0.6843, f1_macro 0.4433 (n=29799)
TEST: acc 0.6789, f1_micro 0.6789, f1_macro 0.4208 (n=48603)
Epoch: 480, Train Loss: 2.7530
Epoch: 481, Train Loss: 2.7436
Epoch: 482, Train Loss: 2.7491
EpochEpoch: 483, Train Loss: 2.Epoch: 484, Train Loss: 2.7560
TRAIN: acc 0.6983, f1_micro 0.6983, f1_macro 0.5171 (n=90941)
VAL: acc 0.6730, f1_micro 0.6730, f1_macro 0.4552 (n=29799)
TEST: acc 0.6565, f1_micro 0.6565, f1_macro 0.4350 (n=48603)
Epoch: 485, Train Loss: 2.7497
Epoch: 486, Train Loss: 2.7527
Epoch: 487, Train Loss: 2.7435
Epoch: 488, Train Loss: 2.7382
Epoch: 489, Train Loss: 2.7425
TRAIN: acc 0.7008, f1_micro 0.7008, f1_macro 0.5177 (n=90941)
VAL: acc 0.6831, f1_micro 0.6831, f1_macro 0.4445 (n=29799)
TEST: acc 0.6736, f1_micro 0.6736, f1_macro 0.4343 (n=48603)
Epoch: 490, Train Loss: 2.7466
Epoch: 491, Train Loss: 2.7500
Epoch: 492, Train Loss: 2.7541
Epoch: 493, Train Loss: 2.7500
Epoch: 494, Train Loss: 2.7441
TRAIN: acc 0.6997, f1_micro 0.6997, f1_macro 0.5143 (n=90941)
VAL: acc 0.6710, f1_micro 0.6710, f1_macro 0.4401 (n=29799)
TEST: acc 0.6534, f1_micro 0.6534, f1_macro 0.4252 (n=48603)
Epoch: 495, Train Loss: 2.7497
Epoch: 496, Train Loss: 2.7491
Epoch: 497, Train Loss: 2.7459
Epoch: 498, Train Loss: 2.7476
Epoch: 499, Train Loss: 2.7468
TRAIN: acc 0.6987, f1_micro 0.6987, f1_macro 0.5231 (n=90941)
VAL: acc 0.6824, f1_micro 0.6824, f1_macro 0.4549 (n=29799)
TEST: acc 0.6702, f1_micro 0.6702, f1_macro 0.4296 (n=48603)
rank 0 Peak GPU memory: 0.39 GB
rank 2 Peak GPU memory: 0.39 GB
rank 1 Peak GPU memory: 0.39 GB
rank 3 Peak GPU memory: 0.39 GB
OGB (best val):
Highest Train (acc): 70.68
Highest Valid (acc): 69.19
  Final Train (acc): 70.68
   Final Test (acc): 68.01
8.63
